[1;32;40mINFO - 2024-04-05 18:11:02,298 - [34mangr.project[0m - [34mLoading binary database/Binaries/malware-win/train/upatre/00d601a1cc5ebde58d0093429ae565e0[0m[0m
[1;33;40mWARNING - 2024-04-05 18:11:02,317 - [34mangr.project[0m - [34mDisabling IRSB translation cache because support for self-modifying code is enabled.[0m[0m
[1;32;40mINFO - 2024-04-05 18:11:02,318 - [34mangr.project[0m - [34mUsing builtin SimProcedure for unresolved HttpSendRequestW from wininet.dll[0m[0m
[1;32;40mINFO - 2024-04-05 18:11:02,319 - [34mangr.project[0m - [34mUsing builtin SimProcedure for unresolved InternetSetOptionW from wininet.dll[0m[0m
[1;32;40mINFO - 2024-04-05 18:11:02,319 - [34mangr.project[0m - [34mUsing builtin SimProcedure for unresolved InternetQueryOptionW from wininet.dll[0m[0m
[1;32;40mINFO - 2024-04-05 18:11:02,319 - [34mangr.project[0m - [34mUsing builtin SimProcedure for unresolved HttpOpenRequestW from wininet.dll[0m[0m
[1;32;40mINFO - 2024-04-05 18:11:02,320 - [34mangr.project[0m - [34mUsing builtin SimProcedure for unresolved HttpQueryInfoW from wininet.dll[0m[0m
[1;32;40mINFO - 2024-04-05 18:11:02,320 - [34mangr.project[0m - [34mUsing builtin SimProcedure for unresolved InternetReadFile from wininet.dll[0m[0m
[1;32;40mINFO - 2024-04-05 18:11:02,321 - [34mangr.project[0m - [34mUsing builtin SimProcedure for unresolved InternetConnectW from wininet.dll[0m[0m
[1;32;40mINFO - 2024-04-05 18:11:02,321 - [34mangr.project[0m - [34mUsing builtin SimProcedure for unresolved InternetOpenW from wininet.dll[0m[0m
[1;32;40mINFO - 2024-04-05 18:11:02,322 - [34mangr.project[0m - [34mUsing builtin SimProcedure for unresolved GetTempPathW from kernel32.dll[0m[0m
[1;32;40mINFO - 2024-04-05 18:11:02,322 - [34mangr.project[0m - [34mUsing builtin SimProcedure for unresolved GetFileSize from kernel32.dll[0m[0m
[1;32;40mINFO - 2024-04-05 18:11:02,323 - [34mangr.project[0m - [34mUsing builtin SimProcedure for unresolved GetCurrentDirectoryW from kernel32.dll[0m[0m
[1;32;40mINFO - 2024-04-05 18:11:02,323 - [34mangr.project[0m - [34mUsing builtin SimProcedure for unresolved DeleteFileW from kernel32.dll[0m[0m
[1;32;40mINFO - 2024-04-05 18:11:02,324 - [34mangr.project[0m - [34mUsing builtin SimProcedure for unresolved CloseHandle from kernel32.dll[0m[0m
[1;32;40mINFO - 2024-04-05 18:11:02,324 - [34mangr.project[0m - [34mUsing builtin SimProcedure for unresolved WriteFile from kernel32.dll[0m[0m
[1;32;40mINFO - 2024-04-05 18:11:02,325 - [34mangr.project[0m - [34mUsing builtin SimProcedure for unresolved lstrcmpW from kernel32.dll[0m[0m
[1;32;40mINFO - 2024-04-05 18:11:02,325 - [34mangr.project[0m - [34mUsing builtin SimProcedure for unresolved ReadFile from kernel32.dll[0m[0m
[1;32;40mINFO - 2024-04-05 18:11:02,326 - [34mangr.project[0m - [34mUsing builtin SimProcedure for unresolved GetModuleHandleW from kernel32.dll[0m[0m
[1;32;40mINFO - 2024-04-05 18:11:02,326 - [34mangr.project[0m - [34mUsing builtin SimProcedure for unresolved ExitProcess from kernel32.dll[0m[0m
[1;32;40mINFO - 2024-04-05 18:11:02,326 - [34mangr.project[0m - [34mUsing builtin SimProcedure for unresolved HeapCreate from kernel32.dll[0m[0m
[1;32;40mINFO - 2024-04-05 18:11:02,327 - [34mangr.project[0m - [34mUsing builtin SimProcedure for unresolved HeapAlloc from kernel32.dll[0m[0m
[1;32;40mINFO - 2024-04-05 18:11:02,327 - [34mangr.project[0m - [34mUsing builtin SimProcedure for unresolved GetModuleFileNameW from kernel32.dll[0m[0m
[1;32;40mINFO - 2024-04-05 18:11:02,328 - [34mangr.project[0m - [34mUsing builtin SimProcedure for unresolved CreateFileW from kernel32.dll[0m[0m
[1;32;40mINFO - 2024-04-05 18:11:02,329 - [34mangr.project[0m - [34mUsing builtin SimProcedure for unresolved lstrlenW from kernel32.dll[0m[0m
[1;32;40mINFO - 2024-04-05 18:11:02,329 - [34mangr.project[0m - [34mUsing builtin SimProcedure for unresolved wsprintfW from user32.dll[0m[0m
[1;32;40mINFO - 2024-04-05 18:11:02,330 - [34mangr.project[0m - [34mUsing builtin SimProcedure for unresolved ShellExecuteW from shell32.dll[0m[0m
[1;33;40mWARNING - 2024-04-05 18:11:06,088 - [34mangr.project[0m - [34mAddress is already hooked, during hook(0x50001c, <SimProcedure InternetOpenW>). Not re-hooking.[0m[0m
[1;33;40mWARNING - 2024-04-05 18:11:06,510 - [34mangr.project[0m - [34mAddress is already hooked, during hook(0x601014, <SimProcedure KiUserExceptionDispatcher>). Not re-hooking.[0m[0m
[1;33;40mWARNING - 2024-04-05 18:11:06,511 - [34mangr.project[0m - [34mAddress 0x400000 not hooked[0m[0m
[1;32;40mINFO - 2024-04-05 18:11:06,528 - [35mangr.sim_manager[0m - [35mStepping active of <SimulationManager with 1 active>[0m[0m
[1;32;40mINFO - 2024-04-05 18:11:06,580 - [37mangr.engines.engine[0m - [37mTicked state: <IRSB from 0x401020: 1 sat>[0m[0m
[1;32;40mINFO - 2024-04-05 18:11:06,580 - [32mSemaExplorerCDFS[0m - [32mHey new addr ![0m[0m
[1;32;40mINFO - 2024-04-05 18:11:06,580 - [35mangr.sim_manager[0m - [35mStepping active of <SimulationManager with 1 active>[0m[0m
[1;32;40mINFO - 2024-04-05 18:11:06,640 - [37mangr.engines.engine[0m - [37mTicked state: <SimProcedure GetModuleHandleW from 0x500040: 1 sat>[0m[0m
[1;32;40mINFO - 2024-04-05 18:11:06,641 - [32mSemaExplorerCDFS[0m - [32mHey new addr ![0m[0m
[1;32;40mINFO - 2024-04-05 18:11:06,641 - [35mangr.sim_manager[0m - [35mStepping active of <SimulationManager with 1 active>[0m[0m
[1;32;40mINFO - 2024-04-05 18:11:06,645 - [37mangr.engines.engine[0m - [37mTicked state: <IRSB from 0x401035: 1 sat 1 unsat>[0m[0m
[1;32;40mINFO - 2024-04-05 18:11:06,645 - [32mSemaExplorerCDFS[0m - [32mHey new addr ![0m[0m
[1;32;40mINFO - 2024-04-05 18:11:06,646 - [35mangr.sim_manager[0m - [35mStepping active of <SimulationManager with 1 active>[0m[0m
[1;32;40mINFO - 2024-04-05 18:11:06,649 - [37mangr.engines.engine[0m - [37mTicked state: <IRSB from 0x401042: 1 sat>[0m[0m
[1;32;40mINFO - 2024-04-05 18:11:06,650 - [32mSemaExplorerCDFS[0m - [32mHey new addr ![0m[0m
[1;32;40mINFO - 2024-04-05 18:11:06,650 - [35mangr.sim_manager[0m - [35mStepping active of <SimulationManager with 1 active>[0m[0m
[1;32;40mINFO - 2024-04-05 18:11:06,652 - [37mangr.engines.engine[0m - [37mTicked state: <SimProcedure HeapCreate from 0x500048: 1 sat>[0m[0m
[1;32;40mINFO - 2024-04-05 18:11:06,653 - [32mSemaExplorerCDFS[0m - [32mHey new addr ![0m[0m
[1;32;40mINFO - 2024-04-05 18:11:06,653 - [35mangr.sim_manager[0m - [35mStepping active of <SimulationManager with 1 active>[0m[0m
[1;32;40mINFO - 2024-04-05 18:11:06,657 - [37mangr.engines.engine[0m - [37mTicked state: <IRSB from 0x401050: 1 sat>[0m[0m
[1;32;40mINFO - 2024-04-05 18:11:06,657 - [32mSemaExplorerCDFS[0m - [32mHey new addr ![0m[0m
[1;32;40mINFO - 2024-04-05 18:11:06,658 - [35mangr.sim_manager[0m - [35mStepping active of <SimulationManager with 1 active>[0m[0m
[1;32;40mINFO - 2024-04-05 18:11:06,666 - [37mangr.engines.engine[0m - [37mTicked state: <SimProcedure HeapAlloc from 0x50004c: 1 sat>[0m[0m
[1;32;40mINFO - 2024-04-05 18:11:06,666 - [32mSemaExplorerCDFS[0m - [32mHey new addr ![0m[0m
[1;32;40mINFO - 2024-04-05 18:11:06,667 - [35mangr.sim_manager[0m - [35mStepping active of <SimulationManager with 1 active>[0m[0m
[1;32;40mINFO - 2024-04-05 18:11:06,671 - [37mangr.engines.engine[0m - [37mTicked state: <IRSB from 0x40105d: 1 sat>[0m[0m
[1;32;40mINFO - 2024-04-05 18:11:06,671 - [35mangr.sim_manager[0m - [35mStepping active of <SimulationManager with 1 active>[0m[0m
[1;32;40mINFO - 2024-04-05 18:11:06,679 - [37mangr.engines.engine[0m - [37mTicked state: <SimProcedure HeapAlloc from 0x50004c: 1 sat>[0m[0m
[1;32;40mINFO - 2024-04-05 18:11:06,679 - [32mSemaExplorerCDFS[0m - [32mHey new addr ![0m[0m
[1;32;40mINFO - 2024-04-05 18:11:06,679 - [35mangr.sim_manager[0m - [35mStepping active of <SimulationManager with 1 active>[0m[0m
[1;32;40mINFO - 2024-04-05 18:11:06,683 - [37mangr.engines.engine[0m - [37mTicked state: <IRSB from 0x40106b: 1 sat>[0m[0m
[1;32;40mINFO - 2024-04-05 18:11:06,683 - [32mSemaExplorerCDFS[0m - [32mHey new addr ![0m[0m
[1;32;40mINFO - 2024-04-05 18:11:06,683 - [35mangr.sim_manager[0m - [35mStepping active of <SimulationManager with 1 active>[0m[0m
[1;32;40mINFO - 2024-04-05 18:11:06,687 - [37mangr.engines.engine[0m - [37mTicked state: <SimProcedure GetModuleFileNameW from 0x500050: 1 sat>[0m[0m
[1;32;40mINFO - 2024-04-05 18:11:06,687 - [32mSemaExplorerCDFS[0m - [32mHey new addr ![0m[0m
[1;32;40mINFO - 2024-04-05 18:11:06,687 - [35mangr.sim_manager[0m - [35mStepping active of <SimulationManager with 1 active>[0m[0m
[1;32;40mINFO - 2024-04-05 18:11:06,690 - [37mangr.engines.engine[0m - [37mTicked state: <IRSB from 0x401077: 1 sat>[0m[0m
[1;32;40mINFO - 2024-04-05 18:11:06,691 - [32mSemaExplorerCDFS[0m - [32mHey new addr ![0m[0m
[1;32;40mINFO - 2024-04-05 18:11:06,691 - [35mangr.sim_manager[0m - [35mStepping active of <SimulationManager with 1 active>[0m[0m
[1;32;40mINFO - 2024-04-05 18:11:06,809 - [37mangr.engines.engine[0m - [37mTicked state: <SimProcedure GetTempPathW from 0x500020: 1 sat>[0m[0m
[1;32;40mINFO - 2024-04-05 18:11:06,810 - [32mSemaExplorerCDFS[0m - [32mHey new addr ![0m[0m
[1;32;40mINFO - 2024-04-05 18:11:06,810 - [35mangr.sim_manager[0m - [35mStepping active of <SimulationManager with 1 active>[0m[0m
[1;32;40mINFO - 2024-04-05 18:11:06,815 - [37mangr.engines.engine[0m - [37mTicked state: <IRSB from 0x401085: 1 sat>[0m[0m
[1;32;40mINFO - 2024-04-05 18:11:06,815 - [32mSemaExplorerCDFS[0m - [32mHey new addr ![0m[0m
[1;32;40mINFO - 2024-04-05 18:11:06,816 - [35mangr.sim_manager[0m - [35mStepping active of <SimulationManager with 1 active>[0m[0m
[1;32;40mINFO - 2024-04-05 18:11:06,876 - [37mangr.engines.engine[0m - [37mTicked state: <SimProcedure wsprintfW from 0x50005c: 1 sat>[0m[0m
[1;32;40mINFO - 2024-04-05 18:11:06,876 - [32mSemaExplorerCDFS[0m - [32mHey new addr ![0m[0m
[1;32;40mINFO - 2024-04-05 18:11:06,876 - [35mangr.sim_manager[0m - [35mStepping active of <SimulationManager with 1 active>[0m[0m
[1;32;40mINFO - 2024-04-05 18:11:06,883 - [37mangr.engines.engine[0m - [37mTicked state: <IRSB from 0x40109b: 1 sat>[0m[0m
[1;32;40mINFO - 2024-04-05 18:11:06,883 - [32mSemaExplorerCDFS[0m - [32mHey new addr ![0m[0m
[1;32;40mINFO - 2024-04-05 18:11:06,884 - [35mangr.sim_manager[0m - [35mStepping active of <SimulationManager with 1 active>[0m[0m
[1;32;40mINFO - 2024-04-05 18:11:06,895 - [37mangr.engines.engine[0m - [37mTicked state: <SimProcedure CreateFileW from 0x500054: 1 sat>[0m[0m
[1;32;40mINFO - 2024-04-05 18:11:06,895 - [32mSemaExplorerCDFS[0m - [32mHey new addr ![0m[0m
[1;32;40mINFO - 2024-04-05 18:11:06,896 - [35mangr.sim_manager[0m - [35mStepping active of <SimulationManager with 1 active>[0m[0m
[1;32;40mINFO - 2024-04-05 18:11:06,900 - [37mangr.engines.engine[0m - [37mTicked state: <IRSB from 0x4010b5: 1 sat 1 unsat>[0m[0m
[1;32;40mINFO - 2024-04-05 18:11:06,901 - [32mSemaExplorerCDFS[0m - [32mHey new addr ![0m[0m
[1;32;40mINFO - 2024-04-05 18:11:06,901 - [35mangr.sim_manager[0m - [35mStepping active of <SimulationManager with 1 active>[0m[0m
[1;32;40mINFO - 2024-04-05 18:11:06,904 - [37mangr.engines.engine[0m - [37mTicked state: <IRSB from 0x4010c5: 1 sat>[0m[0m
[1;32;40mINFO - 2024-04-05 18:11:06,904 - [32mSemaExplorerCDFS[0m - [32mHey new addr ![0m[0m
[1;32;40mINFO - 2024-04-05 18:11:06,905 - [35mangr.sim_manager[0m - [35mStepping active of <SimulationManager with 1 active>[0m[0m
[1;32;40mINFO - 2024-04-05 18:11:06,994 - [37mangr.engines.engine[0m - [37mTicked state: <SimProcedure GetFileSize from 0x500024: 1 sat>[0m[0m
[1;32;40mINFO - 2024-04-05 18:11:06,994 - [32mSemaExplorerCDFS[0m - [32mHey new addr ![0m[0m
[1;32;40mINFO - 2024-04-05 18:11:06,994 - [35mangr.sim_manager[0m - [35mStepping active of <SimulationManager with 1 active>[0m[0m
[1;32;40mINFO - 2024-04-05 18:11:07,000 - [37mangr.engines.engine[0m - [37mTicked state: <IRSB from 0x4010cd: 1 sat>[0m[0m
[1;32;40mINFO - 2024-04-05 18:11:07,000 - [32mSemaExplorerCDFS[0m - [32mHey new addr ![0m[0m
[1;32;40mINFO - 2024-04-05 18:11:07,000 - [35mangr.sim_manager[0m - [35mStepping active of <SimulationManager with 1 active>[0m[0m
[1;32;40mINFO - 2024-04-05 18:11:07,007 - [37mangr.engines.engine[0m - [37mTicked state: <SimProcedure lstrlenW from 0x500058: 1 sat>[0m[0m
[1;32;40mINFO - 2024-04-05 18:11:07,007 - [32mSemaExplorerCDFS[0m - [32mHey new addr ![0m[0m
[1;32;40mINFO - 2024-04-05 18:11:07,008 - [35mangr.sim_manager[0m - [35mStepping active of <SimulationManager with 1 active>[0m[0m
[1;32;40mINFO - 2024-04-05 18:11:07,014 - [37mangr.engines.engine[0m - [37mTicked state: <IRSB from 0x4010d9: 1 sat>[0m[0m
[1;32;40mINFO - 2024-04-05 18:11:07,014 - [35mangr.sim_manager[0m - [35mStepping active of <SimulationManager with 1 active>[0m[0m
[1;33;40mWARNING - 2024-04-05 18:11:07,075 - [33mangr.state_plugins.heap.heap_base[0m - [33mAllocation request of 1048643 bytes exceeded maximum of 128 bytes; allocating 128 bytes[0m[0m
[1;32;40mINFO - 2024-04-05 18:11:07,081 - [37mangr.engines.engine[0m - [37mTicked state: <SimProcedure HeapAlloc from 0x50004c: 1 sat>[0m[0m
[1;32;40mINFO - 2024-04-05 18:11:07,081 - [32mSemaExplorerCDFS[0m - [32mHey new addr ![0m[0m
[1;32;40mINFO - 2024-04-05 18:11:07,081 - [35mangr.sim_manager[0m - [35mStepping active of <SimulationManager with 1 active>[0m[0m
[1;32;40mINFO - 2024-04-05 18:11:07,086 - [37mangr.engines.engine[0m - [37mTicked state: <IRSB from 0x4010ec: 1 sat 1 unsat>[0m[0m
[1;32;40mINFO - 2024-04-05 18:11:07,086 - [32mSemaExplorerCDFS[0m - [32mHey new addr ![0m[0m
[1;32;40mINFO - 2024-04-05 18:11:07,087 - [35mangr.sim_manager[0m - [35mStepping active of <SimulationManager with 1 active>[0m[0m
[1;32;40mINFO - 2024-04-05 18:11:07,093 - [37mangr.engines.engine[0m - [37mTicked state: <IRSB from 0x4010f7: 1 sat>[0m[0m
[1;32;40mINFO - 2024-04-05 18:11:07,093 - [32mSemaExplorerCDFS[0m - [32mHey new addr ![0m[0m
[1;32;40mINFO - 2024-04-05 18:11:07,094 - [35mangr.sim_manager[0m - [35mStepping active of <SimulationManager with 1 active>[0m[0m
[1;32;40mINFO - 2024-04-05 18:11:08,105 - [37mangr.engines.engine[0m - [37mTicked state: <SimProcedure ReadFile from 0x50003c: 1 sat>[0m[0m
[1;32;40mINFO - 2024-04-05 18:11:08,105 - [32mSemaExplorerCDFS[0m - [32mHey new addr ![0m[0m
[1;32;40mINFO - 2024-04-05 18:11:08,105 - [35mangr.sim_manager[0m - [35mStepping active of <SimulationManager with 1 active>[0m[0m
[1;32;40mINFO - 2024-04-05 18:11:08,109 - [37mangr.engines.engine[0m - [37mTicked state: <IRSB from 0x401109: 1 sat>[0m[0m
[1;32;40mINFO - 2024-04-05 18:11:08,110 - [32mSemaExplorerCDFS[0m - [32mHey new addr ![0m[0m
[1;32;40mINFO - 2024-04-05 18:11:08,110 - [35mangr.sim_manager[0m - [35mStepping active of <SimulationManager with 1 active>[0m[0m
[1;32;40mINFO - 2024-04-05 18:11:08,118 - [37mangr.engines.engine[0m - [37mTicked state: <SimProcedure lstrcmpW from 0x500038: 1 sat>[0m[0m
[1;32;40mINFO - 2024-04-05 18:11:08,118 - [32mSemaExplorerCDFS[0m - [32mHey new addr ![0m[0m
[1;32;40mINFO - 2024-04-05 18:11:08,118 - [35mangr.sim_manager[0m - [35mStepping active of <SimulationManager with 1 active>[0m[0m
[1;32;40mINFO - 2024-04-05 18:11:08,122 - [37mangr.engines.engine[0m - [37mTicked state: <IRSB from 0x401113: 1 sat 1 unsat>[0m[0m
[1;32;40mINFO - 2024-04-05 18:11:08,122 - [32mSemaExplorerCDFS[0m - [32mHey new addr ![0m[0m
[1;32;40mINFO - 2024-04-05 18:11:08,123 - [35mangr.sim_manager[0m - [35mStepping active of <SimulationManager with 1 active>[0m[0m
[1;32;40mINFO - 2024-04-05 18:11:08,125 - [37mangr.engines.engine[0m - [37mTicked state: <IRSB from 0x40111b: 1 sat>[0m[0m
[1;32;40mINFO - 2024-04-05 18:11:08,126 - [35mangr.sim_manager[0m - [35mStepping active of <SimulationManager with 1 active>[0m[0m
[1;32;40mINFO - 2024-04-05 18:11:08,132 - [37mangr.engines.engine[0m - [37mTicked state: <SimProcedure lstrlenW from 0x500058: 1 sat>[0m[0m
[1;32;40mINFO - 2024-04-05 18:11:08,132 - [32mSemaExplorerCDFS[0m - [32mHey new addr ![0m[0m
[1;32;40mINFO - 2024-04-05 18:11:08,132 - [35mangr.sim_manager[0m - [35mStepping active of <SimulationManager with 1 active>[0m[0m
[1;32;40mINFO - 2024-04-05 18:11:08,139 - [37mangr.engines.engine[0m - [37mTicked state: <IRSB from 0x40111e: 1 sat>[0m[0m
[1;32;40mINFO - 2024-04-05 18:11:08,139 - [32mSemaExplorerCDFS[0m - [32mHey new addr ![0m[0m
[1;32;40mINFO - 2024-04-05 18:11:08,140 - [35mangr.sim_manager[0m - [35mStepping active of <SimulationManager with 1 active>[0m[0m
[1;32;40mINFO - 2024-04-05 18:11:08,144 - [37mangr.engines.engine[0m - [37mTicked state: <IRSB from 0x401000: 1 sat 1 unsat>[0m[0m
[1;32;40mINFO - 2024-04-05 18:11:08,145 - [32mSemaExplorerCDFS[0m - [32mHey new addr ![0m[0m
[1;32;40mINFO - 2024-04-05 18:11:08,145 - [35mangr.sim_manager[0m - [35mStepping active of <SimulationManager with 1 active>[0m[0m
[1;32;40mINFO - 2024-04-05 18:11:08,265 - [37mangr.engines.engine[0m - [37mTicked state: <IRSB from 0x401008: 1 sat 1 unsat>[0m[0m
[1;32;40mINFO - 2024-04-05 18:11:08,265 - [35mangr.sim_manager[0m - [35mStepping active of <SimulationManager with 1 active>[0m[0m
[1;32;40mINFO - 2024-04-05 18:11:08,331 - [37mangr.engines.engine[0m - [37mTicked state: <IRSB from 0x401008: 1 sat 1 unsat>[0m[0m
[1;32;40mINFO - 2024-04-05 18:11:08,332 - [35mangr.sim_manager[0m - [35mStepping active of <SimulationManager with 1 active>[0m[0m
[1;32;40mINFO - 2024-04-05 18:11:08,397 - [37mangr.engines.engine[0m - [37mTicked state: <IRSB from 0x401008: 1 sat 1 unsat>[0m[0m
[1;32;40mINFO - 2024-04-05 18:11:08,397 - [35mangr.sim_manager[0m - [35mStepping active of <SimulationManager with 1 active>[0m[0m
[1;32;40mINFO - 2024-04-05 18:11:08,462 - [37mangr.engines.engine[0m - [37mTicked state: <IRSB from 0x401008: 1 sat 1 unsat>[0m[0m
[1;32;40mINFO - 2024-04-05 18:11:08,463 - [35mangr.sim_manager[0m - [35mStepping active of <SimulationManager with 1 active>[0m[0m
[1;32;40mINFO - 2024-04-05 18:11:08,527 - [37mangr.engines.engine[0m - [37mTicked state: <IRSB from 0x401008: 1 sat 1 unsat>[0m[0m
[1;32;40mINFO - 2024-04-05 18:11:08,527 - [35mangr.sim_manager[0m - [35mStepping active of <SimulationManager with 1 active>[0m[0m
[1;32;40mINFO - 2024-04-05 18:11:08,590 - [37mangr.engines.engine[0m - [37mTicked state: <IRSB from 0x401008: 1 sat 1 unsat>[0m[0m
[1;32;40mINFO - 2024-04-05 18:11:08,591 - [35mangr.sim_manager[0m - [35mStepping active of <SimulationManager with 1 active>[0m[0m
[1;32;40mINFO - 2024-04-05 18:11:08,653 - [37mangr.engines.engine[0m - [37mTicked state: <IRSB from 0x401008: 1 sat 1 unsat>[0m[0m
[1;32;40mINFO - 2024-04-05 18:11:08,653 - [35mangr.sim_manager[0m - [35mStepping active of <SimulationManager with 1 active>[0m[0m
[1;32;40mINFO - 2024-04-05 18:11:08,716 - [37mangr.engines.engine[0m - [37mTicked state: <IRSB from 0x401008: 1 sat 1 unsat>[0m[0m
[1;32;40mINFO - 2024-04-05 18:11:08,716 - [35mangr.sim_manager[0m - [35mStepping active of <SimulationManager with 1 active>[0m[0m
[1;32;40mINFO - 2024-04-05 18:11:08,777 - [37mangr.engines.engine[0m - [37mTicked state: <IRSB from 0x401008: 1 sat 1 unsat>[0m[0m
[1;32;40mINFO - 2024-04-05 18:11:08,778 - [35mangr.sim_manager[0m - [35mStepping active of <SimulationManager with 1 active>[0m[0m
[1;32;40mINFO - 2024-04-05 18:11:08,840 - [37mangr.engines.engine[0m - [37mTicked state: <IRSB from 0x401008: 1 sat 1 unsat>[0m[0m
[1;32;40mINFO - 2024-04-05 18:11:08,841 - [35mangr.sim_manager[0m - [35mStepping active of <SimulationManager with 1 active>[0m[0m
[1;32;40mINFO - 2024-04-05 18:11:08,902 - [37mangr.engines.engine[0m - [37mTicked state: <IRSB from 0x401008: 1 sat 1 unsat>[0m[0m
[1;32;40mINFO - 2024-04-05 18:11:08,903 - [35mangr.sim_manager[0m - [35mStepping active of <SimulationManager with 1 active>[0m[0m
[1;32;40mINFO - 2024-04-05 18:11:08,963 - [37mangr.engines.engine[0m - [37mTicked state: <IRSB from 0x401008: 1 sat 1 unsat>[0m[0m
[1;32;40mINFO - 2024-04-05 18:11:08,964 - [35mangr.sim_manager[0m - [35mStepping active of <SimulationManager with 1 active>[0m[0m
[1;32;40mINFO - 2024-04-05 18:11:09,025 - [37mangr.engines.engine[0m - [37mTicked state: <IRSB from 0x401008: 1 sat 1 unsat>[0m[0m
[1;32;40mINFO - 2024-04-05 18:11:09,025 - [35mangr.sim_manager[0m - [35mStepping active of <SimulationManager with 1 active>[0m[0m
[1;32;40mINFO - 2024-04-05 18:11:09,085 - [37mangr.engines.engine[0m - [37mTicked state: <IRSB from 0x401008: 1 sat 1 unsat>[0m[0m
[1;32;40mINFO - 2024-04-05 18:11:09,086 - [35mangr.sim_manager[0m - [35mStepping active of <SimulationManager with 1 active>[0m[0m
[1;32;40mINFO - 2024-04-05 18:11:09,146 - [37mangr.engines.engine[0m - [37mTicked state: <IRSB from 0x401008: 1 sat 1 unsat>[0m[0m
[1;32;40mINFO - 2024-04-05 18:11:09,146 - [35mangr.sim_manager[0m - [35mStepping active of <SimulationManager with 1 active>[0m[0m
[1;32;40mINFO - 2024-04-05 18:11:09,206 - [37mangr.engines.engine[0m - [37mTicked state: <IRSB from 0x401008: 1 sat 1 unsat>[0m[0m
[1;32;40mINFO - 2024-04-05 18:11:09,206 - [35mangr.sim_manager[0m - [35mStepping active of <SimulationManager with 1 active>[0m[0m
[1;32;40mINFO - 2024-04-05 18:11:09,266 - [37mangr.engines.engine[0m - [37mTicked state: <IRSB from 0x401008: 1 sat 1 unsat>[0m[0m
[1;32;40mINFO - 2024-04-05 18:11:09,266 - [35mangr.sim_manager[0m - [35mStepping active of <SimulationManager with 1 active>[0m[0m
[1;32;40mINFO - 2024-04-05 18:11:09,328 - [37mangr.engines.engine[0m - [37mTicked state: <IRSB from 0x401008: 1 sat 1 unsat>[0m[0m
[1;32;40mINFO - 2024-04-05 18:11:09,328 - [35mangr.sim_manager[0m - [35mStepping active of <SimulationManager with 1 active>[0m[0m
[1;32;40mINFO - 2024-04-05 18:11:09,389 - [37mangr.engines.engine[0m - [37mTicked state: <IRSB from 0x401008: 1 sat 1 unsat>[0m[0m
[1;32;40mINFO - 2024-04-05 18:11:09,389 - [35mangr.sim_manager[0m - [35mStepping active of <SimulationManager with 1 active>[0m[0m
[1;32;40mINFO - 2024-04-05 18:11:09,449 - [37mangr.engines.engine[0m - [37mTicked state: <IRSB from 0x401008: 1 sat 1 unsat>[0m[0m
[1;32;40mINFO - 2024-04-05 18:11:09,450 - [35mangr.sim_manager[0m - [35mStepping active of <SimulationManager with 1 active>[0m[0m
[1;32;40mINFO - 2024-04-05 18:11:09,509 - [37mangr.engines.engine[0m - [37mTicked state: <IRSB from 0x401008: 1 sat 1 unsat>[0m[0m
[1;32;40mINFO - 2024-04-05 18:11:09,510 - [35mangr.sim_manager[0m - [35mStepping active of <SimulationManager with 1 active>[0m[0m
[1;32;40mINFO - 2024-04-05 18:11:09,569 - [37mangr.engines.engine[0m - [37mTicked state: <IRSB from 0x401008: 1 sat 1 unsat>[0m[0m
[1;32;40mINFO - 2024-04-05 18:11:09,569 - [35mangr.sim_manager[0m - [35mStepping active of <SimulationManager with 1 active>[0m[0m
[1;32;40mINFO - 2024-04-05 18:11:09,631 - [37mangr.engines.engine[0m - [37mTicked state: <IRSB from 0x401008: 1 sat 1 unsat>[0m[0m
[1;32;40mINFO - 2024-04-05 18:11:09,631 - [35mangr.sim_manager[0m - [35mStepping active of <SimulationManager with 1 active>[0m[0m
[1;32;40mINFO - 2024-04-05 18:11:09,693 - [37mangr.engines.engine[0m - [37mTicked state: <IRSB from 0x401008: 1 sat 1 unsat>[0m[0m
[1;32;40mINFO - 2024-04-05 18:11:09,693 - [35mangr.sim_manager[0m - [35mStepping active of <SimulationManager with 1 active>[0m[0m
[1;32;40mINFO - 2024-04-05 18:11:09,753 - [37mangr.engines.engine[0m - [37mTicked state: <IRSB from 0x401008: 1 sat 1 unsat>[0m[0m
[1;32;40mINFO - 2024-04-05 18:11:09,754 - [35mangr.sim_manager[0m - [35mStepping active of <SimulationManager with 1 active>[0m[0m
[1;32;40mINFO - 2024-04-05 18:11:09,813 - [37mangr.engines.engine[0m - [37mTicked state: <IRSB from 0x401008: 1 sat 1 unsat>[0m[0m
[1;32;40mINFO - 2024-04-05 18:11:09,813 - [35mangr.sim_manager[0m - [35mStepping active of <SimulationManager with 1 active>[0m[0m
[1;32;40mINFO - 2024-04-05 18:11:09,872 - [37mangr.engines.engine[0m - [37mTicked state: <IRSB from 0x401008: 1 sat 1 unsat>[0m[0m
[1;32;40mINFO - 2024-04-05 18:11:09,872 - [35mangr.sim_manager[0m - [35mStepping active of <SimulationManager with 1 active>[0m[0m
[1;32;40mINFO - 2024-04-05 18:11:09,931 - [37mangr.engines.engine[0m - [37mTicked state: <IRSB from 0x401008: 1 sat 1 unsat>[0m[0m
[1;32;40mINFO - 2024-04-05 18:11:09,932 - [35mangr.sim_manager[0m - [35mStepping active of <SimulationManager with 1 active>[0m[0m
[1;32;40mINFO - 2024-04-05 18:11:09,991 - [37mangr.engines.engine[0m - [37mTicked state: <IRSB from 0x401008: 1 sat 1 unsat>[0m[0m
[1;32;40mINFO - 2024-04-05 18:11:09,991 - [35mangr.sim_manager[0m - [35mStepping active of <SimulationManager with 1 active>[0m[0m
[1;32;40mINFO - 2024-04-05 18:11:10,049 - [37mangr.engines.engine[0m - [37mTicked state: <IRSB from 0x401008: 1 sat 1 unsat>[0m[0m
[1;32;40mINFO - 2024-04-05 18:11:10,050 - [35mangr.sim_manager[0m - [35mStepping active of <SimulationManager with 1 active>[0m[0m
[1;32;40mINFO - 2024-04-05 18:11:10,110 - [37mangr.engines.engine[0m - [37mTicked state: <IRSB from 0x401008: 1 sat 1 unsat>[0m[0m
[1;32;40mINFO - 2024-04-05 18:11:10,110 - [35mangr.sim_manager[0m - [35mStepping active of <SimulationManager with 1 active>[0m[0m
[1;32;40mINFO - 2024-04-05 18:11:10,170 - [37mangr.engines.engine[0m - [37mTicked state: <IRSB from 0x401008: 1 sat 1 unsat>[0m[0m
[1;32;40mINFO - 2024-04-05 18:11:10,170 - [35mangr.sim_manager[0m - [35mStepping active of <SimulationManager with 1 active>[0m[0m
[1;32;40mINFO - 2024-04-05 18:11:10,229 - [37mangr.engines.engine[0m - [37mTicked state: <IRSB from 0x401008: 1 sat 1 unsat>[0m[0m
[1;32;40mINFO - 2024-04-05 18:11:10,230 - [35mangr.sim_manager[0m - [35mStepping active of <SimulationManager with 1 active>[0m[0m
[1;32;40mINFO - 2024-04-05 18:11:10,289 - [37mangr.engines.engine[0m - [37mTicked state: <IRSB from 0x401008: 1 sat 1 unsat>[0m[0m
[1;32;40mINFO - 2024-04-05 18:11:10,325 - [35mangr.sim_manager[0m - [35mStepping active of <SimulationManager with 1 active>[0m[0m
[1;32;40mINFO - 2024-04-05 18:11:10,415 - [37mangr.engines.engine[0m - [37mTicked state: <IRSB from 0x401008: 1 sat 1 unsat>[0m[0m
[1;32;40mINFO - 2024-04-05 18:11:10,436 - [35mangr.sim_manager[0m - [35mStepping active of <SimulationManager with 1 active>[0m[0m
[1;32;40mINFO - 2024-04-05 18:11:10,523 - [37mangr.engines.engine[0m - [37mTicked state: <IRSB from 0x401008: 1 sat 1 unsat>[0m[0m
[1;32;40mINFO - 2024-04-05 18:11:10,554 - [35mangr.sim_manager[0m - [35mStepping active of <SimulationManager with 1 active>[0m[0m
[1;32;40mINFO - 2024-04-05 18:11:10,636 - [37mangr.engines.engine[0m - [37mTicked state: <IRSB from 0x401008: 1 sat 1 unsat>[0m[0m
[1;32;40mINFO - 2024-04-05 18:11:10,659 - [35mangr.sim_manager[0m - [35mStepping active of <SimulationManager with 1 active>[0m[0m
[1;32;40mINFO - 2024-04-05 18:11:10,742 - [37mangr.engines.engine[0m - [37mTicked state: <IRSB from 0x401008: 1 sat 1 unsat>[0m[0m
[1;32;40mINFO - 2024-04-05 18:11:10,768 - [35mangr.sim_manager[0m - [35mStepping active of <SimulationManager with 1 active>[0m[0m
[1;32;40mINFO - 2024-04-05 18:11:10,849 - [37mangr.engines.engine[0m - [37mTicked state: <IRSB from 0x401008: 1 sat 1 unsat>[0m[0m
[1;32;40mINFO - 2024-04-05 18:11:10,877 - [35mangr.sim_manager[0m - [35mStepping active of <SimulationManager with 1 active>[0m[0m
[1;32;40mINFO - 2024-04-05 18:11:10,950 - [37mangr.engines.engine[0m - [37mTicked state: <IRSB from 0x401008: 1 sat 1 unsat>[0m[0m
[1;32;40mINFO - 2024-04-05 18:11:10,966 - [35mangr.sim_manager[0m - [35mStepping active of <SimulationManager with 1 active>[0m[0m
[1;32;40mINFO - 2024-04-05 18:11:11,043 - [37mangr.engines.engine[0m - [37mTicked state: <IRSB from 0x401008: 1 sat 1 unsat>[0m[0m
[1;32;40mINFO - 2024-04-05 18:11:11,060 - [35mangr.sim_manager[0m - [35mStepping active of <SimulationManager with 1 active>[0m[0m
[1;32;40mINFO - 2024-04-05 18:11:11,137 - [37mangr.engines.engine[0m - [37mTicked state: <IRSB from 0x401008: 1 sat 1 unsat>[0m[0m
[1;32;40mINFO - 2024-04-05 18:11:11,159 - [35mangr.sim_manager[0m - [35mStepping active of <SimulationManager with 1 active>[0m[0m
[1;32;40mINFO - 2024-04-05 18:11:11,248 - [37mangr.engines.engine[0m - [37mTicked state: <IRSB from 0x401008: 1 sat 1 unsat>[0m[0m
[1;32;40mINFO - 2024-04-05 18:11:11,294 - [35mangr.sim_manager[0m - [35mStepping active of <SimulationManager with 1 active>[0m[0m
[1;32;40mINFO - 2024-04-05 18:11:11,386 - [37mangr.engines.engine[0m - [37mTicked state: <IRSB from 0x401008: 1 sat 1 unsat>[0m[0m
[1;32;40mINFO - 2024-04-05 18:11:11,412 - [35mangr.sim_manager[0m - [35mStepping active of <SimulationManager with 1 active>[0m[0m
[1;32;40mINFO - 2024-04-05 18:11:11,502 - [37mangr.engines.engine[0m - [37mTicked state: <IRSB from 0x401008: 1 sat 1 unsat>[0m[0m
[1;32;40mINFO - 2024-04-05 18:11:11,588 - [35mangr.sim_manager[0m - [35mStepping active of <SimulationManager with 1 active>[0m[0m
[1;32;40mINFO - 2024-04-05 18:11:11,664 - [37mangr.engines.engine[0m - [37mTicked state: <IRSB from 0x401008: 1 sat 1 unsat>[0m[0m
[1;32;40mINFO - 2024-04-05 18:11:11,665 - [35mangr.sim_manager[0m - [35mStepping active of <SimulationManager with 1 active>[0m[0m
[1;32;40mINFO - 2024-04-05 18:11:11,730 - [37mangr.engines.engine[0m - [37mTicked state: <IRSB from 0x401008: 1 sat 1 unsat>[0m[0m
[1;32;40mINFO - 2024-04-05 18:11:11,731 - [35mangr.sim_manager[0m - [35mStepping active of <SimulationManager with 1 active>[0m[0m
[1;32;40mINFO - 2024-04-05 18:11:11,795 - [37mangr.engines.engine[0m - [37mTicked state: <IRSB from 0x401008: 1 sat 1 unsat>[0m[0m
[1;32;40mINFO - 2024-04-05 18:11:11,795 - [35mangr.sim_manager[0m - [35mStepping active of <SimulationManager with 1 active>[0m[0m
[1;32;40mINFO - 2024-04-05 18:11:11,856 - [37mangr.engines.engine[0m - [37mTicked state: <IRSB from 0x401008: 1 sat 1 unsat>[0m[0m
[1;32;40mINFO - 2024-04-05 18:11:11,857 - [35mangr.sim_manager[0m - [35mStepping active of <SimulationManager with 1 active>[0m[0m
[1;32;40mINFO - 2024-04-05 18:11:11,916 - [37mangr.engines.engine[0m - [37mTicked state: <IRSB from 0x401008: 1 sat 1 unsat>[0m[0m
[1;32;40mINFO - 2024-04-05 18:11:11,916 - [35mangr.sim_manager[0m - [35mStepping active of <SimulationManager with 1 active>[0m[0m
[1;32;40mINFO - 2024-04-05 18:11:11,975 - [37mangr.engines.engine[0m - [37mTicked state: <IRSB from 0x401008: 1 sat 1 unsat>[0m[0m
[1;32;40mINFO - 2024-04-05 18:11:11,975 - [35mangr.sim_manager[0m - [35mStepping active of <SimulationManager with 1 active>[0m[0m
[1;32;40mINFO - 2024-04-05 18:11:12,035 - [37mangr.engines.engine[0m - [37mTicked state: <IRSB from 0x401008: 1 sat 1 unsat>[0m[0m
[1;32;40mINFO - 2024-04-05 18:11:12,035 - [35mangr.sim_manager[0m - [35mStepping active of <SimulationManager with 1 active>[0m[0m
[1;32;40mINFO - 2024-04-05 18:11:12,097 - [37mangr.engines.engine[0m - [37mTicked state: <IRSB from 0x401008: 1 sat 1 unsat>[0m[0m
[1;32;40mINFO - 2024-04-05 18:11:12,098 - [35mangr.sim_manager[0m - [35mStepping active of <SimulationManager with 1 active>[0m[0m
[1;32;40mINFO - 2024-04-05 18:11:12,159 - [37mangr.engines.engine[0m - [37mTicked state: <IRSB from 0x401008: 1 sat 1 unsat>[0m[0m
[1;32;40mINFO - 2024-04-05 18:11:12,159 - [35mangr.sim_manager[0m - [35mStepping active of <SimulationManager with 1 active>[0m[0m
[1;32;40mINFO - 2024-04-05 18:11:12,219 - [37mangr.engines.engine[0m - [37mTicked state: <IRSB from 0x401008: 1 sat 1 unsat>[0m[0m
[1;32;40mINFO - 2024-04-05 18:11:12,220 - [35mangr.sim_manager[0m - [35mStepping active of <SimulationManager with 1 active>[0m[0m
[1;32;40mINFO - 2024-04-05 18:11:12,280 - [37mangr.engines.engine[0m - [37mTicked state: <IRSB from 0x401008: 1 sat 1 unsat>[0m[0m
[1;32;40mINFO - 2024-04-05 18:11:12,280 - [35mangr.sim_manager[0m - [35mStepping active of <SimulationManager with 1 active>[0m[0m
[1;32;40mINFO - 2024-04-05 18:11:12,340 - [37mangr.engines.engine[0m - [37mTicked state: <IRSB from 0x401008: 1 sat 1 unsat>[0m[0m
[1;32;40mINFO - 2024-04-05 18:11:12,341 - [35mangr.sim_manager[0m - [35mStepping active of <SimulationManager with 1 active>[0m[0m
[1;32;40mINFO - 2024-04-05 18:11:12,407 - [37mangr.engines.engine[0m - [37mTicked state: <IRSB from 0x401008: 1 sat 1 unsat>[0m[0m
[1;32;40mINFO - 2024-04-05 18:11:12,407 - [35mangr.sim_manager[0m - [35mStepping active of <SimulationManager with 1 active>[0m[0m
[1;32;40mINFO - 2024-04-05 18:11:12,470 - [37mangr.engines.engine[0m - [37mTicked state: <IRSB from 0x401008: 1 sat 1 unsat>[0m[0m
[1;32;40mINFO - 2024-04-05 18:11:12,470 - [35mangr.sim_manager[0m - [35mStepping active of <SimulationManager with 1 active>[0m[0m
[1;32;40mINFO - 2024-04-05 18:11:12,532 - [37mangr.engines.engine[0m - [37mTicked state: <IRSB from 0x401008: 1 sat 1 unsat>[0m[0m
[1;32;40mINFO - 2024-04-05 18:11:12,532 - [35mangr.sim_manager[0m - [35mStepping active of <SimulationManager with 1 active>[0m[0m
[1;32;40mINFO - 2024-04-05 18:11:12,594 - [37mangr.engines.engine[0m - [37mTicked state: <IRSB from 0x401008: 1 sat 1 unsat>[0m[0m
[1;32;40mINFO - 2024-04-05 18:11:12,594 - [35mangr.sim_manager[0m - [35mStepping active of <SimulationManager with 1 active>[0m[0m
[1;32;40mINFO - 2024-04-05 18:11:12,656 - [37mangr.engines.engine[0m - [37mTicked state: <IRSB from 0x401008: 1 sat 1 unsat>[0m[0m
[1;32;40mINFO - 2024-04-05 18:11:12,656 - [35mangr.sim_manager[0m - [35mStepping active of <SimulationManager with 1 active>[0m[0m
[1;32;40mINFO - 2024-04-05 18:11:12,717 - [37mangr.engines.engine[0m - [37mTicked state: <IRSB from 0x401008: 1 sat 1 unsat>[0m[0m
[1;32;40mINFO - 2024-04-05 18:11:12,717 - [35mangr.sim_manager[0m - [35mStepping active of <SimulationManager with 1 active>[0m[0m
[1;32;40mINFO - 2024-04-05 18:11:12,778 - [37mangr.engines.engine[0m - [37mTicked state: <IRSB from 0x401008: 1 sat 1 unsat>[0m[0m
[1;32;40mINFO - 2024-04-05 18:11:12,778 - [35mangr.sim_manager[0m - [35mStepping active of <SimulationManager with 1 active>[0m[0m
[1;32;40mINFO - 2024-04-05 18:11:12,839 - [37mangr.engines.engine[0m - [37mTicked state: <IRSB from 0x401008: 1 sat 1 unsat>[0m[0m
[1;32;40mINFO - 2024-04-05 18:11:12,839 - [35mangr.sim_manager[0m - [35mStepping active of <SimulationManager with 1 active>[0m[0m
[1;32;40mINFO - 2024-04-05 18:11:12,899 - [37mangr.engines.engine[0m - [37mTicked state: <IRSB from 0x401008: 1 sat 1 unsat>[0m[0m
[1;32;40mINFO - 2024-04-05 18:11:12,899 - [32mSemaExplorerCDFS[0m - [32mHey new addr ![0m[0m
[1;32;40mINFO - 2024-04-05 18:11:12,900 - [35mangr.sim_manager[0m - [35mStepping active of <SimulationManager with 1 active>[0m[0m
[1;32;40mINFO - 2024-04-05 18:11:12,902 - [37mangr.engines.engine[0m - [37mTicked state: <IRSB from 0x40101d: 1 sat>[0m[0m
[1;32;40mINFO - 2024-04-05 18:11:12,902 - [32mSemaExplorerCDFS[0m - [32mHey new addr ![0m[0m
[1;32;40mINFO - 2024-04-05 18:11:12,902 - [35mangr.sim_manager[0m - [35mStepping active of <SimulationManager with 1 active>[0m[0m
[1;32;40mINFO - 2024-04-05 18:11:12,913 - [37mangr.engines.engine[0m - [37mTicked state: <IRSB from 0x401130: 1 sat>[0m[0m
[1;32;40mINFO - 2024-04-05 18:11:12,913 - [35mangr.sim_manager[0m - [35mStepping active of <SimulationManager with 1 active>[0m[0m
[1;32;40mINFO - 2024-04-05 18:11:12,970 - [37mangr.engines.engine[0m - [37mTicked state: <SimProcedure CreateFileW from 0x500054: 1 sat>[0m[0m
[1;32;40mINFO - 2024-04-05 18:11:12,970 - [32mSemaExplorerCDFS[0m - [32mHey new addr ![0m[0m
[1;32;40mINFO - 2024-04-05 18:11:12,971 - [35mangr.sim_manager[0m - [35mStepping active of <SimulationManager with 1 active>[0m[0m
[1;32;40mINFO - 2024-04-05 18:11:13,002 - [37mangr.engines.engine[0m - [37mTicked state: <IRSB from 0x401149: 2 sat>[0m[0m
[1;32;40mINFO - 2024-04-05 18:11:13,002 - [32mSemaExplorerCDFS[0m - [32mA new block of execution have been executed with changes in sim_manager.[0m[0m
[1;32;40mINFO - 2024-04-05 18:11:13,003 - [32mSemaExplorerCDFS[0m - [32mCurrently, simulation manager is :
<SimulationManager with 2 active>[0m[0m
[1;32;40mINFO - 2024-04-05 18:11:13,003 - [32mSemaExplorerCDFS[0m - [32mpause stash len :0[0m[0m
[1;32;40mINFO - 2024-04-05 18:11:13,003 - [32mSemaExplorerCDFS[0m - [32mfork_stack : 1 0x4010bd || 0x401155[0m[0m
[1;32;40mINFO - 2024-04-05 18:11:13,004 - [32mSemaExplorerCDFS[0m - [32mHey new addr ![0m[0m
[1;32;40mINFO - 2024-04-05 18:11:13,004 - [35mangr.sim_manager[0m - [35mStepping active of <SimulationManager with 2 active>[0m[0m
[1;32;40mINFO - 2024-04-05 18:11:13,014 - [37mangr.engines.engine[0m - [37mTicked state: <IRSB from 0x4010bd: 1 sat>[0m[0m
[1;32;40mINFO - 2024-04-05 18:11:13,018 - [37mangr.engines.engine[0m - [37mTicked state: <IRSB from 0x401155: 1 sat>[0m[0m
[1;32;40mINFO - 2024-04-05 18:11:13,019 - [32mSemaExplorerCDFS[0m - [32mHey new addr ![0m[0m
[1;32;40mINFO - 2024-04-05 18:11:13,019 - [35mangr.sim_manager[0m - [35mStepping active of <SimulationManager with 2 active>[0m[0m
[1;32;40mINFO - 2024-04-05 18:11:13,021 - [31mangr.procedures.stubs.CallReturn[0m - [31mA factory.call_state-created path returned![0m[0m
[1;32;40mINFO - 2024-04-05 18:11:13,021 - [37mangr.engines.engine[0m - [37mTicked state: <SimProcedure CallReturn from 0xb01000: empty>[0m[0m
[1;32;40mINFO - 2024-04-05 18:11:13,033 - [37mangr.engines.engine[0m - [37mTicked state: <SimProcedure lstrlenW from 0x500058: 1 sat>[0m[0m
[1;32;40mINFO - 2024-04-05 18:11:13,033 - [32mSemaExplorerCDFS[0m - [32mA new block of execution have been executed with changes in sim_manager.[0m[0m
[1;32;40mINFO - 2024-04-05 18:11:13,033 - [32mSemaExplorerCDFS[0m - [32mCurrently, simulation manager is :
<SimulationManager with 1 active, 1 deadended>[0m[0m
[1;32;40mINFO - 2024-04-05 18:11:13,033 - [32mSemaExplorerCDFS[0m - [32mpause stash len :0[0m[0m
[1;32;40mINFO - 2024-04-05 18:11:13,033 - [32mSemaExplorerCDFS[0m - [32mHey new addr ![0m[0m
[1;32;40mINFO - 2024-04-05 18:11:13,034 - [35mangr.sim_manager[0m - [35mStepping active of <SimulationManager with 1 active, 1 deadended>[0m[0m
[1;32;40mINFO - 2024-04-05 18:11:13,045 - [37mangr.engines.engine[0m - [37mTicked state: <IRSB from 0x40115d: 1 sat>[0m[0m
[1;32;40mINFO - 2024-04-05 18:11:13,046 - [32mSemaExplorerCDFS[0m - [32mHey new addr ![0m[0m
[1;32;40mINFO - 2024-04-05 18:11:13,046 - [35mangr.sim_manager[0m - [35mStepping active of <SimulationManager with 1 active, 1 deadended>[0m[0m
[1;33;40mWARNING - 2024-04-05 18:11:13,099 - [33mangr.state_plugins.posix[0m - [33mTried to look up a symbolic fd - constrained to 4 and opened b'/tmp/angr_implicit_0'[0m[0m
[1;33;40mWARNING - 2024-04-05 18:11:13,136 - [34mangr.storage.file[0m - [34mSymbolic write size is too large for threshold - concretizing to min (1048643)[0m[0m
[1;32;40mINFO - 2024-04-05 18:11:14,664 - [37mangr.engines.engine[0m - [37mTicked state: <SimProcedure WriteFile from 0x500034: 1 sat>[0m[0m
[1;32;40mINFO - 2024-04-05 18:11:14,664 - [32mSemaExplorerCDFS[0m - [32mHey new addr ![0m[0m
[1;32;40mINFO - 2024-04-05 18:11:14,664 - [35mangr.sim_manager[0m - [35mStepping active of <SimulationManager with 1 active, 1 deadended>[0m[0m
[1;32;40mINFO - 2024-04-05 18:11:14,669 - [37mangr.engines.engine[0m - [37mTicked state: <IRSB from 0x401171: 1 sat>[0m[0m
[1;32;40mINFO - 2024-04-05 18:11:14,669 - [32mSemaExplorerCDFS[0m - [32mHey new addr ![0m[0m
[1;32;40mINFO - 2024-04-05 18:11:14,669 - [35mangr.sim_manager[0m - [35mStepping active of <SimulationManager with 1 active, 1 deadended>[0m[0m
[1;32;40mINFO - 2024-04-05 18:11:14,673 - [37mangr.engines.engine[0m - [37mTicked state: <SimProcedure CloseHandle from 0x500030: 1 sat>[0m[0m
[1;32;40mINFO - 2024-04-05 18:11:14,673 - [32mSemaExplorerCDFS[0m - [32mHey new addr ![0m[0m
[1;32;40mINFO - 2024-04-05 18:11:14,673 - [35mangr.sim_manager[0m - [35mStepping active of <SimulationManager with 1 active, 1 deadended>[0m[0m
[1;32;40mINFO - 2024-04-05 18:11:14,677 - [37mangr.engines.engine[0m - [37mTicked state: <IRSB from 0x40117c: 1 sat>[0m[0m
[1;32;40mINFO - 2024-04-05 18:11:14,678 - [35mangr.sim_manager[0m - [35mStepping active of <SimulationManager with 1 active, 1 deadended>[0m[0m
[1;32;40mINFO - 2024-04-05 18:11:14,681 - [37mangr.engines.engine[0m - [37mTicked state: <SimProcedure CloseHandle from 0x500030: 1 sat>[0m[0m
[1;32;40mINFO - 2024-04-05 18:11:14,681 - [32mSemaExplorerCDFS[0m - [32mHey new addr ![0m[0m
[1;32;40mINFO - 2024-04-05 18:11:14,681 - [35mangr.sim_manager[0m - [35mStepping active of <SimulationManager with 1 active, 1 deadended>[0m[0m
[1;32;40mINFO - 2024-04-05 18:11:14,685 - [37mangr.engines.engine[0m - [37mTicked state: <IRSB from 0x401181: 1 sat>[0m[0m
[1;32;40mINFO - 2024-04-05 18:11:14,685 - [35mangr.sim_manager[0m - [35mStepping active of <SimulationManager with 1 active, 1 deadended>[0m[0m
[1;32;40mINFO - 2024-04-05 18:11:14,749 - [37mangr.engines.engine[0m - [37mTicked state: <SimProcedure GetTempPathW from 0x500020: 1 sat>[0m[0m
[1;32;40mINFO - 2024-04-05 18:11:14,750 - [32mSemaExplorerCDFS[0m - [32mHey new addr ![0m[0m
[1;32;40mINFO - 2024-04-05 18:11:14,750 - [35mangr.sim_manager[0m - [35mStepping active of <SimulationManager with 1 active, 1 deadended>[0m[0m
[1;32;40mINFO - 2024-04-05 18:11:14,757 - [37mangr.engines.engine[0m - [37mTicked state: <IRSB from 0x40118d: 1 sat>[0m[0m
[1;32;40mINFO - 2024-04-05 18:11:14,757 - [32mSemaExplorerCDFS[0m - [32mHey new addr ![0m[0m
[1;32;40mINFO - 2024-04-05 18:11:14,758 - [35mangr.sim_manager[0m - [35mStepping active of <SimulationManager with 1 active, 1 deadended>[0m[0m
[1;32;40mINFO - 2024-04-05 18:11:14,762 - [37mangr.engines.engine[0m - [37mTicked state: <SimProcedure ShellExecuteW from 0x500060: 1 sat>[0m[0m
[1;32;40mINFO - 2024-04-05 18:11:14,762 - [32mSemaExplorerCDFS[0m - [32mHey new addr ![0m[0m
[1;32;40mINFO - 2024-04-05 18:11:14,762 - [35mangr.sim_manager[0m - [35mStepping active of <SimulationManager with 1 active, 1 deadended>[0m[0m
[1;32;40mINFO - 2024-04-05 18:11:14,765 - [37mangr.engines.engine[0m - [37mTicked state: <IRSB from 0x40119f: 1 sat>[0m[0m
[1;32;40mINFO - 2024-04-05 18:11:14,765 - [32mSemaExplorerCDFS[0m - [32mHey new addr ![0m[0m
[1;32;40mINFO - 2024-04-05 18:11:14,766 - [35mangr.sim_manager[0m - [35mStepping active of <SimulationManager with 1 active, 1 deadended>[0m[0m
[1;32;40mINFO - 2024-04-05 18:11:14,769 - [37mangr.engines.engine[0m - [37mTicked state: <IRSB from 0x40103c: 1 sat>[0m[0m
[1;32;40mINFO - 2024-04-05 18:11:14,769 - [32mSemaExplorerCDFS[0m - [32mHey new addr ![0m[0m
[1;32;40mINFO - 2024-04-05 18:11:14,769 - [35mangr.sim_manager[0m - [35mStepping active of <SimulationManager with 1 active, 1 deadended>[0m[0m
[1;32;40mINFO - 2024-04-05 18:11:14,772 - [37mangr.engines.engine[0m - [37mTicked state: <SimProcedure ExitProcess from 0x500044: 1 sat>[0m[0m
[1;32;40mINFO - 2024-04-05 18:11:14,772 - [35mangr.sim_manager[0m - [35mStepping active of <SimulationManager with 1 active, 1 deadended>[0m[0m
[1;32;40mINFO - 2024-04-05 18:11:14,774 - [37mangr.engines.engine[0m - [37mTicked state: <SimProcedure PathTerminator from 0x500044: empty>[0m[0m
[1;32;40mINFO - 2024-04-05 18:11:14,774 - [32mSemaExplorerCDFS[0m - [32mA new block of execution have been executed with changes in sim_manager.[0m[0m
[1;32;40mINFO - 2024-04-05 18:11:14,774 - [32mSemaExplorerCDFS[0m - [32mCurrently, simulation manager is :
<SimulationManager with 2 deadended>[0m[0m
[1;32;40mINFO - 2024-04-05 18:11:14,774 - [32mSemaExplorerCDFS[0m - [32mpause stash len :0[0m[0m
[1;32;40mINFO - 2024-04-05 18:11:14,775 - [32mSemaExplorerCDFS[0m - [32mlen(simgr.active) <= 0 or deadended >= self.max_end_state)[0m[0m
