[1;32;40mINFO - 2024-03-12 13:19:46,336 - [34mangr.project[0m - [34mLoading binary database/Binaries/malware-win/train/upatre/00e3aafc9b4f7ebd4fc1ab873109ea4b[0m[0m
[1;33;40mWARNING - 2024-03-12 13:19:46,354 - [34mangr.project[0m - [34mDisabling IRSB translation cache because support for self-modifying code is enabled.[0m[0m
[1;32;40mINFO - 2024-03-12 13:19:46,355 - [34mangr.project[0m - [34mUsing builtin SimProcedure for unresolved HttpOpenRequestW from wininet.dll[0m[0m
[1;32;40mINFO - 2024-03-12 13:19:46,356 - [34mangr.project[0m - [34mUsing builtin SimProcedure for unresolved InternetConnectW from wininet.dll[0m[0m
[1;32;40mINFO - 2024-03-12 13:19:46,356 - [34mangr.project[0m - [34mUsing builtin SimProcedure for unresolved HttpSendRequestW from wininet.dll[0m[0m
[1;32;40mINFO - 2024-03-12 13:19:46,357 - [34mangr.project[0m - [34mUsing builtin SimProcedure for unresolved InternetReadFile from wininet.dll[0m[0m
[1;32;40mINFO - 2024-03-12 13:19:46,357 - [34mangr.project[0m - [34mUsing builtin SimProcedure for unresolved InternetCloseHandle from wininet.dll[0m[0m
[1;32;40mINFO - 2024-03-12 13:19:46,358 - [34mangr.project[0m - [34mUsing builtin SimProcedure for unresolved InternetOpenW from wininet.dll[0m[0m
[1;32;40mINFO - 2024-03-12 13:19:46,358 - [34mangr.project[0m - [34mUsing builtin SimProcedure for unresolved ReadFile from kernel32.dll[0m[0m
[1;32;40mINFO - 2024-03-12 13:19:46,359 - [34mangr.project[0m - [34mUsing builtin SimProcedure for unresolved SleepEx from kernel32.dll[0m[0m
[1;32;40mINFO - 2024-03-12 13:19:46,359 - [34mangr.project[0m - [34mUsing builtin SimProcedure for unresolved GetCurrentDirectoryW from kernel32.dll[0m[0m
[1;32;40mINFO - 2024-03-12 13:19:46,360 - [34mangr.project[0m - [34mUsing builtin SimProcedure for unresolved HeapFree from kernel32.dll[0m[0m
[1;32;40mINFO - 2024-03-12 13:19:46,360 - [34mangr.project[0m - [34mUsing builtin SimProcedure for unresolved FreeLibrary from kernel32.dll[0m[0m
[1;32;40mINFO - 2024-03-12 13:19:46,360 - [34mangr.project[0m - [34mUsing builtin SimProcedure for unresolved GetProcAddress from kernel32.dll[0m[0m
[1;32;40mINFO - 2024-03-12 13:19:46,361 - [34mangr.project[0m - [34mUsing builtin SimProcedure for unresolved GetModuleHandleW from kernel32.dll[0m[0m
[1;32;40mINFO - 2024-03-12 13:19:46,361 - [34mangr.project[0m - [34mUsing builtin SimProcedure for unresolved HeapCreate from kernel32.dll[0m[0m
[1;32;40mINFO - 2024-03-12 13:19:46,362 - [34mangr.project[0m - [34mUsing builtin SimProcedure for unresolved HeapAlloc from kernel32.dll[0m[0m
[1;32;40mINFO - 2024-03-12 13:19:46,362 - [34mangr.project[0m - [34mUsing builtin SimProcedure for unresolved GetModuleFileNameW from kernel32.dll[0m[0m
[1;32;40mINFO - 2024-03-12 13:19:46,363 - [34mangr.project[0m - [34mUsing builtin SimProcedure for unresolved GetTempPathW from kernel32.dll[0m[0m
[1;32;40mINFO - 2024-03-12 13:19:46,363 - [34mangr.project[0m - [34mUsing builtin SimProcedure for unresolved CreateFileW from kernel32.dll[0m[0m
[1;32;40mINFO - 2024-03-12 13:19:46,364 - [34mangr.project[0m - [34mUsing builtin SimProcedure for unresolved GetFileSize from kernel32.dll[0m[0m
[1;32;40mINFO - 2024-03-12 13:19:46,364 - [34mangr.project[0m - [34mUsing builtin SimProcedure for unresolved lstrlenW from kernel32.dll[0m[0m
[1;32;40mINFO - 2024-03-12 13:19:46,365 - [34mangr.project[0m - [34mUsing builtin SimProcedure for unresolved ExitProcess from kernel32.dll[0m[0m
[1;32;40mINFO - 2024-03-12 13:19:46,365 - [34mangr.project[0m - [34mUsing builtin SimProcedure for unresolved DeleteFileW from kernel32.dll[0m[0m
[1;32;40mINFO - 2024-03-12 13:19:46,366 - [34mangr.project[0m - [34mUsing builtin SimProcedure for unresolved lstrcmpW from kernel32.dll[0m[0m
[1;32;40mINFO - 2024-03-12 13:19:46,366 - [34mangr.project[0m - [34mUsing builtin SimProcedure for unresolved WriteFile from kernel32.dll[0m[0m
[1;32;40mINFO - 2024-03-12 13:19:46,367 - [34mangr.project[0m - [34mUsing builtin SimProcedure for unresolved CloseHandle from kernel32.dll[0m[0m
[1;32;40mINFO - 2024-03-12 13:19:46,367 - [34mangr.project[0m - [34mUsing builtin SimProcedure for unresolved LoadLibraryW from kernel32.dll[0m[0m
[1;32;40mINFO - 2024-03-12 13:19:46,368 - [34mangr.project[0m - [34mUsing builtin SimProcedure for unresolved wsprintfW from user32.dll[0m[0m
[1;32;40mINFO - 2024-03-12 13:19:46,368 - [34mangr.project[0m - [34mUsing builtin SimProcedure for unresolved ShellExecuteW from shell32.dll[0m[0m
[1;33;40mWARNING - 2024-03-12 13:19:50,105 - [34mangr.project[0m - [34mAddress is already hooked, during hook(0x500014, <SimProcedure InternetOpenW>). Not re-hooking.[0m[0m
[1;33;40mWARNING - 2024-03-12 13:19:50,695 - [34mangr.project[0m - [34mAddress is already hooked, during hook(0x601014, <SimProcedure KiUserExceptionDispatcher>). Not re-hooking.[0m[0m
[1;33;40mWARNING - 2024-03-12 13:19:50,696 - [34mangr.project[0m - [34mAddress 0x400000 not hooked[0m[0m
[1;32;40mINFO - 2024-03-12 13:19:50,713 - [35mangr.sim_manager[0m - [35mStepping active of <SimulationManager with 1 active>[0m[0m
[1;32;40mINFO - 2024-03-12 13:19:50,765 - [37mangr.engines.engine[0m - [37mTicked state: <IRSB from 0x401020: 1 sat>[0m[0m
[1;32;40mINFO - 2024-03-12 13:19:50,765 - [32mSemaExplorerCDFS[0m - [32mHey new addr ![0m[0m
[1;32;40mINFO - 2024-03-12 13:19:50,765 - [35mangr.sim_manager[0m - [35mStepping active of <SimulationManager with 1 active>[0m[0m
[1;32;40mINFO - 2024-03-12 13:19:50,826 - [37mangr.engines.engine[0m - [37mTicked state: <SimProcedure GetModuleHandleW from 0x500030: 1 sat>[0m[0m
[1;32;40mINFO - 2024-03-12 13:19:50,827 - [32mSemaExplorerCDFS[0m - [32mHey new addr ![0m[0m
[1;32;40mINFO - 2024-03-12 13:19:50,827 - [35mangr.sim_manager[0m - [35mStepping active of <SimulationManager with 1 active>[0m[0m
[1;32;40mINFO - 2024-03-12 13:19:50,831 - [37mangr.engines.engine[0m - [37mTicked state: <IRSB from 0x40103b: 1 sat>[0m[0m
[1;32;40mINFO - 2024-03-12 13:19:50,831 - [32mSemaExplorerCDFS[0m - [32mHey new addr ![0m[0m
[1;32;40mINFO - 2024-03-12 13:19:50,832 - [35mangr.sim_manager[0m - [35mStepping active of <SimulationManager with 1 active>[0m[0m
[1;32;40mINFO - 2024-03-12 13:19:50,834 - [37mangr.engines.engine[0m - [37mTicked state: <SimProcedure HeapCreate from 0x500034: 1 sat>[0m[0m
[1;32;40mINFO - 2024-03-12 13:19:50,835 - [32mSemaExplorerCDFS[0m - [32mHey new addr ![0m[0m
[1;32;40mINFO - 2024-03-12 13:19:50,835 - [35mangr.sim_manager[0m - [35mStepping active of <SimulationManager with 1 active>[0m[0m
[1;32;40mINFO - 2024-03-12 13:19:50,840 - [37mangr.engines.engine[0m - [37mTicked state: <IRSB from 0x401048: 1 sat>[0m[0m
[1;32;40mINFO - 2024-03-12 13:19:50,840 - [32mSemaExplorerCDFS[0m - [32mHey new addr ![0m[0m
[1;32;40mINFO - 2024-03-12 13:19:50,840 - [35mangr.sim_manager[0m - [35mStepping active of <SimulationManager with 1 active>[0m[0m
[1;32;40mINFO - 2024-03-12 13:19:50,849 - [37mangr.engines.engine[0m - [37mTicked state: <SimProcedure HeapAlloc from 0x500038: 1 sat>[0m[0m
[1;32;40mINFO - 2024-03-12 13:19:50,849 - [32mSemaExplorerCDFS[0m - [32mHey new addr ![0m[0m
[1;32;40mINFO - 2024-03-12 13:19:50,849 - [35mangr.sim_manager[0m - [35mStepping active of <SimulationManager with 1 active>[0m[0m
[1;32;40mINFO - 2024-03-12 13:19:50,854 - [37mangr.engines.engine[0m - [37mTicked state: <IRSB from 0x40105d: 1 sat>[0m[0m
[1;32;40mINFO - 2024-03-12 13:19:50,854 - [35mangr.sim_manager[0m - [35mStepping active of <SimulationManager with 1 active>[0m[0m
[1;32;40mINFO - 2024-03-12 13:19:50,861 - [37mangr.engines.engine[0m - [37mTicked state: <SimProcedure HeapAlloc from 0x500038: 1 sat>[0m[0m
[1;32;40mINFO - 2024-03-12 13:19:50,861 - [32mSemaExplorerCDFS[0m - [32mHey new addr ![0m[0m
[1;32;40mINFO - 2024-03-12 13:19:50,862 - [35mangr.sim_manager[0m - [35mStepping active of <SimulationManager with 1 active>[0m[0m
[1;32;40mINFO - 2024-03-12 13:19:50,866 - [37mangr.engines.engine[0m - [37mTicked state: <IRSB from 0x401068: 1 sat>[0m[0m
[1;32;40mINFO - 2024-03-12 13:19:50,866 - [32mSemaExplorerCDFS[0m - [32mHey new addr ![0m[0m
[1;32;40mINFO - 2024-03-12 13:19:50,866 - [35mangr.sim_manager[0m - [35mStepping active of <SimulationManager with 1 active>[0m[0m
[1;32;40mINFO - 2024-03-12 13:19:50,869 - [37mangr.engines.engine[0m - [37mTicked state: <SimProcedure GetModuleFileNameW from 0x50003c: 1 sat>[0m[0m
[1;32;40mINFO - 2024-03-12 13:19:50,869 - [32mSemaExplorerCDFS[0m - [32mHey new addr ![0m[0m
[1;32;40mINFO - 2024-03-12 13:19:50,869 - [35mangr.sim_manager[0m - [35mStepping active of <SimulationManager with 1 active>[0m[0m
[1;32;40mINFO - 2024-03-12 13:19:50,872 - [37mangr.engines.engine[0m - [37mTicked state: <IRSB from 0x401073: 1 sat>[0m[0m
[1;32;40mINFO - 2024-03-12 13:19:50,872 - [32mSemaExplorerCDFS[0m - [32mHey new addr ![0m[0m
[1;32;40mINFO - 2024-03-12 13:19:50,873 - [35mangr.sim_manager[0m - [35mStepping active of <SimulationManager with 1 active>[0m[0m
[1;32;40mINFO - 2024-03-12 13:19:50,979 - [37mangr.engines.engine[0m - [37mTicked state: <SimProcedure GetTempPathW from 0x500040: 1 sat>[0m[0m
[1;32;40mINFO - 2024-03-12 13:19:50,979 - [32mSemaExplorerCDFS[0m - [32mHey new addr ![0m[0m
[1;32;40mINFO - 2024-03-12 13:19:50,979 - [35mangr.sim_manager[0m - [35mStepping active of <SimulationManager with 1 active>[0m[0m
[1;32;40mINFO - 2024-03-12 13:19:50,984 - [37mangr.engines.engine[0m - [37mTicked state: <IRSB from 0x40107f: 1 sat>[0m[0m
[1;32;40mINFO - 2024-03-12 13:19:50,984 - [32mSemaExplorerCDFS[0m - [32mHey new addr ![0m[0m
[1;32;40mINFO - 2024-03-12 13:19:50,984 - [35mangr.sim_manager[0m - [35mStepping active of <SimulationManager with 1 active>[0m[0m
[1;32;40mINFO - 2024-03-12 13:19:51,038 - [37mangr.engines.engine[0m - [37mTicked state: <SimProcedure wsprintfW from 0x500068: 1 sat>[0m[0m
[1;32;40mINFO - 2024-03-12 13:19:51,039 - [32mSemaExplorerCDFS[0m - [32mHey new addr ![0m[0m
[1;32;40mINFO - 2024-03-12 13:19:51,039 - [35mangr.sim_manager[0m - [35mStepping active of <SimulationManager with 1 active>[0m[0m
[1;32;40mINFO - 2024-03-12 13:19:51,048 - [37mangr.engines.engine[0m - [37mTicked state: <IRSB from 0x401091: 1 sat>[0m[0m
[1;32;40mINFO - 2024-03-12 13:19:51,048 - [32mSemaExplorerCDFS[0m - [32mHey new addr ![0m[0m
[1;32;40mINFO - 2024-03-12 13:19:51,048 - [35mangr.sim_manager[0m - [35mStepping active of <SimulationManager with 1 active>[0m[0m
[1;32;40mINFO - 2024-03-12 13:19:51,063 - [37mangr.engines.engine[0m - [37mTicked state: <SimProcedure CreateFileW from 0x500044: 1 sat>[0m[0m
[1;32;40mINFO - 2024-03-12 13:19:51,069 - [32mSemaExplorerCDFS[0m - [32mHey new addr ![0m[0m
[1;32;40mINFO - 2024-03-12 13:19:51,069 - [35mangr.sim_manager[0m - [35mStepping active of <SimulationManager with 1 active>[0m[0m
[1;32;40mINFO - 2024-03-12 13:19:51,074 - [37mangr.engines.engine[0m - [37mTicked state: <IRSB from 0x4010ab: 1 sat 1 unsat>[0m[0m
[1;32;40mINFO - 2024-03-12 13:19:51,074 - [32mSemaExplorerCDFS[0m - [32mHey new addr ![0m[0m
[1;32;40mINFO - 2024-03-12 13:19:51,074 - [35mangr.sim_manager[0m - [35mStepping active of <SimulationManager with 1 active>[0m[0m
[1;32;40mINFO - 2024-03-12 13:19:51,077 - [37mangr.engines.engine[0m - [37mTicked state: <IRSB from 0x4010c2: 1 sat>[0m[0m
[1;32;40mINFO - 2024-03-12 13:19:51,077 - [32mSemaExplorerCDFS[0m - [32mHey new addr ![0m[0m
[1;32;40mINFO - 2024-03-12 13:19:51,078 - [35mangr.sim_manager[0m - [35mStepping active of <SimulationManager with 1 active>[0m[0m
[1;32;40mINFO - 2024-03-12 13:19:51,171 - [37mangr.engines.engine[0m - [37mTicked state: <SimProcedure GetFileSize from 0x500048: 1 sat>[0m[0m
[1;32;40mINFO - 2024-03-12 13:19:51,172 - [32mSemaExplorerCDFS[0m - [32mHey new addr ![0m[0m
[1;32;40mINFO - 2024-03-12 13:19:51,172 - [35mangr.sim_manager[0m - [35mStepping active of <SimulationManager with 1 active>[0m[0m
[1;32;40mINFO - 2024-03-12 13:19:51,177 - [37mangr.engines.engine[0m - [37mTicked state: <IRSB from 0x4010ca: 1 sat>[0m[0m
[1;32;40mINFO - 2024-03-12 13:19:51,177 - [32mSemaExplorerCDFS[0m - [32mHey new addr ![0m[0m
[1;32;40mINFO - 2024-03-12 13:19:51,177 - [35mangr.sim_manager[0m - [35mStepping active of <SimulationManager with 1 active>[0m[0m
[1;32;40mINFO - 2024-03-12 13:19:51,186 - [37mangr.engines.engine[0m - [37mTicked state: <SimProcedure lstrlenW from 0x50004c: 1 sat>[0m[0m
[1;32;40mINFO - 2024-03-12 13:19:51,186 - [32mSemaExplorerCDFS[0m - [32mHey new addr ![0m[0m
[1;32;40mINFO - 2024-03-12 13:19:51,186 - [35mangr.sim_manager[0m - [35mStepping active of <SimulationManager with 1 active>[0m[0m
[1;32;40mINFO - 2024-03-12 13:19:51,192 - [37mangr.engines.engine[0m - [37mTicked state: <IRSB from 0x4010d7: 1 sat>[0m[0m
[1;32;40mINFO - 2024-03-12 13:19:51,192 - [35mangr.sim_manager[0m - [35mStepping active of <SimulationManager with 1 active>[0m[0m
[1;33;40mWARNING - 2024-03-12 13:19:51,251 - [33mangr.state_plugins.heap.heap_base[0m - [33mAllocation request of 1048643 bytes exceeded maximum of 128 bytes; allocating 128 bytes[0m[0m
[1;32;40mINFO - 2024-03-12 13:19:51,258 - [37mangr.engines.engine[0m - [37mTicked state: <SimProcedure HeapAlloc from 0x500038: 1 sat>[0m[0m
[1;32;40mINFO - 2024-03-12 13:19:51,258 - [32mSemaExplorerCDFS[0m - [32mHey new addr ![0m[0m
[1;32;40mINFO - 2024-03-12 13:19:51,258 - [35mangr.sim_manager[0m - [35mStepping active of <SimulationManager with 1 active>[0m[0m
[1;32;40mINFO - 2024-03-12 13:19:51,263 - [37mangr.engines.engine[0m - [37mTicked state: <IRSB from 0x4010e8: 1 sat 1 unsat>[0m[0m
[1;32;40mINFO - 2024-03-12 13:19:51,263 - [32mSemaExplorerCDFS[0m - [32mHey new addr ![0m[0m
[1;32;40mINFO - 2024-03-12 13:19:51,264 - [35mangr.sim_manager[0m - [35mStepping active of <SimulationManager with 1 active>[0m[0m
[1;32;40mINFO - 2024-03-12 13:19:51,269 - [37mangr.engines.engine[0m - [37mTicked state: <IRSB from 0x4010f6: 1 sat>[0m[0m
[1;32;40mINFO - 2024-03-12 13:19:51,269 - [32mSemaExplorerCDFS[0m - [32mHey new addr ![0m[0m
[1;32;40mINFO - 2024-03-12 13:19:51,269 - [35mangr.sim_manager[0m - [35mStepping active of <SimulationManager with 1 active>[0m[0m
[1;32;40mINFO - 2024-03-12 13:19:52,210 - [37mangr.engines.engine[0m - [37mTicked state: <SimProcedure ReadFile from 0x500018: 1 sat>[0m[0m
[1;32;40mINFO - 2024-03-12 13:19:52,210 - [32mSemaExplorerCDFS[0m - [32mHey new addr ![0m[0m
[1;32;40mINFO - 2024-03-12 13:19:52,210 - [35mangr.sim_manager[0m - [35mStepping active of <SimulationManager with 1 active>[0m[0m
[1;32;40mINFO - 2024-03-12 13:19:52,214 - [37mangr.engines.engine[0m - [37mTicked state: <IRSB from 0x40110b: 1 sat>[0m[0m
[1;32;40mINFO - 2024-03-12 13:19:52,215 - [32mSemaExplorerCDFS[0m - [32mHey new addr ![0m[0m
[1;32;40mINFO - 2024-03-12 13:19:52,215 - [35mangr.sim_manager[0m - [35mStepping active of <SimulationManager with 1 active>[0m[0m
[1;32;40mINFO - 2024-03-12 13:19:52,224 - [37mangr.engines.engine[0m - [37mTicked state: <SimProcedure lstrcmpW from 0x500058: 1 sat>[0m[0m
[1;32;40mINFO - 2024-03-12 13:19:52,224 - [32mSemaExplorerCDFS[0m - [32mHey new addr ![0m[0m
[1;32;40mINFO - 2024-03-12 13:19:52,224 - [35mangr.sim_manager[0m - [35mStepping active of <SimulationManager with 1 active>[0m[0m
[1;32;40mINFO - 2024-03-12 13:19:52,228 - [37mangr.engines.engine[0m - [37mTicked state: <IRSB from 0x401113: 1 sat 1 unsat>[0m[0m
[1;32;40mINFO - 2024-03-12 13:19:52,228 - [32mSemaExplorerCDFS[0m - [32mHey new addr ![0m[0m
[1;32;40mINFO - 2024-03-12 13:19:52,228 - [35mangr.sim_manager[0m - [35mStepping active of <SimulationManager with 1 active>[0m[0m
[1;32;40mINFO - 2024-03-12 13:19:52,231 - [37mangr.engines.engine[0m - [37mTicked state: <IRSB from 0x40111b: 1 sat>[0m[0m
[1;32;40mINFO - 2024-03-12 13:19:52,231 - [35mangr.sim_manager[0m - [35mStepping active of <SimulationManager with 1 active>[0m[0m
[1;32;40mINFO - 2024-03-12 13:19:52,238 - [37mangr.engines.engine[0m - [37mTicked state: <SimProcedure lstrlenW from 0x50004c: 1 sat>[0m[0m
[1;32;40mINFO - 2024-03-12 13:19:52,239 - [32mSemaExplorerCDFS[0m - [32mHey new addr ![0m[0m
[1;32;40mINFO - 2024-03-12 13:19:52,239 - [35mangr.sim_manager[0m - [35mStepping active of <SimulationManager with 1 active>[0m[0m
[1;32;40mINFO - 2024-03-12 13:19:52,246 - [37mangr.engines.engine[0m - [37mTicked state: <IRSB from 0x401122: 1 sat>[0m[0m
[1;32;40mINFO - 2024-03-12 13:19:52,246 - [32mSemaExplorerCDFS[0m - [32mHey new addr ![0m[0m
[1;32;40mINFO - 2024-03-12 13:19:52,246 - [35mangr.sim_manager[0m - [35mStepping active of <SimulationManager with 1 active>[0m[0m
[1;32;40mINFO - 2024-03-12 13:19:52,250 - [37mangr.engines.engine[0m - [37mTicked state: <IRSB from 0x401000: 1 sat 1 unsat>[0m[0m
[1;32;40mINFO - 2024-03-12 13:19:52,250 - [32mSemaExplorerCDFS[0m - [32mHey new addr ![0m[0m
[1;32;40mINFO - 2024-03-12 13:19:52,250 - [35mangr.sim_manager[0m - [35mStepping active of <SimulationManager with 1 active>[0m[0m
[1;32;40mINFO - 2024-03-12 13:19:52,363 - [37mangr.engines.engine[0m - [37mTicked state: <IRSB from 0x401008: 1 sat 1 unsat>[0m[0m
[1;32;40mINFO - 2024-03-12 13:19:52,363 - [35mangr.sim_manager[0m - [35mStepping active of <SimulationManager with 1 active>[0m[0m
[1;32;40mINFO - 2024-03-12 13:19:52,426 - [37mangr.engines.engine[0m - [37mTicked state: <IRSB from 0x401008: 1 sat 1 unsat>[0m[0m
[1;32;40mINFO - 2024-03-12 13:19:52,426 - [35mangr.sim_manager[0m - [35mStepping active of <SimulationManager with 1 active>[0m[0m
[1;32;40mINFO - 2024-03-12 13:19:52,484 - [37mangr.engines.engine[0m - [37mTicked state: <IRSB from 0x401008: 1 sat 1 unsat>[0m[0m
[1;32;40mINFO - 2024-03-12 13:19:52,485 - [35mangr.sim_manager[0m - [35mStepping active of <SimulationManager with 1 active>[0m[0m
[1;32;40mINFO - 2024-03-12 13:19:52,543 - [37mangr.engines.engine[0m - [37mTicked state: <IRSB from 0x401008: 1 sat 1 unsat>[0m[0m
[1;32;40mINFO - 2024-03-12 13:19:52,544 - [35mangr.sim_manager[0m - [35mStepping active of <SimulationManager with 1 active>[0m[0m
[1;32;40mINFO - 2024-03-12 13:19:52,603 - [37mangr.engines.engine[0m - [37mTicked state: <IRSB from 0x401008: 1 sat 1 unsat>[0m[0m
[1;32;40mINFO - 2024-03-12 13:19:52,603 - [35mangr.sim_manager[0m - [35mStepping active of <SimulationManager with 1 active>[0m[0m
[1;32;40mINFO - 2024-03-12 13:19:52,664 - [37mangr.engines.engine[0m - [37mTicked state: <IRSB from 0x401008: 1 sat 1 unsat>[0m[0m
[1;32;40mINFO - 2024-03-12 13:19:52,664 - [35mangr.sim_manager[0m - [35mStepping active of <SimulationManager with 1 active>[0m[0m
[1;32;40mINFO - 2024-03-12 13:19:52,723 - [37mangr.engines.engine[0m - [37mTicked state: <IRSB from 0x401008: 1 sat 1 unsat>[0m[0m
[1;32;40mINFO - 2024-03-12 13:19:52,723 - [35mangr.sim_manager[0m - [35mStepping active of <SimulationManager with 1 active>[0m[0m
[1;32;40mINFO - 2024-03-12 13:19:52,784 - [37mangr.engines.engine[0m - [37mTicked state: <IRSB from 0x401008: 1 sat 1 unsat>[0m[0m
[1;32;40mINFO - 2024-03-12 13:19:52,784 - [35mangr.sim_manager[0m - [35mStepping active of <SimulationManager with 1 active>[0m[0m
[1;32;40mINFO - 2024-03-12 13:19:52,844 - [37mangr.engines.engine[0m - [37mTicked state: <IRSB from 0x401008: 1 sat 1 unsat>[0m[0m
[1;32;40mINFO - 2024-03-12 13:19:52,844 - [35mangr.sim_manager[0m - [35mStepping active of <SimulationManager with 1 active>[0m[0m
[1;32;40mINFO - 2024-03-12 13:19:52,908 - [37mangr.engines.engine[0m - [37mTicked state: <IRSB from 0x401008: 1 sat 1 unsat>[0m[0m
[1;32;40mINFO - 2024-03-12 13:19:52,908 - [35mangr.sim_manager[0m - [35mStepping active of <SimulationManager with 1 active>[0m[0m
[1;32;40mINFO - 2024-03-12 13:19:52,968 - [37mangr.engines.engine[0m - [37mTicked state: <IRSB from 0x401008: 1 sat 1 unsat>[0m[0m
[1;32;40mINFO - 2024-03-12 13:19:52,968 - [35mangr.sim_manager[0m - [35mStepping active of <SimulationManager with 1 active>[0m[0m
[1;32;40mINFO - 2024-03-12 13:19:53,027 - [37mangr.engines.engine[0m - [37mTicked state: <IRSB from 0x401008: 1 sat 1 unsat>[0m[0m
[1;32;40mINFO - 2024-03-12 13:19:53,027 - [35mangr.sim_manager[0m - [35mStepping active of <SimulationManager with 1 active>[0m[0m
[1;32;40mINFO - 2024-03-12 13:19:53,086 - [37mangr.engines.engine[0m - [37mTicked state: <IRSB from 0x401008: 1 sat 1 unsat>[0m[0m
[1;32;40mINFO - 2024-03-12 13:19:53,086 - [35mangr.sim_manager[0m - [35mStepping active of <SimulationManager with 1 active>[0m[0m
[1;32;40mINFO - 2024-03-12 13:19:53,144 - [37mangr.engines.engine[0m - [37mTicked state: <IRSB from 0x401008: 1 sat 1 unsat>[0m[0m
[1;32;40mINFO - 2024-03-12 13:19:53,144 - [35mangr.sim_manager[0m - [35mStepping active of <SimulationManager with 1 active>[0m[0m
[1;32;40mINFO - 2024-03-12 13:19:53,202 - [37mangr.engines.engine[0m - [37mTicked state: <IRSB from 0x401008: 1 sat 1 unsat>[0m[0m
[1;32;40mINFO - 2024-03-12 13:19:53,203 - [35mangr.sim_manager[0m - [35mStepping active of <SimulationManager with 1 active>[0m[0m
[1;32;40mINFO - 2024-03-12 13:19:53,261 - [37mangr.engines.engine[0m - [37mTicked state: <IRSB from 0x401008: 1 sat 1 unsat>[0m[0m
[1;32;40mINFO - 2024-03-12 13:19:53,261 - [35mangr.sim_manager[0m - [35mStepping active of <SimulationManager with 1 active>[0m[0m
[1;32;40mINFO - 2024-03-12 13:19:53,319 - [37mangr.engines.engine[0m - [37mTicked state: <IRSB from 0x401008: 1 sat 1 unsat>[0m[0m
[1;32;40mINFO - 2024-03-12 13:19:53,319 - [35mangr.sim_manager[0m - [35mStepping active of <SimulationManager with 1 active>[0m[0m
[1;32;40mINFO - 2024-03-12 13:19:53,379 - [37mangr.engines.engine[0m - [37mTicked state: <IRSB from 0x401008: 1 sat 1 unsat>[0m[0m
[1;32;40mINFO - 2024-03-12 13:19:53,379 - [35mangr.sim_manager[0m - [35mStepping active of <SimulationManager with 1 active>[0m[0m
[1;32;40mINFO - 2024-03-12 13:19:53,437 - [37mangr.engines.engine[0m - [37mTicked state: <IRSB from 0x401008: 1 sat 1 unsat>[0m[0m
[1;32;40mINFO - 2024-03-12 13:19:53,437 - [35mangr.sim_manager[0m - [35mStepping active of <SimulationManager with 1 active>[0m[0m
[1;32;40mINFO - 2024-03-12 13:19:53,496 - [37mangr.engines.engine[0m - [37mTicked state: <IRSB from 0x401008: 1 sat 1 unsat>[0m[0m
[1;32;40mINFO - 2024-03-12 13:19:53,496 - [35mangr.sim_manager[0m - [35mStepping active of <SimulationManager with 1 active>[0m[0m
[1;32;40mINFO - 2024-03-12 13:19:53,554 - [37mangr.engines.engine[0m - [37mTicked state: <IRSB from 0x401008: 1 sat 1 unsat>[0m[0m
[1;32;40mINFO - 2024-03-12 13:19:53,555 - [35mangr.sim_manager[0m - [35mStepping active of <SimulationManager with 1 active>[0m[0m
[1;32;40mINFO - 2024-03-12 13:19:53,613 - [37mangr.engines.engine[0m - [37mTicked state: <IRSB from 0x401008: 1 sat 1 unsat>[0m[0m
[1;32;40mINFO - 2024-03-12 13:19:53,613 - [35mangr.sim_manager[0m - [35mStepping active of <SimulationManager with 1 active>[0m[0m
[1;32;40mINFO - 2024-03-12 13:19:53,672 - [37mangr.engines.engine[0m - [37mTicked state: <IRSB from 0x401008: 1 sat 1 unsat>[0m[0m
[1;32;40mINFO - 2024-03-12 13:19:53,672 - [35mangr.sim_manager[0m - [35mStepping active of <SimulationManager with 1 active>[0m[0m
[1;32;40mINFO - 2024-03-12 13:19:53,730 - [37mangr.engines.engine[0m - [37mTicked state: <IRSB from 0x401008: 1 sat 1 unsat>[0m[0m
[1;32;40mINFO - 2024-03-12 13:19:53,730 - [35mangr.sim_manager[0m - [35mStepping active of <SimulationManager with 1 active>[0m[0m
[1;32;40mINFO - 2024-03-12 13:19:53,789 - [37mangr.engines.engine[0m - [37mTicked state: <IRSB from 0x401008: 1 sat 1 unsat>[0m[0m
[1;32;40mINFO - 2024-03-12 13:19:53,790 - [35mangr.sim_manager[0m - [35mStepping active of <SimulationManager with 1 active>[0m[0m
[1;32;40mINFO - 2024-03-12 13:19:53,848 - [37mangr.engines.engine[0m - [37mTicked state: <IRSB from 0x401008: 1 sat 1 unsat>[0m[0m
[1;32;40mINFO - 2024-03-12 13:19:53,848 - [35mangr.sim_manager[0m - [35mStepping active of <SimulationManager with 1 active>[0m[0m
[1;32;40mINFO - 2024-03-12 13:19:53,907 - [37mangr.engines.engine[0m - [37mTicked state: <IRSB from 0x401008: 1 sat 1 unsat>[0m[0m
[1;32;40mINFO - 2024-03-12 13:19:53,907 - [35mangr.sim_manager[0m - [35mStepping active of <SimulationManager with 1 active>[0m[0m
[1;32;40mINFO - 2024-03-12 13:19:53,964 - [37mangr.engines.engine[0m - [37mTicked state: <IRSB from 0x401008: 1 sat 1 unsat>[0m[0m
[1;32;40mINFO - 2024-03-12 13:19:53,965 - [35mangr.sim_manager[0m - [35mStepping active of <SimulationManager with 1 active>[0m[0m
[1;32;40mINFO - 2024-03-12 13:19:54,021 - [37mangr.engines.engine[0m - [37mTicked state: <IRSB from 0x401008: 1 sat 1 unsat>[0m[0m
[1;32;40mINFO - 2024-03-12 13:19:54,021 - [35mangr.sim_manager[0m - [35mStepping active of <SimulationManager with 1 active>[0m[0m
[1;32;40mINFO - 2024-03-12 13:19:54,079 - [37mangr.engines.engine[0m - [37mTicked state: <IRSB from 0x401008: 1 sat 1 unsat>[0m[0m
[1;32;40mINFO - 2024-03-12 13:19:54,079 - [35mangr.sim_manager[0m - [35mStepping active of <SimulationManager with 1 active>[0m[0m
[1;32;40mINFO - 2024-03-12 13:19:54,136 - [37mangr.engines.engine[0m - [37mTicked state: <IRSB from 0x401008: 1 sat 1 unsat>[0m[0m
[1;32;40mINFO - 2024-03-12 13:19:54,136 - [35mangr.sim_manager[0m - [35mStepping active of <SimulationManager with 1 active>[0m[0m
[1;32;40mINFO - 2024-03-12 13:19:54,194 - [37mangr.engines.engine[0m - [37mTicked state: <IRSB from 0x401008: 1 sat 1 unsat>[0m[0m
[1;32;40mINFO - 2024-03-12 13:19:54,194 - [35mangr.sim_manager[0m - [35mStepping active of <SimulationManager with 1 active>[0m[0m
[1;32;40mINFO - 2024-03-12 13:19:54,251 - [37mangr.engines.engine[0m - [37mTicked state: <IRSB from 0x401008: 1 sat 1 unsat>[0m[0m
[1;32;40mINFO - 2024-03-12 13:19:54,251 - [35mangr.sim_manager[0m - [35mStepping active of <SimulationManager with 1 active>[0m[0m
[1;32;40mINFO - 2024-03-12 13:19:54,308 - [37mangr.engines.engine[0m - [37mTicked state: <IRSB from 0x401008: 1 sat 1 unsat>[0m[0m
[1;32;40mINFO - 2024-03-12 13:19:54,308 - [35mangr.sim_manager[0m - [35mStepping active of <SimulationManager with 1 active>[0m[0m
[1;32;40mINFO - 2024-03-12 13:19:54,366 - [37mangr.engines.engine[0m - [37mTicked state: <IRSB from 0x401008: 1 sat 1 unsat>[0m[0m
[1;32;40mINFO - 2024-03-12 13:19:54,366 - [35mangr.sim_manager[0m - [35mStepping active of <SimulationManager with 1 active>[0m[0m
[1;32;40mINFO - 2024-03-12 13:19:54,423 - [37mangr.engines.engine[0m - [37mTicked state: <IRSB from 0x401008: 1 sat 1 unsat>[0m[0m
[1;32;40mINFO - 2024-03-12 13:19:54,424 - [35mangr.sim_manager[0m - [35mStepping active of <SimulationManager with 1 active>[0m[0m
[1;32;40mINFO - 2024-03-12 13:19:54,480 - [37mangr.engines.engine[0m - [37mTicked state: <IRSB from 0x401008: 1 sat 1 unsat>[0m[0m
[1;32;40mINFO - 2024-03-12 13:19:54,481 - [35mangr.sim_manager[0m - [35mStepping active of <SimulationManager with 1 active>[0m[0m
[1;32;40mINFO - 2024-03-12 13:19:54,538 - [37mangr.engines.engine[0m - [37mTicked state: <IRSB from 0x401008: 1 sat 1 unsat>[0m[0m
[1;32;40mINFO - 2024-03-12 13:19:54,538 - [35mangr.sim_manager[0m - [35mStepping active of <SimulationManager with 1 active>[0m[0m
[1;32;40mINFO - 2024-03-12 13:19:54,595 - [37mangr.engines.engine[0m - [37mTicked state: <IRSB from 0x401008: 1 sat 1 unsat>[0m[0m
[1;32;40mINFO - 2024-03-12 13:19:54,596 - [35mangr.sim_manager[0m - [35mStepping active of <SimulationManager with 1 active>[0m[0m
[1;32;40mINFO - 2024-03-12 13:19:54,653 - [37mangr.engines.engine[0m - [37mTicked state: <IRSB from 0x401008: 1 sat 1 unsat>[0m[0m
[1;32;40mINFO - 2024-03-12 13:19:54,653 - [35mangr.sim_manager[0m - [35mStepping active of <SimulationManager with 1 active>[0m[0m
[1;32;40mINFO - 2024-03-12 13:19:54,710 - [37mangr.engines.engine[0m - [37mTicked state: <IRSB from 0x401008: 1 sat 1 unsat>[0m[0m
[1;32;40mINFO - 2024-03-12 13:19:54,711 - [35mangr.sim_manager[0m - [35mStepping active of <SimulationManager with 1 active>[0m[0m
[1;32;40mINFO - 2024-03-12 13:19:54,768 - [37mangr.engines.engine[0m - [37mTicked state: <IRSB from 0x401008: 1 sat 1 unsat>[0m[0m
[1;32;40mINFO - 2024-03-12 13:19:54,769 - [35mangr.sim_manager[0m - [35mStepping active of <SimulationManager with 1 active>[0m[0m
[1;32;40mINFO - 2024-03-12 13:19:54,827 - [37mangr.engines.engine[0m - [37mTicked state: <IRSB from 0x401008: 1 sat 1 unsat>[0m[0m
[1;32;40mINFO - 2024-03-12 13:19:54,827 - [35mangr.sim_manager[0m - [35mStepping active of <SimulationManager with 1 active>[0m[0m
[1;32;40mINFO - 2024-03-12 13:19:54,884 - [37mangr.engines.engine[0m - [37mTicked state: <IRSB from 0x401008: 1 sat 1 unsat>[0m[0m
[1;32;40mINFO - 2024-03-12 13:19:54,884 - [35mangr.sim_manager[0m - [35mStepping active of <SimulationManager with 1 active>[0m[0m
[1;32;40mINFO - 2024-03-12 13:19:54,941 - [37mangr.engines.engine[0m - [37mTicked state: <IRSB from 0x401008: 1 sat 1 unsat>[0m[0m
[1;32;40mINFO - 2024-03-12 13:19:54,941 - [35mangr.sim_manager[0m - [35mStepping active of <SimulationManager with 1 active>[0m[0m
[1;32;40mINFO - 2024-03-12 13:19:54,999 - [37mangr.engines.engine[0m - [37mTicked state: <IRSB from 0x401008: 1 sat 1 unsat>[0m[0m
[1;32;40mINFO - 2024-03-12 13:19:55,000 - [35mangr.sim_manager[0m - [35mStepping active of <SimulationManager with 1 active>[0m[0m
[1;32;40mINFO - 2024-03-12 13:19:55,056 - [37mangr.engines.engine[0m - [37mTicked state: <IRSB from 0x401008: 1 sat 1 unsat>[0m[0m
[1;32;40mINFO - 2024-03-12 13:19:55,056 - [35mangr.sim_manager[0m - [35mStepping active of <SimulationManager with 1 active>[0m[0m
[1;32;40mINFO - 2024-03-12 13:19:55,113 - [37mangr.engines.engine[0m - [37mTicked state: <IRSB from 0x401008: 1 sat 1 unsat>[0m[0m
[1;32;40mINFO - 2024-03-12 13:19:55,114 - [35mangr.sim_manager[0m - [35mStepping active of <SimulationManager with 1 active>[0m[0m
[1;32;40mINFO - 2024-03-12 13:19:55,170 - [37mangr.engines.engine[0m - [37mTicked state: <IRSB from 0x401008: 1 sat 1 unsat>[0m[0m
[1;32;40mINFO - 2024-03-12 13:19:55,171 - [35mangr.sim_manager[0m - [35mStepping active of <SimulationManager with 1 active>[0m[0m
[1;32;40mINFO - 2024-03-12 13:19:55,226 - [37mangr.engines.engine[0m - [37mTicked state: <IRSB from 0x401008: 1 sat 1 unsat>[0m[0m
[1;32;40mINFO - 2024-03-12 13:19:55,227 - [35mangr.sim_manager[0m - [35mStepping active of <SimulationManager with 1 active>[0m[0m
[1;32;40mINFO - 2024-03-12 13:19:55,283 - [37mangr.engines.engine[0m - [37mTicked state: <IRSB from 0x401008: 1 sat 1 unsat>[0m[0m
[1;32;40mINFO - 2024-03-12 13:19:55,283 - [35mangr.sim_manager[0m - [35mStepping active of <SimulationManager with 1 active>[0m[0m
[1;32;40mINFO - 2024-03-12 13:19:55,339 - [37mangr.engines.engine[0m - [37mTicked state: <IRSB from 0x401008: 1 sat 1 unsat>[0m[0m
[1;32;40mINFO - 2024-03-12 13:19:55,339 - [35mangr.sim_manager[0m - [35mStepping active of <SimulationManager with 1 active>[0m[0m
[1;32;40mINFO - 2024-03-12 13:19:55,396 - [37mangr.engines.engine[0m - [37mTicked state: <IRSB from 0x401008: 1 sat 1 unsat>[0m[0m
[1;32;40mINFO - 2024-03-12 13:19:55,397 - [35mangr.sim_manager[0m - [35mStepping active of <SimulationManager with 1 active>[0m[0m
[1;32;40mINFO - 2024-03-12 13:19:55,452 - [37mangr.engines.engine[0m - [37mTicked state: <IRSB from 0x401008: 1 sat 1 unsat>[0m[0m
[1;32;40mINFO - 2024-03-12 13:19:55,452 - [35mangr.sim_manager[0m - [35mStepping active of <SimulationManager with 1 active>[0m[0m
[1;32;40mINFO - 2024-03-12 13:19:55,509 - [37mangr.engines.engine[0m - [37mTicked state: <IRSB from 0x401008: 1 sat 1 unsat>[0m[0m
[1;32;40mINFO - 2024-03-12 13:19:55,509 - [35mangr.sim_manager[0m - [35mStepping active of <SimulationManager with 1 active>[0m[0m
[1;32;40mINFO - 2024-03-12 13:19:55,565 - [37mangr.engines.engine[0m - [37mTicked state: <IRSB from 0x401008: 1 sat 1 unsat>[0m[0m
[1;32;40mINFO - 2024-03-12 13:19:55,565 - [35mangr.sim_manager[0m - [35mStepping active of <SimulationManager with 1 active>[0m[0m
[1;32;40mINFO - 2024-03-12 13:19:55,622 - [37mangr.engines.engine[0m - [37mTicked state: <IRSB from 0x401008: 1 sat 1 unsat>[0m[0m
[1;32;40mINFO - 2024-03-12 13:19:55,622 - [35mangr.sim_manager[0m - [35mStepping active of <SimulationManager with 1 active>[0m[0m
[1;32;40mINFO - 2024-03-12 13:19:55,678 - [37mangr.engines.engine[0m - [37mTicked state: <IRSB from 0x401008: 1 sat 1 unsat>[0m[0m
[1;32;40mINFO - 2024-03-12 13:19:55,678 - [35mangr.sim_manager[0m - [35mStepping active of <SimulationManager with 1 active>[0m[0m
[1;32;40mINFO - 2024-03-12 13:19:55,734 - [37mangr.engines.engine[0m - [37mTicked state: <IRSB from 0x401008: 1 sat 1 unsat>[0m[0m
[1;32;40mINFO - 2024-03-12 13:19:55,735 - [35mangr.sim_manager[0m - [35mStepping active of <SimulationManager with 1 active>[0m[0m
[1;32;40mINFO - 2024-03-12 13:19:55,791 - [37mangr.engines.engine[0m - [37mTicked state: <IRSB from 0x401008: 1 sat 1 unsat>[0m[0m
[1;32;40mINFO - 2024-03-12 13:19:55,792 - [35mangr.sim_manager[0m - [35mStepping active of <SimulationManager with 1 active>[0m[0m
[1;32;40mINFO - 2024-03-12 13:19:55,848 - [37mangr.engines.engine[0m - [37mTicked state: <IRSB from 0x401008: 1 sat 1 unsat>[0m[0m
[1;32;40mINFO - 2024-03-12 13:19:55,848 - [35mangr.sim_manager[0m - [35mStepping active of <SimulationManager with 1 active>[0m[0m
[1;32;40mINFO - 2024-03-12 13:19:55,905 - [37mangr.engines.engine[0m - [37mTicked state: <IRSB from 0x401008: 1 sat 1 unsat>[0m[0m
[1;32;40mINFO - 2024-03-12 13:19:55,905 - [35mangr.sim_manager[0m - [35mStepping active of <SimulationManager with 1 active>[0m[0m
[1;32;40mINFO - 2024-03-12 13:19:55,960 - [37mangr.engines.engine[0m - [37mTicked state: <IRSB from 0x401008: 1 sat 1 unsat>[0m[0m
[1;32;40mINFO - 2024-03-12 13:19:55,960 - [35mangr.sim_manager[0m - [35mStepping active of <SimulationManager with 1 active>[0m[0m
[1;32;40mINFO - 2024-03-12 13:19:56,016 - [37mangr.engines.engine[0m - [37mTicked state: <IRSB from 0x401008: 1 sat 1 unsat>[0m[0m
[1;32;40mINFO - 2024-03-12 13:19:56,016 - [35mangr.sim_manager[0m - [35mStepping active of <SimulationManager with 1 active>[0m[0m
[1;32;40mINFO - 2024-03-12 13:19:56,072 - [37mangr.engines.engine[0m - [37mTicked state: <IRSB from 0x401008: 1 sat 1 unsat>[0m[0m
[1;32;40mINFO - 2024-03-12 13:19:56,072 - [35mangr.sim_manager[0m - [35mStepping active of <SimulationManager with 1 active>[0m[0m
[1;32;40mINFO - 2024-03-12 13:19:56,128 - [37mangr.engines.engine[0m - [37mTicked state: <IRSB from 0x401008: 1 sat 1 unsat>[0m[0m
[1;32;40mINFO - 2024-03-12 13:19:56,129 - [32mSemaExplorerCDFS[0m - [32mHey new addr ![0m[0m
[1;32;40mINFO - 2024-03-12 13:19:56,129 - [35mangr.sim_manager[0m - [35mStepping active of <SimulationManager with 1 active>[0m[0m
[1;32;40mINFO - 2024-03-12 13:19:56,131 - [37mangr.engines.engine[0m - [37mTicked state: <IRSB from 0x40101d: 1 sat>[0m[0m
[1;32;40mINFO - 2024-03-12 13:19:56,131 - [32mSemaExplorerCDFS[0m - [32mHey new addr ![0m[0m
[1;32;40mINFO - 2024-03-12 13:19:56,132 - [35mangr.sim_manager[0m - [35mStepping active of <SimulationManager with 1 active>[0m[0m
[1;32;40mINFO - 2024-03-12 13:19:56,138 - [37mangr.engines.engine[0m - [37mTicked state: <IRSB from 0x401134: 1 sat>[0m[0m
[1;32;40mINFO - 2024-03-12 13:19:56,138 - [35mangr.sim_manager[0m - [35mStepping active of <SimulationManager with 1 active>[0m[0m
[1;32;40mINFO - 2024-03-12 13:19:56,191 - [37mangr.engines.engine[0m - [37mTicked state: <SimProcedure CreateFileW from 0x500044: 1 sat>[0m[0m
[1;32;40mINFO - 2024-03-12 13:19:56,192 - [32mSemaExplorerCDFS[0m - [32mHey new addr ![0m[0m
[1;32;40mINFO - 2024-03-12 13:19:56,192 - [35mangr.sim_manager[0m - [35mStepping active of <SimulationManager with 1 active>[0m[0m
[1;32;40mINFO - 2024-03-12 13:19:56,224 - [37mangr.engines.engine[0m - [37mTicked state: <IRSB from 0x40114b: 2 sat>[0m[0m
[1;32;40mINFO - 2024-03-12 13:19:56,225 - [32mSemaExplorerCDFS[0m - [32mHey new addr ![0m[0m
[1;32;40mINFO - 2024-03-12 13:19:56,225 - [35mangr.sim_manager[0m - [35mStepping active of <SimulationManager with 2 active>[0m[0m
[1;32;40mINFO - 2024-03-12 13:19:56,231 - [37mangr.engines.engine[0m - [37mTicked state: <IRSB from 0x4010b4: 1 sat>[0m[0m
[1;32;40mINFO - 2024-03-12 13:19:56,236 - [37mangr.engines.engine[0m - [37mTicked state: <IRSB from 0x401158: 1 sat>[0m[0m
[1;32;40mINFO - 2024-03-12 13:19:56,236 - [32mSemaExplorerCDFS[0m - [32mHey new addr ![0m[0m
[1;32;40mINFO - 2024-03-12 13:19:56,236 - [35mangr.sim_manager[0m - [35mStepping active of <SimulationManager with 2 active>[0m[0m
[1;32;40mINFO - 2024-03-12 13:19:56,238 - [31mangr.procedures.stubs.CallReturn[0m - [31mA factory.call_state-created path returned![0m[0m
[1;32;40mINFO - 2024-03-12 13:19:56,238 - [37mangr.engines.engine[0m - [37mTicked state: <SimProcedure CallReturn from 0xb01000: empty>[0m[0m
[1;32;40mINFO - 2024-03-12 13:19:56,246 - [37mangr.engines.engine[0m - [37mTicked state: <SimProcedure lstrlenW from 0x50004c: 1 sat>[0m[0m
[1;32;40mINFO - 2024-03-12 13:19:56,246 - [32mSemaExplorerCDFS[0m - [32mHey new addr ![0m[0m
[1;32;40mINFO - 2024-03-12 13:19:56,247 - [35mangr.sim_manager[0m - [35mStepping active of <SimulationManager with 1 active, 1 deadended>[0m[0m
[1;32;40mINFO - 2024-03-12 13:19:56,253 - [37mangr.engines.engine[0m - [37mTicked state: <IRSB from 0x401165: 1 sat>[0m[0m
[1;32;40mINFO - 2024-03-12 13:19:56,253 - [32mSemaExplorerCDFS[0m - [32mHey new addr ![0m[0m
[1;32;40mINFO - 2024-03-12 13:19:56,253 - [35mangr.sim_manager[0m - [35mStepping active of <SimulationManager with 1 active, 1 deadended>[0m[0m
[1;33;40mWARNING - 2024-03-12 13:19:56,305 - [33mangr.state_plugins.posix[0m - [33mTried to look up a symbolic fd - constrained to 4 and opened b'/tmp/angr_implicit_0'[0m[0m
[1;33;40mWARNING - 2024-03-12 13:19:56,342 - [34mangr.storage.file[0m - [34mSymbolic write size is too large for threshold - concretizing to min (1048643)[0m[0m
[1;32;40mINFO - 2024-03-12 13:19:57,388 - [37mangr.engines.engine[0m - [37mTicked state: <SimProcedure WriteFile from 0x50005c: 1 sat>[0m[0m
[1;32;40mINFO - 2024-03-12 13:19:57,388 - [32mSemaExplorerCDFS[0m - [32mHey new addr ![0m[0m
[1;32;40mINFO - 2024-03-12 13:19:57,388 - [35mangr.sim_manager[0m - [35mStepping active of <SimulationManager with 1 active, 1 deadended>[0m[0m
[1;32;40mINFO - 2024-03-12 13:19:57,392 - [37mangr.engines.engine[0m - [37mTicked state: <IRSB from 0x401179: 1 sat>[0m[0m
[1;32;40mINFO - 2024-03-12 13:19:57,393 - [32mSemaExplorerCDFS[0m - [32mHey new addr ![0m[0m
[1;32;40mINFO - 2024-03-12 13:19:57,393 - [35mangr.sim_manager[0m - [35mStepping active of <SimulationManager with 1 active, 1 deadended>[0m[0m
[1;32;40mINFO - 2024-03-12 13:19:57,396 - [37mangr.engines.engine[0m - [37mTicked state: <SimProcedure CloseHandle from 0x500060: 1 sat>[0m[0m
[1;32;40mINFO - 2024-03-12 13:19:57,396 - [32mSemaExplorerCDFS[0m - [32mHey new addr ![0m[0m
[1;32;40mINFO - 2024-03-12 13:19:57,396 - [35mangr.sim_manager[0m - [35mStepping active of <SimulationManager with 1 active, 1 deadended>[0m[0m
[1;32;40mINFO - 2024-03-12 13:19:57,399 - [37mangr.engines.engine[0m - [37mTicked state: <IRSB from 0x401185: 1 sat>[0m[0m
[1;32;40mINFO - 2024-03-12 13:19:57,399 - [35mangr.sim_manager[0m - [35mStepping active of <SimulationManager with 1 active, 1 deadended>[0m[0m
[1;32;40mINFO - 2024-03-12 13:19:57,402 - [37mangr.engines.engine[0m - [37mTicked state: <SimProcedure CloseHandle from 0x500060: 1 sat>[0m[0m
[1;32;40mINFO - 2024-03-12 13:19:57,403 - [32mSemaExplorerCDFS[0m - [32mHey new addr ![0m[0m
[1;32;40mINFO - 2024-03-12 13:19:57,403 - [35mangr.sim_manager[0m - [35mStepping active of <SimulationManager with 1 active, 1 deadended>[0m[0m
[1;32;40mINFO - 2024-03-12 13:19:57,406 - [37mangr.engines.engine[0m - [37mTicked state: <IRSB from 0x40118b: 1 sat>[0m[0m
[1;32;40mINFO - 2024-03-12 13:19:57,406 - [35mangr.sim_manager[0m - [35mStepping active of <SimulationManager with 1 active, 1 deadended>[0m[0m
[1;32;40mINFO - 2024-03-12 13:19:57,457 - [37mangr.engines.engine[0m - [37mTicked state: <SimProcedure GetTempPathW from 0x500040: 1 sat>[0m[0m
[1;32;40mINFO - 2024-03-12 13:19:57,457 - [32mSemaExplorerCDFS[0m - [32mHey new addr ![0m[0m
[1;32;40mINFO - 2024-03-12 13:19:57,457 - [35mangr.sim_manager[0m - [35mStepping active of <SimulationManager with 1 active, 1 deadended>[0m[0m
[1;32;40mINFO - 2024-03-12 13:19:57,463 - [37mangr.engines.engine[0m - [37mTicked state: <IRSB from 0x401197: 1 sat>[0m[0m
[1;32;40mINFO - 2024-03-12 13:19:57,463 - [32mSemaExplorerCDFS[0m - [32mHey new addr ![0m[0m
[1;32;40mINFO - 2024-03-12 13:19:57,463 - [35mangr.sim_manager[0m - [35mStepping active of <SimulationManager with 1 active, 1 deadended>[0m[0m
[1;32;40mINFO - 2024-03-12 13:19:57,467 - [37mangr.engines.engine[0m - [37mTicked state: <SimProcedure ShellExecuteW from 0x50006c: 1 sat>[0m[0m
[1;32;40mINFO - 2024-03-12 13:19:57,467 - [32mSemaExplorerCDFS[0m - [32mHey new addr ![0m[0m
[1;32;40mINFO - 2024-03-12 13:19:57,467 - [35mangr.sim_manager[0m - [35mStepping active of <SimulationManager with 1 active, 1 deadended>[0m[0m
[1;32;40mINFO - 2024-03-12 13:19:57,469 - [37mangr.engines.engine[0m - [37mTicked state: <IRSB from 0x4011a7: 1 sat>[0m[0m
[1;32;40mINFO - 2024-03-12 13:19:57,470 - [32mSemaExplorerCDFS[0m - [32mHey new addr ![0m[0m
[1;32;40mINFO - 2024-03-12 13:19:57,470 - [35mangr.sim_manager[0m - [35mStepping active of <SimulationManager with 1 active, 1 deadended>[0m[0m
[1;32;40mINFO - 2024-03-12 13:19:57,472 - [37mangr.engines.engine[0m - [37mTicked state: <IRSB from 0x4010f0: 1 sat>[0m[0m
[1;32;40mINFO - 2024-03-12 13:19:57,473 - [32mSemaExplorerCDFS[0m - [32mHey new addr ![0m[0m
[1;32;40mINFO - 2024-03-12 13:19:57,473 - [35mangr.sim_manager[0m - [35mStepping active of <SimulationManager with 1 active, 1 deadended>[0m[0m
[1;32;40mINFO - 2024-03-12 13:19:57,475 - [37mangr.engines.engine[0m - [37mTicked state: <SimProcedure ExitProcess from 0x500050: 1 sat>[0m[0m
[1;32;40mINFO - 2024-03-12 13:19:57,475 - [35mangr.sim_manager[0m - [35mStepping active of <SimulationManager with 1 active, 1 deadended>[0m[0m
[1;32;40mINFO - 2024-03-12 13:19:57,477 - [37mangr.engines.engine[0m - [37mTicked state: <SimProcedure PathTerminator from 0x500050: empty>[0m[0m
[1;32;40mINFO - 2024-03-12 13:19:57,477 - [32mSemaExplorerCDFS[0m - [32mlen(simgr.active) <= 0 or deadended >= self.max_end_state)[0m[0m
