[1;32;40mINFO - 2024-04-22 19:22:18,209 - [34mangr.project[0m - [34mLoading binary database/Binaries/malware-win/train/upatre/0302b1aba69e7a255b133103dadf298c[0m[0m
[1;33;40mWARNING - 2024-04-22 19:22:18,231 - [34mangr.project[0m - [34mDisabling IRSB translation cache because support for self-modifying code is enabled.[0m[0m
[1;32;40mINFO - 2024-04-22 19:22:18,231 - [34mangr.project[0m - [34mThere are no simprocedures for missing library cryptdll.dll :([0m[0m
[1;32;40mINFO - 2024-04-22 19:22:18,232 - [34mangr.project[0m - [34mThere are no simprocedures for missing library dbnmpntw.dll :([0m[0m
[1;32;40mINFO - 2024-04-22 19:22:18,232 - [34mangr.project[0m - [34mUsing stub SimProcedure for unresolved CDBuildVect[0m[0m
[1;32;40mINFO - 2024-04-22 19:22:18,232 - [34mangr.project[0m - [34mUsing stub SimProcedure for unresolved MD5Update[0m[0m
[1;32;40mINFO - 2024-04-22 19:22:18,232 - [34mangr.project[0m - [34mUsing stub SimProcedure for unresolved CDLocateRng[0m[0m
[1;32;40mINFO - 2024-04-22 19:22:18,232 - [34mangr.project[0m - [34mUsing stub SimProcedure for unresolved MD5Init[0m[0m
[1;32;40mINFO - 2024-04-22 19:22:18,233 - [34mangr.project[0m - [34mUsing builtin SimProcedure for unresolved DragAcceptFiles from shell32.dll[0m[0m
[1;32;40mINFO - 2024-04-22 19:22:18,233 - [34mangr.project[0m - [34mUsing builtin SimProcedure for unresolved SHCreateShellItem from shell32.dll[0m[0m
[1;32;40mINFO - 2024-04-22 19:22:18,234 - [34mangr.project[0m - [34mUsing builtin SimProcedure for unresolved ShellAboutA from shell32.dll[0m[0m
[1;32;40mINFO - 2024-04-22 19:22:18,234 - [34mangr.project[0m - [34mUsing builtin SimProcedure for unresolved SHGetFileInfoA from shell32.dll[0m[0m
[1;32;40mINFO - 2024-04-22 19:22:18,235 - [34mangr.project[0m - [34mUsing builtin SimProcedure for unresolved StrChrA from shell32.dll[0m[0m
[1;32;40mINFO - 2024-04-22 19:22:18,235 - [34mangr.project[0m - [34mUsing builtin SimProcedure for unresolved SHFileOperationA from shell32.dll[0m[0m
[1;32;40mINFO - 2024-04-22 19:22:18,235 - [34mangr.project[0m - [34mUsing builtin SimProcedure for unresolved DragQueryFileA from shell32.dll[0m[0m
[1;32;40mINFO - 2024-04-22 19:22:18,237 - [34mangr.project[0m - [34mUsing builtin SimProcedure for unresolved FreeIconList from shell32.dll[0m[0m
[1;32;40mINFO - 2024-04-22 19:22:18,237 - [34mangr.project[0m - [34mUsing builtin SimProcedure for unresolved SHGetDataFromIDListA from shell32.dll[0m[0m
[1;32;40mINFO - 2024-04-22 19:22:18,237 - [34mangr.project[0m - [34mUsing builtin SimProcedure for unresolved SHGetDiskFreeSpaceA from shell32.dll[0m[0m
[1;32;40mINFO - 2024-04-22 19:22:18,237 - [34mangr.project[0m - [34mUsing builtin SimProcedure for unresolved FindExecutableA from shell32.dll[0m[0m
[1;32;40mINFO - 2024-04-22 19:22:18,238 - [34mangr.project[0m - [34mUsing builtin SimProcedure for unresolved SHGetDesktopFolder from shell32.dll[0m[0m
[1;32;40mINFO - 2024-04-22 19:22:18,238 - [34mangr.project[0m - [34mUsing builtin SimProcedure for unresolved ShellMessageBoxW from shell32.dll[0m[0m
[1;32;40mINFO - 2024-04-22 19:22:18,239 - [34mangr.project[0m - [34mUsing builtin SimProcedure for unresolved SHGetFolderPathA from shell32.dll[0m[0m
[1;32;40mINFO - 2024-04-22 19:22:18,240 - [34mangr.project[0m - [34mUsing builtin SimProcedure for unresolved SHGetMalloc from shell32.dll[0m[0m
[1;32;40mINFO - 2024-04-22 19:22:18,240 - [34mangr.project[0m - [34mUsing builtin SimProcedure for unresolved DragFinish from shell32.dll[0m[0m
[1;32;40mINFO - 2024-04-22 19:22:18,241 - [34mangr.project[0m - [34mUsing stub SimProcedure for unresolved ConnectionClose[0m[0m
[1;32;40mINFO - 2024-04-22 19:22:18,241 - [34mangr.project[0m - [34mUsing stub SimProcedure for unresolved ConnectionWrite[0m[0m
[1;32;40mINFO - 2024-04-22 19:22:18,241 - [34mangr.project[0m - [34mUsing stub SimProcedure for unresolved ConnectionError[0m[0m
[1;32;40mINFO - 2024-04-22 19:22:18,241 - [34mangr.project[0m - [34mUsing builtin SimProcedure for unresolved FileTimeToSystemTime from kernel32.dll[0m[0m
[1;32;40mINFO - 2024-04-22 19:22:18,242 - [34mangr.project[0m - [34mUsing builtin SimProcedure for unresolved SearchPathA from kernel32.dll[0m[0m
[1;32;40mINFO - 2024-04-22 19:22:18,242 - [34mangr.project[0m - [34mUsing builtin SimProcedure for unresolved OpenMutexA from kernel32.dll[0m[0m
[1;32;40mINFO - 2024-04-22 19:22:18,243 - [34mangr.project[0m - [34mUsing builtin SimProcedure for unresolved GetPrivateProfileIntW from kernel32.dll[0m[0m
[1;32;40mINFO - 2024-04-22 19:22:18,243 - [34mangr.project[0m - [34mUsing builtin SimProcedure for unresolved GetModuleHandleW from kernel32.dll[0m[0m
[1;32;40mINFO - 2024-04-22 19:22:18,244 - [34mangr.project[0m - [34mUsing builtin SimProcedure for unresolved GetLocalTime from kernel32.dll[0m[0m
[1;32;40mINFO - 2024-04-22 19:22:18,244 - [34mangr.project[0m - [34mUsing builtin SimProcedure for unresolved ReadConsoleW from kernel32.dll[0m[0m
[1;32;40mINFO - 2024-04-22 19:22:18,245 - [34mangr.project[0m - [34mUsing builtin SimProcedure for unresolved FindFirstFileA from kernel32.dll[0m[0m
[1;32;40mINFO - 2024-04-22 19:22:18,245 - [34mangr.project[0m - [34mUsing builtin SimProcedure for unresolved GetEnvironmentVariableA from kernel32.dll[0m[0m
[1;32;40mINFO - 2024-04-22 19:22:18,246 - [34mangr.project[0m - [34mUsing builtin SimProcedure for unresolved DeviceIoControl from kernel32.dll[0m[0m
[1;32;40mINFO - 2024-04-22 19:22:18,246 - [34mangr.project[0m - [34mUsing builtin SimProcedure for unresolved SetEnvironmentVariableW from kernel32.dll[0m[0m
[1;32;40mINFO - 2024-04-22 19:22:18,247 - [34mangr.project[0m - [34mUsing builtin SimProcedure for unresolved CompareStringW from kernel32.dll[0m[0m
[1;32;40mINFO - 2024-04-22 19:22:18,247 - [34mangr.project[0m - [34mUsing builtin SimProcedure for unresolved GetStringTypeW from kernel32.dll[0m[0m
[1;32;40mINFO - 2024-04-22 19:22:18,248 - [34mangr.project[0m - [34mUsing builtin SimProcedure for unresolved IsValidCodePage from kernel32.dll[0m[0m
[1;32;40mINFO - 2024-04-22 19:22:18,248 - [34mangr.project[0m - [34mUsing builtin SimProcedure for unresolved lstrcmpiA from kernel32.dll[0m[0m
[1;32;40mINFO - 2024-04-22 19:22:18,248 - [34mangr.project[0m - [34mUsing builtin SimProcedure for unresolved lstrcmpA from kernel32.dll[0m[0m
[1;32;40mINFO - 2024-04-22 19:22:18,249 - [34mangr.project[0m - [34mUsing builtin SimProcedure for unresolved TlsGetValue from kernel32.dll[0m[0m
[1;32;40mINFO - 2024-04-22 19:22:18,249 - [34mangr.project[0m - [34mUsing builtin SimProcedure for unresolved GetProcAddress from kernel32.dll[0m[0m
[1;32;40mINFO - 2024-04-22 19:22:18,250 - [34mangr.project[0m - [34mUsing builtin SimProcedure for unresolved GetTickCount from kernel32.dll[0m[0m
[1;32;40mINFO - 2024-04-22 19:22:18,250 - [34mangr.project[0m - [34mUsing builtin SimProcedure for unresolved WriteConsoleA from kernel32.dll[0m[0m
[1;32;40mINFO - 2024-04-22 19:22:18,251 - [34mangr.project[0m - [34mUsing builtin SimProcedure for unresolved lstrcpynW from kernel32.dll[0m[0m
[1;32;40mINFO - 2024-04-22 19:22:18,251 - [34mangr.project[0m - [34mUsing builtin SimProcedure for unresolved GetLastError from kernel32.dll[0m[0m
[1;32;40mINFO - 2024-04-22 19:22:18,252 - [34mangr.project[0m - [34mUsing builtin SimProcedure for unresolved CreateDirectoryA from kernel32.dll[0m[0m
[1;32;40mINFO - 2024-04-22 19:22:18,252 - [34mangr.project[0m - [34mUsing builtin SimProcedure for unresolved GetCurrentDirectoryW from kernel32.dll[0m[0m
[1;32;40mINFO - 2024-04-22 19:22:18,253 - [34mangr.project[0m - [34mUsing builtin SimProcedure for unresolved SetErrorMode from kernel32.dll[0m[0m
[1;32;40mINFO - 2024-04-22 19:22:18,253 - [34mangr.project[0m - [34mUsing builtin SimProcedure for unresolved SleepEx from kernel32.dll[0m[0m
[1;32;40mINFO - 2024-04-22 19:22:18,253 - [34mangr.project[0m - [34mUsing builtin SimProcedure for unresolved InterlockedDecrement from kernel32.dll[0m[0m
[1;32;40mINFO - 2024-04-22 19:22:18,254 - [34mangr.project[0m - [34mUsing builtin SimProcedure for unresolved GetFullPathNameW from kernel32.dll[0m[0m
[1;32;40mINFO - 2024-04-22 19:22:18,254 - [34mangr.project[0m - [34mUsing builtin SimProcedure for unresolved IsBadStringPtrA from kernel32.dll[0m[0m
[1;32;40mINFO - 2024-04-22 19:22:18,255 - [34mangr.project[0m - [34mThere are no simprocedures for missing library cryptdll.dll :([0m[0m
[1;32;40mINFO - 2024-04-22 19:22:18,255 - [34mangr.project[0m - [34mThere are no simprocedures for missing library dbnmpntw.dll :([0m[0m
[1;32;40mINFO - 2024-04-22 19:22:18,278 - [34mpyvex.lifting.libvex[0m - [34munhandled opc_aux = 0x 5
first_opcode == 0xDD
[0m[0m
[1;32;40mINFO - 2024-04-22 19:22:18,278 - [34mpyvex.lifting.libvex[0m - [34munhandled opc_aux = 0x 5
first_opcode == 0xDD
[0m[0m
[1;32;40mINFO - 2024-04-22 19:22:18,278 - [34mpyvex.lifting.libvex[0m - [34munhandled opc_aux = 0x 5
first_opcode == 0xDD
[0m[0m
[1;33;40mWARNING - 2024-04-22 19:22:18,287 - [31mpyvex.lifting.gym.x86_spotter[0m - [31mThe generalized AAM instruction is not supported by VEX, and is handled specially by pyvex. It has no flag handling at present.  See pyvex/lifting/gym/x86_spotter.py for details[0m[0m
[1;33;40mWARNING - 2024-04-22 19:22:18,293 - [31mpyvex.lifting.gym.x86_spotter[0m - [31mThe generalized AAM instruction is not supported by VEX, and is handled specially by pyvex. It has no flag handling at present.  See pyvex/lifting/gym/x86_spotter.py for details[0m[0m
[1;32;40mINFO - 2024-04-22 19:22:18,305 - [34mpyvex.lifting.libvex[0m - [34munhandled opc_aux = 0x 6
first_opcode == 0xDB
[0m[0m
[1;32;40mINFO - 2024-04-22 19:22:18,305 - [34mpyvex.lifting.libvex[0m - [34munhandled opc_aux = 0x 6
first_opcode == 0xDB
[0m[0m
[1;32;40mINFO - 2024-04-22 19:22:18,305 - [34mpyvex.lifting.libvex[0m - [34munhandled opc_aux = 0x 6
first_opcode == 0xDB
[0m[0m
[1;32;40mINFO - 2024-04-22 19:22:18,306 - [34mpyvex.lifting.libvex[0m - [34munhandled opc_aux = 0x 4
first_opcode == 0xDB
[0m[0m
[1;33;40mWARNING - 2024-04-22 19:22:18,307 - [31mpyvex.lifting.gym.x86_spotter[0m - [31mThe generalized AAM instruction is not supported by VEX, and is handled specially by pyvex. It has no flag handling at present.  See pyvex/lifting/gym/x86_spotter.py for details[0m[0m
[1;32;40mINFO - 2024-04-22 19:22:18,316 - [34mpyvex.lifting.libvex[0m - [34munhandled opc_aux = 0x 4
first_opcode == 0xDF
[0m[0m
[1;32;40mINFO - 2024-04-22 19:22:18,316 - [34mpyvex.lifting.libvex[0m - [34munhandled opc_aux = 0x 4
first_opcode == 0xDF
[0m[0m
[1;32;40mINFO - 2024-04-22 19:22:18,316 - [34mpyvex.lifting.libvex[0m - [34munhandled opc_aux = 0x 4
first_opcode == 0xDF
[0m[0m
[1;33;40mWARNING - 2024-04-22 19:22:18,331 - [31mpyvex.lifting.gym.x86_spotter[0m - [31mThe generalized AAM instruction is not supported by VEX, and is handled specially by pyvex. It has no flag handling at present.  See pyvex/lifting/gym/x86_spotter.py for details[0m[0m
[1;33;40mWARNING - 2024-04-22 19:22:18,338 - [31mpyvex.lifting.gym.x86_spotter[0m - [31mThe generalized AAM instruction is not supported by VEX, and is handled specially by pyvex. It has no flag handling at present.  See pyvex/lifting/gym/x86_spotter.py for details[0m[0m
[1;33;40mWARNING - 2024-04-22 19:22:18,345 - [31mpyvex.lifting.gym.x86_spotter[0m - [31mThe generalized AAM instruction is not supported by VEX, and is handled specially by pyvex. It has no flag handling at present.  See pyvex/lifting/gym/x86_spotter.py for details[0m[0m
[1;33;40mWARNING - 2024-04-22 19:22:18,348 - [31mpyvex.lifting.gym.x86_spotter[0m - [31mThe generalized AAM instruction is not supported by VEX, and is handled specially by pyvex. It has no flag handling at present.  See pyvex/lifting/gym/x86_spotter.py for details[0m[0m
[1;33;40mWARNING - 2024-04-22 19:22:18,350 - [31mpyvex.lifting.gym.x86_spotter[0m - [31mThe generalized AAM instruction is not supported by VEX, and is handled specially by pyvex. It has no flag handling at present.  See pyvex/lifting/gym/x86_spotter.py for details[0m[0m
[1;33;40mWARNING - 2024-04-22 19:22:18,352 - [31mpyvex.lifting.gym.x86_spotter[0m - [31mThe generalized AAM instruction is not supported by VEX, and is handled specially by pyvex. It has no flag handling at present.  See pyvex/lifting/gym/x86_spotter.py for details[0m[0m
[1;32;40mINFO - 2024-04-22 19:22:18,354 - [34mpyvex.lifting.libvex[0m - [34munhandled opc_aux = 0x 1
first_opcode == 0xD9
[0m[0m
[1;32;40mINFO - 2024-04-22 19:22:18,354 - [34mpyvex.lifting.libvex[0m - [34munhandled opc_aux = 0x 1
first_opcode == 0xD9
[0m[0m
[1;32;40mINFO - 2024-04-22 19:22:18,354 - [34mpyvex.lifting.libvex[0m - [34munhandled opc_aux = 0x 1
first_opcode == 0xD9
[0m[0m
[1;33;40mWARNING - 2024-04-22 19:22:18,373 - [31mpyvex.lifting.gym.x86_spotter[0m - [31mThe generalized AAM instruction is not supported by VEX, and is handled specially by pyvex. It has no flag handling at present.  See pyvex/lifting/gym/x86_spotter.py for details[0m[0m
[1;33;40mWARNING - 2024-04-22 19:22:22,022 - [34mangr.project[0m - [34mAddress is already hooked, during hook(0x500028, <SimProcedure DragQueryFileA>). Not re-hooking.[0m[0m
[1;33;40mWARNING - 2024-04-22 19:22:22,023 - [34mangr.project[0m - [34mAddress is already hooked, during hook(0x50004c, <SimProcedure DragFinish>). Not re-hooking.[0m[0m
[1;33;40mWARNING - 2024-04-22 19:22:22,023 - [34mangr.project[0m - [34mAddress is already hooked, during hook(0x500024, <SimProcedure SHFileOperationA>). Not re-hooking.[0m[0m
[1;33;40mWARNING - 2024-04-22 19:22:22,023 - [34mangr.project[0m - [34mAddress is already hooked, during hook(0x50001c, <SimProcedure SHGetFileInfoA>). Not re-hooking.[0m[0m
[1;33;40mWARNING - 2024-04-22 19:22:22,023 - [34mangr.project[0m - [34mAddress is already hooked, during hook(0x500018, <SimProcedure ShellAboutA>). Not re-hooking.[0m[0m
[1;33;40mWARNING - 2024-04-22 19:22:22,024 - [34mangr.project[0m - [34mAddress is already hooked, during hook(0x500020, <SimProcedure StrChrA>). Not re-hooking.[0m[0m
[1;33;40mWARNING - 2024-04-22 19:22:22,024 - [34mangr.project[0m - [34mAddress is already hooked, during hook(0x500010, <SimProcedure DragAcceptFiles>). Not re-hooking.[0m[0m
[1;33;40mWARNING - 2024-04-22 19:22:22,024 - [34mangr.project[0m - [34mAddress is already hooked, during hook(0x500038, <SimProcedure FindExecutableA>). Not re-hooking.[0m[0m
[1;33;40mWARNING - 2024-04-22 19:22:22,024 - [34mangr.project[0m - [34mAddress is already hooked, during hook(0x50003c, <SimProcedure SHGetDesktopFolder>). Not re-hooking.[0m[0m
[1;33;40mWARNING - 2024-04-22 19:22:22,025 - [34mangr.project[0m - [34mAddress is already hooked, during hook(0x500048, <SimProcedure SHGetMalloc>). Not re-hooking.[0m[0m
[1;33;40mWARNING - 2024-04-22 19:22:22,025 - [34mangr.project[0m - [34mAddress is already hooked, during hook(0x500044, <SimProcedure SHGetFolderPathA>). Not re-hooking.[0m[0m
[1;33;40mWARNING - 2024-04-22 19:22:22,025 - [34mangr.project[0m - [34mAddress is already hooked, during hook(0x500014, <SimProcedure SHCreateShellItem>). Not re-hooking.[0m[0m
[1;33;40mWARNING - 2024-04-22 19:22:22,278 - [34mangr.project[0m - [34mAddress is already hooked, during hook(0x5000c4, <SimProcedure InterlockedDecrement>). Not re-hooking.[0m[0m
[1;33;40mWARNING - 2024-04-22 19:22:22,278 - [34mangr.project[0m - [34mAddress is already hooked, during hook(0x601014, <SimProcedure KiUserExceptionDispatcher>). Not re-hooking.[0m[0m
[1;33;40mWARNING - 2024-04-22 19:22:22,279 - [34mangr.project[0m - [34mAddress 0x400000 not hooked[0m[0m
[1;33;40mWARNING - 2024-04-22 19:22:22,285 - [34mangr.project[0m - [34mAddress is already hooked, during hook(0x500088, <SimProcedure CompareStringW>). Re-hooking.[0m[0m
[1;33;40mWARNING - 2024-04-22 19:22:22,286 - [34mangr.project[0m - [34mAddress is already hooked, during hook(0x500088, <SimProcedure CompareStringW>). Re-hooking.[0m[0m
[1;33;40mWARNING - 2024-04-22 19:22:22,286 - [34mangr.project[0m - [34mAddress is already hooked, during hook(0x5000b4, <SimProcedure CreateDirectoryA>). Re-hooking.[0m[0m
[1;33;40mWARNING - 2024-04-22 19:22:22,287 - [34mangr.project[0m - [34mAddress is already hooked, during hook(0x5000b4, <SimProcedure CreateDirectoryA>). Re-hooking.[0m[0m
[1;33;40mWARNING - 2024-04-22 19:22:22,288 - [34mangr.project[0m - [34mAddress is already hooked, during hook(0x500080, <SimProcedure DeviceIoControl>). Re-hooking.[0m[0m
[1;33;40mWARNING - 2024-04-22 19:22:22,288 - [34mangr.project[0m - [34mAddress is already hooked, during hook(0x500080, <SimProcedure DeviceIoControl>). Re-hooking.[0m[0m
[1;33;40mWARNING - 2024-04-22 19:22:22,291 - [34mangr.project[0m - [34mAddress is already hooked, during hook(0x500068, <SimProcedure GetPrivateProfileIntW>). Re-hooking.[0m[0m
[1;33;40mWARNING - 2024-04-22 19:22:22,292 - [34mangr.project[0m - [34mAddress is already hooked, during hook(0x500068, <SimProcedure GetPrivateProfileIntW>). Re-hooking.[0m[0m
[1;33;40mWARNING - 2024-04-22 19:22:22,292 - [34mangr.project[0m - [34mAddress is already hooked, during hook(0x500068, <SimProcedure GetPrivateProfileIntW>). Re-hooking.[0m[0m
[1;33;40mWARNING - 2024-04-22 19:22:22,295 - [34mangr.project[0m - [34mAddress is already hooked, during hook(0x500064, <SimProcedure OpenMutexA>). Re-hooking.[0m[0m
[1;33;40mWARNING - 2024-04-22 19:22:22,296 - [34mangr.project[0m - [34mAddress is already hooked, during hook(0x500064, <SimProcedure OpenMutexA>). Re-hooking.[0m[0m
[1;33;40mWARNING - 2024-04-22 19:22:22,298 - [34mangr.project[0m - [34mAddress is already hooked, during hook(0x500060, <SimProcedure SearchPathA>). Re-hooking.[0m[0m
[1;33;40mWARNING - 2024-04-22 19:22:22,298 - [34mangr.project[0m - [34mAddress is already hooked, during hook(0x500060, <SimProcedure SearchPathA>). Re-hooking.[0m[0m
[1;33;40mWARNING - 2024-04-22 19:22:22,299 - [34mangr.project[0m - [34mAddress is already hooked, during hook(0x500084, <SimProcedure SetEnvironmentVariableW>). Re-hooking.[0m[0m
[1;33;40mWARNING - 2024-04-22 19:22:22,299 - [34mangr.project[0m - [34mAddress is already hooked, during hook(0x500084, <SimProcedure SetEnvironmentVariableW>). Re-hooking.[0m[0m
[1;33;40mWARNING - 2024-04-22 19:22:22,301 - [34mangr.project[0m - [34mAddress is already hooked, during hook(0x5000c0, <SimProcedure SleepEx>). Re-hooking.[0m[0m
[1;33;40mWARNING - 2024-04-22 19:22:22,301 - [34mangr.project[0m - [34mAddress is already hooked, during hook(0x5000c0, <SimProcedure SleepEx>). Re-hooking.[0m[0m
[1;33;40mWARNING - 2024-04-22 19:22:22,302 - [34mangr.project[0m - [34mAddress is already hooked, during hook(0x5000a8, <SimProcedure WriteConsoleA>). Re-hooking.[0m[0m
[1;33;40mWARNING - 2024-04-22 19:22:22,303 - [34mangr.project[0m - [34mAddress is already hooked, during hook(0x5000a8, <SimProcedure WriteConsoleA>). Re-hooking.[0m[0m
[1;33;40mWARNING - 2024-04-22 19:22:22,303 - [34mangr.project[0m - [34mAddress is already hooked, during hook(0x500094, <SimProcedure lstrcmpiA>). Re-hooking.[0m[0m
[1;33;40mWARNING - 2024-04-22 19:22:22,304 - [34mangr.project[0m - [34mAddress is already hooked, during hook(0x500094, <SimProcedure lstrcmpiA>). Re-hooking.[0m[0m
[1;33;40mWARNING - 2024-04-22 19:22:22,307 - [34mangr.project[0m - [34mAddress is already hooked, during hook(0x5000cc, <SimProcedure IsBadStringPtrA>). Re-hooking.[0m[0m
[1;33;40mWARNING - 2024-04-22 19:22:22,307 - [34mangr.project[0m - [34mAddress is already hooked, during hook(0x5000cc, <SimProcedure IsBadStringPtrA>). Re-hooking.[0m[0m
[1;33;40mWARNING - 2024-04-22 19:22:22,309 - [34mangr.project[0m - [34mAddress is already hooked, during hook(0x500068, <SimProcedure GetPrivateProfileIntW>). Re-hooking.[0m[0m
[1;33;40mWARNING - 2024-04-22 19:22:22,309 - [34mangr.project[0m - [34mAddress is already hooked, during hook(0x500068, <SimProcedure GetPrivateProfileIntW>). Re-hooking.[0m[0m
[1;33;40mWARNING - 2024-04-22 19:22:22,309 - [34mangr.project[0m - [34mAddress is already hooked, during hook(0x500068, <SimProcedure GetPrivateProfileIntW>). Re-hooking.[0m[0m
[1;33;40mWARNING - 2024-04-22 19:22:22,310 - [34mangr.project[0m - [34mAddress is already hooked, during hook(0x500074, <SimProcedure ReadConsoleW>). Re-hooking.[0m[0m
[1;33;40mWARNING - 2024-04-22 19:22:22,311 - [34mangr.project[0m - [34mAddress is already hooked, during hook(0x500074, <SimProcedure ReadConsoleW>). Re-hooking.[0m[0m
[1;33;40mWARNING - 2024-04-22 19:22:22,312 - [34mangr.project[0m - [34mAddress is already hooked, during hook(0x500090, <SimProcedure IsValidCodePage>). Re-hooking.[0m[0m
[1;33;40mWARNING - 2024-04-22 19:22:22,313 - [34mangr.project[0m - [34mAddress is already hooked, during hook(0x500090, <SimProcedure IsValidCodePage>). Re-hooking.[0m[0m
[1;33;40mWARNING - 2024-04-22 19:22:22,314 - [34mangr.project[0m - [34mAddress is already hooked, during hook(0x500080, <SimProcedure DeviceIoControl>). Re-hooking.[0m[0m
[1;33;40mWARNING - 2024-04-22 19:22:22,314 - [34mangr.project[0m - [34mAddress is already hooked, during hook(0x500080, <SimProcedure DeviceIoControl>). Re-hooking.[0m[0m
[1;33;40mWARNING - 2024-04-22 19:22:22,315 - [34mangr.project[0m - [34mAddress is already hooked, during hook(0x5000cc, <SimProcedure IsBadStringPtrA>). Re-hooking.[0m[0m
[1;33;40mWARNING - 2024-04-22 19:22:22,315 - [34mangr.project[0m - [34mAddress is already hooked, during hook(0x5000cc, <SimProcedure IsBadStringPtrA>). Re-hooking.[0m[0m
[1;33;40mWARNING - 2024-04-22 19:22:22,316 - [34mangr.project[0m - [34mAddress is already hooked, during hook(0x500090, <SimProcedure IsValidCodePage>). Re-hooking.[0m[0m
[1;33;40mWARNING - 2024-04-22 19:22:22,316 - [34mangr.project[0m - [34mAddress is already hooked, during hook(0x500090, <SimProcedure IsValidCodePage>). Re-hooking.[0m[0m
[1;33;40mWARNING - 2024-04-22 19:22:22,317 - [34mangr.project[0m - [34mAddress is already hooked, during hook(0x500064, <SimProcedure OpenMutexA>). Re-hooking.[0m[0m
[1;33;40mWARNING - 2024-04-22 19:22:22,317 - [34mangr.project[0m - [34mAddress is already hooked, during hook(0x500064, <SimProcedure OpenMutexA>). Re-hooking.[0m[0m
[1;33;40mWARNING - 2024-04-22 19:22:22,318 - [34mangr.project[0m - [34mAddress is already hooked, during hook(0x500060, <SimProcedure SearchPathA>). Re-hooking.[0m[0m
[1;33;40mWARNING - 2024-04-22 19:22:22,319 - [34mangr.project[0m - [34mAddress is already hooked, during hook(0x500060, <SimProcedure SearchPathA>). Re-hooking.[0m[0m
[1;33;40mWARNING - 2024-04-22 19:22:22,320 - [34mangr.project[0m - [34mAddress is already hooked, during hook(0x500084, <SimProcedure SetEnvironmentVariableW>). Re-hooking.[0m[0m
[1;33;40mWARNING - 2024-04-22 19:22:22,320 - [34mangr.project[0m - [34mAddress is already hooked, during hook(0x500084, <SimProcedure SetEnvironmentVariableW>). Re-hooking.[0m[0m
[1;33;40mWARNING - 2024-04-22 19:22:22,321 - [34mangr.project[0m - [34mAddress is already hooked, during hook(0x500088, <SimProcedure CompareStringW>). Re-hooking.[0m[0m
[1;33;40mWARNING - 2024-04-22 19:22:22,321 - [34mangr.project[0m - [34mAddress is already hooked, during hook(0x500088, <SimProcedure CompareStringW>). Re-hooking.[0m[0m
[1;33;40mWARNING - 2024-04-22 19:22:22,322 - [34mangr.project[0m - [34mAddress is already hooked, during hook(0x500074, <SimProcedure ReadConsoleW>). Re-hooking.[0m[0m
[1;33;40mWARNING - 2024-04-22 19:22:22,322 - [34mangr.project[0m - [34mAddress is already hooked, during hook(0x500074, <SimProcedure ReadConsoleW>). Re-hooking.[0m[0m
[1;33;40mWARNING - 2024-04-22 19:22:22,323 - [34mangr.project[0m - [34mAddress is already hooked, during hook(0x500094, <SimProcedure lstrcmpiA>). Re-hooking.[0m[0m
[1;33;40mWARNING - 2024-04-22 19:22:22,324 - [34mangr.project[0m - [34mAddress is already hooked, during hook(0x500094, <SimProcedure lstrcmpiA>). Re-hooking.[0m[0m
[1;33;40mWARNING - 2024-04-22 19:22:22,324 - [34mangr.project[0m - [34mAddress is already hooked, during hook(0x5000b4, <SimProcedure CreateDirectoryA>). Re-hooking.[0m[0m
[1;33;40mWARNING - 2024-04-22 19:22:22,325 - [34mangr.project[0m - [34mAddress is already hooked, during hook(0x5000b4, <SimProcedure CreateDirectoryA>). Re-hooking.[0m[0m
[1;33;40mWARNING - 2024-04-22 19:22:22,326 - [34mangr.project[0m - [34mAddress is already hooked, during hook(0x5000a8, <SimProcedure WriteConsoleA>). Re-hooking.[0m[0m
[1;33;40mWARNING - 2024-04-22 19:22:22,326 - [34mangr.project[0m - [34mAddress is already hooked, during hook(0x5000a8, <SimProcedure WriteConsoleA>). Re-hooking.[0m[0m
[1;33;40mWARNING - 2024-04-22 19:22:22,327 - [34mangr.project[0m - [34mAddress is already hooked, during hook(0x5000c0, <SimProcedure SleepEx>). Re-hooking.[0m[0m
[1;33;40mWARNING - 2024-04-22 19:22:22,327 - [34mangr.project[0m - [34mAddress is already hooked, during hook(0x5000c0, <SimProcedure SleepEx>). Re-hooking.[0m[0m
[1;33;40mWARNING - 2024-04-22 19:22:22,329 - [34mangr.project[0m - [34mAddress is already hooked, during hook(0x500028, <SimProcedure DragQueryFileA>). Re-hooking.[0m[0m
[1;33;40mWARNING - 2024-04-22 19:22:22,329 - [34mangr.project[0m - [34mAddress is already hooked, during hook(0x500028, <SimProcedure DragQueryFileA>). Re-hooking.[0m[0m
[1;33;40mWARNING - 2024-04-22 19:22:22,330 - [34mangr.project[0m - [34mAddress is already hooked, during hook(0x500018, <SimProcedure ShellAboutA>). Re-hooking.[0m[0m
[1;33;40mWARNING - 2024-04-22 19:22:22,330 - [34mangr.project[0m - [34mAddress is already hooked, during hook(0x500018, <SimProcedure ShellAboutA>). Re-hooking.[0m[0m
[1;33;40mWARNING - 2024-04-22 19:22:22,331 - [34mangr.project[0m - [34mAddress is already hooked, during hook(0x500020, <SimProcedure StrChrA>). Re-hooking.[0m[0m
[1;33;40mWARNING - 2024-04-22 19:22:22,331 - [34mangr.project[0m - [34mAddress is already hooked, during hook(0x500020, <SimProcedure StrChrA>). Re-hooking.[0m[0m
[1;33;40mWARNING - 2024-04-22 19:22:22,332 - [34mangr.project[0m - [34mAddress is already hooked, during hook(0x50004c, <SimProcedure DragFinish>). Re-hooking.[0m[0m
[1;33;40mWARNING - 2024-04-22 19:22:22,332 - [34mangr.project[0m - [34mAddress is already hooked, during hook(0x50004c, <SimProcedure DragFinish>). Re-hooking.[0m[0m
[1;33;40mWARNING - 2024-04-22 19:22:22,333 - [34mangr.project[0m - [34mAddress is already hooked, during hook(0x500024, <SimProcedure SHFileOperationA>). Re-hooking.[0m[0m
[1;33;40mWARNING - 2024-04-22 19:22:22,333 - [34mangr.project[0m - [34mAddress is already hooked, during hook(0x500024, <SimProcedure SHFileOperationA>). Re-hooking.[0m[0m
[1;33;40mWARNING - 2024-04-22 19:22:22,334 - [34mangr.project[0m - [34mAddress is already hooked, during hook(0x50001c, <SimProcedure SHGetFileInfoA>). Re-hooking.[0m[0m
[1;33;40mWARNING - 2024-04-22 19:22:22,334 - [34mangr.project[0m - [34mAddress is already hooked, during hook(0x50001c, <SimProcedure SHGetFileInfoA>). Re-hooking.[0m[0m
[1;33;40mWARNING - 2024-04-22 19:22:22,335 - [34mangr.project[0m - [34mAddress is already hooked, during hook(0x500018, <SimProcedure ShellAboutA>). Re-hooking.[0m[0m
[1;33;40mWARNING - 2024-04-22 19:22:22,335 - [34mangr.project[0m - [34mAddress is already hooked, during hook(0x500018, <SimProcedure ShellAboutA>). Re-hooking.[0m[0m
[1;33;40mWARNING - 2024-04-22 19:22:22,336 - [34mangr.project[0m - [34mAddress is already hooked, during hook(0x500038, <SimProcedure FindExecutableA>). Re-hooking.[0m[0m
[1;33;40mWARNING - 2024-04-22 19:22:22,336 - [34mangr.project[0m - [34mAddress is already hooked, during hook(0x500038, <SimProcedure FindExecutableA>). Re-hooking.[0m[0m
[1;33;40mWARNING - 2024-04-22 19:22:22,337 - [34mangr.project[0m - [34mAddress is already hooked, during hook(0x500010, <SimProcedure DragAcceptFiles>). Re-hooking.[0m[0m
[1;33;40mWARNING - 2024-04-22 19:22:22,337 - [34mangr.project[0m - [34mAddress is already hooked, during hook(0x500010, <SimProcedure DragAcceptFiles>). Re-hooking.[0m[0m
[1;33;40mWARNING - 2024-04-22 19:22:22,337 - [34mangr.project[0m - [34mAddress is already hooked, during hook(0x50004c, <SimProcedure DragFinish>). Re-hooking.[0m[0m
[1;33;40mWARNING - 2024-04-22 19:22:22,338 - [34mangr.project[0m - [34mAddress is already hooked, during hook(0x50004c, <SimProcedure DragFinish>). Re-hooking.[0m[0m
[1;33;40mWARNING - 2024-04-22 19:22:22,338 - [34mangr.project[0m - [34mAddress is already hooked, during hook(0x500028, <SimProcedure DragQueryFileA>). Re-hooking.[0m[0m
[1;33;40mWARNING - 2024-04-22 19:22:22,339 - [34mangr.project[0m - [34mAddress is already hooked, during hook(0x500028, <SimProcedure DragQueryFileA>). Re-hooking.[0m[0m
[1;33;40mWARNING - 2024-04-22 19:22:22,339 - [34mangr.project[0m - [34mAddress is already hooked, during hook(0x500020, <SimProcedure StrChrA>). Re-hooking.[0m[0m
[1;33;40mWARNING - 2024-04-22 19:22:22,340 - [34mangr.project[0m - [34mAddress is already hooked, during hook(0x500020, <SimProcedure StrChrA>). Re-hooking.[0m[0m
[1;33;40mWARNING - 2024-04-22 19:22:22,340 - [34mangr.project[0m - [34mAddress is already hooked, during hook(0x500010, <SimProcedure DragAcceptFiles>). Re-hooking.[0m[0m
[1;33;40mWARNING - 2024-04-22 19:22:22,341 - [34mangr.project[0m - [34mAddress is already hooked, during hook(0x500010, <SimProcedure DragAcceptFiles>). Re-hooking.[0m[0m
[1;33;40mWARNING - 2024-04-22 19:22:22,341 - [34mangr.project[0m - [34mAddress is already hooked, during hook(0x500038, <SimProcedure FindExecutableA>). Re-hooking.[0m[0m
[1;33;40mWARNING - 2024-04-22 19:22:22,341 - [34mangr.project[0m - [34mAddress is already hooked, during hook(0x500038, <SimProcedure FindExecutableA>). Re-hooking.[0m[0m
[1;33;40mWARNING - 2024-04-22 19:22:22,342 - [34mangr.project[0m - [34mAddress is already hooked, during hook(0x500024, <SimProcedure SHFileOperationA>). Re-hooking.[0m[0m
[1;33;40mWARNING - 2024-04-22 19:22:22,342 - [34mangr.project[0m - [34mAddress is already hooked, during hook(0x500024, <SimProcedure SHFileOperationA>). Re-hooking.[0m[0m
[1;33;40mWARNING - 2024-04-22 19:22:22,343 - [34mangr.project[0m - [34mAddress is already hooked, during hook(0x50001c, <SimProcedure SHGetFileInfoA>). Re-hooking.[0m[0m
[1;33;40mWARNING - 2024-04-22 19:22:22,343 - [34mangr.project[0m - [34mAddress is already hooked, during hook(0x50001c, <SimProcedure SHGetFileInfoA>). Re-hooking.[0m[0m
[1;33;40mWARNING - 2024-04-22 19:22:22,344 - [34mangr.project[0m - [34mAddress is already hooked, during hook(0x50003c, <SimProcedure SHGetDesktopFolder>). Re-hooking.[0m[0m
[1;33;40mWARNING - 2024-04-22 19:22:22,344 - [34mangr.project[0m - [34mAddress is already hooked, during hook(0x50003c, <SimProcedure SHGetDesktopFolder>). Re-hooking.[0m[0m
[1;33;40mWARNING - 2024-04-22 19:22:22,345 - [34mangr.project[0m - [34mAddress is already hooked, during hook(0x500048, <SimProcedure SHGetMalloc>). Re-hooking.[0m[0m
[1;33;40mWARNING - 2024-04-22 19:22:22,345 - [34mangr.project[0m - [34mAddress is already hooked, during hook(0x500048, <SimProcedure SHGetMalloc>). Re-hooking.[0m[0m
[1;33;40mWARNING - 2024-04-22 19:22:22,346 - [34mangr.project[0m - [34mAddress is already hooked, during hook(0x500044, <SimProcedure SHGetFolderPathA>). Re-hooking.[0m[0m
[1;33;40mWARNING - 2024-04-22 19:22:22,346 - [34mangr.project[0m - [34mAddress is already hooked, during hook(0x500044, <SimProcedure SHGetFolderPathA>). Re-hooking.[0m[0m
[1;33;40mWARNING - 2024-04-22 19:22:22,347 - [34mangr.project[0m - [34mAddress is already hooked, during hook(0x500014, <SimProcedure SHCreateShellItem>). Re-hooking.[0m[0m
[1;33;40mWARNING - 2024-04-22 19:22:22,347 - [34mangr.project[0m - [34mAddress is already hooked, during hook(0x500014, <SimProcedure SHCreateShellItem>). Re-hooking.[0m[0m
[1;32;40mINFO - 2024-04-22 19:22:22,351 - [35mangr.sim_manager[0m - [35mStepping active of <SimulationManager with 1 active>[0m[0m
[1;32;40mINFO - 2024-04-22 19:22:22,434 - [37mangr.engines.engine[0m - [37mTicked state: <IRSB from 0x401992: 1 sat>[0m[0m
[1;32;40mINFO - 2024-04-22 19:22:22,434 - [32mSemaExplorerCDFS[0m - [32mHey new addr ![0m[0m
[1;32;40mINFO - 2024-04-22 19:22:22,434 - [35mangr.sim_manager[0m - [35mStepping active of <SimulationManager with 1 active>[0m[0m
[1;32;40mINFO - 2024-04-22 19:22:22,557 - [37mangr.engines.engine[0m - [37mTicked state: <SimProcedure TlsGetValue from 0x50009c: 1 sat>[0m[0m
[1;32;40mINFO - 2024-04-22 19:22:22,557 - [32mSemaExplorerCDFS[0m - [32mHey new addr ![0m[0m
[1;32;40mINFO - 2024-04-22 19:22:22,558 - [35mangr.sim_manager[0m - [35mStepping active of <SimulationManager with 1 active>[0m[0m
[1;32;40mINFO - 2024-04-22 19:22:22,566 - [37mangr.engines.engine[0m - [37mTicked state: <IRSB from 0x4019de: 1 sat>[0m[0m
[1;32;40mINFO - 2024-04-22 19:22:22,566 - [32mSemaExplorerCDFS[0m - [32mHey new addr ![0m[0m
[1;32;40mINFO - 2024-04-22 19:22:22,567 - [35mangr.sim_manager[0m - [35mStepping active of <SimulationManager with 1 active>[0m[0m
[1;32;40mINFO - 2024-04-22 19:22:22,582 - [37mangr.engines.engine[0m - [37mTicked state: <IRSB from 0x401600: 1 sat>[0m[0m
[1;32;40mINFO - 2024-04-22 19:22:22,582 - [32mSemaExplorerCDFS[0m - [32mHey new addr ![0m[0m
[1;32;40mINFO - 2024-04-22 19:22:22,582 - [35mangr.sim_manager[0m - [35mStepping active of <SimulationManager with 1 active>[0m[0m
[1;32;40mINFO - 2024-04-22 19:22:22,585 - [37mangr.engines.engine[0m - [37mTicked state: <SimProcedure FileTimeToSystemTime from 0x50005c: 1 sat>[0m[0m
[1;32;40mINFO - 2024-04-22 19:22:22,585 - [32mSemaExplorerCDFS[0m - [32mHey new addr ![0m[0m
[1;32;40mINFO - 2024-04-22 19:22:22,585 - [35mangr.sim_manager[0m - [35mStepping active of <SimulationManager with 1 active>[0m[0m
[1;32;40mINFO - 2024-04-22 19:22:22,593 - [37mangr.engines.engine[0m - [37mTicked state: <IRSB from 0x401632: 1 sat>[0m[0m
[1;32;40mINFO - 2024-04-22 19:22:22,593 - [35mangr.sim_manager[0m - [35mStepping active of <SimulationManager with 1 active>[0m[0m
[1;32;40mINFO - 2024-04-22 19:22:22,651 - [37mangr.engines.engine[0m - [37mTicked state: <SimProcedure TlsGetValue from 0x50009c: 1 sat>[0m[0m
[1;32;40mINFO - 2024-04-22 19:22:22,651 - [32mSemaExplorerCDFS[0m - [32mHey new addr ![0m[0m
[1;32;40mINFO - 2024-04-22 19:22:22,651 - [35mangr.sim_manager[0m - [35mStepping active of <SimulationManager with 1 active>[0m[0m
[1;32;40mINFO - 2024-04-22 19:22:22,657 - [37mangr.engines.engine[0m - [37mTicked state: <IRSB from 0x40166b: 1 sat>[0m[0m
[1;32;40mINFO - 2024-04-22 19:22:22,657 - [32mSemaExplorerCDFS[0m - [32mHey new addr ![0m[0m
[1;32;40mINFO - 2024-04-22 19:22:22,657 - [35mangr.sim_manager[0m - [35mStepping active of <SimulationManager with 1 active>[0m[0m
[1;32;40mINFO - 2024-04-22 19:22:22,664 - [37mangr.engines.engine[0m - [37mTicked state: <IRSB from 0x401a2b: 1 sat>[0m[0m
[1;32;40mINFO - 2024-04-22 19:22:22,664 - [32mSemaExplorerCDFS[0m - [32mHey new addr ![0m[0m
[1;32;40mINFO - 2024-04-22 19:22:22,665 - [35mangr.sim_manager[0m - [35mStepping active of <SimulationManager with 1 active>[0m[0m
[1;32;40mINFO - 2024-04-22 19:22:22,670 - [37mangr.engines.engine[0m - [37mTicked state: <SimProcedure lstrcmpA from 0x500098: 1 sat>[0m[0m
[1;32;40mINFO - 2024-04-22 19:22:22,671 - [32mSemaExplorerCDFS[0m - [32mHey new addr ![0m[0m
[1;32;40mINFO - 2024-04-22 19:22:22,671 - [35mangr.sim_manager[0m - [35mStepping active of <SimulationManager with 1 active>[0m[0m
[1;32;40mINFO - 2024-04-22 19:22:22,674 - [37mangr.engines.engine[0m - [37mTicked state: <IRSB from 0x401a56: 1 sat 1 unsat>[0m[0m
[1;32;40mINFO - 2024-04-22 19:22:22,674 - [32mSemaExplorerCDFS[0m - [32mHey new addr ![0m[0m
[1;32;40mINFO - 2024-04-22 19:22:22,674 - [35mangr.sim_manager[0m - [35mStepping active of <SimulationManager with 1 active>[0m[0m
[1;32;40mINFO - 2024-04-22 19:22:22,680 - [37mangr.engines.engine[0m - [37mTicked state: <IRSB from 0x401a5f: 1 sat>[0m[0m
[1;32;40mINFO - 2024-04-22 19:22:22,680 - [32mSemaExplorerCDFS[0m - [32mHey new addr ![0m[0m
[1;32;40mINFO - 2024-04-22 19:22:22,680 - [35mangr.sim_manager[0m - [35mStepping active of <SimulationManager with 1 active>[0m[0m
[1;32;40mINFO - 2024-04-22 19:22:22,687 - [37mangr.engines.engine[0m - [37mTicked state: <IRSB from 0x401714: 1 sat>[0m[0m
[1;32;40mINFO - 2024-04-22 19:22:22,687 - [35mangr.sim_manager[0m - [35mStepping active of <SimulationManager with 1 active>[0m[0m
[1;32;40mINFO - 2024-04-22 19:22:22,743 - [37mangr.engines.engine[0m - [37mTicked state: <SimProcedure TlsGetValue from 0x50009c: 1 sat>[0m[0m
[1;32;40mINFO - 2024-04-22 19:22:22,743 - [32mSemaExplorerCDFS[0m - [32mHey new addr ![0m[0m
[1;32;40mINFO - 2024-04-22 19:22:22,743 - [35mangr.sim_manager[0m - [35mStepping active of <SimulationManager with 1 active>[0m[0m
[1;32;40mINFO - 2024-04-22 19:22:22,750 - [37mangr.engines.engine[0m - [37mTicked state: <IRSB from 0x401737: 1 sat>[0m[0m
[1;32;40mINFO - 2024-04-22 19:22:22,750 - [32mSemaExplorerCDFS[0m - [32mHey new addr ![0m[0m
[1;32;40mINFO - 2024-04-22 19:22:22,750 - [35mangr.sim_manager[0m - [35mStepping active of <SimulationManager with 1 active>[0m[0m
[1;32;40mINFO - 2024-04-22 19:22:22,759 - [37mangr.engines.engine[0m - [37mTicked state: <IRSB from 0x401785: 1 sat>[0m[0m
[1;32;40mINFO - 2024-04-22 19:22:22,759 - [32mSemaExplorerCDFS[0m - [32mHey new addr ![0m[0m
[1;32;40mINFO - 2024-04-22 19:22:22,759 - [35mangr.sim_manager[0m - [35mStepping active of <SimulationManager with 1 active>[0m[0m
[1;32;40mINFO - 2024-04-22 19:22:22,819 - [37mangr.engines.engine[0m - [37mTicked state: <SimProcedure SetEnvironmentVariableW from 0x500084: 1 sat>[0m[0m
[1;32;40mINFO - 2024-04-22 19:22:22,820 - [32mSemaExplorerCDFS[0m - [32mHey new addr ![0m[0m
[1;32;40mINFO - 2024-04-22 19:22:22,820 - [35mangr.sim_manager[0m - [35mStepping active of <SimulationManager with 1 active>[0m[0m
[1;32;40mINFO - 2024-04-22 19:22:22,828 - [37mangr.engines.engine[0m - [37mTicked state: <IRSB from 0x4017b0: 1 sat>[0m[0m
[1;32;40mINFO - 2024-04-22 19:22:22,828 - [32mSemaExplorerCDFS[0m - [32mHey new addr ![0m[0m
[1;32;40mINFO - 2024-04-22 19:22:22,828 - [35mangr.sim_manager[0m - [35mStepping active of <SimulationManager with 1 active>[0m[0m
[1;32;40mINFO - 2024-04-22 19:22:22,885 - [37mangr.engines.engine[0m - [37mTicked state: <SimProcedure lstrcmpiA from 0x500094: 1 sat>[0m[0m
[1;32;40mINFO - 2024-04-22 19:22:22,885 - [32mSemaExplorerCDFS[0m - [32mHey new addr ![0m[0m
[1;32;40mINFO - 2024-04-22 19:22:22,885 - [35mangr.sim_manager[0m - [35mStepping active of <SimulationManager with 1 active>[0m[0m
[1;32;40mINFO - 2024-04-22 19:22:22,918 - [37mangr.engines.engine[0m - [37mTicked state: <IRSB from 0x4017d8: 2 sat>[0m[0m
[1;32;40mINFO - 2024-04-22 19:22:22,918 - [32mSemaExplorerCDFS[0m - [32mA new block of execution have been executed with changes in sim_manager.[0m[0m
[1;32;40mINFO - 2024-04-22 19:22:22,919 - [32mSemaExplorerCDFS[0m - [32mCurrently, simulation manager is :
<SimulationManager with 2 active>[0m[0m
[1;32;40mINFO - 2024-04-22 19:22:22,919 - [32mSemaExplorerCDFS[0m - [32mpause stash len :0[0m[0m
[1;32;40mINFO - 2024-04-22 19:22:22,919 - [32mSemaExplorerCDFS[0m - [32mfork_stack : 1 0x4017e1 || 0x40151c[0m[0m
[1;32;40mINFO - 2024-04-22 19:22:22,919 - [32mSemaExplorerCDFS[0m - [32mHey new addr ![0m[0m
[1;32;40mINFO - 2024-04-22 19:22:22,919 - [35mangr.sim_manager[0m - [35mStepping active of <SimulationManager with 2 active>[0m[0m
[1;32;40mINFO - 2024-04-22 19:22:22,935 - [37mangr.engines.engine[0m - [37mTicked state: <IRSB from 0x4017e1: 1 sat>[0m[0m
[1;32;40mINFO - 2024-04-22 19:22:22,944 - [37mangr.engines.engine[0m - [37mTicked state: <IRSB from 0x40151c: 1 sat>[0m[0m
[1;32;40mINFO - 2024-04-22 19:22:22,944 - [32mSemaExplorerCDFS[0m - [32mHey new addr ![0m[0m
[1;32;40mINFO - 2024-04-22 19:22:22,944 - [35mangr.sim_manager[0m - [35mStepping active of <SimulationManager with 2 active>[0m[0m
[1;32;40mINFO - 2024-04-22 19:22:22,961 - [37mangr.engines.engine[0m - [37mTicked state: <IRSB from 0x401b3d: 1 sat>[0m[0m
[1;32;40mINFO - 2024-04-22 19:22:23,028 - [37mangr.engines.engine[0m - [37mTicked state: <SimProcedure GetPrivateProfileIntW from 0x500068: 1 sat>[0m[0m
[1;32;40mINFO - 2024-04-22 19:22:23,028 - [32mSemaExplorerCDFS[0m - [32mHey new addr ![0m[0m
[1;32;40mINFO - 2024-04-22 19:22:23,028 - [35mangr.sim_manager[0m - [35mStepping active of <SimulationManager with 2 active>[0m[0m
[1;32;40mINFO - 2024-04-22 19:22:23,085 - [37mangr.engines.engine[0m - [37mTicked state: <SimProcedure SleepEx from 0x5000c0: 1 sat>[0m[0m
[1;32;40mINFO - 2024-04-22 19:22:23,116 - [37mangr.engines.engine[0m - [37mTicked state: <IRSB from 0x401555: 2 sat>[0m[0m
[1;32;40mINFO - 2024-04-22 19:22:23,117 - [32mSemaExplorerCDFS[0m - [32mA new block of execution have been executed with changes in sim_manager.[0m[0m
[1;32;40mINFO - 2024-04-22 19:22:23,117 - [32mSemaExplorerCDFS[0m - [32mCurrently, simulation manager is :
<SimulationManager with 3 active>[0m[0m
[1;32;40mINFO - 2024-04-22 19:22:23,117 - [32mSemaExplorerCDFS[0m - [32mpause stash len :0[0m[0m
[1;32;40mINFO - 2024-04-22 19:22:23,117 - [32mSemaExplorerCDFS[0m - [32mfork_stack : 1 0x401b8b || 0x40155d[0m[0m
[1;32;40mINFO - 2024-04-22 19:22:23,117 - [32mSemaExplorerCDFS[0m - [32mHey new addr ![0m[0m
[1;32;40mINFO - 2024-04-22 19:22:23,118 - [32mSemaExplorerCDFS[0m - [32mHey new addr ![0m[0m
[1;32;40mINFO - 2024-04-22 19:22:23,118 - [35mangr.sim_manager[0m - [35mStepping active of <SimulationManager with 3 active>[0m[0m
[1;32;40mINFO - 2024-04-22 19:22:23,126 - [37mangr.engines.engine[0m - [37mTicked state: <IRSB from 0x4016a5: 1 sat>[0m[0m
[1;32;40mINFO - 2024-04-22 19:22:23,133 - [37mangr.engines.engine[0m - [37mTicked state: <IRSB from 0x401b8b: 1 sat 1 unsat>[0m[0m
[1;32;40mINFO - 2024-04-22 19:22:23,141 - [37mangr.engines.engine[0m - [37mTicked state: <IRSB from 0x40155d: 1 sat>[0m[0m
[1;32;40mINFO - 2024-04-22 19:22:23,142 - [32mSemaExplorerCDFS[0m - [32mHey new addr ![0m[0m
[1;32;40mINFO - 2024-04-22 19:22:23,142 - [35mangr.sim_manager[0m - [35mStepping active of <SimulationManager with 3 active>[0m[0m
[1;32;40mINFO - 2024-04-22 19:22:23,200 - [37mangr.engines.engine[0m - [37mTicked state: <SimProcedure SetEnvironmentVariableW from 0x500084: 1 sat>[0m[0m
[1;32;40mINFO - 2024-04-22 19:22:23,203 - [37mangr.engines.engine[0m - [37mTicked state: <IRSB from 0x401b7e: 1 sat>[0m[0m
[1;32;40mINFO - 2024-04-22 19:22:23,211 - [37mangr.engines.engine[0m - [37mTicked state: <IRSB from 0x4016a5: 1 sat>[0m[0m
[1;32;40mINFO - 2024-04-22 19:22:23,211 - [32mSemaExplorerCDFS[0m - [32mHey new addr ![0m[0m
[1;32;40mINFO - 2024-04-22 19:22:23,211 - [35mangr.sim_manager[0m - [35mStepping active of <SimulationManager with 3 active>[0m[0m
[1;32;40mINFO - 2024-04-22 19:22:23,265 - [37mangr.engines.engine[0m - [37mTicked state: <SimProcedure SleepEx from 0x5000c0: 1 sat>[0m[0m
[1;32;40mINFO - 2024-04-22 19:22:23,271 - [37mangr.engines.engine[0m - [37mTicked state: <IRSB from 0x4016ce: 1 sat>[0m[0m
[1;32;40mINFO - 2024-04-22 19:22:23,328 - [37mangr.engines.engine[0m - [37mTicked state: <SimProcedure SetEnvironmentVariableW from 0x500084: 1 sat>[0m[0m
[1;32;40mINFO - 2024-04-22 19:22:23,328 - [32mSemaExplorerCDFS[0m - [32mHey new addr ![0m[0m
[1;32;40mINFO - 2024-04-22 19:22:23,328 - [35mangr.sim_manager[0m - [35mStepping active of <SimulationManager with 3 active>[0m[0m
[1;32;40mINFO - 2024-04-22 19:22:23,335 - [37mangr.engines.engine[0m - [37mTicked state: <IRSB from 0x401b8b: 1 sat 1 unsat>[0m[0m
[1;32;40mINFO - 2024-04-22 19:22:23,338 - [37mangr.engines.engine[0m - [37mTicked state: <IRSB from 0x401175: 1 sat>[0m[0m
[1;32;40mINFO - 2024-04-22 19:22:23,343 - [37mangr.engines.engine[0m - [37mTicked state: <IRSB from 0x4016ce: 1 sat>[0m[0m
[1;32;40mINFO - 2024-04-22 19:22:23,344 - [32mSemaExplorerCDFS[0m - [32mHey new addr ![0m[0m
[1;32;40mINFO - 2024-04-22 19:22:23,344 - [35mangr.sim_manager[0m - [35mStepping active of <SimulationManager with 3 active>[0m[0m
[1;32;40mINFO - 2024-04-22 19:22:23,347 - [37mangr.engines.engine[0m - [37mTicked state: <IRSB from 0x401b7e: 1 sat>[0m[0m
[1;32;40mINFO - 2024-04-22 19:22:23,349 - [31mangr.procedures.stubs.CallReturn[0m - [31mA factory.call_state-created path returned![0m[0m
[1;32;40mINFO - 2024-04-22 19:22:23,349 - [37mangr.engines.engine[0m - [37mTicked state: <SimProcedure CallReturn from 0xb01000: empty>[0m[0m
[1;32;40mINFO - 2024-04-22 19:22:23,352 - [37mangr.engines.engine[0m - [37mTicked state: <IRSB from 0x401175: 1 sat>[0m[0m
[1;32;40mINFO - 2024-04-22 19:22:23,352 - [32mSemaExplorerCDFS[0m - [32mA new block of execution have been executed with changes in sim_manager.[0m[0m
[1;32;40mINFO - 2024-04-22 19:22:23,352 - [32mSemaExplorerCDFS[0m - [32mCurrently, simulation manager is :
<SimulationManager with 2 active, 1 deadended>[0m[0m
[1;32;40mINFO - 2024-04-22 19:22:23,352 - [32mSemaExplorerCDFS[0m - [32mpause stash len :0[0m[0m
[1;32;40mINFO - 2024-04-22 19:22:23,352 - [35mangr.sim_manager[0m - [35mStepping active of <SimulationManager with 2 active, 1 deadended>[0m[0m
[1;32;40mINFO - 2024-04-22 19:22:23,406 - [37mangr.engines.engine[0m - [37mTicked state: <SimProcedure SleepEx from 0x5000c0: 1 sat>[0m[0m
[1;32;40mINFO - 2024-04-22 19:22:23,407 - [31mangr.procedures.stubs.CallReturn[0m - [31mA factory.call_state-created path returned![0m[0m
[1;32;40mINFO - 2024-04-22 19:22:23,407 - [37mangr.engines.engine[0m - [37mTicked state: <SimProcedure CallReturn from 0xb01000: empty>[0m[0m
[1;32;40mINFO - 2024-04-22 19:22:23,408 - [32mSemaExplorerCDFS[0m - [32mA new block of execution have been executed with changes in sim_manager.[0m[0m
[1;32;40mINFO - 2024-04-22 19:22:23,408 - [32mSemaExplorerCDFS[0m - [32mCurrently, simulation manager is :
<SimulationManager with 1 active, 2 deadended>[0m[0m
[1;32;40mINFO - 2024-04-22 19:22:23,408 - [32mSemaExplorerCDFS[0m - [32mpause stash len :0[0m[0m
[1;32;40mINFO - 2024-04-22 19:22:23,408 - [35mangr.sim_manager[0m - [35mStepping active of <SimulationManager with 1 active, 2 deadended>[0m[0m
[1;32;40mINFO - 2024-04-22 19:22:23,415 - [37mangr.engines.engine[0m - [37mTicked state: <IRSB from 0x401b8b: 1 sat 1 unsat>[0m[0m
[1;32;40mINFO - 2024-04-22 19:22:23,415 - [35mangr.sim_manager[0m - [35mStepping active of <SimulationManager with 1 active, 2 deadended>[0m[0m
[1;32;40mINFO - 2024-04-22 19:22:23,418 - [37mangr.engines.engine[0m - [37mTicked state: <IRSB from 0x401b7e: 1 sat>[0m[0m
[1;32;40mINFO - 2024-04-22 19:22:23,418 - [35mangr.sim_manager[0m - [35mStepping active of <SimulationManager with 1 active, 2 deadended>[0m[0m
[1;32;40mINFO - 2024-04-22 19:22:23,473 - [37mangr.engines.engine[0m - [37mTicked state: <SimProcedure SleepEx from 0x5000c0: 1 sat>[0m[0m
[1;32;40mINFO - 2024-04-22 19:22:23,473 - [35mangr.sim_manager[0m - [35mStepping active of <SimulationManager with 1 active, 2 deadended>[0m[0m
[1;32;40mINFO - 2024-04-22 19:22:23,480 - [37mangr.engines.engine[0m - [37mTicked state: <IRSB from 0x401b8b: 1 sat 1 unsat>[0m[0m
[1;32;40mINFO - 2024-04-22 19:22:23,481 - [35mangr.sim_manager[0m - [35mStepping active of <SimulationManager with 1 active, 2 deadended>[0m[0m
[1;32;40mINFO - 2024-04-22 19:22:23,483 - [37mangr.engines.engine[0m - [37mTicked state: <IRSB from 0x401b7e: 1 sat>[0m[0m
[1;32;40mINFO - 2024-04-22 19:22:23,484 - [35mangr.sim_manager[0m - [35mStepping active of <SimulationManager with 1 active, 2 deadended>[0m[0m
[1;32;40mINFO - 2024-04-22 19:22:23,536 - [37mangr.engines.engine[0m - [37mTicked state: <SimProcedure SleepEx from 0x5000c0: 1 sat>[0m[0m
[1;32;40mINFO - 2024-04-22 19:22:23,537 - [35mangr.sim_manager[0m - [35mStepping active of <SimulationManager with 1 active, 2 deadended>[0m[0m
[1;32;40mINFO - 2024-04-22 19:22:23,544 - [37mangr.engines.engine[0m - [37mTicked state: <IRSB from 0x401b8b: 1 sat 1 unsat>[0m[0m
[1;32;40mINFO - 2024-04-22 19:22:23,544 - [35mangr.sim_manager[0m - [35mStepping active of <SimulationManager with 1 active, 2 deadended>[0m[0m
[1;32;40mINFO - 2024-04-22 19:22:23,547 - [37mangr.engines.engine[0m - [37mTicked state: <IRSB from 0x401b7e: 1 sat>[0m[0m
[1;32;40mINFO - 2024-04-22 19:22:23,547 - [35mangr.sim_manager[0m - [35mStepping active of <SimulationManager with 1 active, 2 deadended>[0m[0m
[1;32;40mINFO - 2024-04-22 19:22:23,599 - [37mangr.engines.engine[0m - [37mTicked state: <SimProcedure SleepEx from 0x5000c0: 1 sat>[0m[0m
[1;32;40mINFO - 2024-04-22 19:22:23,600 - [35mangr.sim_manager[0m - [35mStepping active of <SimulationManager with 1 active, 2 deadended>[0m[0m
[1;32;40mINFO - 2024-04-22 19:22:23,607 - [37mangr.engines.engine[0m - [37mTicked state: <IRSB from 0x401b8b: 1 sat 1 unsat>[0m[0m
[1;32;40mINFO - 2024-04-22 19:22:23,607 - [35mangr.sim_manager[0m - [35mStepping active of <SimulationManager with 1 active, 2 deadended>[0m[0m
[1;32;40mINFO - 2024-04-22 19:22:23,610 - [37mangr.engines.engine[0m - [37mTicked state: <IRSB from 0x401b7e: 1 sat>[0m[0m
[1;32;40mINFO - 2024-04-22 19:22:23,610 - [35mangr.sim_manager[0m - [35mStepping active of <SimulationManager with 1 active, 2 deadended>[0m[0m
[1;32;40mINFO - 2024-04-22 19:22:23,662 - [37mangr.engines.engine[0m - [37mTicked state: <SimProcedure SleepEx from 0x5000c0: 1 sat>[0m[0m
[1;32;40mINFO - 2024-04-22 19:22:23,662 - [35mangr.sim_manager[0m - [35mStepping active of <SimulationManager with 1 active, 2 deadended>[0m[0m
[1;32;40mINFO - 2024-04-22 19:22:23,669 - [37mangr.engines.engine[0m - [37mTicked state: <IRSB from 0x401b8b: 1 sat 1 unsat>[0m[0m
[1;32;40mINFO - 2024-04-22 19:22:23,669 - [32mSemaExplorerCDFS[0m - [32mHey new addr ![0m[0m
[1;32;40mINFO - 2024-04-22 19:22:23,670 - [35mangr.sim_manager[0m - [35mStepping active of <SimulationManager with 1 active, 2 deadended>[0m[0m
[1;32;40mINFO - 2024-04-22 19:22:23,691 - [37mangr.engines.engine[0m - [37mTicked state: <IRSB from 0x401ba9: 1 sat>[0m[0m
[1;32;40mINFO - 2024-04-22 19:22:23,692 - [32mSemaExplorerCDFS[0m - [32mHey new addr ![0m[0m
[1;32;40mINFO - 2024-04-22 19:22:23,692 - [35mangr.sim_manager[0m - [35mStepping active of <SimulationManager with 1 active, 2 deadended>[0m[0m
[1;32;40mINFO - 2024-04-22 19:22:23,755 - [37mangr.engines.engine[0m - [37mTicked state: <SimProcedure GetModuleHandleW from 0x50006c: 1 sat>[0m[0m
[1;32;40mINFO - 2024-04-22 19:22:23,755 - [32mSemaExplorerCDFS[0m - [32mHey new addr ![0m[0m
[1;32;40mINFO - 2024-04-22 19:22:23,755 - [35mangr.sim_manager[0m - [35mStepping active of <SimulationManager with 1 active, 2 deadended>[0m[0m
[1;32;40mINFO - 2024-04-22 19:22:23,790 - [37mangr.engines.engine[0m - [37mTicked state: <IRSB from 0x401c27: 1 sat>[0m[0m
[1;32;40mINFO - 2024-04-22 19:22:23,790 - [32mSemaExplorerCDFS[0m - [32mHey new addr ![0m[0m
[1;32;40mINFO - 2024-04-22 19:22:23,790 - [35mangr.sim_manager[0m - [35mStepping active of <SimulationManager with 1 active, 2 deadended>[0m[0m
[1;32;40mINFO - 2024-04-22 19:22:23,853 - [37mangr.engines.engine[0m - [37mTicked state: <SimProcedure GetProcAddress from 0x5000a0: 1 sat>[0m[0m
[1;32;40mINFO - 2024-04-22 19:22:23,853 - [32mSemaExplorerCDFS[0m - [32mHey new addr ![0m[0m
[1;32;40mINFO - 2024-04-22 19:22:23,853 - [35mangr.sim_manager[0m - [35mStepping active of <SimulationManager with 1 active, 2 deadended>[0m[0m
[1;32;40mINFO - 2024-04-22 19:22:23,863 - [37mangr.engines.engine[0m - [37mTicked state: <IRSB from 0x401cfe: 1 sat>[0m[0m
[1;32;40mINFO - 2024-04-22 19:22:23,864 - [35mangr.sim_manager[0m - [35mStepping active of <SimulationManager with 1 active, 2 deadended>[0m[0m
[1;32;40mINFO - 2024-04-22 19:22:23,925 - [37mangr.engines.engine[0m - [37mTicked state: <SimProcedure GetProcAddress from 0x5000a0: 1 sat>[0m[0m
[1;32;40mINFO - 2024-04-22 19:22:23,925 - [32mSemaExplorerCDFS[0m - [32mHey new addr ![0m[0m
[1;32;40mINFO - 2024-04-22 19:22:23,925 - [35mangr.sim_manager[0m - [35mStepping active of <SimulationManager with 1 active, 2 deadended>[0m[0m
[1;32;40mINFO - 2024-04-22 19:22:23,942 - [37mangr.engines.engine[0m - [37mTicked state: <IRSB from 0x401d3c: 1 sat>[0m[0m
[1;32;40mINFO - 2024-04-22 19:22:23,942 - [35mangr.sim_manager[0m - [35mStepping active of <SimulationManager with 1 active, 2 deadended>[0m[0m
[1;32;40mINFO - 2024-04-22 19:22:24,003 - [37mangr.engines.engine[0m - [37mTicked state: <SimProcedure GetProcAddress from 0x5000a0: 1 sat>[0m[0m
[1;32;40mINFO - 2024-04-22 19:22:24,004 - [32mSemaExplorerCDFS[0m - [32mHey new addr ![0m[0m
[1;32;40mINFO - 2024-04-22 19:22:24,004 - [35mangr.sim_manager[0m - [35mStepping active of <SimulationManager with 1 active, 2 deadended>[0m[0m
[1;32;40mINFO - 2024-04-22 19:22:24,020 - [37mangr.engines.engine[0m - [37mTicked state: <IRSB from 0x401d90: 1 sat>[0m[0m
[1;32;40mINFO - 2024-04-22 19:22:24,020 - [32mSemaExplorerCDFS[0m - [32mHey new addr ![0m[0m
[1;32;40mINFO - 2024-04-22 19:22:24,020 - [35mangr.sim_manager[0m - [35mStepping active of <SimulationManager with 1 active, 2 deadended>[0m[0m
[1;33;40mWARNING - 2024-04-22 19:22:24,112 - [34mangr.project[0m - [34mAddress is already hooked, during hook(0x500028, <SimProcedure DragQueryFileA>). Not re-hooking.[0m[0m
[1;33;40mWARNING - 2024-04-22 19:22:24,113 - [34mangr.project[0m - [34mAddress is already hooked, during hook(0x50004c, <SimProcedure DragFinish>). Not re-hooking.[0m[0m
[1;33;40mWARNING - 2024-04-22 19:22:24,113 - [34mangr.project[0m - [34mAddress is already hooked, during hook(0x500024, <SimProcedure SHFileOperationA>). Not re-hooking.[0m[0m
[1;33;40mWARNING - 2024-04-22 19:22:24,113 - [34mangr.project[0m - [34mAddress is already hooked, during hook(0x50001c, <SimProcedure SHGetFileInfoA>). Not re-hooking.[0m[0m
[1;33;40mWARNING - 2024-04-22 19:22:24,113 - [34mangr.project[0m - [34mAddress is already hooked, during hook(0x500018, <SimProcedure ShellAboutA>). Not re-hooking.[0m[0m
[1;33;40mWARNING - 2024-04-22 19:22:24,114 - [34mangr.project[0m - [34mAddress is already hooked, during hook(0x500020, <SimProcedure StrChrA>). Not re-hooking.[0m[0m
[1;33;40mWARNING - 2024-04-22 19:22:24,114 - [34mangr.project[0m - [34mAddress is already hooked, during hook(0x500010, <SimProcedure DragAcceptFiles>). Not re-hooking.[0m[0m
[1;33;40mWARNING - 2024-04-22 19:22:24,114 - [34mangr.project[0m - [34mAddress is already hooked, during hook(0x500038, <SimProcedure FindExecutableA>). Not re-hooking.[0m[0m
[1;33;40mWARNING - 2024-04-22 19:22:24,114 - [34mangr.project[0m - [34mAddress is already hooked, during hook(0x50003c, <SimProcedure SHGetDesktopFolder>). Not re-hooking.[0m[0m
[1;33;40mWARNING - 2024-04-22 19:22:24,114 - [34mangr.project[0m - [34mAddress is already hooked, during hook(0x500048, <SimProcedure SHGetMalloc>). Not re-hooking.[0m[0m
[1;33;40mWARNING - 2024-04-22 19:22:24,115 - [34mangr.project[0m - [34mAddress is already hooked, during hook(0x500044, <SimProcedure SHGetFolderPathA>). Not re-hooking.[0m[0m
[1;33;40mWARNING - 2024-04-22 19:22:24,115 - [34mangr.project[0m - [34mAddress is already hooked, during hook(0x500014, <SimProcedure SHCreateShellItem>). Not re-hooking.[0m[0m
[1;33;40mWARNING - 2024-04-22 19:22:24,400 - [34mangr.project[0m - [34mAddress is already hooked, during hook(0x5000c4, <SimProcedure InterlockedDecrement>). Not re-hooking.[0m[0m
[1;33;40mWARNING - 2024-04-22 19:22:24,400 - [34mangr.project[0m - [34mAddress is already hooked, during hook(0x601014, <SimProcedure KiUserExceptionDispatcher>). Not re-hooking.[0m[0m
[1;32;40mINFO - 2024-04-22 19:22:24,402 - [37mangr.engines.engine[0m - [37mTicked state: <SimProcedure LoadLibraryA from 0x601034: 1 sat>[0m[0m
[1;32;40mINFO - 2024-04-22 19:22:24,402 - [32mSemaExplorerCDFS[0m - [32mHey new addr ![0m[0m
[1;32;40mINFO - 2024-04-22 19:22:24,403 - [35mangr.sim_manager[0m - [35mStepping active of <SimulationManager with 1 active, 2 deadended>[0m[0m
[1;32;40mINFO - 2024-04-22 19:22:24,411 - [37mangr.engines.engine[0m - [37mTicked state: <IRSB from 0x401dd9: 1 sat>[0m[0m
[1;32;40mINFO - 2024-04-22 19:22:24,411 - [32mSemaExplorerCDFS[0m - [32mHey new addr ![0m[0m
[1;32;40mINFO - 2024-04-22 19:22:24,411 - [35mangr.sim_manager[0m - [35mStepping active of <SimulationManager with 1 active, 2 deadended>[0m[0m
[1;32;40mINFO - 2024-04-22 19:22:24,469 - [37mangr.engines.engine[0m - [37mTicked state: <SimProcedure GetEnvironmentVariableA from 0x50007c: 1 sat>[0m[0m
[1;32;40mINFO - 2024-04-22 19:22:24,470 - [32mSemaExplorerCDFS[0m - [32mHey new addr ![0m[0m
[1;32;40mINFO - 2024-04-22 19:22:24,470 - [35mangr.sim_manager[0m - [35mStepping active of <SimulationManager with 1 active, 2 deadended>[0m[0m
[1;32;40mINFO - 2024-04-22 19:22:24,501 - [37mangr.engines.engine[0m - [37mTicked state: <IRSB from 0x401e0b: 2 sat>[0m[0m
[1;32;40mINFO - 2024-04-22 19:22:24,501 - [32mSemaExplorerCDFS[0m - [32mA new block of execution have been executed with changes in sim_manager.[0m[0m
[1;32;40mINFO - 2024-04-22 19:22:24,501 - [32mSemaExplorerCDFS[0m - [32mCurrently, simulation manager is :
<SimulationManager with 2 active, 2 deadended>[0m[0m
[1;32;40mINFO - 2024-04-22 19:22:24,501 - [32mSemaExplorerCDFS[0m - [32mpause stash len :0[0m[0m
[1;32;40mINFO - 2024-04-22 19:22:24,501 - [32mSemaExplorerCDFS[0m - [32mfork_stack : 1 0x401e14 || 0x401175[0m[0m
[1;32;40mINFO - 2024-04-22 19:22:24,502 - [32mSemaExplorerCDFS[0m - [32mHey new addr ![0m[0m
[1;32;40mINFO - 2024-04-22 19:22:24,502 - [35mangr.sim_manager[0m - [35mStepping active of <SimulationManager with 2 active, 2 deadended>[0m[0m
[1;32;40mINFO - 2024-04-22 19:22:24,506 - [37mangr.engines.engine[0m - [37mTicked state: <IRSB from 0x401e14: 1 sat>[0m[0m
[1;32;40mINFO - 2024-04-22 19:22:24,509 - [37mangr.engines.engine[0m - [37mTicked state: <IRSB from 0x401175: 1 sat>[0m[0m
[1;32;40mINFO - 2024-04-22 19:22:24,509 - [35mangr.sim_manager[0m - [35mStepping active of <SimulationManager with 2 active, 2 deadended>[0m[0m
[1;32;40mINFO - 2024-04-22 19:22:24,566 - [37mangr.engines.engine[0m - [37mTicked state: <SimProcedure SetEnvironmentVariableW from 0x500084: 1 sat>[0m[0m
[1;32;40mINFO - 2024-04-22 19:22:24,571 - [31mangr.procedures.stubs.CallReturn[0m - [31mA factory.call_state-created path returned![0m[0m
[1;32;40mINFO - 2024-04-22 19:22:24,572 - [37mangr.engines.engine[0m - [37mTicked state: <SimProcedure CallReturn from 0xb01000: empty>[0m[0m
[1;32;40mINFO - 2024-04-22 19:22:24,572 - [32mSemaExplorerCDFS[0m - [32mA new block of execution have been executed with changes in sim_manager.[0m[0m
[1;32;40mINFO - 2024-04-22 19:22:24,572 - [32mSemaExplorerCDFS[0m - [32mCurrently, simulation manager is :
<SimulationManager with 1 active, 3 deadended>[0m[0m
[1;32;40mINFO - 2024-04-22 19:22:24,572 - [32mSemaExplorerCDFS[0m - [32mpause stash len :0[0m[0m
[1;32;40mINFO - 2024-04-22 19:22:24,572 - [32mSemaExplorerCDFS[0m - [32mHey new addr ![0m[0m
[1;32;40mINFO - 2024-04-22 19:22:24,573 - [35mangr.sim_manager[0m - [35mStepping active of <SimulationManager with 1 active, 3 deadended>[0m[0m
[1;32;40mINFO - 2024-04-22 19:22:24,576 - [37mangr.engines.engine[0m - [37mTicked state: <IRSB from 0x401e26: 1 sat>[0m[0m
[1;32;40mINFO - 2024-04-22 19:22:24,577 - [32mSemaExplorerCDFS[0m - [32mHey new addr ![0m[0m
[1;32;40mINFO - 2024-04-22 19:22:24,577 - [35mangr.sim_manager[0m - [35mStepping active of <SimulationManager with 1 active, 3 deadended>[0m[0m
[1;32;40mINFO - 2024-04-22 19:22:24,579 - [37mangr.engines.engine[0m - [37mTicked state: <SimProcedure SetErrorMode from 0x5000bc: 1 sat>[0m[0m
[1;32;40mINFO - 2024-04-22 19:22:24,579 - [32mSemaExplorerCDFS[0m - [32mHey new addr ![0m[0m
[1;32;40mINFO - 2024-04-22 19:22:24,579 - [35mangr.sim_manager[0m - [35mStepping active of <SimulationManager with 1 active, 3 deadended>[0m[0m
[1;32;40mINFO - 2024-04-22 19:22:24,606 - [37mangr.engines.engine[0m - [37mTicked state: <IRSB from 0x401e36: 1 sat>[0m[0m
[1;32;40mINFO - 2024-04-22 19:22:24,606 - [32mSemaExplorerCDFS[0m - [32mHey new addr ![0m[0m
[1;32;40mINFO - 2024-04-22 19:22:24,607 - [35mangr.sim_manager[0m - [35mStepping active of <SimulationManager with 1 active, 3 deadended>[0m[0m
[1;32;40mINFO - 2024-04-22 19:22:24,610 - [37mangr.engines.engine[0m - [37mTicked state: <SimProcedure WriteProcessMemory from 0x60102c: 1 sat>[0m[0m
[1;32;40mINFO - 2024-04-22 19:22:24,610 - [32mSemaExplorerCDFS[0m - [32mHey new addr ![0m[0m
[1;32;40mINFO - 2024-04-22 19:22:24,610 - [35mangr.sim_manager[0m - [35mStepping active of <SimulationManager with 1 active, 3 deadended>[0m[0m
[1;32;40mINFO - 2024-04-22 19:22:24,617 - [37mangr.engines.engine[0m - [37mTicked state: <IRSB from 0x401eb9: 1 sat 1 unsat>[0m[0m
[1;32;40mINFO - 2024-04-22 19:22:24,617 - [35mangr.sim_manager[0m - [35mStepping active of <SimulationManager with 1 active, 3 deadended>[0m[0m
[1;32;40mINFO - 2024-04-22 19:22:24,620 - [37mangr.engines.engine[0m - [37mTicked state: <IRSB from 0x401175: 1 sat>[0m[0m
[1;32;40mINFO - 2024-04-22 19:22:24,620 - [35mangr.sim_manager[0m - [35mStepping active of <SimulationManager with 1 active, 3 deadended>[0m[0m
[1;32;40mINFO - 2024-04-22 19:22:24,621 - [31mangr.procedures.stubs.CallReturn[0m - [31mA factory.call_state-created path returned![0m[0m
[1;32;40mINFO - 2024-04-22 19:22:24,622 - [37mangr.engines.engine[0m - [37mTicked state: <SimProcedure CallReturn from 0xb01000: empty>[0m[0m
[1;32;40mINFO - 2024-04-22 19:22:24,622 - [32mSemaExplorerCDFS[0m - [32mA new block of execution have been executed with changes in sim_manager.[0m[0m
[1;32;40mINFO - 2024-04-22 19:22:24,622 - [32mSemaExplorerCDFS[0m - [32mCurrently, simulation manager is :
<SimulationManager with 4 deadended>[0m[0m
[1;32;40mINFO - 2024-04-22 19:22:24,622 - [32mSemaExplorerCDFS[0m - [32mpause stash len :0[0m[0m
[1;32;40mINFO - 2024-04-22 19:22:24,622 - [32mSemaExplorerCDFS[0m - [32mlen(simgr.active) <= 0 or deadended >= self.max_end_state)[0m[0m
