[1;32;40mINFO - 2024-04-22 19:31:53,653 - [34mangr.project[0m - [34mLoading binary database/Binaries/malware-win/train/upatre/0182f3678b68e9f98ad57df0786b06a8[0m[0m
[1;33;40mWARNING - 2024-04-22 19:31:53,674 - [34mangr.project[0m - [34mDisabling IRSB translation cache because support for self-modifying code is enabled.[0m[0m
[1;32;40mINFO - 2024-04-22 19:31:53,675 - [34mangr.project[0m - [34mUsing builtin SimProcedure for unresolved GetLastError from kernel32.dll[0m[0m
[1;32;40mINFO - 2024-04-22 19:31:53,675 - [34mangr.project[0m - [34mUsing builtin SimProcedure for unresolved lstrcpyA from kernel32.dll[0m[0m
[1;32;40mINFO - 2024-04-22 19:31:53,676 - [34mangr.project[0m - [34mUsing builtin SimProcedure for unresolved GetModuleHandleA from kernel32.dll[0m[0m
[1;32;40mINFO - 2024-04-22 19:31:53,676 - [34mangr.project[0m - [34mUsing builtin SimProcedure for unresolved GetCommandLineA from kernel32.dll[0m[0m
[1;32;40mINFO - 2024-04-22 19:31:53,677 - [34mangr.project[0m - [34mUsing builtin SimProcedure for unresolved FindFirstFileA from kernel32.dll[0m[0m
[1;32;40mINFO - 2024-04-22 19:31:53,677 - [34mangr.project[0m - [34mUsing builtin SimProcedure for unresolved FormatMessageA from kernel32.dll[0m[0m
[1;32;40mINFO - 2024-04-22 19:31:53,678 - [34mangr.project[0m - [34mUsing builtin SimProcedure for unresolved FindClose from kernel32.dll[0m[0m
[1;32;40mINFO - 2024-04-22 19:31:53,678 - [34mangr.project[0m - [34mUsing builtin SimProcedure for unresolved FindNextFileA from kernel32.dll[0m[0m
[1;32;40mINFO - 2024-04-22 19:31:53,679 - [34mangr.project[0m - [34mUsing builtin SimProcedure for unresolved DeleteFileA from kernel32.dll[0m[0m
[1;32;40mINFO - 2024-04-22 19:31:53,679 - [34mangr.project[0m - [34mUsing builtin SimProcedure for unresolved CloseHandle from kernel32.dll[0m[0m
[1;32;40mINFO - 2024-04-22 19:31:53,680 - [34mangr.project[0m - [34mUsing builtin SimProcedure for unresolved GetACP from kernel32.dll[0m[0m
[1;32;40mINFO - 2024-04-22 19:31:53,680 - [34mangr.project[0m - [34mUsing builtin SimProcedure for unresolved CreateFileA from kernel32.dll[0m[0m
[1;32;40mINFO - 2024-04-22 19:31:53,681 - [34mangr.project[0m - [34mUsing builtin SimProcedure for unresolved CreateFontIndirectA from gdi32.dll[0m[0m
[1;32;40mINFO - 2024-04-22 19:31:53,681 - [34mangr.project[0m - [34mUsing builtin SimProcedure for unresolved PostQuitMessage from user32.dll[0m[0m
[1;32;40mINFO - 2024-04-22 19:31:53,682 - [34mangr.project[0m - [34mUsing builtin SimProcedure for unresolved GetMessageA from user32.dll[0m[0m
[1;32;40mINFO - 2024-04-22 19:31:53,682 - [34mangr.project[0m - [34mUsing builtin SimProcedure for unresolved UpdateWindow from user32.dll[0m[0m
[1;32;40mINFO - 2024-04-22 19:31:53,683 - [34mangr.project[0m - [34mUsing builtin SimProcedure for unresolved EndPaint from user32.dll[0m[0m
[1;32;40mINFO - 2024-04-22 19:31:53,683 - [34mangr.project[0m - [34mUsing builtin SimProcedure for unresolved DispatchMessageA from user32.dll[0m[0m
[1;32;40mINFO - 2024-04-22 19:31:53,683 - [34mangr.project[0m - [34mUsing builtin SimProcedure for unresolved BeginPaint from user32.dll[0m[0m
[1;32;40mINFO - 2024-04-22 19:31:53,684 - [34mangr.project[0m - [34mUsing builtin SimProcedure for unresolved TranslateMessage from user32.dll[0m[0m
[1;32;40mINFO - 2024-04-22 19:31:53,684 - [34mangr.project[0m - [34mUsing builtin SimProcedure for unresolved MoveWindow from user32.dll[0m[0m
[1;32;40mINFO - 2024-04-22 19:31:53,685 - [34mangr.project[0m - [34mUsing builtin SimProcedure for unresolved CreateWindowExA from user32.dll[0m[0m
[1;32;40mINFO - 2024-04-22 19:31:53,686 - [34mangr.project[0m - [34mUsing builtin SimProcedure for unresolved RegisterClassExA from user32.dll[0m[0m
[1;32;40mINFO - 2024-04-22 19:31:53,686 - [34mangr.project[0m - [34mUsing builtin SimProcedure for unresolved DefWindowProcA from user32.dll[0m[0m
[1;32;40mINFO - 2024-04-22 19:31:53,687 - [34mangr.project[0m - [34mUsing builtin SimProcedure for unresolved MessageBoxA from user32.dll[0m[0m
[1;32;40mINFO - 2024-04-22 19:31:53,687 - [34mangr.project[0m - [34mUsing builtin SimProcedure for unresolved SendMessageA from user32.dll[0m[0m
[1;32;40mINFO - 2024-04-22 19:31:53,688 - [34mangr.project[0m - [34mUsing builtin SimProcedure for unresolved DestroyWindow from user32.dll[0m[0m
[1;32;40mINFO - 2024-04-22 19:31:53,688 - [34mangr.project[0m - [34mUsing builtin SimProcedure for unresolved LoadCursorA from user32.dll[0m[0m
[1;32;40mINFO - 2024-04-22 19:31:53,689 - [34mangr.project[0m - [34mUsing builtin SimProcedure for unresolved LoadIconA from user32.dll[0m[0m
[1;32;40mINFO - 2024-04-22 19:31:53,689 - [34mangr.project[0m - [34mUsing builtin SimProcedure for unresolved ShowWindow from user32.dll[0m[0m
[1;32;40mINFO - 2024-04-22 19:31:53,689 - [34mangr.project[0m - [34mUsing builtin SimProcedure for unresolved GetWindowRect from user32.dll[0m[0m
[1;33;40mWARNING - 2024-04-22 19:31:53,714 - [31mpyvex.lifting.gym.x86_spotter[0m - [31mThe generalized AAM instruction is not supported by VEX, and is handled specially by pyvex. It has no flag handling at present.  See pyvex/lifting/gym/x86_spotter.py for details[0m[0m
[1;33;40mWARNING - 2024-04-22 19:31:53,727 - [31mpyvex.lifting.gym.x86_spotter[0m - [31mThe generalized AAM instruction is not supported by VEX, and is handled specially by pyvex. It has no flag handling at present.  See pyvex/lifting/gym/x86_spotter.py for details[0m[0m
[1;33;40mWARNING - 2024-04-22 19:31:53,733 - [31mpyvex.lifting.gym.x86_spotter[0m - [31mThe generalized AAM instruction is not supported by VEX, and is handled specially by pyvex. It has no flag handling at present.  See pyvex/lifting/gym/x86_spotter.py for details[0m[0m
[1;33;40mWARNING - 2024-04-22 19:31:53,738 - [31mpyvex.lifting.gym.x86_spotter[0m - [31mThe generalized AAM instruction is not supported by VEX, and is handled specially by pyvex. It has no flag handling at present.  See pyvex/lifting/gym/x86_spotter.py for details[0m[0m
[1;33;40mWARNING - 2024-04-22 19:31:53,739 - [31mpyvex.lifting.gym.x86_spotter[0m - [31mThe generalized AAM instruction is not supported by VEX, and is handled specially by pyvex. It has no flag handling at present.  See pyvex/lifting/gym/x86_spotter.py for details[0m[0m
[1;32;40mINFO - 2024-04-22 19:31:53,741 - [34mpyvex.lifting.libvex[0m - [34munhandled opc_aux = 0x 4
first_opcode == 0xDB
[0m[0m
[1;33;40mWARNING - 2024-04-22 19:31:53,743 - [31mpyvex.lifting.gym.x86_spotter[0m - [31mThe generalized AAM instruction is not supported by VEX, and is handled specially by pyvex. It has no flag handling at present.  See pyvex/lifting/gym/x86_spotter.py for details[0m[0m
[1;33;40mWARNING - 2024-04-22 19:31:53,748 - [31mpyvex.lifting.gym.x86_spotter[0m - [31mThe generalized AAM instruction is not supported by VEX, and is handled specially by pyvex. It has no flag handling at present.  See pyvex/lifting/gym/x86_spotter.py for details[0m[0m
[1;33;40mWARNING - 2024-04-22 19:31:53,756 - [31mpyvex.lifting.gym.x86_spotter[0m - [31mThe generalized AAM instruction is not supported by VEX, and is handled specially by pyvex. It has no flag handling at present.  See pyvex/lifting/gym/x86_spotter.py for details[0m[0m
[1;33;40mWARNING - 2024-04-22 19:31:53,777 - [31mpyvex.lifting.gym.x86_spotter[0m - [31mThe generalized AAM instruction is not supported by VEX, and is handled specially by pyvex. It has no flag handling at present.  See pyvex/lifting/gym/x86_spotter.py for details[0m[0m
[1;33;40mWARNING - 2024-04-22 19:31:53,779 - [31mpyvex.lifting.gym.x86_spotter[0m - [31mThe generalized AAM instruction is not supported by VEX, and is handled specially by pyvex. It has no flag handling at present.  See pyvex/lifting/gym/x86_spotter.py for details[0m[0m
[1;32;40mINFO - 2024-04-22 19:31:53,781 - [34mpyvex.lifting.libvex[0m - [34munhandled opc_aux = 0x 6
first_opcode == 0xDF
[0m[0m
[1;33;40mWARNING - 2024-04-22 19:31:53,793 - [31mpyvex.lifting.gym.x86_spotter[0m - [31mThe generalized AAM instruction is not supported by VEX, and is handled specially by pyvex. It has no flag handling at present.  See pyvex/lifting/gym/x86_spotter.py for details[0m[0m
[1;33;40mWARNING - 2024-04-22 19:31:53,794 - [31mpyvex.lifting.gym.x86_spotter[0m - [31mThe generalized AAM instruction is not supported by VEX, and is handled specially by pyvex. It has no flag handling at present.  See pyvex/lifting/gym/x86_spotter.py for details[0m[0m
[1;33;40mWARNING - 2024-04-22 19:31:53,797 - [31mpyvex.lifting.gym.x86_spotter[0m - [31mThe generalized AAM instruction is not supported by VEX, and is handled specially by pyvex. It has no flag handling at present.  See pyvex/lifting/gym/x86_spotter.py for details[0m[0m
[1;33;40mWARNING - 2024-04-22 19:31:53,798 - [31mpyvex.lifting.gym.x86_spotter[0m - [31mThe generalized AAM instruction is not supported by VEX, and is handled specially by pyvex. It has no flag handling at present.  See pyvex/lifting/gym/x86_spotter.py for details[0m[0m
[1;33;40mWARNING - 2024-04-22 19:31:53,798 - [31mpyvex.lifting.gym.x86_spotter[0m - [31mThe generalized AAM instruction is not supported by VEX, and is handled specially by pyvex. It has no flag handling at present.  See pyvex/lifting/gym/x86_spotter.py for details[0m[0m
[1;33;40mWARNING - 2024-04-22 19:31:53,808 - [31mpyvex.lifting.gym.x86_spotter[0m - [31mThe generalized AAM instruction is not supported by VEX, and is handled specially by pyvex. It has no flag handling at present.  See pyvex/lifting/gym/x86_spotter.py for details[0m[0m
[1;33;40mWARNING - 2024-04-22 19:31:53,811 - [31mpyvex.lifting.gym.x86_spotter[0m - [31mThe generalized AAM instruction is not supported by VEX, and is handled specially by pyvex. It has no flag handling at present.  See pyvex/lifting/gym/x86_spotter.py for details[0m[0m
[1;33;40mWARNING - 2024-04-22 19:31:53,815 - [31mpyvex.lifting.gym.x86_spotter[0m - [31mThe generalized AAM instruction is not supported by VEX, and is handled specially by pyvex. It has no flag handling at present.  See pyvex/lifting/gym/x86_spotter.py for details[0m[0m
[1;33;40mWARNING - 2024-04-22 19:31:53,818 - [31mpyvex.lifting.gym.x86_spotter[0m - [31mThe generalized AAM instruction is not supported by VEX, and is handled specially by pyvex. It has no flag handling at present.  See pyvex/lifting/gym/x86_spotter.py for details[0m[0m
[1;33;40mWARNING - 2024-04-22 19:31:53,821 - [31mpyvex.lifting.gym.x86_spotter[0m - [31mThe generalized AAM instruction is not supported by VEX, and is handled specially by pyvex. It has no flag handling at present.  See pyvex/lifting/gym/x86_spotter.py for details[0m[0m
[1;33;40mWARNING - 2024-04-22 19:31:53,839 - [31mpyvex.lifting.gym.x86_spotter[0m - [31mThe generalized AAM instruction is not supported by VEX, and is handled specially by pyvex. It has no flag handling at present.  See pyvex/lifting/gym/x86_spotter.py for details[0m[0m
[1;33;40mWARNING - 2024-04-22 19:31:53,846 - [31mpyvex.lifting.gym.x86_spotter[0m - [31mThe generalized AAM instruction is not supported by VEX, and is handled specially by pyvex. It has no flag handling at present.  See pyvex/lifting/gym/x86_spotter.py for details[0m[0m
[1;33;40mWARNING - 2024-04-22 19:31:53,859 - [31mpyvex.lifting.gym.x86_spotter[0m - [31mThe generalized AAM instruction is not supported by VEX, and is handled specially by pyvex. It has no flag handling at present.  See pyvex/lifting/gym/x86_spotter.py for details[0m[0m
[1;33;40mWARNING - 2024-04-22 19:31:57,828 - [34mangr.project[0m - [34mAddress is already hooked, during hook(0x600030, <SimProcedure CreateFontIndirectA>). Not re-hooking.[0m[0m
[1;33;40mWARNING - 2024-04-22 19:31:58,035 - [34mangr.project[0m - [34mAddress is already hooked, during hook(0x701014, <SimProcedure KiUserExceptionDispatcher>). Not re-hooking.[0m[0m
[1;33;40mWARNING - 2024-04-22 19:31:58,036 - [34mangr.project[0m - [34mAddress 0x500000 not hooked[0m[0m
[1;33;40mWARNING - 2024-04-22 19:31:58,041 - [34mangr.project[0m - [34mAddress is already hooked, during hook(0x600064, <SimProcedure SendMessageA>). Re-hooking.[0m[0m
[1;33;40mWARNING - 2024-04-22 19:31:58,042 - [34mangr.project[0m - [34mAddress is already hooked, during hook(0x600064, <SimProcedure SendMessageA>). Re-hooking.[0m[0m
[1;33;40mWARNING - 2024-04-22 19:31:58,042 - [34mangr.project[0m - [34mAddress is already hooked, during hook(0x60003c, <SimProcedure UpdateWindow>). Re-hooking.[0m[0m
[1;33;40mWARNING - 2024-04-22 19:31:58,043 - [34mangr.project[0m - [34mAddress is already hooked, during hook(0x60003c, <SimProcedure UpdateWindow>). Re-hooking.[0m[0m
[1;33;40mWARNING - 2024-04-22 19:31:58,043 - [34mangr.project[0m - [34mAddress is already hooked, during hook(0x600050, <SimProcedure MoveWindow>). Re-hooking.[0m[0m
[1;33;40mWARNING - 2024-04-22 19:31:58,044 - [34mangr.project[0m - [34mAddress is already hooked, during hook(0x600050, <SimProcedure MoveWindow>). Re-hooking.[0m[0m
[1;33;40mWARNING - 2024-04-22 19:31:58,045 - [34mangr.project[0m - [34mAddress is already hooked, during hook(0x600068, <SimProcedure DestroyWindow>). Re-hooking.[0m[0m
[1;33;40mWARNING - 2024-04-22 19:31:58,045 - [34mangr.project[0m - [34mAddress is already hooked, during hook(0x600068, <SimProcedure DestroyWindow>). Re-hooking.[0m[0m
[1;33;40mWARNING - 2024-04-22 19:31:58,046 - [34mangr.project[0m - [34mAddress is already hooked, during hook(0x600078, <SimProcedure GetWindowRect>). Re-hooking.[0m[0m
[1;33;40mWARNING - 2024-04-22 19:31:58,046 - [34mangr.project[0m - [34mAddress is already hooked, during hook(0x600078, <SimProcedure GetWindowRect>). Re-hooking.[0m[0m
[1;33;40mWARNING - 2024-04-22 19:31:58,047 - [34mangr.project[0m - [34mAddress is already hooked, during hook(0x600070, <SimProcedure LoadIconA>). Re-hooking.[0m[0m
[1;33;40mWARNING - 2024-04-22 19:31:58,047 - [34mangr.project[0m - [34mAddress is already hooked, during hook(0x600070, <SimProcedure LoadIconA>). Re-hooking.[0m[0m
[1;33;40mWARNING - 2024-04-22 19:31:58,048 - [34mangr.project[0m - [34mAddress is already hooked, during hook(0x600048, <SimProcedure BeginPaint>). Re-hooking.[0m[0m
[1;33;40mWARNING - 2024-04-22 19:31:58,048 - [34mangr.project[0m - [34mAddress is already hooked, during hook(0x600048, <SimProcedure BeginPaint>). Re-hooking.[0m[0m
[1;33;40mWARNING - 2024-04-22 19:31:58,049 - [34mangr.project[0m - [34mAddress is already hooked, during hook(0x60005c, <SimProcedure DefWindowProcA>). Re-hooking.[0m[0m
[1;33;40mWARNING - 2024-04-22 19:31:58,050 - [34mangr.project[0m - [34mAddress is already hooked, during hook(0x60005c, <SimProcedure DefWindowProcA>). Re-hooking.[0m[0m
[1;33;40mWARNING - 2024-04-22 19:31:58,050 - [34mangr.project[0m - [34mAddress is already hooked, during hook(0x600068, <SimProcedure DestroyWindow>). Re-hooking.[0m[0m
[1;33;40mWARNING - 2024-04-22 19:31:58,050 - [34mangr.project[0m - [34mAddress is already hooked, during hook(0x600068, <SimProcedure DestroyWindow>). Re-hooking.[0m[0m
[1;33;40mWARNING - 2024-04-22 19:31:58,051 - [34mangr.project[0m - [34mAddress is already hooked, during hook(0x600040, <SimProcedure EndPaint>). Re-hooking.[0m[0m
[1;33;40mWARNING - 2024-04-22 19:31:58,052 - [34mangr.project[0m - [34mAddress is already hooked, during hook(0x600040, <SimProcedure EndPaint>). Re-hooking.[0m[0m
[1;33;40mWARNING - 2024-04-22 19:31:58,053 - [34mangr.project[0m - [34mAddress is already hooked, during hook(0x600078, <SimProcedure GetWindowRect>). Re-hooking.[0m[0m
[1;33;40mWARNING - 2024-04-22 19:31:58,053 - [34mangr.project[0m - [34mAddress is already hooked, during hook(0x600078, <SimProcedure GetWindowRect>). Re-hooking.[0m[0m
[1;33;40mWARNING - 2024-04-22 19:31:58,054 - [34mangr.project[0m - [34mAddress is already hooked, during hook(0x60006c, <SimProcedure LoadCursorA>). Re-hooking.[0m[0m
[1;33;40mWARNING - 2024-04-22 19:31:58,055 - [34mangr.project[0m - [34mAddress is already hooked, during hook(0x60006c, <SimProcedure LoadCursorA>). Re-hooking.[0m[0m
[1;33;40mWARNING - 2024-04-22 19:31:58,055 - [34mangr.project[0m - [34mAddress is already hooked, during hook(0x600070, <SimProcedure LoadIconA>). Re-hooking.[0m[0m
[1;33;40mWARNING - 2024-04-22 19:31:58,055 - [34mangr.project[0m - [34mAddress is already hooked, during hook(0x600070, <SimProcedure LoadIconA>). Re-hooking.[0m[0m
[1;33;40mWARNING - 2024-04-22 19:31:58,056 - [34mangr.project[0m - [34mAddress is already hooked, during hook(0x600050, <SimProcedure MoveWindow>). Re-hooking.[0m[0m
[1;33;40mWARNING - 2024-04-22 19:31:58,057 - [34mangr.project[0m - [34mAddress is already hooked, during hook(0x600050, <SimProcedure MoveWindow>). Re-hooking.[0m[0m
[1;33;40mWARNING - 2024-04-22 19:31:58,057 - [34mangr.project[0m - [34mAddress is already hooked, during hook(0x600034, <SimProcedure PostQuitMessage>). Re-hooking.[0m[0m
[1;33;40mWARNING - 2024-04-22 19:31:58,058 - [34mangr.project[0m - [34mAddress is already hooked, during hook(0x600034, <SimProcedure PostQuitMessage>). Re-hooking.[0m[0m
[1;33;40mWARNING - 2024-04-22 19:31:58,058 - [34mangr.project[0m - [34mAddress is already hooked, during hook(0x600064, <SimProcedure SendMessageA>). Re-hooking.[0m[0m
[1;33;40mWARNING - 2024-04-22 19:31:58,059 - [34mangr.project[0m - [34mAddress is already hooked, during hook(0x600064, <SimProcedure SendMessageA>). Re-hooking.[0m[0m
[1;33;40mWARNING - 2024-04-22 19:31:58,060 - [34mangr.project[0m - [34mAddress is already hooked, during hook(0x600074, <SimProcedure ShowWindow>). Re-hooking.[0m[0m
[1;33;40mWARNING - 2024-04-22 19:31:58,060 - [34mangr.project[0m - [34mAddress is already hooked, during hook(0x600074, <SimProcedure ShowWindow>). Re-hooking.[0m[0m
[1;33;40mWARNING - 2024-04-22 19:31:58,061 - [34mangr.project[0m - [34mAddress is already hooked, during hook(0x60004c, <SimProcedure TranslateMessage>). Re-hooking.[0m[0m
[1;33;40mWARNING - 2024-04-22 19:31:58,061 - [34mangr.project[0m - [34mAddress is already hooked, during hook(0x60004c, <SimProcedure TranslateMessage>). Re-hooking.[0m[0m
[1;33;40mWARNING - 2024-04-22 19:31:58,062 - [34mangr.project[0m - [34mAddress is already hooked, during hook(0x60003c, <SimProcedure UpdateWindow>). Re-hooking.[0m[0m
[1;33;40mWARNING - 2024-04-22 19:31:58,062 - [34mangr.project[0m - [34mAddress is already hooked, during hook(0x60003c, <SimProcedure UpdateWindow>). Re-hooking.[0m[0m
[1;33;40mWARNING - 2024-04-22 19:31:58,063 - [34mangr.project[0m - [34mAddress is already hooked, during hook(0x600074, <SimProcedure ShowWindow>). Re-hooking.[0m[0m
[1;33;40mWARNING - 2024-04-22 19:31:58,063 - [34mangr.project[0m - [34mAddress is already hooked, during hook(0x600074, <SimProcedure ShowWindow>). Re-hooking.[0m[0m
[1;33;40mWARNING - 2024-04-22 19:31:58,064 - [34mangr.project[0m - [34mAddress is already hooked, during hook(0x600048, <SimProcedure BeginPaint>). Re-hooking.[0m[0m
[1;33;40mWARNING - 2024-04-22 19:31:58,064 - [34mangr.project[0m - [34mAddress is already hooked, during hook(0x600048, <SimProcedure BeginPaint>). Re-hooking.[0m[0m
[1;33;40mWARNING - 2024-04-22 19:31:58,065 - [34mangr.project[0m - [34mAddress is already hooked, during hook(0x60005c, <SimProcedure DefWindowProcA>). Re-hooking.[0m[0m
[1;33;40mWARNING - 2024-04-22 19:31:58,066 - [34mangr.project[0m - [34mAddress is already hooked, during hook(0x60005c, <SimProcedure DefWindowProcA>). Re-hooking.[0m[0m
[1;33;40mWARNING - 2024-04-22 19:31:58,066 - [34mangr.project[0m - [34mAddress is already hooked, during hook(0x60004c, <SimProcedure TranslateMessage>). Re-hooking.[0m[0m
[1;33;40mWARNING - 2024-04-22 19:31:58,067 - [34mangr.project[0m - [34mAddress is already hooked, during hook(0x60004c, <SimProcedure TranslateMessage>). Re-hooking.[0m[0m
[1;33;40mWARNING - 2024-04-22 19:31:58,067 - [34mangr.project[0m - [34mAddress is already hooked, during hook(0x60006c, <SimProcedure LoadCursorA>). Re-hooking.[0m[0m
[1;33;40mWARNING - 2024-04-22 19:31:58,068 - [34mangr.project[0m - [34mAddress is already hooked, during hook(0x60006c, <SimProcedure LoadCursorA>). Re-hooking.[0m[0m
[1;33;40mWARNING - 2024-04-22 19:31:58,068 - [34mangr.project[0m - [34mAddress is already hooked, during hook(0x600040, <SimProcedure EndPaint>). Re-hooking.[0m[0m
[1;33;40mWARNING - 2024-04-22 19:31:58,069 - [34mangr.project[0m - [34mAddress is already hooked, during hook(0x600040, <SimProcedure EndPaint>). Re-hooking.[0m[0m
[1;33;40mWARNING - 2024-04-22 19:31:58,070 - [34mangr.project[0m - [34mAddress is already hooked, during hook(0x600034, <SimProcedure PostQuitMessage>). Re-hooking.[0m[0m
[1;33;40mWARNING - 2024-04-22 19:31:58,070 - [34mangr.project[0m - [34mAddress is already hooked, during hook(0x600034, <SimProcedure PostQuitMessage>). Re-hooking.[0m[0m
[1;33;40mWARNING - 2024-04-22 19:31:58,072 - [34mangr.project[0m - [34mAddress is already hooked, during hook(0x600020, <SimProcedure DeleteFileA>). Re-hooking.[0m[0m
[1;33;40mWARNING - 2024-04-22 19:31:58,073 - [34mangr.project[0m - [34mAddress is already hooked, during hook(0x600020, <SimProcedure DeleteFileA>). Re-hooking.[0m[0m
[1;33;40mWARNING - 2024-04-22 19:31:58,080 - [34mangr.project[0m - [34mAddress is already hooked, during hook(0x600020, <SimProcedure DeleteFileA>). Re-hooking.[0m[0m
[1;33;40mWARNING - 2024-04-22 19:31:58,080 - [34mangr.project[0m - [34mAddress is already hooked, during hook(0x600020, <SimProcedure DeleteFileA>). Re-hooking.[0m[0m
[1;33;40mWARNING - 2024-04-22 19:31:58,088 - [34mangr.project[0m - [34mAddress is already hooked, during hook(0x600030, <SimProcedure CreateFontIndirectA>). Re-hooking.[0m[0m
[1;33;40mWARNING - 2024-04-22 19:31:58,088 - [34mangr.project[0m - [34mAddress is already hooked, during hook(0x600030, <SimProcedure CreateFontIndirectA>). Re-hooking.[0m[0m
[1;33;40mWARNING - 2024-04-22 19:31:58,089 - [34mangr.project[0m - [34mAddress is already hooked, during hook(0x600030, <SimProcedure CreateFontIndirectA>). Re-hooking.[0m[0m
[1;33;40mWARNING - 2024-04-22 19:31:58,089 - [34mangr.project[0m - [34mAddress is already hooked, during hook(0x600030, <SimProcedure CreateFontIndirectA>). Re-hooking.[0m[0m
[1;32;40mINFO - 2024-04-22 19:31:58,095 - [35mangr.sim_manager[0m - [35mStepping active of <SimulationManager with 1 active>[0m[0m
[1;32;40mINFO - 2024-04-22 19:31:58,130 - [37mangr.engines.engine[0m - [37mTicked state: <IRSB from 0x501000: 1 sat>[0m[0m
[1;32;40mINFO - 2024-04-22 19:31:58,130 - [32mSemaExplorerCDFS[0m - [32mHey new addr ![0m[0m
[1;32;40mINFO - 2024-04-22 19:31:58,131 - [35mangr.sim_manager[0m - [35mStepping active of <SimulationManager with 1 active>[0m[0m
[1;32;40mINFO - 2024-04-22 19:31:58,135 - [37mangr.engines.engine[0m - [37mTicked state: <IRSB from 0x503b67: 1 sat>[0m[0m
[1;32;40mINFO - 2024-04-22 19:31:58,136 - [32mSemaExplorerCDFS[0m - [32mHey new addr ![0m[0m
[1;32;40mINFO - 2024-04-22 19:31:58,136 - [35mangr.sim_manager[0m - [35mStepping active of <SimulationManager with 1 active>[0m[0m
[1;32;40mINFO - 2024-04-22 19:31:58,138 - [37mangr.engines.engine[0m - [37mTicked state: <SimProcedure GetCommandLineA from 0x60000c: 1 sat>[0m[0m
[1;32;40mINFO - 2024-04-22 19:31:58,138 - [32mSemaExplorerCDFS[0m - [32mHey new addr ![0m[0m
[1;32;40mINFO - 2024-04-22 19:31:58,138 - [35mangr.sim_manager[0m - [35mStepping active of <SimulationManager with 1 active>[0m[0m
[1;32;40mINFO - 2024-04-22 19:31:58,141 - [37mangr.engines.engine[0m - [37mTicked state: <IRSB from 0x503b78: 1 sat>[0m[0m
[1;32;40mINFO - 2024-04-22 19:31:58,141 - [32mSemaExplorerCDFS[0m - [32mHey new addr ![0m[0m
[1;32;40mINFO - 2024-04-22 19:31:58,141 - [35mangr.sim_manager[0m - [35mStepping active of <SimulationManager with 1 active>[0m[0m
[1;32;40mINFO - 2024-04-22 19:31:58,145 - [37mangr.engines.engine[0m - [37mTicked state: <IRSB from 0x503b97: 1 sat>[0m[0m
[1;32;40mINFO - 2024-04-22 19:31:58,145 - [32mSemaExplorerCDFS[0m - [32mHey new addr ![0m[0m
[1;32;40mINFO - 2024-04-22 19:31:58,146 - [35mangr.sim_manager[0m - [35mStepping active of <SimulationManager with 1 active>[0m[0m
[1;32;40mINFO - 2024-04-22 19:31:58,205 - [37mangr.engines.engine[0m - [37mTicked state: <SimProcedure GetModuleHandleA from 0x600008: 1 sat>[0m[0m
[1;32;40mINFO - 2024-04-22 19:31:58,205 - [32mSemaExplorerCDFS[0m - [32mHey new addr ![0m[0m
[1;32;40mINFO - 2024-04-22 19:31:58,205 - [35mangr.sim_manager[0m - [35mStepping active of <SimulationManager with 1 active>[0m[0m
[1;32;40mINFO - 2024-04-22 19:31:58,209 - [37mangr.engines.engine[0m - [37mTicked state: <IRSB from 0x503bbd: 1 sat>[0m[0m
[1;32;40mINFO - 2024-04-22 19:31:58,210 - [32mSemaExplorerCDFS[0m - [32mHey new addr ![0m[0m
[1;32;40mINFO - 2024-04-22 19:31:58,210 - [35mangr.sim_manager[0m - [35mStepping active of <SimulationManager with 1 active>[0m[0m
[1;32;40mINFO - 2024-04-22 19:31:58,326 - [37mangr.engines.engine[0m - [37mTicked state: <SimProcedure LoadIconA from 0x600070: 1 sat>[0m[0m
[1;32;40mINFO - 2024-04-22 19:31:58,327 - [32mSemaExplorerCDFS[0m - [32mHey new addr ![0m[0m
[1;32;40mINFO - 2024-04-22 19:31:58,327 - [35mangr.sim_manager[0m - [35mStepping active of <SimulationManager with 1 active>[0m[0m
[1;32;40mINFO - 2024-04-22 19:31:58,333 - [37mangr.engines.engine[0m - [37mTicked state: <IRSB from 0x503be8: 1 sat>[0m[0m
[1;32;40mINFO - 2024-04-22 19:31:58,334 - [32mSemaExplorerCDFS[0m - [32mHey new addr ![0m[0m
[1;32;40mINFO - 2024-04-22 19:31:58,334 - [35mangr.sim_manager[0m - [35mStepping active of <SimulationManager with 1 active>[0m[0m
[1;32;40mINFO - 2024-04-22 19:31:58,392 - [37mangr.engines.engine[0m - [37mTicked state: <SimProcedure LoadCursorA from 0x60006c: 1 sat>[0m[0m
[1;32;40mINFO - 2024-04-22 19:31:58,393 - [32mSemaExplorerCDFS[0m - [32mHey new addr ![0m[0m
[1;32;40mINFO - 2024-04-22 19:31:58,393 - [35mangr.sim_manager[0m - [35mStepping active of <SimulationManager with 1 active>[0m[0m
[1;32;40mINFO - 2024-04-22 19:31:58,397 - [37mangr.engines.engine[0m - [37mTicked state: <IRSB from 0x503bff: 1 sat>[0m[0m
[1;32;40mINFO - 2024-04-22 19:31:58,398 - [32mSemaExplorerCDFS[0m - [32mHey new addr ![0m[0m
[1;32;40mINFO - 2024-04-22 19:31:58,398 - [35mangr.sim_manager[0m - [35mStepping active of <SimulationManager with 1 active>[0m[0m
[1;32;40mINFO - 2024-04-22 19:31:58,455 - [37mangr.engines.engine[0m - [37mTicked state: <SimProcedure RegisterClassExA from 0x600058: 1 sat>[0m[0m
[1;32;40mINFO - 2024-04-22 19:31:58,455 - [32mSemaExplorerCDFS[0m - [32mHey new addr ![0m[0m
[1;32;40mINFO - 2024-04-22 19:31:58,455 - [35mangr.sim_manager[0m - [35mStepping active of <SimulationManager with 1 active>[0m[0m
[1;32;40mINFO - 2024-04-22 19:31:58,465 - [37mangr.engines.engine[0m - [37mTicked state: <IRSB from 0x503c0f: 1 sat>[0m[0m
[1;32;40mINFO - 2024-04-22 19:31:58,465 - [32mSemaExplorerCDFS[0m - [32mHey new addr ![0m[0m
[1;32;40mINFO - 2024-04-22 19:31:58,465 - [35mangr.sim_manager[0m - [35mStepping active of <SimulationManager with 1 active>[0m[0m
[1;32;40mINFO - 2024-04-22 19:31:58,527 - [37mangr.engines.engine[0m - [37mTicked state: <SimProcedure CreateWindowExA from 0x600054: 1 sat>[0m[0m
[1;32;40mINFO - 2024-04-22 19:31:58,527 - [32mSemaExplorerCDFS[0m - [32mHey new addr ![0m[0m
[1;32;40mINFO - 2024-04-22 19:31:58,527 - [35mangr.sim_manager[0m - [35mStepping active of <SimulationManager with 1 active>[0m[0m
[1;32;40mINFO - 2024-04-22 19:31:58,533 - [37mangr.engines.engine[0m - [37mTicked state: <IRSB from 0x503c46: 1 sat>[0m[0m
[1;32;40mINFO - 2024-04-22 19:31:58,533 - [32mSemaExplorerCDFS[0m - [32mHey new addr ![0m[0m
[1;32;40mINFO - 2024-04-22 19:31:58,534 - [35mangr.sim_manager[0m - [35mStepping active of <SimulationManager with 1 active>[0m[0m
[1;32;40mINFO - 2024-04-22 19:31:58,591 - [37mangr.engines.engine[0m - [37mTicked state: <SimProcedure ShowWindow from 0x600074: 1 sat>[0m[0m
[1;32;40mINFO - 2024-04-22 19:31:58,591 - [32mSemaExplorerCDFS[0m - [32mHey new addr ![0m[0m
[1;32;40mINFO - 2024-04-22 19:31:58,591 - [35mangr.sim_manager[0m - [35mStepping active of <SimulationManager with 1 active>[0m[0m
[1;32;40mINFO - 2024-04-22 19:31:58,595 - [37mangr.engines.engine[0m - [37mTicked state: <IRSB from 0x503c59: 1 sat>[0m[0m
[1;32;40mINFO - 2024-04-22 19:31:58,596 - [32mSemaExplorerCDFS[0m - [32mHey new addr ![0m[0m
[1;32;40mINFO - 2024-04-22 19:31:58,596 - [35mangr.sim_manager[0m - [35mStepping active of <SimulationManager with 1 active>[0m[0m
[1;32;40mINFO - 2024-04-22 19:31:58,652 - [37mangr.engines.engine[0m - [37mTicked state: <SimProcedure UpdateWindow from 0x60003c: 1 sat>[0m[0m
[1;32;40mINFO - 2024-04-22 19:31:58,653 - [32mSemaExplorerCDFS[0m - [32mHey new addr ![0m[0m
[1;32;40mINFO - 2024-04-22 19:31:58,653 - [35mangr.sim_manager[0m - [35mStepping active of <SimulationManager with 1 active>[0m[0m
[1;32;40mINFO - 2024-04-22 19:31:58,655 - [37mangr.engines.engine[0m - [37mTicked state: <IRSB from 0x503c65: 1 sat>[0m[0m
[1;32;40mINFO - 2024-04-22 19:31:58,656 - [32mSemaExplorerCDFS[0m - [32mHey new addr ![0m[0m
[1;32;40mINFO - 2024-04-22 19:31:58,656 - [35mangr.sim_manager[0m - [35mStepping active of <SimulationManager with 1 active>[0m[0m
[1;32;40mINFO - 2024-04-22 19:31:58,660 - [37mangr.engines.engine[0m - [37mTicked state: <IRSB from 0x503c6a: 1 sat>[0m[0m
[1;32;40mINFO - 2024-04-22 19:31:58,660 - [32mSemaExplorerCDFS[0m - [32mHey new addr ![0m[0m
[1;32;40mINFO - 2024-04-22 19:31:58,661 - [35mangr.sim_manager[0m - [35mStepping active of <SimulationManager with 1 active>[0m[0m
[1;32;40mINFO - 2024-04-22 19:31:58,664 - [37mangr.engines.engine[0m - [37mTicked state: <SimProcedure GetMessageA from 0x600038: 1 sat>[0m[0m
[1;32;40mINFO - 2024-04-22 19:31:58,664 - [32mSemaExplorerCDFS[0m - [32mHey new addr ![0m[0m
[1;32;40mINFO - 2024-04-22 19:31:58,664 - [35mangr.sim_manager[0m - [35mStepping active of <SimulationManager with 1 active>[0m[0m
[1;32;40mINFO - 2024-04-22 19:31:58,668 - [37mangr.engines.engine[0m - [37mTicked state: <IRSB from 0x503c7b: 1 sat 1 unsat>[0m[0m
[1;32;40mINFO - 2024-04-22 19:31:58,668 - [32mSemaExplorerCDFS[0m - [32mHey new addr ![0m[0m
[1;32;40mINFO - 2024-04-22 19:31:58,668 - [35mangr.sim_manager[0m - [35mStepping active of <SimulationManager with 1 active>[0m[0m
[1;32;40mINFO - 2024-04-22 19:31:58,671 - [37mangr.engines.engine[0m - [37mTicked state: <IRSB from 0x503c7f: 1 sat>[0m[0m
[1;32;40mINFO - 2024-04-22 19:31:58,671 - [32mSemaExplorerCDFS[0m - [32mHey new addr ![0m[0m
[1;32;40mINFO - 2024-04-22 19:31:58,671 - [35mangr.sim_manager[0m - [35mStepping active of <SimulationManager with 1 active>[0m[0m
[1;32;40mINFO - 2024-04-22 19:31:58,727 - [37mangr.engines.engine[0m - [37mTicked state: <SimProcedure TranslateMessage from 0x60004c: 1 sat>[0m[0m
[1;32;40mINFO - 2024-04-22 19:31:58,727 - [32mSemaExplorerCDFS[0m - [32mHey new addr ![0m[0m
[1;32;40mINFO - 2024-04-22 19:31:58,727 - [35mangr.sim_manager[0m - [35mStepping active of <SimulationManager with 1 active>[0m[0m
[1;32;40mINFO - 2024-04-22 19:31:58,732 - [37mangr.engines.engine[0m - [37mTicked state: <IRSB from 0x503c8a: 1 sat>[0m[0m
[1;32;40mINFO - 2024-04-22 19:31:58,732 - [32mSemaExplorerCDFS[0m - [32mHey new addr ![0m[0m
[1;32;40mINFO - 2024-04-22 19:31:58,732 - [35mangr.sim_manager[0m - [35mStepping active of <SimulationManager with 1 active>[0m[0m
[1;32;40mINFO - 2024-04-22 19:31:58,789 - [37mangr.engines.engine[0m - [37mTicked state: <SimProcedure DispatchMessageA from 0x600044: 1 sat>[0m[0m
[1;32;40mINFO - 2024-04-22 19:31:58,789 - [32mSemaExplorerCDFS[0m - [32mHey new addr ![0m[0m
[1;32;40mINFO - 2024-04-22 19:31:58,789 - [35mangr.sim_manager[0m - [35mStepping active of <SimulationManager with 1 active>[0m[0m
[1;32;40mINFO - 2024-04-22 19:31:58,791 - [37mangr.engines.engine[0m - [37mTicked state: <IRSB from 0x503c95: 1 sat>[0m[0m
[1;32;40mINFO - 2024-04-22 19:31:58,792 - [35mangr.sim_manager[0m - [35mStepping active of <SimulationManager with 1 active>[0m[0m
[1;32;40mINFO - 2024-04-22 19:31:58,796 - [37mangr.engines.engine[0m - [37mTicked state: <IRSB from 0x503c6a: 1 sat>[0m[0m
[1;32;40mINFO - 2024-04-22 19:31:58,796 - [35mangr.sim_manager[0m - [35mStepping active of <SimulationManager with 1 active>[0m[0m
[1;32;40mINFO - 2024-04-22 19:31:58,800 - [37mangr.engines.engine[0m - [37mTicked state: <SimProcedure GetMessageA from 0x600038: 1 sat>[0m[0m
[1;32;40mINFO - 2024-04-22 19:31:58,800 - [35mangr.sim_manager[0m - [35mStepping active of <SimulationManager with 1 active>[0m[0m
[1;32;40mINFO - 2024-04-22 19:31:58,803 - [37mangr.engines.engine[0m - [37mTicked state: <IRSB from 0x503c7b: 1 sat 1 unsat>[0m[0m
[1;32;40mINFO - 2024-04-22 19:31:58,803 - [32mSemaExplorerCDFS[0m - [32mHey new addr ![0m[0m
[1;32;40mINFO - 2024-04-22 19:31:58,803 - [35mangr.sim_manager[0m - [35mStepping active of <SimulationManager with 1 active>[0m[0m
[1;32;40mINFO - 2024-04-22 19:31:58,805 - [37mangr.engines.engine[0m - [37mTicked state: <IRSB from 0x503c97: 1 sat>[0m[0m
[1;32;40mINFO - 2024-04-22 19:31:58,805 - [32mSemaExplorerCDFS[0m - [32mHey new addr ![0m[0m
[1;32;40mINFO - 2024-04-22 19:31:58,805 - [35mangr.sim_manager[0m - [35mStepping active of <SimulationManager with 1 active>[0m[0m
[1;32;40mINFO - 2024-04-22 19:31:58,807 - [37mangr.engines.engine[0m - [37mTicked state: <IRSB from 0x503ca4: 1 sat>[0m[0m
[1;32;40mINFO - 2024-04-22 19:31:58,807 - [32mSemaExplorerCDFS[0m - [32mHey new addr ![0m[0m
[1;32;40mINFO - 2024-04-22 19:31:58,807 - [35mangr.sim_manager[0m - [35mStepping active of <SimulationManager with 1 active>[0m[0m
[1;32;40mINFO - 2024-04-22 19:31:58,810 - [37mangr.engines.engine[0m - [37mTicked state: <IRSB from 0x502b16: 1 sat>[0m[0m
[1;32;40mINFO - 2024-04-22 19:31:58,810 - [32mSemaExplorerCDFS[0m - [32mHey new addr ![0m[0m
[1;32;40mINFO - 2024-04-22 19:31:58,810 - [35mangr.sim_manager[0m - [35mStepping active of <SimulationManager with 1 active>[0m[0m
[1;32;40mINFO - 2024-04-22 19:31:58,814 - [37mangr.engines.engine[0m - [37mTicked state: <IRSB from 0x502b1e: 1 sat>[0m[0m
[1;32;40mINFO - 2024-04-22 19:31:58,814 - [32mSemaExplorerCDFS[0m - [32mHey new addr ![0m[0m
[1;32;40mINFO - 2024-04-22 19:31:58,814 - [35mangr.sim_manager[0m - [35mStepping active of <SimulationManager with 1 active>[0m[0m
[1;32;40mINFO - 2024-04-22 19:31:58,816 - [37mangr.engines.engine[0m - [37mTicked state: <IRSB from 0x502b29: 1 sat>[0m[0m
[1;32;40mINFO - 2024-04-22 19:31:58,817 - [32mSemaExplorerCDFS[0m - [32mHey new addr ![0m[0m
[1;32;40mINFO - 2024-04-22 19:31:58,817 - [35mangr.sim_manager[0m - [35mStepping active of <SimulationManager with 1 active>[0m[0m
[1;32;40mINFO - 2024-04-22 19:31:58,818 - [32mSemaExplorerCDFS[0m - [32mlen(simgr.active) <= 0 or deadended >= self.max_end_state)[0m[0m
