[1;32;40mINFO - 2024-03-11 20:28:12,897 - [34mangr.project[0m - [34mLoading binary database/Binaries/malware-win/train/upatre/00d8a3b484164a15290db313219da059[0m[0m
[1;33;40mWARNING - 2024-03-11 20:28:12,912 - [34mangr.project[0m - [34mDisabling IRSB translation cache because support for self-modifying code is enabled.[0m[0m
[1;32;40mINFO - 2024-03-11 20:28:12,912 - [34mangr.project[0m - [34mThere are no simprocedures for missing library dbnmpntw.dll :([0m[0m
[1;32;40mINFO - 2024-03-11 20:28:12,912 - [34mangr.project[0m - [34mThere are no simprocedures for missing library cryptdll.dll :([0m[0m
[1;32;40mINFO - 2024-03-11 20:28:12,912 - [34mangr.project[0m - [34mUsing stub SimProcedure for unresolved CDBuildVect[0m[0m
[1;32;40mINFO - 2024-03-11 20:28:12,913 - [34mangr.project[0m - [34mUsing stub SimProcedure for unresolved MD5Update[0m[0m
[1;32;40mINFO - 2024-03-11 20:28:12,913 - [34mangr.project[0m - [34mUsing stub SimProcedure for unresolved CDLocateRng[0m[0m
[1;32;40mINFO - 2024-03-11 20:28:12,913 - [34mangr.project[0m - [34mUsing stub SimProcedure for unresolved MD5Init[0m[0m
[1;32;40mINFO - 2024-03-11 20:28:12,913 - [34mangr.project[0m - [34mUsing builtin SimProcedure for unresolved DragAcceptFiles from shell32.dll[0m[0m
[1;32;40mINFO - 2024-03-11 20:28:12,913 - [34mangr.project[0m - [34mUsing builtin SimProcedure for unresolved SHCreateShellItem from shell32.dll[0m[0m
[1;32;40mINFO - 2024-03-11 20:28:12,914 - [34mangr.project[0m - [34mUsing builtin SimProcedure for unresolved ShellAboutA from shell32.dll[0m[0m
[1;32;40mINFO - 2024-03-11 20:28:12,914 - [34mangr.project[0m - [34mUsing builtin SimProcedure for unresolved SHGetFileInfoA from shell32.dll[0m[0m
[1;32;40mINFO - 2024-03-11 20:28:12,914 - [34mangr.project[0m - [34mUsing builtin SimProcedure for unresolved StrChrA from shell32.dll[0m[0m
[1;32;40mINFO - 2024-03-11 20:28:12,914 - [34mangr.project[0m - [34mUsing builtin SimProcedure for unresolved SHFileOperationA from shell32.dll[0m[0m
[1;32;40mINFO - 2024-03-11 20:28:12,915 - [34mangr.project[0m - [34mUsing builtin SimProcedure for unresolved DragQueryFileA from shell32.dll[0m[0m
[1;32;40mINFO - 2024-03-11 20:28:12,915 - [34mangr.project[0m - [34mUsing builtin SimProcedure for unresolved FreeIconList from shell32.dll[0m[0m
[1;32;40mINFO - 2024-03-11 20:28:12,915 - [34mangr.project[0m - [34mUsing builtin SimProcedure for unresolved SHGetDataFromIDListA from shell32.dll[0m[0m
[1;32;40mINFO - 2024-03-11 20:28:12,915 - [34mangr.project[0m - [34mUsing builtin SimProcedure for unresolved SHGetDiskFreeSpaceA from shell32.dll[0m[0m
[1;32;40mINFO - 2024-03-11 20:28:12,915 - [34mangr.project[0m - [34mUsing builtin SimProcedure for unresolved FindExecutableA from shell32.dll[0m[0m
[1;32;40mINFO - 2024-03-11 20:28:12,916 - [34mangr.project[0m - [34mUsing builtin SimProcedure for unresolved SHGetDesktopFolder from shell32.dll[0m[0m
[1;32;40mINFO - 2024-03-11 20:28:12,916 - [34mangr.project[0m - [34mUsing builtin SimProcedure for unresolved ShellMessageBoxW from shell32.dll[0m[0m
[1;32;40mINFO - 2024-03-11 20:28:12,916 - [34mangr.project[0m - [34mUsing builtin SimProcedure for unresolved SHGetFolderPathA from shell32.dll[0m[0m
[1;32;40mINFO - 2024-03-11 20:28:12,916 - [34mangr.project[0m - [34mUsing builtin SimProcedure for unresolved SHGetMalloc from shell32.dll[0m[0m
[1;32;40mINFO - 2024-03-11 20:28:12,917 - [34mangr.project[0m - [34mUsing builtin SimProcedure for unresolved DragFinish from shell32.dll[0m[0m
[1;32;40mINFO - 2024-03-11 20:28:12,917 - [34mangr.project[0m - [34mUsing stub SimProcedure for unresolved ConnectionClose[0m[0m
[1;32;40mINFO - 2024-03-11 20:28:12,917 - [34mangr.project[0m - [34mUsing stub SimProcedure for unresolved ConnectionWrite[0m[0m
[1;32;40mINFO - 2024-03-11 20:28:12,917 - [34mangr.project[0m - [34mUsing stub SimProcedure for unresolved ConnectionError[0m[0m
[1;32;40mINFO - 2024-03-11 20:28:12,917 - [34mangr.project[0m - [34mUsing builtin SimProcedure for unresolved FileTimeToSystemTime from kernel32.dll[0m[0m
[1;32;40mINFO - 2024-03-11 20:28:12,918 - [34mangr.project[0m - [34mUsing builtin SimProcedure for unresolved SearchPathA from kernel32.dll[0m[0m
[1;32;40mINFO - 2024-03-11 20:28:12,918 - [34mangr.project[0m - [34mUsing builtin SimProcedure for unresolved OpenMutexA from kernel32.dll[0m[0m
[1;32;40mINFO - 2024-03-11 20:28:12,918 - [34mangr.project[0m - [34mUsing builtin SimProcedure for unresolved GetPrivateProfileIntW from kernel32.dll[0m[0m
[1;32;40mINFO - 2024-03-11 20:28:12,919 - [34mangr.project[0m - [34mUsing builtin SimProcedure for unresolved GetModuleHandleW from kernel32.dll[0m[0m
[1;32;40mINFO - 2024-03-11 20:28:12,919 - [34mangr.project[0m - [34mUsing builtin SimProcedure for unresolved GetLocalTime from kernel32.dll[0m[0m
[1;32;40mINFO - 2024-03-11 20:28:12,919 - [34mangr.project[0m - [34mUsing builtin SimProcedure for unresolved ReadConsoleW from kernel32.dll[0m[0m
[1;32;40mINFO - 2024-03-11 20:28:12,920 - [34mangr.project[0m - [34mUsing builtin SimProcedure for unresolved FindFirstFileA from kernel32.dll[0m[0m
[1;32;40mINFO - 2024-03-11 20:28:12,920 - [34mangr.project[0m - [34mUsing builtin SimProcedure for unresolved GetEnvironmentVariableA from kernel32.dll[0m[0m
[1;32;40mINFO - 2024-03-11 20:28:12,920 - [34mangr.project[0m - [34mUsing builtin SimProcedure for unresolved DeviceIoControl from kernel32.dll[0m[0m
[1;32;40mINFO - 2024-03-11 20:28:12,921 - [34mangr.project[0m - [34mUsing builtin SimProcedure for unresolved SetEnvironmentVariableW from kernel32.dll[0m[0m
[1;32;40mINFO - 2024-03-11 20:28:12,921 - [34mangr.project[0m - [34mUsing builtin SimProcedure for unresolved CompareStringW from kernel32.dll[0m[0m
[1;32;40mINFO - 2024-03-11 20:28:12,921 - [34mangr.project[0m - [34mUsing builtin SimProcedure for unresolved GetStringTypeW from kernel32.dll[0m[0m
[1;32;40mINFO - 2024-03-11 20:28:12,922 - [34mangr.project[0m - [34mUsing builtin SimProcedure for unresolved IsValidCodePage from kernel32.dll[0m[0m
[1;32;40mINFO - 2024-03-11 20:28:12,922 - [34mangr.project[0m - [34mUsing builtin SimProcedure for unresolved lstrcmpiA from kernel32.dll[0m[0m
[1;32;40mINFO - 2024-03-11 20:28:12,922 - [34mangr.project[0m - [34mUsing builtin SimProcedure for unresolved lstrcmpA from kernel32.dll[0m[0m
[1;32;40mINFO - 2024-03-11 20:28:12,923 - [34mangr.project[0m - [34mUsing builtin SimProcedure for unresolved TlsGetValue from kernel32.dll[0m[0m
[1;32;40mINFO - 2024-03-11 20:28:12,923 - [34mangr.project[0m - [34mUsing builtin SimProcedure for unresolved GetProcAddress from kernel32.dll[0m[0m
[1;32;40mINFO - 2024-03-11 20:28:12,923 - [34mangr.project[0m - [34mUsing builtin SimProcedure for unresolved GetTickCount from kernel32.dll[0m[0m
[1;32;40mINFO - 2024-03-11 20:28:12,923 - [34mangr.project[0m - [34mUsing builtin SimProcedure for unresolved WriteConsoleA from kernel32.dll[0m[0m
[1;32;40mINFO - 2024-03-11 20:28:12,924 - [34mangr.project[0m - [34mUsing builtin SimProcedure for unresolved lstrcpynW from kernel32.dll[0m[0m
[1;32;40mINFO - 2024-03-11 20:28:12,924 - [34mangr.project[0m - [34mUsing builtin SimProcedure for unresolved GetLastError from kernel32.dll[0m[0m
[1;32;40mINFO - 2024-03-11 20:28:12,924 - [34mangr.project[0m - [34mUsing builtin SimProcedure for unresolved CreateDirectoryA from kernel32.dll[0m[0m
[1;32;40mINFO - 2024-03-11 20:28:12,925 - [34mangr.project[0m - [34mUsing builtin SimProcedure for unresolved GetCurrentDirectoryW from kernel32.dll[0m[0m
[1;32;40mINFO - 2024-03-11 20:28:12,925 - [34mangr.project[0m - [34mUsing builtin SimProcedure for unresolved SetErrorMode from kernel32.dll[0m[0m
[1;32;40mINFO - 2024-03-11 20:28:12,925 - [34mangr.project[0m - [34mUsing builtin SimProcedure for unresolved SleepEx from kernel32.dll[0m[0m
[1;32;40mINFO - 2024-03-11 20:28:12,925 - [34mangr.project[0m - [34mUsing builtin SimProcedure for unresolved InterlockedDecrement from kernel32.dll[0m[0m
[1;32;40mINFO - 2024-03-11 20:28:12,926 - [34mangr.project[0m - [34mUsing builtin SimProcedure for unresolved GetFullPathNameW from kernel32.dll[0m[0m
[1;32;40mINFO - 2024-03-11 20:28:12,926 - [34mangr.project[0m - [34mUsing builtin SimProcedure for unresolved IsBadStringPtrA from kernel32.dll[0m[0m
[1;32;40mINFO - 2024-03-11 20:28:12,926 - [34mangr.project[0m - [34mThere are no simprocedures for missing library dbnmpntw.dll :([0m[0m
[1;32;40mINFO - 2024-03-11 20:28:12,926 - [34mangr.project[0m - [34mThere are no simprocedures for missing library cryptdll.dll :([0m[0m
[1;32;40mINFO - 2024-03-11 20:28:13,140 - [34mpyvex.lifting.libvex[0m - [34munhandled opc_aux = 0x 5
first_opcode == 0xDD
[0m[0m
[1;32;40mINFO - 2024-03-11 20:28:13,141 - [34mpyvex.lifting.libvex[0m - [34munhandled opc_aux = 0x 5
first_opcode == 0xDD
[0m[0m
[1;32;40mINFO - 2024-03-11 20:28:13,141 - [34mpyvex.lifting.libvex[0m - [34munhandled opc_aux = 0x 5
first_opcode == 0xDD
[0m[0m
[1;33;40mWARNING - 2024-03-11 20:28:13,172 - [31mpyvex.lifting.gym.x86_spotter[0m - [31mThe generalized AAM instruction is not supported by VEX, and is handled specially by pyvex. It has no flag handling at present.  See pyvex/lifting/gym/x86_spotter.py for details[0m[0m
[1;33;40mWARNING - 2024-03-11 20:28:13,187 - [31mpyvex.lifting.gym.x86_spotter[0m - [31mThe generalized AAM instruction is not supported by VEX, and is handled specially by pyvex. It has no flag handling at present.  See pyvex/lifting/gym/x86_spotter.py for details[0m[0m
[1;32;40mINFO - 2024-03-11 20:28:13,225 - [34mpyvex.lifting.libvex[0m - [34munhandled opc_aux = 0x 6
first_opcode == 0xDB
[0m[0m
[1;32;40mINFO - 2024-03-11 20:28:13,226 - [34mpyvex.lifting.libvex[0m - [34munhandled opc_aux = 0x 6
first_opcode == 0xDB
[0m[0m
[1;32;40mINFO - 2024-03-11 20:28:13,226 - [34mpyvex.lifting.libvex[0m - [34munhandled opc_aux = 0x 6
first_opcode == 0xDB
[0m[0m
[1;32;40mINFO - 2024-03-11 20:28:13,228 - [34mpyvex.lifting.libvex[0m - [34munhandled opc_aux = 0x 4
first_opcode == 0xDB
[0m[0m
[1;33;40mWARNING - 2024-03-11 20:28:13,230 - [31mpyvex.lifting.gym.x86_spotter[0m - [31mThe generalized AAM instruction is not supported by VEX, and is handled specially by pyvex. It has no flag handling at present.  See pyvex/lifting/gym/x86_spotter.py for details[0m[0m
[1;32;40mINFO - 2024-03-11 20:28:13,253 - [34mpyvex.lifting.libvex[0m - [34munhandled opc_aux = 0x 4
first_opcode == 0xDF
[0m[0m
[1;32;40mINFO - 2024-03-11 20:28:13,253 - [34mpyvex.lifting.libvex[0m - [34munhandled opc_aux = 0x 4
first_opcode == 0xDF
[0m[0m
[1;32;40mINFO - 2024-03-11 20:28:13,254 - [34mpyvex.lifting.libvex[0m - [34munhandled opc_aux = 0x 4
first_opcode == 0xDF
[0m[0m
[1;33;40mWARNING - 2024-03-11 20:28:13,311 - [31mpyvex.lifting.gym.x86_spotter[0m - [31mThe generalized AAM instruction is not supported by VEX, and is handled specially by pyvex. It has no flag handling at present.  See pyvex/lifting/gym/x86_spotter.py for details[0m[0m
[1;33;40mWARNING - 2024-03-11 20:28:13,331 - [31mpyvex.lifting.gym.x86_spotter[0m - [31mThe generalized AAM instruction is not supported by VEX, and is handled specially by pyvex. It has no flag handling at present.  See pyvex/lifting/gym/x86_spotter.py for details[0m[0m
[1;33;40mWARNING - 2024-03-11 20:28:13,365 - [31mpyvex.lifting.gym.x86_spotter[0m - [31mThe generalized AAM instruction is not supported by VEX, and is handled specially by pyvex. It has no flag handling at present.  See pyvex/lifting/gym/x86_spotter.py for details[0m[0m
[1;33;40mWARNING - 2024-03-11 20:28:13,369 - [31mpyvex.lifting.gym.x86_spotter[0m - [31mThe generalized AAM instruction is not supported by VEX, and is handled specially by pyvex. It has no flag handling at present.  See pyvex/lifting/gym/x86_spotter.py for details[0m[0m
[1;33;40mWARNING - 2024-03-11 20:28:13,372 - [31mpyvex.lifting.gym.x86_spotter[0m - [31mThe generalized AAM instruction is not supported by VEX, and is handled specially by pyvex. It has no flag handling at present.  See pyvex/lifting/gym/x86_spotter.py for details[0m[0m
[1;33;40mWARNING - 2024-03-11 20:28:13,375 - [31mpyvex.lifting.gym.x86_spotter[0m - [31mThe generalized AAM instruction is not supported by VEX, and is handled specially by pyvex. It has no flag handling at present.  See pyvex/lifting/gym/x86_spotter.py for details[0m[0m
[1;32;40mINFO - 2024-03-11 20:28:13,377 - [34mpyvex.lifting.libvex[0m - [34munhandled opc_aux = 0x 1
first_opcode == 0xD9
[0m[0m
[1;32;40mINFO - 2024-03-11 20:28:13,381 - [34mpyvex.lifting.libvex[0m - [34munhandled opc_aux = 0x 1
first_opcode == 0xD9
[0m[0m
[1;32;40mINFO - 2024-03-11 20:28:13,382 - [34mpyvex.lifting.libvex[0m - [34munhandled opc_aux = 0x 1
first_opcode == 0xD9
[0m[0m
[1;33;40mWARNING - 2024-03-11 20:28:13,437 - [31mpyvex.lifting.gym.x86_spotter[0m - [31mThe generalized AAM instruction is not supported by VEX, and is handled specially by pyvex. It has no flag handling at present.  See pyvex/lifting/gym/x86_spotter.py for details[0m[0m
[1;33;40mWARNING - 2024-03-11 20:28:31,169 - [34mangr.project[0m - [34mAddress is already hooked, during hook(0x500028, <SimProcedure DragQueryFileA>). Not re-hooking.[0m[0m
[1;33;40mWARNING - 2024-03-11 20:28:31,169 - [34mangr.project[0m - [34mAddress is already hooked, during hook(0x50004c, <SimProcedure DragFinish>). Not re-hooking.[0m[0m
[1;33;40mWARNING - 2024-03-11 20:28:31,170 - [34mangr.project[0m - [34mAddress is already hooked, during hook(0x500024, <SimProcedure SHFileOperationA>). Not re-hooking.[0m[0m
[1;33;40mWARNING - 2024-03-11 20:28:31,170 - [34mangr.project[0m - [34mAddress is already hooked, during hook(0x50001c, <SimProcedure SHGetFileInfoA>). Not re-hooking.[0m[0m
[1;33;40mWARNING - 2024-03-11 20:28:31,170 - [34mangr.project[0m - [34mAddress is already hooked, during hook(0x500018, <SimProcedure ShellAboutA>). Not re-hooking.[0m[0m
[1;33;40mWARNING - 2024-03-11 20:28:31,170 - [34mangr.project[0m - [34mAddress is already hooked, during hook(0x500020, <SimProcedure StrChrA>). Not re-hooking.[0m[0m
[1;33;40mWARNING - 2024-03-11 20:28:31,171 - [34mangr.project[0m - [34mAddress is already hooked, during hook(0x500010, <SimProcedure DragAcceptFiles>). Not re-hooking.[0m[0m
[1;33;40mWARNING - 2024-03-11 20:28:31,171 - [34mangr.project[0m - [34mAddress is already hooked, during hook(0x500038, <SimProcedure FindExecutableA>). Not re-hooking.[0m[0m
[1;33;40mWARNING - 2024-03-11 20:28:31,171 - [34mangr.project[0m - [34mAddress is already hooked, during hook(0x50003c, <SimProcedure SHGetDesktopFolder>). Not re-hooking.[0m[0m
[1;33;40mWARNING - 2024-03-11 20:28:31,171 - [34mangr.project[0m - [34mAddress is already hooked, during hook(0x500048, <SimProcedure SHGetMalloc>). Not re-hooking.[0m[0m
[1;33;40mWARNING - 2024-03-11 20:28:31,171 - [34mangr.project[0m - [34mAddress is already hooked, during hook(0x500044, <SimProcedure SHGetFolderPathA>). Not re-hooking.[0m[0m
[1;33;40mWARNING - 2024-03-11 20:28:31,172 - [34mangr.project[0m - [34mAddress is already hooked, during hook(0x500014, <SimProcedure SHCreateShellItem>). Not re-hooking.[0m[0m
[1;33;40mWARNING - 2024-03-11 20:28:31,180 - [34mangr.project[0m - [34mAddress is already hooked, during hook(0x5000c4, <SimProcedure InterlockedDecrement>). Not re-hooking.[0m[0m
[1;33;40mWARNING - 2024-03-11 20:28:31,181 - [34mangr.project[0m - [34mAddress is already hooked, during hook(0x601014, <SimProcedure KiUserExceptionDispatcher>). Not re-hooking.[0m[0m
[1;33;40mWARNING - 2024-03-11 20:28:31,181 - [34mangr.project[0m - [34mAddress 0x400000 not hooked[0m[0m
[1;32;40mINFO - 2024-03-11 20:28:31,196 - [35mangr.sim_manager[0m - [35mStepping active of <SimulationManager with 1 active>[0m[0m
[1;32;40mINFO - 2024-03-11 20:28:31,275 - [37mangr.engines.engine[0m - [37mTicked state: <IRSB from 0x401992: 1 sat>[0m[0m
[1;32;40mINFO - 2024-03-11 20:28:31,275 - [32mSemaExplorerCDFS[0m - [32mHey new addr ![0m[0m
[1;32;40mINFO - 2024-03-11 20:28:31,275 - [35mangr.sim_manager[0m - [35mStepping active of <SimulationManager with 1 active>[0m[0m
[1;32;40mINFO - 2024-03-11 20:28:31,381 - [37mangr.engines.engine[0m - [37mTicked state: <SimProcedure TlsGetValue from 0x50009c: 1 sat>[0m[0m
[1;32;40mINFO - 2024-03-11 20:28:31,381 - [32mSemaExplorerCDFS[0m - [32mHey new addr ![0m[0m
[1;32;40mINFO - 2024-03-11 20:28:31,381 - [35mangr.sim_manager[0m - [35mStepping active of <SimulationManager with 1 active>[0m[0m
[1;32;40mINFO - 2024-03-11 20:28:31,403 - [37mangr.engines.engine[0m - [37mTicked state: <IRSB from 0x4019de: 1 sat>[0m[0m
[1;32;40mINFO - 2024-03-11 20:28:31,403 - [32mSemaExplorerCDFS[0m - [32mHey new addr ![0m[0m
[1;32;40mINFO - 2024-03-11 20:28:31,403 - [35mangr.sim_manager[0m - [35mStepping active of <SimulationManager with 1 active>[0m[0m
[1;32;40mINFO - 2024-03-11 20:28:31,435 - [37mangr.engines.engine[0m - [37mTicked state: <IRSB from 0x401600: 1 sat>[0m[0m
[1;32;40mINFO - 2024-03-11 20:28:31,435 - [32mSemaExplorerCDFS[0m - [32mHey new addr ![0m[0m
[1;32;40mINFO - 2024-03-11 20:28:31,435 - [35mangr.sim_manager[0m - [35mStepping active of <SimulationManager with 1 active>[0m[0m
[1;32;40mINFO - 2024-03-11 20:28:31,441 - [37mangr.engines.engine[0m - [37mTicked state: <SimProcedure FileTimeToSystemTime from 0x50005c: 1 sat>[0m[0m
[1;32;40mINFO - 2024-03-11 20:28:31,441 - [32mSemaExplorerCDFS[0m - [32mHey new addr ![0m[0m
[1;32;40mINFO - 2024-03-11 20:28:31,441 - [35mangr.sim_manager[0m - [35mStepping active of <SimulationManager with 1 active>[0m[0m
[1;32;40mINFO - 2024-03-11 20:28:31,467 - [37mangr.engines.engine[0m - [37mTicked state: <IRSB from 0x401632: 1 sat>[0m[0m
[1;32;40mINFO - 2024-03-11 20:28:31,468 - [35mangr.sim_manager[0m - [35mStepping active of <SimulationManager with 1 active>[0m[0m
[1;32;40mINFO - 2024-03-11 20:28:31,523 - [37mangr.engines.engine[0m - [37mTicked state: <SimProcedure TlsGetValue from 0x50009c: 1 sat>[0m[0m
[1;32;40mINFO - 2024-03-11 20:28:31,523 - [32mSemaExplorerCDFS[0m - [32mHey new addr ![0m[0m
[1;32;40mINFO - 2024-03-11 20:28:31,523 - [35mangr.sim_manager[0m - [35mStepping active of <SimulationManager with 1 active>[0m[0m
[1;32;40mINFO - 2024-03-11 20:28:31,539 - [37mangr.engines.engine[0m - [37mTicked state: <IRSB from 0x40166b: 1 sat>[0m[0m
[1;32;40mINFO - 2024-03-11 20:28:31,539 - [32mSemaExplorerCDFS[0m - [32mHey new addr ![0m[0m
[1;32;40mINFO - 2024-03-11 20:28:31,540 - [35mangr.sim_manager[0m - [35mStepping active of <SimulationManager with 1 active>[0m[0m
[1;32;40mINFO - 2024-03-11 20:28:31,563 - [37mangr.engines.engine[0m - [37mTicked state: <IRSB from 0x401a2b: 1 sat>[0m[0m
[1;32;40mINFO - 2024-03-11 20:28:31,563 - [32mSemaExplorerCDFS[0m - [32mHey new addr ![0m[0m
[1;32;40mINFO - 2024-03-11 20:28:31,564 - [35mangr.sim_manager[0m - [35mStepping active of <SimulationManager with 1 active>[0m[0m
[1;32;40mINFO - 2024-03-11 20:28:31,575 - [37mangr.engines.engine[0m - [37mTicked state: <SimProcedure lstrcmpA from 0x500098: 1 sat>[0m[0m
[1;32;40mINFO - 2024-03-11 20:28:31,575 - [32mSemaExplorerCDFS[0m - [32mHey new addr ![0m[0m
[1;32;40mINFO - 2024-03-11 20:28:31,575 - [35mangr.sim_manager[0m - [35mStepping active of <SimulationManager with 1 active>[0m[0m
[1;32;40mINFO - 2024-03-11 20:28:31,584 - [37mangr.engines.engine[0m - [37mTicked state: <IRSB from 0x401a56: 1 sat 1 unsat>[0m[0m
[1;32;40mINFO - 2024-03-11 20:28:31,585 - [32mSemaExplorerCDFS[0m - [32mHey new addr ![0m[0m
[1;32;40mINFO - 2024-03-11 20:28:31,585 - [35mangr.sim_manager[0m - [35mStepping active of <SimulationManager with 1 active>[0m[0m
[1;32;40mINFO - 2024-03-11 20:28:31,604 - [37mangr.engines.engine[0m - [37mTicked state: <IRSB from 0x401a5f: 1 sat>[0m[0m
[1;32;40mINFO - 2024-03-11 20:28:31,605 - [32mSemaExplorerCDFS[0m - [32mHey new addr ![0m[0m
[1;32;40mINFO - 2024-03-11 20:28:31,605 - [35mangr.sim_manager[0m - [35mStepping active of <SimulationManager with 1 active>[0m[0m
[1;32;40mINFO - 2024-03-11 20:28:31,626 - [37mangr.engines.engine[0m - [37mTicked state: <IRSB from 0x401714: 1 sat>[0m[0m
[1;32;40mINFO - 2024-03-11 20:28:31,627 - [35mangr.sim_manager[0m - [35mStepping active of <SimulationManager with 1 active>[0m[0m
[1;32;40mINFO - 2024-03-11 20:28:31,678 - [37mangr.engines.engine[0m - [37mTicked state: <SimProcedure TlsGetValue from 0x50009c: 1 sat>[0m[0m
[1;32;40mINFO - 2024-03-11 20:28:31,678 - [32mSemaExplorerCDFS[0m - [32mHey new addr ![0m[0m
[1;32;40mINFO - 2024-03-11 20:28:31,678 - [35mangr.sim_manager[0m - [35mStepping active of <SimulationManager with 1 active>[0m[0m
[1;32;40mINFO - 2024-03-11 20:28:31,699 - [37mangr.engines.engine[0m - [37mTicked state: <IRSB from 0x401737: 1 sat>[0m[0m
[1;32;40mINFO - 2024-03-11 20:28:31,700 - [32mSemaExplorerCDFS[0m - [32mHey new addr ![0m[0m
[1;32;40mINFO - 2024-03-11 20:28:31,700 - [35mangr.sim_manager[0m - [35mStepping active of <SimulationManager with 1 active>[0m[0m
[1;32;40mINFO - 2024-03-11 20:28:31,726 - [37mangr.engines.engine[0m - [37mTicked state: <IRSB from 0x401785: 1 sat>[0m[0m
[1;32;40mINFO - 2024-03-11 20:28:31,727 - [32mSemaExplorerCDFS[0m - [32mHey new addr ![0m[0m
[1;32;40mINFO - 2024-03-11 20:28:31,727 - [35mangr.sim_manager[0m - [35mStepping active of <SimulationManager with 1 active>[0m[0m
[1;32;40mINFO - 2024-03-11 20:28:31,778 - [37mangr.engines.engine[0m - [37mTicked state: <SimProcedure SetEnvironmentVariableW from 0x500084: 1 sat>[0m[0m
[1;32;40mINFO - 2024-03-11 20:28:31,778 - [32mSemaExplorerCDFS[0m - [32mHey new addr ![0m[0m
[1;32;40mINFO - 2024-03-11 20:28:31,778 - [35mangr.sim_manager[0m - [35mStepping active of <SimulationManager with 1 active>[0m[0m
[1;32;40mINFO - 2024-03-11 20:28:31,804 - [37mangr.engines.engine[0m - [37mTicked state: <IRSB from 0x4017b0: 1 sat>[0m[0m
[1;32;40mINFO - 2024-03-11 20:28:31,804 - [32mSemaExplorerCDFS[0m - [32mHey new addr ![0m[0m
[1;32;40mINFO - 2024-03-11 20:28:31,805 - [35mangr.sim_manager[0m - [35mStepping active of <SimulationManager with 1 active>[0m[0m
[1;32;40mINFO - 2024-03-11 20:28:31,855 - [37mangr.engines.engine[0m - [37mTicked state: <SimProcedure lstrcmpiA from 0x500094: 1 sat>[0m[0m
[1;32;40mINFO - 2024-03-11 20:28:31,855 - [32mSemaExplorerCDFS[0m - [32mHey new addr ![0m[0m
[1;32;40mINFO - 2024-03-11 20:28:31,855 - [35mangr.sim_manager[0m - [35mStepping active of <SimulationManager with 1 active>[0m[0m
[1;32;40mINFO - 2024-03-11 20:28:31,891 - [37mangr.engines.engine[0m - [37mTicked state: <IRSB from 0x4017d8: 2 sat>[0m[0m
[1;32;40mINFO - 2024-03-11 20:28:31,891 - [32mSemaExplorerCDFS[0m - [32mHey new addr ![0m[0m
[1;32;40mINFO - 2024-03-11 20:28:31,891 - [35mangr.sim_manager[0m - [35mStepping active of <SimulationManager with 2 active>[0m[0m
[1;32;40mINFO - 2024-03-11 20:28:31,927 - [37mangr.engines.engine[0m - [37mTicked state: <IRSB from 0x4017e1: 1 sat>[0m[0m
[1;32;40mINFO - 2024-03-11 20:28:31,958 - [37mangr.engines.engine[0m - [37mTicked state: <IRSB from 0x40151c: 1 sat>[0m[0m
[1;32;40mINFO - 2024-03-11 20:28:31,959 - [32mSemaExplorerCDFS[0m - [32mHey new addr ![0m[0m
[1;32;40mINFO - 2024-03-11 20:28:31,959 - [35mangr.sim_manager[0m - [35mStepping active of <SimulationManager with 2 active>[0m[0m
[1;32;40mINFO - 2024-03-11 20:28:32,006 - [37mangr.engines.engine[0m - [37mTicked state: <IRSB from 0x401b3d: 1 sat>[0m[0m
[1;32;40mINFO - 2024-03-11 20:28:32,059 - [37mangr.engines.engine[0m - [37mTicked state: <SimProcedure GetPrivateProfileIntW from 0x500068: 1 sat>[0m[0m
[1;32;40mINFO - 2024-03-11 20:28:32,060 - [32mSemaExplorerCDFS[0m - [32mHey new addr ![0m[0m
[1;32;40mINFO - 2024-03-11 20:28:32,060 - [35mangr.sim_manager[0m - [35mStepping active of <SimulationManager with 2 active>[0m[0m
[1;32;40mINFO - 2024-03-11 20:28:32,112 - [37mangr.engines.engine[0m - [37mTicked state: <SimProcedure SleepEx from 0x5000c0: 1 sat>[0m[0m
[1;32;40mINFO - 2024-03-11 20:28:32,148 - [37mangr.engines.engine[0m - [37mTicked state: <IRSB from 0x401555: 2 sat>[0m[0m
[1;32;40mINFO - 2024-03-11 20:28:32,149 - [32mSemaExplorerCDFS[0m - [32mHey new addr ![0m[0m
[1;32;40mINFO - 2024-03-11 20:28:32,149 - [32mSemaExplorerCDFS[0m - [32mHey new addr ![0m[0m
[1;32;40mINFO - 2024-03-11 20:28:32,149 - [35mangr.sim_manager[0m - [35mStepping active of <SimulationManager with 3 active>[0m[0m
[1;32;40mINFO - 2024-03-11 20:28:32,179 - [37mangr.engines.engine[0m - [37mTicked state: <IRSB from 0x4016a5: 1 sat>[0m[0m
[1;32;40mINFO - 2024-03-11 20:28:32,201 - [37mangr.engines.engine[0m - [37mTicked state: <IRSB from 0x401b8b: 1 sat 1 unsat>[0m[0m
[1;32;40mINFO - 2024-03-11 20:28:32,222 - [37mangr.engines.engine[0m - [37mTicked state: <IRSB from 0x40155d: 1 sat>[0m[0m
[1;32;40mINFO - 2024-03-11 20:28:32,223 - [32mSemaExplorerCDFS[0m - [32mHey new addr ![0m[0m
[1;32;40mINFO - 2024-03-11 20:28:32,223 - [35mangr.sim_manager[0m - [35mStepping active of <SimulationManager with 3 active>[0m[0m
[1;32;40mINFO - 2024-03-11 20:28:32,275 - [37mangr.engines.engine[0m - [37mTicked state: <SimProcedure SetEnvironmentVariableW from 0x500084: 1 sat>[0m[0m
[1;32;40mINFO - 2024-03-11 20:28:32,284 - [37mangr.engines.engine[0m - [37mTicked state: <IRSB from 0x401b7e: 1 sat>[0m[0m
[1;32;40mINFO - 2024-03-11 20:28:32,312 - [37mangr.engines.engine[0m - [37mTicked state: <IRSB from 0x4016a5: 1 sat>[0m[0m
[1;32;40mINFO - 2024-03-11 20:28:32,312 - [32mSemaExplorerCDFS[0m - [32mHey new addr ![0m[0m
[1;32;40mINFO - 2024-03-11 20:28:32,313 - [35mangr.sim_manager[0m - [35mStepping active of <SimulationManager with 3 active>[0m[0m
[1;32;40mINFO - 2024-03-11 20:28:32,362 - [37mangr.engines.engine[0m - [37mTicked state: <SimProcedure SleepEx from 0x5000c0: 1 sat>[0m[0m
[1;32;40mINFO - 2024-03-11 20:28:32,380 - [37mangr.engines.engine[0m - [37mTicked state: <IRSB from 0x4016ce: 1 sat>[0m[0m
[1;32;40mINFO - 2024-03-11 20:28:32,432 - [37mangr.engines.engine[0m - [37mTicked state: <SimProcedure SetEnvironmentVariableW from 0x500084: 1 sat>[0m[0m
[1;32;40mINFO - 2024-03-11 20:28:32,433 - [32mSemaExplorerCDFS[0m - [32mHey new addr ![0m[0m
[1;32;40mINFO - 2024-03-11 20:28:32,433 - [35mangr.sim_manager[0m - [35mStepping active of <SimulationManager with 3 active>[0m[0m
[1;32;40mINFO - 2024-03-11 20:28:32,456 - [37mangr.engines.engine[0m - [37mTicked state: <IRSB from 0x401b8b: 1 sat 1 unsat>[0m[0m
[1;32;40mINFO - 2024-03-11 20:28:32,465 - [37mangr.engines.engine[0m - [37mTicked state: <IRSB from 0x401175: 1 sat>[0m[0m
[1;32;40mINFO - 2024-03-11 20:28:32,482 - [37mangr.engines.engine[0m - [37mTicked state: <IRSB from 0x4016ce: 1 sat>[0m[0m
[1;32;40mINFO - 2024-03-11 20:28:32,483 - [32mSemaExplorerCDFS[0m - [32mHey new addr ![0m[0m
[1;32;40mINFO - 2024-03-11 20:28:32,483 - [35mangr.sim_manager[0m - [35mStepping active of <SimulationManager with 3 active>[0m[0m
[1;32;40mINFO - 2024-03-11 20:28:32,492 - [37mangr.engines.engine[0m - [37mTicked state: <IRSB from 0x401b7e: 1 sat>[0m[0m
[1;32;40mINFO - 2024-03-11 20:28:32,494 - [31mangr.procedures.stubs.CallReturn[0m - [31mA factory.call_state-created path returned![0m[0m
[1;32;40mINFO - 2024-03-11 20:28:32,494 - [37mangr.engines.engine[0m - [37mTicked state: <SimProcedure CallReturn from 0xb01000: empty>[0m[0m
[1;32;40mINFO - 2024-03-11 20:28:32,502 - [37mangr.engines.engine[0m - [37mTicked state: <IRSB from 0x401175: 1 sat>[0m[0m
[1;32;40mINFO - 2024-03-11 20:28:32,503 - [35mangr.sim_manager[0m - [35mStepping active of <SimulationManager with 2 active, 1 deadended>[0m[0m
[1;32;40mINFO - 2024-03-11 20:28:32,553 - [37mangr.engines.engine[0m - [37mTicked state: <SimProcedure SleepEx from 0x5000c0: 1 sat>[0m[0m
[1;32;40mINFO - 2024-03-11 20:28:32,555 - [31mangr.procedures.stubs.CallReturn[0m - [31mA factory.call_state-created path returned![0m[0m
[1;32;40mINFO - 2024-03-11 20:28:32,555 - [37mangr.engines.engine[0m - [37mTicked state: <SimProcedure CallReturn from 0xb01000: empty>[0m[0m
[1;32;40mINFO - 2024-03-11 20:28:32,555 - [35mangr.sim_manager[0m - [35mStepping active of <SimulationManager with 1 active, 2 deadended>[0m[0m
[1;32;40mINFO - 2024-03-11 20:28:32,579 - [37mangr.engines.engine[0m - [37mTicked state: <IRSB from 0x401b8b: 1 sat 1 unsat>[0m[0m
[1;32;40mINFO - 2024-03-11 20:28:32,579 - [35mangr.sim_manager[0m - [35mStepping active of <SimulationManager with 1 active, 2 deadended>[0m[0m
[1;32;40mINFO - 2024-03-11 20:28:32,588 - [37mangr.engines.engine[0m - [37mTicked state: <IRSB from 0x401b7e: 1 sat>[0m[0m
[1;32;40mINFO - 2024-03-11 20:28:32,588 - [35mangr.sim_manager[0m - [35mStepping active of <SimulationManager with 1 active, 2 deadended>[0m[0m
[1;32;40mINFO - 2024-03-11 20:28:32,639 - [37mangr.engines.engine[0m - [37mTicked state: <SimProcedure SleepEx from 0x5000c0: 1 sat>[0m[0m
[1;32;40mINFO - 2024-03-11 20:28:32,639 - [35mangr.sim_manager[0m - [35mStepping active of <SimulationManager with 1 active, 2 deadended>[0m[0m
[1;32;40mINFO - 2024-03-11 20:28:32,662 - [37mangr.engines.engine[0m - [37mTicked state: <IRSB from 0x401b8b: 1 sat 1 unsat>[0m[0m
[1;32;40mINFO - 2024-03-11 20:28:32,662 - [35mangr.sim_manager[0m - [35mStepping active of <SimulationManager with 1 active, 2 deadended>[0m[0m
[1;32;40mINFO - 2024-03-11 20:28:32,671 - [37mangr.engines.engine[0m - [37mTicked state: <IRSB from 0x401b7e: 1 sat>[0m[0m
[1;32;40mINFO - 2024-03-11 20:28:32,672 - [35mangr.sim_manager[0m - [35mStepping active of <SimulationManager with 1 active, 2 deadended>[0m[0m
[1;32;40mINFO - 2024-03-11 20:28:32,722 - [37mangr.engines.engine[0m - [37mTicked state: <SimProcedure SleepEx from 0x5000c0: 1 sat>[0m[0m
[1;32;40mINFO - 2024-03-11 20:28:32,722 - [35mangr.sim_manager[0m - [35mStepping active of <SimulationManager with 1 active, 2 deadended>[0m[0m
[1;32;40mINFO - 2024-03-11 20:28:32,745 - [37mangr.engines.engine[0m - [37mTicked state: <IRSB from 0x401b8b: 1 sat 1 unsat>[0m[0m
[1;32;40mINFO - 2024-03-11 20:28:32,745 - [35mangr.sim_manager[0m - [35mStepping active of <SimulationManager with 1 active, 2 deadended>[0m[0m
[1;32;40mINFO - 2024-03-11 20:28:32,754 - [37mangr.engines.engine[0m - [37mTicked state: <IRSB from 0x401b7e: 1 sat>[0m[0m
[1;32;40mINFO - 2024-03-11 20:28:32,754 - [35mangr.sim_manager[0m - [35mStepping active of <SimulationManager with 1 active, 2 deadended>[0m[0m
[1;32;40mINFO - 2024-03-11 20:28:32,805 - [37mangr.engines.engine[0m - [37mTicked state: <SimProcedure SleepEx from 0x5000c0: 1 sat>[0m[0m
[1;32;40mINFO - 2024-03-11 20:28:32,805 - [35mangr.sim_manager[0m - [35mStepping active of <SimulationManager with 1 active, 2 deadended>[0m[0m
[1;32;40mINFO - 2024-03-11 20:28:32,828 - [37mangr.engines.engine[0m - [37mTicked state: <IRSB from 0x401b8b: 1 sat 1 unsat>[0m[0m
[1;32;40mINFO - 2024-03-11 20:28:32,828 - [35mangr.sim_manager[0m - [35mStepping active of <SimulationManager with 1 active, 2 deadended>[0m[0m
[1;32;40mINFO - 2024-03-11 20:28:32,837 - [37mangr.engines.engine[0m - [37mTicked state: <IRSB from 0x401b7e: 1 sat>[0m[0m
[1;32;40mINFO - 2024-03-11 20:28:32,837 - [35mangr.sim_manager[0m - [35mStepping active of <SimulationManager with 1 active, 2 deadended>[0m[0m
[1;32;40mINFO - 2024-03-11 20:28:32,888 - [37mangr.engines.engine[0m - [37mTicked state: <SimProcedure SleepEx from 0x5000c0: 1 sat>[0m[0m
[1;32;40mINFO - 2024-03-11 20:28:32,888 - [35mangr.sim_manager[0m - [35mStepping active of <SimulationManager with 1 active, 2 deadended>[0m[0m
[1;32;40mINFO - 2024-03-11 20:28:32,912 - [37mangr.engines.engine[0m - [37mTicked state: <IRSB from 0x401b8b: 1 sat 1 unsat>[0m[0m
[1;32;40mINFO - 2024-03-11 20:28:32,912 - [32mSemaExplorerCDFS[0m - [32mHey new addr ![0m[0m
[1;32;40mINFO - 2024-03-11 20:28:32,912 - [35mangr.sim_manager[0m - [35mStepping active of <SimulationManager with 1 active, 2 deadended>[0m[0m
[1;32;40mINFO - 2024-03-11 20:28:32,984 - [37mangr.engines.engine[0m - [37mTicked state: <IRSB from 0x401ba9: 1 sat>[0m[0m
[1;32;40mINFO - 2024-03-11 20:28:32,984 - [32mSemaExplorerCDFS[0m - [32mHey new addr ![0m[0m
[1;32;40mINFO - 2024-03-11 20:28:32,984 - [35mangr.sim_manager[0m - [35mStepping active of <SimulationManager with 1 active, 2 deadended>[0m[0m
[1;32;40mINFO - 2024-03-11 20:28:33,036 - [37mangr.engines.engine[0m - [37mTicked state: <SimProcedure GetModuleHandleW from 0x50006c: 1 sat>[0m[0m
[1;32;40mINFO - 2024-03-11 20:28:33,036 - [32mSemaExplorerCDFS[0m - [32mHey new addr ![0m[0m
[1;32;40mINFO - 2024-03-11 20:28:33,036 - [35mangr.sim_manager[0m - [35mStepping active of <SimulationManager with 1 active, 2 deadended>[0m[0m
[1;32;40mINFO - 2024-03-11 20:28:33,171 - [37mangr.engines.engine[0m - [37mTicked state: <IRSB from 0x401c27: 1 sat>[0m[0m
[1;32;40mINFO - 2024-03-11 20:28:33,172 - [32mSemaExplorerCDFS[0m - [32mHey new addr ![0m[0m
[1;32;40mINFO - 2024-03-11 20:28:33,172 - [35mangr.sim_manager[0m - [35mStepping active of <SimulationManager with 1 active, 2 deadended>[0m[0m
[1;32;40mINFO - 2024-03-11 20:28:33,225 - [37mangr.engines.engine[0m - [37mTicked state: <SimProcedure GetProcAddress from 0x5000a0: 1 sat>[0m[0m
[1;32;40mINFO - 2024-03-11 20:28:33,225 - [32mSemaExplorerCDFS[0m - [32mHey new addr ![0m[0m
[1;32;40mINFO - 2024-03-11 20:28:33,225 - [35mangr.sim_manager[0m - [35mStepping active of <SimulationManager with 1 active, 2 deadended>[0m[0m
[1;32;40mINFO - 2024-03-11 20:28:33,265 - [37mangr.engines.engine[0m - [37mTicked state: <IRSB from 0x401cfe: 1 sat>[0m[0m
[1;32;40mINFO - 2024-03-11 20:28:33,266 - [35mangr.sim_manager[0m - [35mStepping active of <SimulationManager with 1 active, 2 deadended>[0m[0m
[1;32;40mINFO - 2024-03-11 20:28:33,316 - [37mangr.engines.engine[0m - [37mTicked state: <SimProcedure GetProcAddress from 0x5000a0: 1 sat>[0m[0m
[1;32;40mINFO - 2024-03-11 20:28:33,316 - [32mSemaExplorerCDFS[0m - [32mHey new addr ![0m[0m
[1;32;40mINFO - 2024-03-11 20:28:33,316 - [35mangr.sim_manager[0m - [35mStepping active of <SimulationManager with 1 active, 2 deadended>[0m[0m
[1;32;40mINFO - 2024-03-11 20:28:33,362 - [37mangr.engines.engine[0m - [37mTicked state: <IRSB from 0x401d3c: 1 sat>[0m[0m
[1;32;40mINFO - 2024-03-11 20:28:33,362 - [35mangr.sim_manager[0m - [35mStepping active of <SimulationManager with 1 active, 2 deadended>[0m[0m
[1;32;40mINFO - 2024-03-11 20:28:33,412 - [37mangr.engines.engine[0m - [37mTicked state: <SimProcedure GetProcAddress from 0x5000a0: 1 sat>[0m[0m
[1;32;40mINFO - 2024-03-11 20:28:33,413 - [32mSemaExplorerCDFS[0m - [32mHey new addr ![0m[0m
[1;32;40mINFO - 2024-03-11 20:28:33,413 - [35mangr.sim_manager[0m - [35mStepping active of <SimulationManager with 1 active, 2 deadended>[0m[0m
[1;32;40mINFO - 2024-03-11 20:28:33,474 - [37mangr.engines.engine[0m - [37mTicked state: <IRSB from 0x401d90: 1 sat>[0m[0m
[1;32;40mINFO - 2024-03-11 20:28:33,474 - [32mSemaExplorerCDFS[0m - [32mHey new addr ![0m[0m
[1;32;40mINFO - 2024-03-11 20:28:33,475 - [35mangr.sim_manager[0m - [35mStepping active of <SimulationManager with 1 active, 2 deadended>[0m[0m
[1;33;40mWARNING - 2024-03-11 20:28:33,558 - [34mangr.project[0m - [34mAddress is already hooked, during hook(0x500028, <SimProcedure DragQueryFileA>). Not re-hooking.[0m[0m
[1;33;40mWARNING - 2024-03-11 20:28:33,559 - [34mangr.project[0m - [34mAddress is already hooked, during hook(0x50004c, <SimProcedure DragFinish>). Not re-hooking.[0m[0m
[1;33;40mWARNING - 2024-03-11 20:28:33,559 - [34mangr.project[0m - [34mAddress is already hooked, during hook(0x500024, <SimProcedure SHFileOperationA>). Not re-hooking.[0m[0m
[1;33;40mWARNING - 2024-03-11 20:28:33,559 - [34mangr.project[0m - [34mAddress is already hooked, during hook(0x50001c, <SimProcedure SHGetFileInfoA>). Not re-hooking.[0m[0m
[1;33;40mWARNING - 2024-03-11 20:28:33,559 - [34mangr.project[0m - [34mAddress is already hooked, during hook(0x500018, <SimProcedure ShellAboutA>). Not re-hooking.[0m[0m
[1;33;40mWARNING - 2024-03-11 20:28:33,559 - [34mangr.project[0m - [34mAddress is already hooked, during hook(0x500020, <SimProcedure StrChrA>). Not re-hooking.[0m[0m
[1;33;40mWARNING - 2024-03-11 20:28:33,560 - [34mangr.project[0m - [34mAddress is already hooked, during hook(0x500010, <SimProcedure DragAcceptFiles>). Not re-hooking.[0m[0m
[1;33;40mWARNING - 2024-03-11 20:28:33,560 - [34mangr.project[0m - [34mAddress is already hooked, during hook(0x500038, <SimProcedure FindExecutableA>). Not re-hooking.[0m[0m
[1;33;40mWARNING - 2024-03-11 20:28:33,560 - [34mangr.project[0m - [34mAddress is already hooked, during hook(0x50003c, <SimProcedure SHGetDesktopFolder>). Not re-hooking.[0m[0m
[1;33;40mWARNING - 2024-03-11 20:28:33,560 - [34mangr.project[0m - [34mAddress is already hooked, during hook(0x500048, <SimProcedure SHGetMalloc>). Not re-hooking.[0m[0m
[1;33;40mWARNING - 2024-03-11 20:28:33,560 - [34mangr.project[0m - [34mAddress is already hooked, during hook(0x500044, <SimProcedure SHGetFolderPathA>). Not re-hooking.[0m[0m
[1;33;40mWARNING - 2024-03-11 20:28:33,561 - [34mangr.project[0m - [34mAddress is already hooked, during hook(0x500014, <SimProcedure SHCreateShellItem>). Not re-hooking.[0m[0m
[1;33;40mWARNING - 2024-03-11 20:28:33,735 - [34mangr.project[0m - [34mAddress is already hooked, during hook(0x5000c4, <SimProcedure InterlockedDecrement>). Not re-hooking.[0m[0m
[1;33;40mWARNING - 2024-03-11 20:28:33,735 - [34mangr.project[0m - [34mAddress is already hooked, during hook(0x601014, <SimProcedure KiUserExceptionDispatcher>). Not re-hooking.[0m[0m
[1;32;40mINFO - 2024-03-11 20:28:33,740 - [37mangr.engines.engine[0m - [37mTicked state: <SimProcedure LoadLibraryA from 0x601034: 1 sat>[0m[0m
[1;32;40mINFO - 2024-03-11 20:28:33,740 - [32mSemaExplorerCDFS[0m - [32mHey new addr ![0m[0m
[1;32;40mINFO - 2024-03-11 20:28:33,740 - [35mangr.sim_manager[0m - [35mStepping active of <SimulationManager with 1 active, 2 deadended>[0m[0m
[1;32;40mINFO - 2024-03-11 20:28:33,768 - [37mangr.engines.engine[0m - [37mTicked state: <IRSB from 0x401dd9: 1 sat>[0m[0m
[1;32;40mINFO - 2024-03-11 20:28:33,768 - [32mSemaExplorerCDFS[0m - [32mHey new addr ![0m[0m
[1;32;40mINFO - 2024-03-11 20:28:33,768 - [35mangr.sim_manager[0m - [35mStepping active of <SimulationManager with 1 active, 2 deadended>[0m[0m
[1;32;40mINFO - 2024-03-11 20:28:33,827 - [37mangr.engines.engine[0m - [37mTicked state: <SimProcedure GetEnvironmentVariableA from 0x50007c: 1 sat>[0m[0m
[1;32;40mINFO - 2024-03-11 20:28:33,827 - [32mSemaExplorerCDFS[0m - [32mHey new addr ![0m[0m
[1;32;40mINFO - 2024-03-11 20:28:33,828 - [35mangr.sim_manager[0m - [35mStepping active of <SimulationManager with 1 active, 2 deadended>[0m[0m
[1;32;40mINFO - 2024-03-11 20:28:33,863 - [37mangr.engines.engine[0m - [37mTicked state: <IRSB from 0x401e0b: 2 sat>[0m[0m
[1;32;40mINFO - 2024-03-11 20:28:33,864 - [32mSemaExplorerCDFS[0m - [32mHey new addr ![0m[0m
[1;32;40mINFO - 2024-03-11 20:28:33,864 - [35mangr.sim_manager[0m - [35mStepping active of <SimulationManager with 2 active, 2 deadended>[0m[0m
[1;32;40mINFO - 2024-03-11 20:28:33,876 - [37mangr.engines.engine[0m - [37mTicked state: <IRSB from 0x401e14: 1 sat>[0m[0m
[1;32;40mINFO - 2024-03-11 20:28:33,884 - [37mangr.engines.engine[0m - [37mTicked state: <IRSB from 0x401175: 1 sat>[0m[0m
[1;32;40mINFO - 2024-03-11 20:28:33,884 - [35mangr.sim_manager[0m - [35mStepping active of <SimulationManager with 2 active, 2 deadended>[0m[0m
[1;32;40mINFO - 2024-03-11 20:28:33,936 - [37mangr.engines.engine[0m - [37mTicked state: <SimProcedure SetEnvironmentVariableW from 0x500084: 1 sat>[0m[0m
[1;32;40mINFO - 2024-03-11 20:28:33,938 - [31mangr.procedures.stubs.CallReturn[0m - [31mA factory.call_state-created path returned![0m[0m
[1;32;40mINFO - 2024-03-11 20:28:33,939 - [37mangr.engines.engine[0m - [37mTicked state: <SimProcedure CallReturn from 0xb01000: empty>[0m[0m
[1;32;40mINFO - 2024-03-11 20:28:33,939 - [32mSemaExplorerCDFS[0m - [32mHey new addr ![0m[0m
[1;32;40mINFO - 2024-03-11 20:28:33,939 - [35mangr.sim_manager[0m - [35mStepping active of <SimulationManager with 1 active, 3 deadended>[0m[0m
[1;32;40mINFO - 2024-03-11 20:28:33,951 - [37mangr.engines.engine[0m - [37mTicked state: <IRSB from 0x401e26: 1 sat>[0m[0m
[1;32;40mINFO - 2024-03-11 20:28:33,951 - [32mSemaExplorerCDFS[0m - [32mHey new addr ![0m[0m
[1;32;40mINFO - 2024-03-11 20:28:33,951 - [35mangr.sim_manager[0m - [35mStepping active of <SimulationManager with 1 active, 3 deadended>[0m[0m
[1;32;40mINFO - 2024-03-11 20:28:33,956 - [37mangr.engines.engine[0m - [37mTicked state: <SimProcedure SetErrorMode from 0x5000bc: 1 sat>[0m[0m
[1;32;40mINFO - 2024-03-11 20:28:33,956 - [32mSemaExplorerCDFS[0m - [32mHey new addr ![0m[0m
[1;32;40mINFO - 2024-03-11 20:28:33,956 - [35mangr.sim_manager[0m - [35mStepping active of <SimulationManager with 1 active, 3 deadended>[0m[0m
[1;32;40mINFO - 2024-03-11 20:28:34,037 - [37mangr.engines.engine[0m - [37mTicked state: <IRSB from 0x401e36: 1 sat>[0m[0m
[1;32;40mINFO - 2024-03-11 20:28:34,038 - [32mSemaExplorerCDFS[0m - [32mHey new addr ![0m[0m
[1;32;40mINFO - 2024-03-11 20:28:34,038 - [35mangr.sim_manager[0m - [35mStepping active of <SimulationManager with 1 active, 3 deadended>[0m[0m
[1;32;40mINFO - 2024-03-11 20:28:34,044 - [37mangr.engines.engine[0m - [37mTicked state: <SimProcedure WriteProcessMemory from 0x60102c: 1 sat>[0m[0m
[1;32;40mINFO - 2024-03-11 20:28:34,044 - [32mSemaExplorerCDFS[0m - [32mHey new addr ![0m[0m
[1;32;40mINFO - 2024-03-11 20:28:34,044 - [35mangr.sim_manager[0m - [35mStepping active of <SimulationManager with 1 active, 3 deadended>[0m[0m
[1;32;40mINFO - 2024-03-11 20:28:34,067 - [37mangr.engines.engine[0m - [37mTicked state: <IRSB from 0x401eb9: 1 sat 1 unsat>[0m[0m
[1;32;40mINFO - 2024-03-11 20:28:34,068 - [35mangr.sim_manager[0m - [35mStepping active of <SimulationManager with 1 active, 3 deadended>[0m[0m
[1;32;40mINFO - 2024-03-11 20:28:34,076 - [37mangr.engines.engine[0m - [37mTicked state: <IRSB from 0x401175: 1 sat>[0m[0m
[1;32;40mINFO - 2024-03-11 20:28:34,076 - [35mangr.sim_manager[0m - [35mStepping active of <SimulationManager with 1 active, 3 deadended>[0m[0m
[1;32;40mINFO - 2024-03-11 20:28:34,078 - [31mangr.procedures.stubs.CallReturn[0m - [31mA factory.call_state-created path returned![0m[0m
[1;32;40mINFO - 2024-03-11 20:28:34,079 - [37mangr.engines.engine[0m - [37mTicked state: <SimProcedure CallReturn from 0xb01000: empty>[0m[0m
[1;32;40mINFO - 2024-03-11 20:28:34,079 - [32mSemaExplorerCDFS[0m - [32mlen(simgr.active) <= 0 or deadended >= self.max_end_state)[0m[0m
