[1;32;40mINFO - 2024-04-22 19:21:44,406 - [34mangr.project[0m - [34mLoading binary database/Binaries/malware-win/train/upatre/00c1b21ce6d363204a31ffdeae617d1f[0m[0m
[1;33;40mWARNING - 2024-04-22 19:21:44,455 - [34mangr.project[0m - [34mDisabling IRSB translation cache because support for self-modifying code is enabled.[0m[0m
[1;32;40mINFO - 2024-04-22 19:21:44,455 - [34mangr.project[0m - [34mUsing builtin SimProcedure for unresolved PostQuitMessage from user32.dll[0m[0m
[1;32;40mINFO - 2024-04-22 19:21:44,456 - [34mangr.project[0m - [34mUsing builtin SimProcedure for unresolved GetMessageA from user32.dll[0m[0m
[1;32;40mINFO - 2024-04-22 19:21:44,457 - [34mangr.project[0m - [34mUsing builtin SimProcedure for unresolved UpdateWindow from user32.dll[0m[0m
[1;32;40mINFO - 2024-04-22 19:21:44,457 - [34mangr.project[0m - [34mUsing builtin SimProcedure for unresolved EndPaint from user32.dll[0m[0m
[1;32;40mINFO - 2024-04-22 19:21:44,458 - [34mangr.project[0m - [34mUsing builtin SimProcedure for unresolved DispatchMessageA from user32.dll[0m[0m
[1;32;40mINFO - 2024-04-22 19:21:44,458 - [34mangr.project[0m - [34mUsing builtin SimProcedure for unresolved BeginPaint from user32.dll[0m[0m
[1;32;40mINFO - 2024-04-22 19:21:44,459 - [34mangr.project[0m - [34mUsing builtin SimProcedure for unresolved TranslateMessage from user32.dll[0m[0m
[1;32;40mINFO - 2024-04-22 19:21:44,459 - [34mangr.project[0m - [34mUsing builtin SimProcedure for unresolved MoveWindow from user32.dll[0m[0m
[1;32;40mINFO - 2024-04-22 19:21:44,460 - [34mangr.project[0m - [34mUsing builtin SimProcedure for unresolved CreateWindowExA from user32.dll[0m[0m
[1;32;40mINFO - 2024-04-22 19:21:44,460 - [34mangr.project[0m - [34mUsing builtin SimProcedure for unresolved RegisterClassExA from user32.dll[0m[0m
[1;32;40mINFO - 2024-04-22 19:21:44,461 - [34mangr.project[0m - [34mUsing builtin SimProcedure for unresolved DefWindowProcA from user32.dll[0m[0m
[1;32;40mINFO - 2024-04-22 19:21:44,461 - [34mangr.project[0m - [34mUsing builtin SimProcedure for unresolved MessageBoxA from user32.dll[0m[0m
[1;32;40mINFO - 2024-04-22 19:21:44,463 - [34mangr.project[0m - [34mUsing builtin SimProcedure for unresolved SendMessageA from user32.dll[0m[0m
[1;32;40mINFO - 2024-04-22 19:21:44,463 - [34mangr.project[0m - [34mUsing builtin SimProcedure for unresolved DestroyWindow from user32.dll[0m[0m
[1;32;40mINFO - 2024-04-22 19:21:44,464 - [34mangr.project[0m - [34mUsing builtin SimProcedure for unresolved LoadCursorA from user32.dll[0m[0m
[1;32;40mINFO - 2024-04-22 19:21:44,464 - [34mangr.project[0m - [34mUsing builtin SimProcedure for unresolved LoadIconA from user32.dll[0m[0m
[1;32;40mINFO - 2024-04-22 19:21:44,465 - [34mangr.project[0m - [34mUsing builtin SimProcedure for unresolved ShowWindow from user32.dll[0m[0m
[1;32;40mINFO - 2024-04-22 19:21:44,465 - [34mangr.project[0m - [34mUsing builtin SimProcedure for unresolved GetWindowRect from user32.dll[0m[0m
[1;32;40mINFO - 2024-04-22 19:21:44,466 - [34mangr.project[0m - [34mUsing builtin SimProcedure for unresolved GetLastError from kernel32.dll[0m[0m
[1;32;40mINFO - 2024-04-22 19:21:44,466 - [34mangr.project[0m - [34mUsing builtin SimProcedure for unresolved lstrcpyA from kernel32.dll[0m[0m
[1;32;40mINFO - 2024-04-22 19:21:44,467 - [34mangr.project[0m - [34mUsing builtin SimProcedure for unresolved GetModuleHandleA from kernel32.dll[0m[0m
[1;32;40mINFO - 2024-04-22 19:21:44,467 - [34mangr.project[0m - [34mUsing builtin SimProcedure for unresolved GetCommandLineA from kernel32.dll[0m[0m
[1;32;40mINFO - 2024-04-22 19:21:44,468 - [34mangr.project[0m - [34mUsing builtin SimProcedure for unresolved FindFirstFileA from kernel32.dll[0m[0m
[1;32;40mINFO - 2024-04-22 19:21:44,468 - [34mangr.project[0m - [34mUsing builtin SimProcedure for unresolved FormatMessageA from kernel32.dll[0m[0m
[1;32;40mINFO - 2024-04-22 19:21:44,469 - [34mangr.project[0m - [34mUsing builtin SimProcedure for unresolved FindClose from kernel32.dll[0m[0m
[1;32;40mINFO - 2024-04-22 19:21:44,470 - [34mangr.project[0m - [34mUsing builtin SimProcedure for unresolved FindNextFileA from kernel32.dll[0m[0m
[1;32;40mINFO - 2024-04-22 19:21:44,471 - [34mangr.project[0m - [34mUsing builtin SimProcedure for unresolved DeleteFileA from kernel32.dll[0m[0m
[1;32;40mINFO - 2024-04-22 19:21:44,471 - [34mangr.project[0m - [34mUsing builtin SimProcedure for unresolved CloseHandle from kernel32.dll[0m[0m
[1;32;40mINFO - 2024-04-22 19:21:44,472 - [34mangr.project[0m - [34mUsing builtin SimProcedure for unresolved GetACP from kernel32.dll[0m[0m
[1;32;40mINFO - 2024-04-22 19:21:44,472 - [34mangr.project[0m - [34mUsing builtin SimProcedure for unresolved CreateFileA from kernel32.dll[0m[0m
[1;32;40mINFO - 2024-04-22 19:21:44,473 - [34mangr.project[0m - [34mUsing builtin SimProcedure for unresolved CreateFontIndirectA from gdi32.dll[0m[0m
[1;33;40mWARNING - 2024-04-22 19:21:44,497 - [31mpyvex.lifting.gym.x86_spotter[0m - [31mThe generalized AAM instruction is not supported by VEX, and is handled specially by pyvex. It has no flag handling at present.  See pyvex/lifting/gym/x86_spotter.py for details[0m[0m
[1;33;40mWARNING - 2024-04-22 19:21:44,510 - [31mpyvex.lifting.gym.x86_spotter[0m - [31mThe generalized AAM instruction is not supported by VEX, and is handled specially by pyvex. It has no flag handling at present.  See pyvex/lifting/gym/x86_spotter.py for details[0m[0m
[1;33;40mWARNING - 2024-04-22 19:21:44,517 - [31mpyvex.lifting.gym.x86_spotter[0m - [31mThe generalized AAM instruction is not supported by VEX, and is handled specially by pyvex. It has no flag handling at present.  See pyvex/lifting/gym/x86_spotter.py for details[0m[0m
[1;33;40mWARNING - 2024-04-22 19:21:44,520 - [31mpyvex.lifting.gym.x86_spotter[0m - [31mThe generalized AAM instruction is not supported by VEX, and is handled specially by pyvex. It has no flag handling at present.  See pyvex/lifting/gym/x86_spotter.py for details[0m[0m
[1;33;40mWARNING - 2024-04-22 19:21:44,521 - [31mpyvex.lifting.gym.x86_spotter[0m - [31mThe generalized AAM instruction is not supported by VEX, and is handled specially by pyvex. It has no flag handling at present.  See pyvex/lifting/gym/x86_spotter.py for details[0m[0m
[1;32;40mINFO - 2024-04-22 19:21:44,523 - [34mpyvex.lifting.libvex[0m - [34munhandled opc_aux = 0x 4
first_opcode == 0xDB
[0m[0m
[1;33;40mWARNING - 2024-04-22 19:21:44,526 - [31mpyvex.lifting.gym.x86_spotter[0m - [31mThe generalized AAM instruction is not supported by VEX, and is handled specially by pyvex. It has no flag handling at present.  See pyvex/lifting/gym/x86_spotter.py for details[0m[0m
[1;33;40mWARNING - 2024-04-22 19:21:44,532 - [31mpyvex.lifting.gym.x86_spotter[0m - [31mThe generalized AAM instruction is not supported by VEX, and is handled specially by pyvex. It has no flag handling at present.  See pyvex/lifting/gym/x86_spotter.py for details[0m[0m
[1;33;40mWARNING - 2024-04-22 19:21:44,539 - [31mpyvex.lifting.gym.x86_spotter[0m - [31mThe generalized AAM instruction is not supported by VEX, and is handled specially by pyvex. It has no flag handling at present.  See pyvex/lifting/gym/x86_spotter.py for details[0m[0m
[1;33;40mWARNING - 2024-04-22 19:21:44,559 - [31mpyvex.lifting.gym.x86_spotter[0m - [31mThe generalized AAM instruction is not supported by VEX, and is handled specially by pyvex. It has no flag handling at present.  See pyvex/lifting/gym/x86_spotter.py for details[0m[0m
[1;33;40mWARNING - 2024-04-22 19:21:44,561 - [31mpyvex.lifting.gym.x86_spotter[0m - [31mThe generalized AAM instruction is not supported by VEX, and is handled specially by pyvex. It has no flag handling at present.  See pyvex/lifting/gym/x86_spotter.py for details[0m[0m
[1;32;40mINFO - 2024-04-22 19:21:44,563 - [34mpyvex.lifting.libvex[0m - [34munhandled opc_aux = 0x 6
first_opcode == 0xDF
[0m[0m
[1;33;40mWARNING - 2024-04-22 19:21:44,576 - [31mpyvex.lifting.gym.x86_spotter[0m - [31mThe generalized AAM instruction is not supported by VEX, and is handled specially by pyvex. It has no flag handling at present.  See pyvex/lifting/gym/x86_spotter.py for details[0m[0m
[1;33;40mWARNING - 2024-04-22 19:21:44,577 - [31mpyvex.lifting.gym.x86_spotter[0m - [31mThe generalized AAM instruction is not supported by VEX, and is handled specially by pyvex. It has no flag handling at present.  See pyvex/lifting/gym/x86_spotter.py for details[0m[0m
[1;33;40mWARNING - 2024-04-22 19:21:44,580 - [31mpyvex.lifting.gym.x86_spotter[0m - [31mThe generalized AAM instruction is not supported by VEX, and is handled specially by pyvex. It has no flag handling at present.  See pyvex/lifting/gym/x86_spotter.py for details[0m[0m
[1;33;40mWARNING - 2024-04-22 19:21:44,582 - [31mpyvex.lifting.gym.x86_spotter[0m - [31mThe generalized AAM instruction is not supported by VEX, and is handled specially by pyvex. It has no flag handling at present.  See pyvex/lifting/gym/x86_spotter.py for details[0m[0m
[1;33;40mWARNING - 2024-04-22 19:21:44,583 - [31mpyvex.lifting.gym.x86_spotter[0m - [31mThe generalized AAM instruction is not supported by VEX, and is handled specially by pyvex. It has no flag handling at present.  See pyvex/lifting/gym/x86_spotter.py for details[0m[0m
[1;33;40mWARNING - 2024-04-22 19:21:44,592 - [31mpyvex.lifting.gym.x86_spotter[0m - [31mThe generalized AAM instruction is not supported by VEX, and is handled specially by pyvex. It has no flag handling at present.  See pyvex/lifting/gym/x86_spotter.py for details[0m[0m
[1;33;40mWARNING - 2024-04-22 19:21:44,595 - [31mpyvex.lifting.gym.x86_spotter[0m - [31mThe generalized AAM instruction is not supported by VEX, and is handled specially by pyvex. It has no flag handling at present.  See pyvex/lifting/gym/x86_spotter.py for details[0m[0m
[1;33;40mWARNING - 2024-04-22 19:21:44,598 - [31mpyvex.lifting.gym.x86_spotter[0m - [31mThe generalized AAM instruction is not supported by VEX, and is handled specially by pyvex. It has no flag handling at present.  See pyvex/lifting/gym/x86_spotter.py for details[0m[0m
[1;33;40mWARNING - 2024-04-22 19:21:44,602 - [31mpyvex.lifting.gym.x86_spotter[0m - [31mThe generalized AAM instruction is not supported by VEX, and is handled specially by pyvex. It has no flag handling at present.  See pyvex/lifting/gym/x86_spotter.py for details[0m[0m
[1;33;40mWARNING - 2024-04-22 19:21:44,606 - [31mpyvex.lifting.gym.x86_spotter[0m - [31mThe generalized AAM instruction is not supported by VEX, and is handled specially by pyvex. It has no flag handling at present.  See pyvex/lifting/gym/x86_spotter.py for details[0m[0m
[1;33;40mWARNING - 2024-04-22 19:21:44,624 - [31mpyvex.lifting.gym.x86_spotter[0m - [31mThe generalized AAM instruction is not supported by VEX, and is handled specially by pyvex. It has no flag handling at present.  See pyvex/lifting/gym/x86_spotter.py for details[0m[0m
[1;33;40mWARNING - 2024-04-22 19:21:44,629 - [31mpyvex.lifting.gym.x86_spotter[0m - [31mThe generalized AAM instruction is not supported by VEX, and is handled specially by pyvex. It has no flag handling at present.  See pyvex/lifting/gym/x86_spotter.py for details[0m[0m
[1;33;40mWARNING - 2024-04-22 19:21:44,642 - [31mpyvex.lifting.gym.x86_spotter[0m - [31mThe generalized AAM instruction is not supported by VEX, and is handled specially by pyvex. It has no flag handling at present.  See pyvex/lifting/gym/x86_spotter.py for details[0m[0m
[1;33;40mWARNING - 2024-04-22 19:21:48,737 - [34mangr.project[0m - [34mAddress is already hooked, during hook(0x600078, <SimProcedure CreateFontIndirectA>). Not re-hooking.[0m[0m
[1;33;40mWARNING - 2024-04-22 19:21:48,799 - [34mangr.project[0m - [34mAddress is already hooked, during hook(0x701014, <SimProcedure KiUserExceptionDispatcher>). Not re-hooking.[0m[0m
[1;33;40mWARNING - 2024-04-22 19:21:48,799 - [34mangr.project[0m - [34mAddress 0x500000 not hooked[0m[0m
[1;33;40mWARNING - 2024-04-22 19:21:48,805 - [34mangr.project[0m - [34mAddress is already hooked, during hook(0x600030, <SimProcedure SendMessageA>). Re-hooking.[0m[0m
[1;33;40mWARNING - 2024-04-22 19:21:48,806 - [34mangr.project[0m - [34mAddress is already hooked, during hook(0x600030, <SimProcedure SendMessageA>). Re-hooking.[0m[0m
[1;33;40mWARNING - 2024-04-22 19:21:48,807 - [34mangr.project[0m - [34mAddress is already hooked, during hook(0x600008, <SimProcedure UpdateWindow>). Re-hooking.[0m[0m
[1;33;40mWARNING - 2024-04-22 19:21:48,807 - [34mangr.project[0m - [34mAddress is already hooked, during hook(0x600008, <SimProcedure UpdateWindow>). Re-hooking.[0m[0m
[1;33;40mWARNING - 2024-04-22 19:21:48,808 - [34mangr.project[0m - [34mAddress is already hooked, during hook(0x60001c, <SimProcedure MoveWindow>). Re-hooking.[0m[0m
[1;33;40mWARNING - 2024-04-22 19:21:48,808 - [34mangr.project[0m - [34mAddress is already hooked, during hook(0x60001c, <SimProcedure MoveWindow>). Re-hooking.[0m[0m
[1;33;40mWARNING - 2024-04-22 19:21:48,809 - [34mangr.project[0m - [34mAddress is already hooked, during hook(0x600034, <SimProcedure DestroyWindow>). Re-hooking.[0m[0m
[1;33;40mWARNING - 2024-04-22 19:21:48,810 - [34mangr.project[0m - [34mAddress is already hooked, during hook(0x600034, <SimProcedure DestroyWindow>). Re-hooking.[0m[0m
[1;33;40mWARNING - 2024-04-22 19:21:48,810 - [34mangr.project[0m - [34mAddress is already hooked, during hook(0x600044, <SimProcedure GetWindowRect>). Re-hooking.[0m[0m
[1;33;40mWARNING - 2024-04-22 19:21:48,811 - [34mangr.project[0m - [34mAddress is already hooked, during hook(0x600044, <SimProcedure GetWindowRect>). Re-hooking.[0m[0m
[1;33;40mWARNING - 2024-04-22 19:21:48,811 - [34mangr.project[0m - [34mAddress is already hooked, during hook(0x60003c, <SimProcedure LoadIconA>). Re-hooking.[0m[0m
[1;33;40mWARNING - 2024-04-22 19:21:48,812 - [34mangr.project[0m - [34mAddress is already hooked, during hook(0x60003c, <SimProcedure LoadIconA>). Re-hooking.[0m[0m
[1;33;40mWARNING - 2024-04-22 19:21:48,812 - [34mangr.project[0m - [34mAddress is already hooked, during hook(0x600014, <SimProcedure BeginPaint>). Re-hooking.[0m[0m
[1;33;40mWARNING - 2024-04-22 19:21:48,813 - [34mangr.project[0m - [34mAddress is already hooked, during hook(0x600014, <SimProcedure BeginPaint>). Re-hooking.[0m[0m
[1;33;40mWARNING - 2024-04-22 19:21:48,814 - [34mangr.project[0m - [34mAddress is already hooked, during hook(0x600028, <SimProcedure DefWindowProcA>). Re-hooking.[0m[0m
[1;33;40mWARNING - 2024-04-22 19:21:48,815 - [34mangr.project[0m - [34mAddress is already hooked, during hook(0x600028, <SimProcedure DefWindowProcA>). Re-hooking.[0m[0m
[1;33;40mWARNING - 2024-04-22 19:21:48,815 - [34mangr.project[0m - [34mAddress is already hooked, during hook(0x600034, <SimProcedure DestroyWindow>). Re-hooking.[0m[0m
[1;33;40mWARNING - 2024-04-22 19:21:48,816 - [34mangr.project[0m - [34mAddress is already hooked, during hook(0x600034, <SimProcedure DestroyWindow>). Re-hooking.[0m[0m
[1;33;40mWARNING - 2024-04-22 19:21:48,816 - [34mangr.project[0m - [34mAddress is already hooked, during hook(0x60000c, <SimProcedure EndPaint>). Re-hooking.[0m[0m
[1;33;40mWARNING - 2024-04-22 19:21:48,817 - [34mangr.project[0m - [34mAddress is already hooked, during hook(0x60000c, <SimProcedure EndPaint>). Re-hooking.[0m[0m
[1;33;40mWARNING - 2024-04-22 19:21:48,818 - [34mangr.project[0m - [34mAddress is already hooked, during hook(0x600044, <SimProcedure GetWindowRect>). Re-hooking.[0m[0m
[1;33;40mWARNING - 2024-04-22 19:21:48,819 - [34mangr.project[0m - [34mAddress is already hooked, during hook(0x600044, <SimProcedure GetWindowRect>). Re-hooking.[0m[0m
[1;33;40mWARNING - 2024-04-22 19:21:48,820 - [34mangr.project[0m - [34mAddress is already hooked, during hook(0x600038, <SimProcedure LoadCursorA>). Re-hooking.[0m[0m
[1;33;40mWARNING - 2024-04-22 19:21:48,820 - [34mangr.project[0m - [34mAddress is already hooked, during hook(0x600038, <SimProcedure LoadCursorA>). Re-hooking.[0m[0m
[1;33;40mWARNING - 2024-04-22 19:21:48,821 - [34mangr.project[0m - [34mAddress is already hooked, during hook(0x60003c, <SimProcedure LoadIconA>). Re-hooking.[0m[0m
[1;33;40mWARNING - 2024-04-22 19:21:48,821 - [34mangr.project[0m - [34mAddress is already hooked, during hook(0x60003c, <SimProcedure LoadIconA>). Re-hooking.[0m[0m
[1;33;40mWARNING - 2024-04-22 19:21:48,822 - [34mangr.project[0m - [34mAddress is already hooked, during hook(0x60001c, <SimProcedure MoveWindow>). Re-hooking.[0m[0m
[1;33;40mWARNING - 2024-04-22 19:21:48,823 - [34mangr.project[0m - [34mAddress is already hooked, during hook(0x60001c, <SimProcedure MoveWindow>). Re-hooking.[0m[0m
[1;33;40mWARNING - 2024-04-22 19:21:48,823 - [34mangr.project[0m - [34mAddress is already hooked, during hook(0x600000, <SimProcedure PostQuitMessage>). Re-hooking.[0m[0m
[1;33;40mWARNING - 2024-04-22 19:21:48,824 - [34mangr.project[0m - [34mAddress is already hooked, during hook(0x600000, <SimProcedure PostQuitMessage>). Re-hooking.[0m[0m
[1;33;40mWARNING - 2024-04-22 19:21:48,825 - [34mangr.project[0m - [34mAddress is already hooked, during hook(0x600030, <SimProcedure SendMessageA>). Re-hooking.[0m[0m
[1;33;40mWARNING - 2024-04-22 19:21:48,825 - [34mangr.project[0m - [34mAddress is already hooked, during hook(0x600030, <SimProcedure SendMessageA>). Re-hooking.[0m[0m
[1;33;40mWARNING - 2024-04-22 19:21:48,826 - [34mangr.project[0m - [34mAddress is already hooked, during hook(0x600040, <SimProcedure ShowWindow>). Re-hooking.[0m[0m
[1;33;40mWARNING - 2024-04-22 19:21:48,827 - [34mangr.project[0m - [34mAddress is already hooked, during hook(0x600040, <SimProcedure ShowWindow>). Re-hooking.[0m[0m
[1;33;40mWARNING - 2024-04-22 19:21:48,827 - [34mangr.project[0m - [34mAddress is already hooked, during hook(0x600018, <SimProcedure TranslateMessage>). Re-hooking.[0m[0m
[1;33;40mWARNING - 2024-04-22 19:21:48,828 - [34mangr.project[0m - [34mAddress is already hooked, during hook(0x600018, <SimProcedure TranslateMessage>). Re-hooking.[0m[0m
[1;33;40mWARNING - 2024-04-22 19:21:48,828 - [34mangr.project[0m - [34mAddress is already hooked, during hook(0x600008, <SimProcedure UpdateWindow>). Re-hooking.[0m[0m
[1;33;40mWARNING - 2024-04-22 19:21:48,829 - [34mangr.project[0m - [34mAddress is already hooked, during hook(0x600008, <SimProcedure UpdateWindow>). Re-hooking.[0m[0m
[1;33;40mWARNING - 2024-04-22 19:21:48,830 - [34mangr.project[0m - [34mAddress is already hooked, during hook(0x600040, <SimProcedure ShowWindow>). Re-hooking.[0m[0m
[1;33;40mWARNING - 2024-04-22 19:21:48,830 - [34mangr.project[0m - [34mAddress is already hooked, during hook(0x600040, <SimProcedure ShowWindow>). Re-hooking.[0m[0m
[1;33;40mWARNING - 2024-04-22 19:21:48,831 - [34mangr.project[0m - [34mAddress is already hooked, during hook(0x600014, <SimProcedure BeginPaint>). Re-hooking.[0m[0m
[1;33;40mWARNING - 2024-04-22 19:21:48,831 - [34mangr.project[0m - [34mAddress is already hooked, during hook(0x600014, <SimProcedure BeginPaint>). Re-hooking.[0m[0m
[1;33;40mWARNING - 2024-04-22 19:21:48,832 - [34mangr.project[0m - [34mAddress is already hooked, during hook(0x600028, <SimProcedure DefWindowProcA>). Re-hooking.[0m[0m
[1;33;40mWARNING - 2024-04-22 19:21:48,833 - [34mangr.project[0m - [34mAddress is already hooked, during hook(0x600028, <SimProcedure DefWindowProcA>). Re-hooking.[0m[0m
[1;33;40mWARNING - 2024-04-22 19:21:48,834 - [34mangr.project[0m - [34mAddress is already hooked, during hook(0x600018, <SimProcedure TranslateMessage>). Re-hooking.[0m[0m
[1;33;40mWARNING - 2024-04-22 19:21:48,834 - [34mangr.project[0m - [34mAddress is already hooked, during hook(0x600018, <SimProcedure TranslateMessage>). Re-hooking.[0m[0m
[1;33;40mWARNING - 2024-04-22 19:21:48,835 - [34mangr.project[0m - [34mAddress is already hooked, during hook(0x600038, <SimProcedure LoadCursorA>). Re-hooking.[0m[0m
[1;33;40mWARNING - 2024-04-22 19:21:48,836 - [34mangr.project[0m - [34mAddress is already hooked, during hook(0x600038, <SimProcedure LoadCursorA>). Re-hooking.[0m[0m
[1;33;40mWARNING - 2024-04-22 19:21:48,836 - [34mangr.project[0m - [34mAddress is already hooked, during hook(0x60000c, <SimProcedure EndPaint>). Re-hooking.[0m[0m
[1;33;40mWARNING - 2024-04-22 19:21:48,837 - [34mangr.project[0m - [34mAddress is already hooked, during hook(0x60000c, <SimProcedure EndPaint>). Re-hooking.[0m[0m
[1;33;40mWARNING - 2024-04-22 19:21:48,838 - [34mangr.project[0m - [34mAddress is already hooked, during hook(0x600000, <SimProcedure PostQuitMessage>). Re-hooking.[0m[0m
[1;33;40mWARNING - 2024-04-22 19:21:48,838 - [34mangr.project[0m - [34mAddress is already hooked, during hook(0x600000, <SimProcedure PostQuitMessage>). Re-hooking.[0m[0m
[1;33;40mWARNING - 2024-04-22 19:21:48,840 - [34mangr.project[0m - [34mAddress is already hooked, during hook(0x600068, <SimProcedure DeleteFileA>). Re-hooking.[0m[0m
[1;33;40mWARNING - 2024-04-22 19:21:48,841 - [34mangr.project[0m - [34mAddress is already hooked, during hook(0x600068, <SimProcedure DeleteFileA>). Re-hooking.[0m[0m
[1;33;40mWARNING - 2024-04-22 19:21:48,848 - [34mangr.project[0m - [34mAddress is already hooked, during hook(0x600068, <SimProcedure DeleteFileA>). Re-hooking.[0m[0m
[1;33;40mWARNING - 2024-04-22 19:21:48,848 - [34mangr.project[0m - [34mAddress is already hooked, during hook(0x600068, <SimProcedure DeleteFileA>). Re-hooking.[0m[0m
[1;33;40mWARNING - 2024-04-22 19:21:48,856 - [34mangr.project[0m - [34mAddress is already hooked, during hook(0x600078, <SimProcedure CreateFontIndirectA>). Re-hooking.[0m[0m
[1;33;40mWARNING - 2024-04-22 19:21:48,857 - [34mangr.project[0m - [34mAddress is already hooked, during hook(0x600078, <SimProcedure CreateFontIndirectA>). Re-hooking.[0m[0m
[1;33;40mWARNING - 2024-04-22 19:21:48,857 - [34mangr.project[0m - [34mAddress is already hooked, during hook(0x600078, <SimProcedure CreateFontIndirectA>). Re-hooking.[0m[0m
[1;33;40mWARNING - 2024-04-22 19:21:48,858 - [34mangr.project[0m - [34mAddress is already hooked, during hook(0x600078, <SimProcedure CreateFontIndirectA>). Re-hooking.[0m[0m
[1;32;40mINFO - 2024-04-22 19:21:48,864 - [35mangr.sim_manager[0m - [35mStepping active of <SimulationManager with 1 active>[0m[0m
[1;32;40mINFO - 2024-04-22 19:21:48,896 - [37mangr.engines.engine[0m - [37mTicked state: <IRSB from 0x501000: 1 sat>[0m[0m
[1;32;40mINFO - 2024-04-22 19:21:48,897 - [32mSemaExplorerCDFS[0m - [32mHey new addr ![0m[0m
[1;32;40mINFO - 2024-04-22 19:21:48,897 - [35mangr.sim_manager[0m - [35mStepping active of <SimulationManager with 1 active>[0m[0m
[1;32;40mINFO - 2024-04-22 19:21:48,902 - [37mangr.engines.engine[0m - [37mTicked state: <IRSB from 0x503b67: 1 sat>[0m[0m
[1;32;40mINFO - 2024-04-22 19:21:48,902 - [32mSemaExplorerCDFS[0m - [32mHey new addr ![0m[0m
[1;32;40mINFO - 2024-04-22 19:21:48,902 - [35mangr.sim_manager[0m - [35mStepping active of <SimulationManager with 1 active>[0m[0m
[1;32;40mINFO - 2024-04-22 19:21:48,905 - [37mangr.engines.engine[0m - [37mTicked state: <SimProcedure GetCommandLineA from 0x600054: 1 sat>[0m[0m
[1;32;40mINFO - 2024-04-22 19:21:48,905 - [32mSemaExplorerCDFS[0m - [32mHey new addr ![0m[0m
[1;32;40mINFO - 2024-04-22 19:21:48,905 - [35mangr.sim_manager[0m - [35mStepping active of <SimulationManager with 1 active>[0m[0m
[1;32;40mINFO - 2024-04-22 19:21:48,908 - [37mangr.engines.engine[0m - [37mTicked state: <IRSB from 0x503b78: 1 sat>[0m[0m
[1;32;40mINFO - 2024-04-22 19:21:48,908 - [32mSemaExplorerCDFS[0m - [32mHey new addr ![0m[0m
[1;32;40mINFO - 2024-04-22 19:21:48,908 - [35mangr.sim_manager[0m - [35mStepping active of <SimulationManager with 1 active>[0m[0m
[1;32;40mINFO - 2024-04-22 19:21:48,912 - [37mangr.engines.engine[0m - [37mTicked state: <IRSB from 0x503b97: 1 sat>[0m[0m
[1;32;40mINFO - 2024-04-22 19:21:48,912 - [32mSemaExplorerCDFS[0m - [32mHey new addr ![0m[0m
[1;32;40mINFO - 2024-04-22 19:21:48,912 - [35mangr.sim_manager[0m - [35mStepping active of <SimulationManager with 1 active>[0m[0m
[1;32;40mINFO - 2024-04-22 19:21:48,972 - [37mangr.engines.engine[0m - [37mTicked state: <SimProcedure GetModuleHandleA from 0x600050: 1 sat>[0m[0m
[1;32;40mINFO - 2024-04-22 19:21:48,972 - [32mSemaExplorerCDFS[0m - [32mHey new addr ![0m[0m
[1;32;40mINFO - 2024-04-22 19:21:48,972 - [35mangr.sim_manager[0m - [35mStepping active of <SimulationManager with 1 active>[0m[0m
[1;32;40mINFO - 2024-04-22 19:21:48,977 - [37mangr.engines.engine[0m - [37mTicked state: <IRSB from 0x503bbd: 1 sat>[0m[0m
[1;32;40mINFO - 2024-04-22 19:21:48,977 - [32mSemaExplorerCDFS[0m - [32mHey new addr ![0m[0m
[1;32;40mINFO - 2024-04-22 19:21:48,977 - [35mangr.sim_manager[0m - [35mStepping active of <SimulationManager with 1 active>[0m[0m
[1;32;40mINFO - 2024-04-22 19:21:49,100 - [37mangr.engines.engine[0m - [37mTicked state: <SimProcedure LoadIconA from 0x60003c: 1 sat>[0m[0m
[1;32;40mINFO - 2024-04-22 19:21:49,100 - [32mSemaExplorerCDFS[0m - [32mHey new addr ![0m[0m
[1;32;40mINFO - 2024-04-22 19:21:49,101 - [35mangr.sim_manager[0m - [35mStepping active of <SimulationManager with 1 active>[0m[0m
[1;32;40mINFO - 2024-04-22 19:21:49,105 - [37mangr.engines.engine[0m - [37mTicked state: <IRSB from 0x503be8: 1 sat>[0m[0m
[1;32;40mINFO - 2024-04-22 19:21:49,106 - [32mSemaExplorerCDFS[0m - [32mHey new addr ![0m[0m
[1;32;40mINFO - 2024-04-22 19:21:49,106 - [35mangr.sim_manager[0m - [35mStepping active of <SimulationManager with 1 active>[0m[0m
[1;32;40mINFO - 2024-04-22 19:21:49,163 - [37mangr.engines.engine[0m - [37mTicked state: <SimProcedure LoadCursorA from 0x600038: 1 sat>[0m[0m
[1;32;40mINFO - 2024-04-22 19:21:49,163 - [32mSemaExplorerCDFS[0m - [32mHey new addr ![0m[0m
[1;32;40mINFO - 2024-04-22 19:21:49,164 - [35mangr.sim_manager[0m - [35mStepping active of <SimulationManager with 1 active>[0m[0m
[1;32;40mINFO - 2024-04-22 19:21:49,167 - [37mangr.engines.engine[0m - [37mTicked state: <IRSB from 0x503bff: 1 sat>[0m[0m
[1;32;40mINFO - 2024-04-22 19:21:49,168 - [32mSemaExplorerCDFS[0m - [32mHey new addr ![0m[0m
[1;32;40mINFO - 2024-04-22 19:21:49,168 - [35mangr.sim_manager[0m - [35mStepping active of <SimulationManager with 1 active>[0m[0m
[1;32;40mINFO - 2024-04-22 19:21:49,223 - [37mangr.engines.engine[0m - [37mTicked state: <SimProcedure RegisterClassExA from 0x600024: 1 sat>[0m[0m
[1;32;40mINFO - 2024-04-22 19:21:49,224 - [32mSemaExplorerCDFS[0m - [32mHey new addr ![0m[0m
[1;32;40mINFO - 2024-04-22 19:21:49,224 - [35mangr.sim_manager[0m - [35mStepping active of <SimulationManager with 1 active>[0m[0m
[1;32;40mINFO - 2024-04-22 19:21:49,232 - [37mangr.engines.engine[0m - [37mTicked state: <IRSB from 0x503c0f: 1 sat>[0m[0m
[1;32;40mINFO - 2024-04-22 19:21:49,232 - [32mSemaExplorerCDFS[0m - [32mHey new addr ![0m[0m
[1;32;40mINFO - 2024-04-22 19:21:49,232 - [35mangr.sim_manager[0m - [35mStepping active of <SimulationManager with 1 active>[0m[0m
[1;32;40mINFO - 2024-04-22 19:21:49,291 - [37mangr.engines.engine[0m - [37mTicked state: <SimProcedure CreateWindowExA from 0x600020: 1 sat>[0m[0m
[1;32;40mINFO - 2024-04-22 19:21:49,292 - [32mSemaExplorerCDFS[0m - [32mHey new addr ![0m[0m
[1;32;40mINFO - 2024-04-22 19:21:49,292 - [35mangr.sim_manager[0m - [35mStepping active of <SimulationManager with 1 active>[0m[0m
[1;32;40mINFO - 2024-04-22 19:21:49,296 - [37mangr.engines.engine[0m - [37mTicked state: <IRSB from 0x503c46: 1 sat>[0m[0m
[1;32;40mINFO - 2024-04-22 19:21:49,297 - [32mSemaExplorerCDFS[0m - [32mHey new addr ![0m[0m
[1;32;40mINFO - 2024-04-22 19:21:49,297 - [35mangr.sim_manager[0m - [35mStepping active of <SimulationManager with 1 active>[0m[0m
[1;32;40mINFO - 2024-04-22 19:21:49,352 - [37mangr.engines.engine[0m - [37mTicked state: <SimProcedure ShowWindow from 0x600040: 1 sat>[0m[0m
[1;32;40mINFO - 2024-04-22 19:21:49,352 - [32mSemaExplorerCDFS[0m - [32mHey new addr ![0m[0m
[1;32;40mINFO - 2024-04-22 19:21:49,352 - [35mangr.sim_manager[0m - [35mStepping active of <SimulationManager with 1 active>[0m[0m
[1;32;40mINFO - 2024-04-22 19:21:49,355 - [37mangr.engines.engine[0m - [37mTicked state: <IRSB from 0x503c59: 1 sat>[0m[0m
[1;32;40mINFO - 2024-04-22 19:21:49,355 - [32mSemaExplorerCDFS[0m - [32mHey new addr ![0m[0m
[1;32;40mINFO - 2024-04-22 19:21:49,356 - [35mangr.sim_manager[0m - [35mStepping active of <SimulationManager with 1 active>[0m[0m
[1;32;40mINFO - 2024-04-22 19:21:49,411 - [37mangr.engines.engine[0m - [37mTicked state: <SimProcedure UpdateWindow from 0x600008: 1 sat>[0m[0m
[1;32;40mINFO - 2024-04-22 19:21:49,412 - [32mSemaExplorerCDFS[0m - [32mHey new addr ![0m[0m
[1;32;40mINFO - 2024-04-22 19:21:49,412 - [35mangr.sim_manager[0m - [35mStepping active of <SimulationManager with 1 active>[0m[0m
[1;32;40mINFO - 2024-04-22 19:21:49,413 - [37mangr.engines.engine[0m - [37mTicked state: <IRSB from 0x503c65: 1 sat>[0m[0m
[1;32;40mINFO - 2024-04-22 19:21:49,414 - [32mSemaExplorerCDFS[0m - [32mHey new addr ![0m[0m
[1;32;40mINFO - 2024-04-22 19:21:49,414 - [35mangr.sim_manager[0m - [35mStepping active of <SimulationManager with 1 active>[0m[0m
[1;32;40mINFO - 2024-04-22 19:21:49,417 - [37mangr.engines.engine[0m - [37mTicked state: <IRSB from 0x503c6a: 1 sat>[0m[0m
[1;32;40mINFO - 2024-04-22 19:21:49,418 - [32mSemaExplorerCDFS[0m - [32mHey new addr ![0m[0m
[1;32;40mINFO - 2024-04-22 19:21:49,418 - [35mangr.sim_manager[0m - [35mStepping active of <SimulationManager with 1 active>[0m[0m
[1;32;40mINFO - 2024-04-22 19:21:49,421 - [37mangr.engines.engine[0m - [37mTicked state: <SimProcedure GetMessageA from 0x600004: 1 sat>[0m[0m
[1;32;40mINFO - 2024-04-22 19:21:49,421 - [32mSemaExplorerCDFS[0m - [32mHey new addr ![0m[0m
[1;32;40mINFO - 2024-04-22 19:21:49,421 - [35mangr.sim_manager[0m - [35mStepping active of <SimulationManager with 1 active>[0m[0m
[1;32;40mINFO - 2024-04-22 19:21:49,425 - [37mangr.engines.engine[0m - [37mTicked state: <IRSB from 0x503c7b: 1 sat 1 unsat>[0m[0m
[1;32;40mINFO - 2024-04-22 19:21:49,425 - [32mSemaExplorerCDFS[0m - [32mHey new addr ![0m[0m
[1;32;40mINFO - 2024-04-22 19:21:49,426 - [35mangr.sim_manager[0m - [35mStepping active of <SimulationManager with 1 active>[0m[0m
[1;32;40mINFO - 2024-04-22 19:21:49,428 - [37mangr.engines.engine[0m - [37mTicked state: <IRSB from 0x503c7f: 1 sat>[0m[0m
[1;32;40mINFO - 2024-04-22 19:21:49,428 - [32mSemaExplorerCDFS[0m - [32mHey new addr ![0m[0m
[1;32;40mINFO - 2024-04-22 19:21:49,428 - [35mangr.sim_manager[0m - [35mStepping active of <SimulationManager with 1 active>[0m[0m
[1;32;40mINFO - 2024-04-22 19:21:49,483 - [37mangr.engines.engine[0m - [37mTicked state: <SimProcedure TranslateMessage from 0x600018: 1 sat>[0m[0m
[1;32;40mINFO - 2024-04-22 19:21:49,483 - [32mSemaExplorerCDFS[0m - [32mHey new addr ![0m[0m
[1;32;40mINFO - 2024-04-22 19:21:49,483 - [35mangr.sim_manager[0m - [35mStepping active of <SimulationManager with 1 active>[0m[0m
[1;32;40mINFO - 2024-04-22 19:21:49,486 - [37mangr.engines.engine[0m - [37mTicked state: <IRSB from 0x503c8a: 1 sat>[0m[0m
[1;32;40mINFO - 2024-04-22 19:21:49,487 - [32mSemaExplorerCDFS[0m - [32mHey new addr ![0m[0m
[1;32;40mINFO - 2024-04-22 19:21:49,487 - [35mangr.sim_manager[0m - [35mStepping active of <SimulationManager with 1 active>[0m[0m
[1;32;40mINFO - 2024-04-22 19:21:49,541 - [37mangr.engines.engine[0m - [37mTicked state: <SimProcedure DispatchMessageA from 0x600010: 1 sat>[0m[0m
[1;32;40mINFO - 2024-04-22 19:21:49,541 - [32mSemaExplorerCDFS[0m - [32mHey new addr ![0m[0m
[1;32;40mINFO - 2024-04-22 19:21:49,541 - [35mangr.sim_manager[0m - [35mStepping active of <SimulationManager with 1 active>[0m[0m
[1;32;40mINFO - 2024-04-22 19:21:49,543 - [37mangr.engines.engine[0m - [37mTicked state: <IRSB from 0x503c95: 1 sat>[0m[0m
[1;32;40mINFO - 2024-04-22 19:21:49,543 - [35mangr.sim_manager[0m - [35mStepping active of <SimulationManager with 1 active>[0m[0m
[1;32;40mINFO - 2024-04-22 19:21:49,547 - [37mangr.engines.engine[0m - [37mTicked state: <IRSB from 0x503c6a: 1 sat>[0m[0m
[1;32;40mINFO - 2024-04-22 19:21:49,548 - [35mangr.sim_manager[0m - [35mStepping active of <SimulationManager with 1 active>[0m[0m
[1;32;40mINFO - 2024-04-22 19:21:49,550 - [37mangr.engines.engine[0m - [37mTicked state: <SimProcedure GetMessageA from 0x600004: 1 sat>[0m[0m
[1;32;40mINFO - 2024-04-22 19:21:49,550 - [35mangr.sim_manager[0m - [35mStepping active of <SimulationManager with 1 active>[0m[0m
[1;32;40mINFO - 2024-04-22 19:21:49,553 - [37mangr.engines.engine[0m - [37mTicked state: <IRSB from 0x503c7b: 1 sat 1 unsat>[0m[0m
[1;32;40mINFO - 2024-04-22 19:21:49,554 - [32mSemaExplorerCDFS[0m - [32mHey new addr ![0m[0m
[1;32;40mINFO - 2024-04-22 19:21:49,554 - [35mangr.sim_manager[0m - [35mStepping active of <SimulationManager with 1 active>[0m[0m
[1;32;40mINFO - 2024-04-22 19:21:49,555 - [37mangr.engines.engine[0m - [37mTicked state: <IRSB from 0x503c97: 1 sat>[0m[0m
[1;32;40mINFO - 2024-04-22 19:21:49,556 - [32mSemaExplorerCDFS[0m - [32mHey new addr ![0m[0m
[1;32;40mINFO - 2024-04-22 19:21:49,556 - [35mangr.sim_manager[0m - [35mStepping active of <SimulationManager with 1 active>[0m[0m
[1;32;40mINFO - 2024-04-22 19:21:49,558 - [37mangr.engines.engine[0m - [37mTicked state: <IRSB from 0x503ca4: 1 sat>[0m[0m
[1;32;40mINFO - 2024-04-22 19:21:49,558 - [32mSemaExplorerCDFS[0m - [32mHey new addr ![0m[0m
[1;32;40mINFO - 2024-04-22 19:21:49,558 - [35mangr.sim_manager[0m - [35mStepping active of <SimulationManager with 1 active>[0m[0m
[1;32;40mINFO - 2024-04-22 19:21:49,561 - [37mangr.engines.engine[0m - [37mTicked state: <IRSB from 0x502b16: 1 sat>[0m[0m
[1;32;40mINFO - 2024-04-22 19:21:49,561 - [32mSemaExplorerCDFS[0m - [32mHey new addr ![0m[0m
[1;32;40mINFO - 2024-04-22 19:21:49,561 - [35mangr.sim_manager[0m - [35mStepping active of <SimulationManager with 1 active>[0m[0m
[1;32;40mINFO - 2024-04-22 19:21:49,564 - [37mangr.engines.engine[0m - [37mTicked state: <IRSB from 0x502b1e: 1 sat>[0m[0m
[1;32;40mINFO - 2024-04-22 19:21:49,564 - [32mSemaExplorerCDFS[0m - [32mHey new addr ![0m[0m
[1;32;40mINFO - 2024-04-22 19:21:49,564 - [35mangr.sim_manager[0m - [35mStepping active of <SimulationManager with 1 active>[0m[0m
[1;32;40mINFO - 2024-04-22 19:21:49,566 - [37mangr.engines.engine[0m - [37mTicked state: <IRSB from 0x502b29: 1 sat>[0m[0m
[1;32;40mINFO - 2024-04-22 19:21:49,566 - [32mSemaExplorerCDFS[0m - [32mHey new addr ![0m[0m
[1;32;40mINFO - 2024-04-22 19:21:49,566 - [35mangr.sim_manager[0m - [35mStepping active of <SimulationManager with 1 active>[0m[0m
[1;32;40mINFO - 2024-04-22 19:21:49,567 - [32mSemaExplorerCDFS[0m - [32mlen(simgr.active) <= 0 or deadended >= self.max_end_state)[0m[0m
