[1;32;40mINFO - 2024-04-05 17:45:25,522 - [34mangr.project[0m - [34mLoading binary database/Binaries/malware-win/train/FeakerStealer/0a05acba81358c991a65bec090a8d8be970ac43b60105736ae73ccc2ace00490[0m[0m
[1;33;40mWARNING - 2024-04-05 17:45:25,560 - [34mangr.project[0m - [34mDisabling IRSB translation cache because support for self-modifying code is enabled.[0m[0m
[1;32;40mINFO - 2024-04-05 17:45:25,561 - [34mangr.project[0m - [34mUsing builtin SimProcedure for unresolved GetModuleHandleA from kernel32.dll[0m[0m
[1;32;40mINFO - 2024-04-05 17:45:25,562 - [34mangr.project[0m - [34mUsing builtin SimProcedure for unresolved CloseHandle from kernel32.dll[0m[0m
[1;32;40mINFO - 2024-04-05 17:45:25,563 - [34mangr.project[0m - [34mUsing builtin SimProcedure for unresolved HeapAlloc from kernel32.dll[0m[0m
[1;32;40mINFO - 2024-04-05 17:45:25,563 - [34mangr.project[0m - [34mUsing builtin SimProcedure for unresolved GetProcAddress from kernel32.dll[0m[0m
[1;32;40mINFO - 2024-04-05 17:45:25,564 - [34mangr.project[0m - [34mUsing builtin SimProcedure for unresolved GetProcessHeap from kernel32.dll[0m[0m
[1;32;40mINFO - 2024-04-05 17:45:25,565 - [34mangr.project[0m - [34mUsing builtin SimProcedure for unresolved GetModuleFileNameA from kernel32.dll[0m[0m
[1;32;40mINFO - 2024-04-05 17:45:25,566 - [34mangr.project[0m - [34mUsing builtin SimProcedure for unresolved WriteProcessMemory from kernel32.dll[0m[0m
[1;32;40mINFO - 2024-04-05 17:45:25,566 - [34mangr.project[0m - [34mUsing builtin SimProcedure for unresolved GetCurrentProcess from kernel32.dll[0m[0m
[1;32;40mINFO - 2024-04-05 17:45:25,567 - [34mangr.project[0m - [34mUsing builtin SimProcedure for unresolved VirtualAlloc from kernel32.dll[0m[0m
[1;32;40mINFO - 2024-04-05 17:45:25,567 - [34mangr.project[0m - [34mUsing builtin SimProcedure for unresolved TerminateProcess from kernel32.dll[0m[0m
[1;32;40mINFO - 2024-04-05 17:45:25,568 - [34mangr.project[0m - [34mUsing builtin SimProcedure for unresolved CreateFileW from kernel32.dll[0m[0m
[1;32;40mINFO - 2024-04-05 17:45:25,568 - [34mangr.project[0m - [34mUsing builtin SimProcedure for unresolved ResumeThread from kernel32.dll[0m[0m
[1;32;40mINFO - 2024-04-05 17:45:25,569 - [34mangr.project[0m - [34mUsing builtin SimProcedure for unresolved BuildCommDCBA from kernel32.dll[0m[0m
[1;32;40mINFO - 2024-04-05 17:45:25,569 - [34mangr.project[0m - [34mUsing builtin SimProcedure for unresolved Sleep from kernel32.dll[0m[0m
[1;32;40mINFO - 2024-04-05 17:45:25,570 - [34mangr.project[0m - [34mUsing builtin SimProcedure for unresolved GetTempPathA from kernel32.dll[0m[0m
[1;32;40mINFO - 2024-04-05 17:45:25,570 - [34mangr.project[0m - [34mUsing builtin SimProcedure for unresolved GetLastError from kernel32.dll[0m[0m
[1;32;40mINFO - 2024-04-05 17:45:25,571 - [34mangr.project[0m - [34mUsing builtin SimProcedure for unresolved CreateFileA from kernel32.dll[0m[0m
[1;32;40mINFO - 2024-04-05 17:45:25,571 - [34mangr.project[0m - [34mUsing builtin SimProcedure for unresolved GetThreadContext from kernel32.dll[0m[0m
[1;32;40mINFO - 2024-04-05 17:45:25,572 - [34mangr.project[0m - [34mUsing builtin SimProcedure for unresolved VirtualAllocEx from kernel32.dll[0m[0m
[1;32;40mINFO - 2024-04-05 17:45:25,572 - [34mangr.project[0m - [34mUsing builtin SimProcedure for unresolved ExitProcess from kernel32.dll[0m[0m
[1;32;40mINFO - 2024-04-05 17:45:25,573 - [34mangr.project[0m - [34mUsing builtin SimProcedure for unresolved LCMapStringW from kernel32.dll[0m[0m
[1;32;40mINFO - 2024-04-05 17:45:25,573 - [34mangr.project[0m - [34mUsing builtin SimProcedure for unresolved ReadProcessMemory from kernel32.dll[0m[0m
[1;32;40mINFO - 2024-04-05 17:45:25,574 - [34mangr.project[0m - [34mUsing builtin SimProcedure for unresolved IsValidLocale from kernel32.dll[0m[0m
[1;32;40mINFO - 2024-04-05 17:45:25,574 - [34mangr.project[0m - [34mUsing builtin SimProcedure for unresolved GetModuleHandleW from kernel32.dll[0m[0m
[1;32;40mINFO - 2024-04-05 17:45:25,575 - [34mangr.project[0m - [34mUsing builtin SimProcedure for unresolved CreateProcessA from kernel32.dll[0m[0m
[1;32;40mINFO - 2024-04-05 17:45:25,575 - [34mangr.project[0m - [34mUsing builtin SimProcedure for unresolved SetThreadContext from kernel32.dll[0m[0m
[1;32;40mINFO - 2024-04-05 17:45:25,576 - [34mangr.project[0m - [34mUsing builtin SimProcedure for unresolved EncodePointer from kernel32.dll[0m[0m
[1;32;40mINFO - 2024-04-05 17:45:25,576 - [34mangr.project[0m - [34mUsing builtin SimProcedure for unresolved WriteConsoleW from kernel32.dll[0m[0m
[1;32;40mINFO - 2024-04-05 17:45:25,577 - [34mangr.project[0m - [34mUsing builtin SimProcedure for unresolved SetFilePointerEx from kernel32.dll[0m[0m
[1;32;40mINFO - 2024-04-05 17:45:25,578 - [34mangr.project[0m - [34mUsing builtin SimProcedure for unresolved GetConsoleMode from kernel32.dll[0m[0m
[1;32;40mINFO - 2024-04-05 17:45:25,578 - [34mangr.project[0m - [34mUsing builtin SimProcedure for unresolved GetConsoleCP from kernel32.dll[0m[0m
[1;32;40mINFO - 2024-04-05 17:45:25,579 - [34mangr.project[0m - [34mUsing builtin SimProcedure for unresolved FlushFileBuffers from kernel32.dll[0m[0m
[1;32;40mINFO - 2024-04-05 17:45:25,579 - [34mangr.project[0m - [34mUsing builtin SimProcedure for unresolved UnhandledExceptionFilter from kernel32.dll[0m[0m
[1;32;40mINFO - 2024-04-05 17:45:25,580 - [34mangr.project[0m - [34mUsing builtin SimProcedure for unresolved SetUnhandledExceptionFilter from kernel32.dll[0m[0m
[1;32;40mINFO - 2024-04-05 17:45:25,580 - [34mangr.project[0m - [34mUsing builtin SimProcedure for unresolved IsProcessorFeaturePresent from kernel32.dll[0m[0m
[1;32;40mINFO - 2024-04-05 17:45:25,581 - [34mangr.project[0m - [34mUsing builtin SimProcedure for unresolved QueryPerformanceCounter from kernel32.dll[0m[0m
[1;32;40mINFO - 2024-04-05 17:45:25,581 - [34mangr.project[0m - [34mUsing builtin SimProcedure for unresolved GetCurrentProcessId from kernel32.dll[0m[0m
[1;32;40mINFO - 2024-04-05 17:45:25,582 - [34mangr.project[0m - [34mUsing builtin SimProcedure for unresolved GetCurrentThreadId from kernel32.dll[0m[0m
[1;32;40mINFO - 2024-04-05 17:45:25,582 - [34mangr.project[0m - [34mUsing builtin SimProcedure for unresolved GetSystemTimeAsFileTime from kernel32.dll[0m[0m
[1;32;40mINFO - 2024-04-05 17:45:25,583 - [34mangr.project[0m - [34mUsing builtin SimProcedure for unresolved InitializeSListHead from kernel32.dll[0m[0m
[1;32;40mINFO - 2024-04-05 17:45:25,583 - [34mangr.project[0m - [34mUsing builtin SimProcedure for unresolved IsDebuggerPresent from kernel32.dll[0m[0m
[1;32;40mINFO - 2024-04-05 17:45:25,584 - [34mangr.project[0m - [34mUsing builtin SimProcedure for unresolved GetStartupInfoW from kernel32.dll[0m[0m
[1;32;40mINFO - 2024-04-05 17:45:25,584 - [34mangr.project[0m - [34mUsing builtin SimProcedure for unresolved RaiseException from kernel32.dll[0m[0m
[1;32;40mINFO - 2024-04-05 17:45:25,585 - [34mangr.project[0m - [34mUsing builtin SimProcedure for unresolved RtlUnwind from kernel32.dll[0m[0m
[1;32;40mINFO - 2024-04-05 17:45:25,586 - [34mangr.project[0m - [34mUsing builtin SimProcedure for unresolved SetLastError from kernel32.dll[0m[0m
[1;32;40mINFO - 2024-04-05 17:45:25,586 - [34mangr.project[0m - [34mUsing builtin SimProcedure for unresolved EnterCriticalSection from kernel32.dll[0m[0m
[1;32;40mINFO - 2024-04-05 17:45:25,587 - [34mangr.project[0m - [34mUsing builtin SimProcedure for unresolved LeaveCriticalSection from kernel32.dll[0m[0m
[1;32;40mINFO - 2024-04-05 17:45:25,587 - [34mangr.project[0m - [34mUsing builtin SimProcedure for unresolved DeleteCriticalSection from kernel32.dll[0m[0m
[1;32;40mINFO - 2024-04-05 17:45:25,588 - [34mangr.project[0m - [34mUsing builtin SimProcedure for unresolved InitializeCriticalSectionAndSpinCount from kernel32.dll[0m[0m
[1;32;40mINFO - 2024-04-05 17:45:25,588 - [34mangr.project[0m - [34mUsing builtin SimProcedure for unresolved TlsAlloc from kernel32.dll[0m[0m
[1;32;40mINFO - 2024-04-05 17:45:25,589 - [34mangr.project[0m - [34mUsing builtin SimProcedure for unresolved TlsGetValue from kernel32.dll[0m[0m
[1;32;40mINFO - 2024-04-05 17:45:25,590 - [34mangr.project[0m - [34mUsing builtin SimProcedure for unresolved TlsSetValue from kernel32.dll[0m[0m
[1;32;40mINFO - 2024-04-05 17:45:25,590 - [34mangr.project[0m - [34mUsing builtin SimProcedure for unresolved TlsFree from kernel32.dll[0m[0m
[1;32;40mINFO - 2024-04-05 17:45:25,591 - [34mangr.project[0m - [34mUsing builtin SimProcedure for unresolved FreeLibrary from kernel32.dll[0m[0m
[1;32;40mINFO - 2024-04-05 17:45:25,591 - [34mangr.project[0m - [34mUsing builtin SimProcedure for unresolved LoadLibraryExW from kernel32.dll[0m[0m
[1;32;40mINFO - 2024-04-05 17:45:25,592 - [34mangr.project[0m - [34mUsing builtin SimProcedure for unresolved GetStdHandle from kernel32.dll[0m[0m
[1;32;40mINFO - 2024-04-05 17:45:25,592 - [34mangr.project[0m - [34mUsing builtin SimProcedure for unresolved WriteFile from kernel32.dll[0m[0m
[1;32;40mINFO - 2024-04-05 17:45:25,593 - [34mangr.project[0m - [34mUsing builtin SimProcedure for unresolved GetModuleFileNameW from kernel32.dll[0m[0m
[1;32;40mINFO - 2024-04-05 17:45:25,593 - [34mangr.project[0m - [34mUsing builtin SimProcedure for unresolved GetModuleHandleExW from kernel32.dll[0m[0m
[1;32;40mINFO - 2024-04-05 17:45:25,594 - [34mangr.project[0m - [34mUsing builtin SimProcedure for unresolved HeapFree from kernel32.dll[0m[0m
[1;32;40mINFO - 2024-04-05 17:45:25,594 - [34mangr.project[0m - [34mUsing builtin SimProcedure for unresolved FindClose from kernel32.dll[0m[0m
[1;32;40mINFO - 2024-04-05 17:45:25,595 - [34mangr.project[0m - [34mUsing builtin SimProcedure for unresolved FindFirstFileExW from kernel32.dll[0m[0m
[1;32;40mINFO - 2024-04-05 17:45:25,596 - [34mangr.project[0m - [34mUsing builtin SimProcedure for unresolved FindNextFileW from kernel32.dll[0m[0m
[1;32;40mINFO - 2024-04-05 17:45:25,596 - [34mangr.project[0m - [34mUsing builtin SimProcedure for unresolved IsValidCodePage from kernel32.dll[0m[0m
[1;32;40mINFO - 2024-04-05 17:45:25,597 - [34mangr.project[0m - [34mUsing builtin SimProcedure for unresolved GetACP from kernel32.dll[0m[0m
[1;32;40mINFO - 2024-04-05 17:45:25,597 - [34mangr.project[0m - [34mUsing builtin SimProcedure for unresolved GetOEMCP from kernel32.dll[0m[0m
[1;32;40mINFO - 2024-04-05 17:45:25,598 - [34mangr.project[0m - [34mUsing builtin SimProcedure for unresolved GetCPInfo from kernel32.dll[0m[0m
[1;32;40mINFO - 2024-04-05 17:45:25,599 - [34mangr.project[0m - [34mUsing builtin SimProcedure for unresolved GetCommandLineA from kernel32.dll[0m[0m
[1;32;40mINFO - 2024-04-05 17:45:25,599 - [34mangr.project[0m - [34mUsing builtin SimProcedure for unresolved GetCommandLineW from kernel32.dll[0m[0m
[1;32;40mINFO - 2024-04-05 17:45:25,600 - [34mangr.project[0m - [34mUsing builtin SimProcedure for unresolved MultiByteToWideChar from kernel32.dll[0m[0m
[1;32;40mINFO - 2024-04-05 17:45:25,600 - [34mangr.project[0m - [34mUsing builtin SimProcedure for unresolved WideCharToMultiByte from kernel32.dll[0m[0m
[1;32;40mINFO - 2024-04-05 17:45:25,601 - [34mangr.project[0m - [34mUsing builtin SimProcedure for unresolved GetEnvironmentStringsW from kernel32.dll[0m[0m
[1;32;40mINFO - 2024-04-05 17:45:25,601 - [34mangr.project[0m - [34mUsing builtin SimProcedure for unresolved FreeEnvironmentStringsW from kernel32.dll[0m[0m
[1;32;40mINFO - 2024-04-05 17:45:25,602 - [34mangr.project[0m - [34mUsing builtin SimProcedure for unresolved SetStdHandle from kernel32.dll[0m[0m
[1;32;40mINFO - 2024-04-05 17:45:25,603 - [34mangr.project[0m - [34mUsing builtin SimProcedure for unresolved GetFileType from kernel32.dll[0m[0m
[1;32;40mINFO - 2024-04-05 17:45:25,603 - [34mangr.project[0m - [34mUsing builtin SimProcedure for unresolved GetStringTypeW from kernel32.dll[0m[0m
[1;32;40mINFO - 2024-04-05 17:45:25,604 - [34mangr.project[0m - [34mUsing builtin SimProcedure for unresolved HeapSize from kernel32.dll[0m[0m
[1;32;40mINFO - 2024-04-05 17:45:25,604 - [34mangr.project[0m - [34mUsing builtin SimProcedure for unresolved HeapReAlloc from kernel32.dll[0m[0m
[1;32;40mINFO - 2024-04-05 17:45:25,605 - [34mangr.project[0m - [34mUsing builtin SimProcedure for unresolved DecodePointer from kernel32.dll[0m[0m
[1;32;40mINFO - 2024-04-05 17:45:25,606 - [34mangr.project[0m - [34mUsing builtin SimProcedure for unresolved SHGetFolderPathA from shell32.dll[0m[0m
[1;32;40mINFO - 2024-04-05 17:45:25,606 - [34mangr.project[0m - [34mUsing builtin SimProcedure for unresolved timeGetTime from winmm.dll[0m[0m
[1;32;40mINFO - 2024-04-05 17:45:25,607 - [34mangr.project[0m - [34mUsing builtin SimProcedure for unresolved PathAddBackslashA from shlwapi.dll[0m[0m
[1;33;40mWARNING - 2024-04-05 17:45:29,867 - [34mangr.project[0m - [34mAddress is already hooked, during hook(0x50013c, <SimProcedure SHGetFolderPathA>). Not re-hooking.[0m[0m
[1;33;40mWARNING - 2024-04-05 17:45:30,116 - [34mangr.project[0m - [34mAddress is already hooked, during hook(0x500144, <SimProcedure PathAddBackslashA>). Not re-hooking.[0m[0m
[1;33;40mWARNING - 2024-04-05 17:45:30,274 - [34mangr.project[0m - [34mAddress is already hooked, during hook(0x601014, <SimProcedure KiUserExceptionDispatcher>). Not re-hooking.[0m[0m
[1;33;40mWARNING - 2024-04-05 17:45:30,275 - [34mangr.project[0m - [34mAddress 0x400000 not hooked[0m[0m
[1;32;40mINFO - 2024-04-05 17:45:30,341 - [35mangr.sim_manager[0m - [35mStepping active of <SimulationManager with 1 active>[0m[0m
[1;32;40mINFO - 2024-04-05 17:45:30,431 - [37mangr.engines.engine[0m - [37mTicked state: <IRSB from 0x4046cc: 1 sat>[0m[0m
[1;32;40mINFO - 2024-04-05 17:45:30,431 - [32mSemaExplorerCDFS[0m - [32mHey new addr ![0m[0m
[1;32;40mINFO - 2024-04-05 17:45:30,456 - [35mangr.sim_manager[0m - [35mStepping active of <SimulationManager with 1 active>[0m[0m
[1;32;40mINFO - 2024-04-05 17:45:30,481 - [37mangr.engines.engine[0m - [37mTicked state: <IRSB from 0x404b2e: 1 sat 1 unsat>[0m[0m
[1;32;40mINFO - 2024-04-05 17:45:30,481 - [32mSemaExplorerCDFS[0m - [32mHey new addr ![0m[0m
[1;32;40mINFO - 2024-04-05 17:45:30,498 - [35mangr.sim_manager[0m - [35mStepping active of <SimulationManager with 1 active>[0m[0m
[1;32;40mINFO - 2024-04-05 17:45:30,502 - [37mangr.engines.engine[0m - [37mTicked state: <IRSB from 0x404b51: 1 sat 1 unsat>[0m[0m
[1;32;40mINFO - 2024-04-05 17:45:30,502 - [32mSemaExplorerCDFS[0m - [32mHey new addr ![0m[0m
[1;32;40mINFO - 2024-04-05 17:45:30,519 - [35mangr.sim_manager[0m - [35mStepping active of <SimulationManager with 1 active>[0m[0m
[1;32;40mINFO - 2024-04-05 17:45:30,522 - [37mangr.engines.engine[0m - [37mTicked state: <IRSB from 0x404b55: 1 sat>[0m[0m
[1;32;40mINFO - 2024-04-05 17:45:30,522 - [32mSemaExplorerCDFS[0m - [32mHey new addr ![0m[0m
[1;32;40mINFO - 2024-04-05 17:45:30,538 - [35mangr.sim_manager[0m - [35mStepping active of <SimulationManager with 1 active>[0m[0m
[1;32;40mINFO - 2024-04-05 17:45:30,542 - [37mangr.engines.engine[0m - [37mTicked state: <IRSB from 0x404bc4: 1 sat>[0m[0m
[1;32;40mINFO - 2024-04-05 17:45:30,542 - [32mSemaExplorerCDFS[0m - [32mHey new addr ![0m[0m
[1;32;40mINFO - 2024-04-05 17:45:30,572 - [35mangr.sim_manager[0m - [35mStepping active of <SimulationManager with 1 active>[0m[0m
[1;32;40mINFO - 2024-04-05 17:45:30,574 - [37mangr.engines.engine[0m - [37mTicked state: <IRSB from 0x4046d1: 1 sat>[0m[0m
[1;32;40mINFO - 2024-04-05 17:45:30,574 - [32mSemaExplorerCDFS[0m - [32mHey new addr ![0m[0m
[1;32;40mINFO - 2024-04-05 17:45:30,610 - [35mangr.sim_manager[0m - [35mStepping active of <SimulationManager with 1 active>[0m[0m
[1;32;40mINFO - 2024-04-05 17:45:30,613 - [37mangr.engines.engine[0m - [37mTicked state: <IRSB from 0x404564: 1 sat>[0m[0m
[1;32;40mINFO - 2024-04-05 17:45:30,613 - [32mSemaExplorerCDFS[0m - [32mHey new addr ![0m[0m
[1;32;40mINFO - 2024-04-05 17:45:30,641 - [35mangr.sim_manager[0m - [35mStepping active of <SimulationManager with 1 active>[0m[0m
[1;32;40mINFO - 2024-04-05 17:45:30,693 - [37mangr.engines.engine[0m - [37mTicked state: <IRSB from 0x404e90: 1 sat 2 unsat>[0m[0m
[1;32;40mINFO - 2024-04-05 17:45:30,693 - [32mSemaExplorerCDFS[0m - [32mHey new addr ![0m[0m
[1;32;40mINFO - 2024-04-05 17:45:30,787 - [35mangr.sim_manager[0m - [35mStepping active of <SimulationManager with 1 active>[0m[0m
[1;32;40mINFO - 2024-04-05 17:45:30,790 - [37mangr.engines.engine[0m - [37mTicked state: <IRSB from 0x404570: 1 sat>[0m[0m
[1;32;40mINFO - 2024-04-05 17:45:30,790 - [32mSemaExplorerCDFS[0m - [32mHey new addr ![0m[0m
[1;32;40mINFO - 2024-04-05 17:45:30,792 - [35mangr.sim_manager[0m - [35mStepping active of <SimulationManager with 1 active>[0m[0m
[1;32;40mINFO - 2024-04-05 17:45:30,796 - [37mangr.engines.engine[0m - [37mTicked state: <IRSB from 0x40493f: 1 sat 1 unsat>[0m[0m
[1;32;40mINFO - 2024-04-05 17:45:30,796 - [32mSemaExplorerCDFS[0m - [32mHey new addr ![0m[0m
[1;32;40mINFO - 2024-04-05 17:45:30,797 - [35mangr.sim_manager[0m - [35mStepping active of <SimulationManager with 1 active>[0m[0m
[1;32;40mINFO - 2024-04-05 17:45:30,799 - [37mangr.engines.engine[0m - [37mTicked state: <IRSB from 0x40494f: 1 sat>[0m[0m
[1;32;40mINFO - 2024-04-05 17:45:30,799 - [32mSemaExplorerCDFS[0m - [32mHey new addr ![0m[0m
[1;32;40mINFO - 2024-04-05 17:45:30,799 - [35mangr.sim_manager[0m - [35mStepping active of <SimulationManager with 1 active>[0m[0m
[1;32;40mINFO - 2024-04-05 17:45:30,815 - [37mangr.engines.engine[0m - [37mTicked state: <IRSB from 0x404f1c: 1 sat>[0m[0m
[1;32;40mINFO - 2024-04-05 17:45:30,816 - [32mSemaExplorerCDFS[0m - [32mHey new addr ![0m[0m
[1;32;40mINFO - 2024-04-05 17:45:30,822 - [35mangr.sim_manager[0m - [35mStepping active of <SimulationManager with 1 active>[0m[0m
[1;32;40mINFO - 2024-04-05 17:45:30,824 - [37mangr.engines.engine[0m - [37mTicked state: <IRSB from 0x40e854: 1 sat>[0m[0m
[1;32;40mINFO - 2024-04-05 17:45:30,825 - [32mSemaExplorerCDFS[0m - [32mHey new addr ![0m[0m
[1;32;40mINFO - 2024-04-05 17:45:30,826 - [35mangr.sim_manager[0m - [35mStepping active of <SimulationManager with 1 active>[0m[0m
[1;32;40mINFO - 2024-04-05 17:45:30,842 - [37mangr.engines.engine[0m - [37mTicked state: <SimProcedure IsProcessorFeaturePresent from 0x500088: 1 sat>[0m[0m
[1;32;40mINFO - 2024-04-05 17:45:30,843 - [32mSemaExplorerCDFS[0m - [32mHey new addr ![0m[0m
[1;32;40mINFO - 2024-04-05 17:45:30,843 - [35mangr.sim_manager[0m - [35mStepping active of <SimulationManager with 1 active>[0m[0m
[1;32;40mINFO - 2024-04-05 17:45:30,849 - [37mangr.engines.engine[0m - [37mTicked state: <IRSB from 0x404f3a: 1 sat 1 unsat>[0m[0m
[1;32;40mINFO - 2024-04-05 17:45:30,849 - [32mSemaExplorerCDFS[0m - [32mHey new addr ![0m[0m
[1;32;40mINFO - 2024-04-05 17:45:30,860 - [35mangr.sim_manager[0m - [35mStepping active of <SimulationManager with 1 active>[0m[0m
[1;32;40mINFO - 2024-04-05 17:45:30,864 - [37mangr.engines.engine[0m - [37mTicked state: <IRSB from 0x4050b9: 1 sat>[0m[0m
[1;32;40mINFO - 2024-04-05 17:45:30,865 - [32mSemaExplorerCDFS[0m - [32mHey new addr ![0m[0m
[1;32;40mINFO - 2024-04-05 17:45:30,874 - [35mangr.sim_manager[0m - [35mStepping active of <SimulationManager with 1 active>[0m[0m
[1;32;40mINFO - 2024-04-05 17:45:30,879 - [37mangr.engines.engine[0m - [37mTicked state: <IRSB from 0x404954: 1 sat>[0m[0m
[1;32;40mINFO - 2024-04-05 17:45:30,879 - [32mSemaExplorerCDFS[0m - [32mHey new addr ![0m[0m
[1;32;40mINFO - 2024-04-05 17:45:30,879 - [35mangr.sim_manager[0m - [35mStepping active of <SimulationManager with 1 active>[0m[0m
[1;32;40mINFO - 2024-04-05 17:45:30,881 - [37mangr.engines.engine[0m - [37mTicked state: <IRSB from 0x405b46: 1 sat>[0m[0m
[1;32;40mINFO - 2024-04-05 17:45:30,881 - [32mSemaExplorerCDFS[0m - [32mHey new addr ![0m[0m
[1;32;40mINFO - 2024-04-05 17:45:30,882 - [35mangr.sim_manager[0m - [35mStepping active of <SimulationManager with 1 active>[0m[0m
[1;32;40mINFO - 2024-04-05 17:45:30,893 - [37mangr.engines.engine[0m - [37mTicked state: <IRSB from 0x4062df: 1 sat>[0m[0m
[1;32;40mINFO - 2024-04-05 17:45:30,893 - [32mSemaExplorerCDFS[0m - [32mHey new addr ![0m[0m
[1;32;40mINFO - 2024-04-05 17:45:30,893 - [35mangr.sim_manager[0m - [35mStepping active of <SimulationManager with 1 active>[0m[0m
[1;32;40mINFO - 2024-04-05 17:45:30,895 - [37mangr.engines.engine[0m - [37mTicked state: <IRSB from 0x405b4b: 1 sat>[0m[0m
[1;32;40mINFO - 2024-04-05 17:45:30,896 - [32mSemaExplorerCDFS[0m - [32mHey new addr ![0m[0m
[1;32;40mINFO - 2024-04-05 17:45:30,896 - [35mangr.sim_manager[0m - [35mStepping active of <SimulationManager with 1 active>[0m[0m
[1;32;40mINFO - 2024-04-05 17:45:30,916 - [37mangr.engines.engine[0m - [37mTicked state: <IRSB from 0x406273: 1 sat 1 unsat>[0m[0m
[1;32;40mINFO - 2024-04-05 17:45:30,917 - [32mSemaExplorerCDFS[0m - [32mHey new addr ![0m[0m
[1;32;40mINFO - 2024-04-05 17:45:30,917 - [35mangr.sim_manager[0m - [35mStepping active of <SimulationManager with 1 active>[0m[0m
[1;32;40mINFO - 2024-04-05 17:45:30,924 - [37mangr.engines.engine[0m - [37mTicked state: <IRSB from 0x4062a1: 1 sat 1 unsat>[0m[0m
[1;32;40mINFO - 2024-04-05 17:45:30,925 - [35mangr.sim_manager[0m - [35mStepping active of <SimulationManager with 1 active>[0m[0m
[1;32;40mINFO - 2024-04-05 17:45:30,930 - [37mangr.engines.engine[0m - [37mTicked state: <IRSB from 0x4062a1: 1 sat 1 unsat>[0m[0m
[1;32;40mINFO - 2024-04-05 17:45:30,930 - [35mangr.sim_manager[0m - [35mStepping active of <SimulationManager with 1 active>[0m[0m
[1;32;40mINFO - 2024-04-05 17:45:30,938 - [37mangr.engines.engine[0m - [37mTicked state: <IRSB from 0x4062a1: 1 sat 1 unsat>[0m[0m
[1;32;40mINFO - 2024-04-05 17:45:30,939 - [35mangr.sim_manager[0m - [35mStepping active of <SimulationManager with 1 active>[0m[0m
[1;32;40mINFO - 2024-04-05 17:45:30,943 - [37mangr.engines.engine[0m - [37mTicked state: <IRSB from 0x4062a1: 1 sat 1 unsat>[0m[0m
[1;32;40mINFO - 2024-04-05 17:45:30,948 - [35mangr.sim_manager[0m - [35mStepping active of <SimulationManager with 1 active>[0m[0m
[1;32;40mINFO - 2024-04-05 17:45:30,953 - [37mangr.engines.engine[0m - [37mTicked state: <IRSB from 0x4062a1: 1 sat 1 unsat>[0m[0m
[1;32;40mINFO - 2024-04-05 17:45:30,953 - [35mangr.sim_manager[0m - [35mStepping active of <SimulationManager with 1 active>[0m[0m
[1;32;40mINFO - 2024-04-05 17:45:30,962 - [37mangr.engines.engine[0m - [37mTicked state: <IRSB from 0x4062a1: 1 sat 1 unsat>[0m[0m
[1;32;40mINFO - 2024-04-05 17:45:30,962 - [35mangr.sim_manager[0m - [35mStepping active of <SimulationManager with 1 active>[0m[0m
[1;32;40mINFO - 2024-04-05 17:45:30,966 - [37mangr.engines.engine[0m - [37mTicked state: <IRSB from 0x4062a1: 1 sat 1 unsat>[0m[0m
[1;32;40mINFO - 2024-04-05 17:45:30,967 - [35mangr.sim_manager[0m - [35mStepping active of <SimulationManager with 1 active>[0m[0m
[1;32;40mINFO - 2024-04-05 17:45:30,976 - [37mangr.engines.engine[0m - [37mTicked state: <IRSB from 0x4062a1: 1 sat 1 unsat>[0m[0m
[1;32;40mINFO - 2024-04-05 17:45:30,976 - [32mSemaExplorerCDFS[0m - [32mHey new addr ![0m[0m
[1;32;40mINFO - 2024-04-05 17:45:30,976 - [35mangr.sim_manager[0m - [35mStepping active of <SimulationManager with 1 active>[0m[0m
[1;32;40mINFO - 2024-04-05 17:45:30,978 - [37mangr.engines.engine[0m - [37mTicked state: <IRSB from 0x4062ab: 1 sat>[0m[0m
[1;32;40mINFO - 2024-04-05 17:45:30,978 - [32mSemaExplorerCDFS[0m - [32mHey new addr ![0m[0m
[1;32;40mINFO - 2024-04-05 17:45:30,979 - [35mangr.sim_manager[0m - [35mStepping active of <SimulationManager with 1 active>[0m[0m
[1;32;40mINFO - 2024-04-05 17:45:30,981 - [37mangr.engines.engine[0m - [37mTicked state: <IRSB from 0x405b50: 1 sat>[0m[0m
[1;32;40mINFO - 2024-04-05 17:45:30,981 - [32mSemaExplorerCDFS[0m - [32mHey new addr ![0m[0m
[1;32;40mINFO - 2024-04-05 17:45:30,981 - [35mangr.sim_manager[0m - [35mStepping active of <SimulationManager with 1 active>[0m[0m
[1;32;40mINFO - 2024-04-05 17:45:30,990 - [37mangr.engines.engine[0m - [37mTicked state: <IRSB from 0x405f99: 1 sat>[0m[0m
[1;32;40mINFO - 2024-04-05 17:45:30,990 - [32mSemaExplorerCDFS[0m - [32mHey new addr ![0m[0m
[1;32;40mINFO - 2024-04-05 17:45:30,990 - [35mangr.sim_manager[0m - [35mStepping active of <SimulationManager with 1 active>[0m[0m
[1;32;40mINFO - 2024-04-05 17:45:30,999 - [37mangr.engines.engine[0m - [37mTicked state: <IRSB from 0x40622d: 1 sat>[0m[0m
[1;32;40mINFO - 2024-04-05 17:45:30,999 - [32mSemaExplorerCDFS[0m - [32mHey new addr ![0m[0m
[1;32;40mINFO - 2024-04-05 17:45:30,999 - [35mangr.sim_manager[0m - [35mStepping active of <SimulationManager with 1 active>[0m[0m
[1;32;40mINFO - 2024-04-05 17:45:31,017 - [37mangr.engines.engine[0m - [37mTicked state: <IRSB from 0x406021: 1 sat 1 unsat>[0m[0m
[1;32;40mINFO - 2024-04-05 17:45:31,017 - [32mSemaExplorerCDFS[0m - [32mHey new addr ![0m[0m
[1;32;40mINFO - 2024-04-05 17:45:31,018 - [35mangr.sim_manager[0m - [35mStepping active of <SimulationManager with 1 active>[0m[0m
[1;32;40mINFO - 2024-04-05 17:45:31,025 - [37mangr.engines.engine[0m - [37mTicked state: <IRSB from 0x406051: 1 sat 1 unsat>[0m[0m
[1;32;40mINFO - 2024-04-05 17:45:31,025 - [32mSemaExplorerCDFS[0m - [32mHey new addr ![0m[0m
[1;32;40mINFO - 2024-04-05 17:45:31,025 - [35mangr.sim_manager[0m - [35mStepping active of <SimulationManager with 1 active>[0m[0m
[1;32;40mINFO - 2024-04-05 17:45:31,029 - [37mangr.engines.engine[0m - [37mTicked state: <IRSB from 0x406059: 1 sat 1 unsat>[0m[0m
[1;32;40mINFO - 2024-04-05 17:45:31,029 - [32mSemaExplorerCDFS[0m - [32mHey new addr ![0m[0m
[1;32;40mINFO - 2024-04-05 17:45:31,029 - [35mangr.sim_manager[0m - [35mStepping active of <SimulationManager with 1 active>[0m[0m
[1;32;40mINFO - 2024-04-05 17:45:31,032 - [37mangr.engines.engine[0m - [37mTicked state: <IRSB from 0x406061: 1 sat>[0m[0m
[1;32;40mINFO - 2024-04-05 17:45:31,032 - [32mSemaExplorerCDFS[0m - [32mHey new addr ![0m[0m
[1;32;40mINFO - 2024-04-05 17:45:31,032 - [35mangr.sim_manager[0m - [35mStepping active of <SimulationManager with 1 active>[0m[0m
[1;32;40mINFO - 2024-04-05 17:45:31,045 - [37mangr.engines.engine[0m - [37mTicked state: <IRSB from 0x4060c1: 1 sat 1 unsat>[0m[0m
[1;32;40mINFO - 2024-04-05 17:45:31,045 - [32mSemaExplorerCDFS[0m - [32mHey new addr ![0m[0m
[1;32;40mINFO - 2024-04-05 17:45:31,049 - [35mangr.sim_manager[0m - [35mStepping active of <SimulationManager with 1 active>[0m[0m
[1;32;40mINFO - 2024-04-05 17:45:31,054 - [37mangr.engines.engine[0m - [37mTicked state: <IRSB from 0x4060e9: 1 sat>[0m[0m
[1;32;40mINFO - 2024-04-05 17:45:31,054 - [32mSemaExplorerCDFS[0m - [32mHey new addr ![0m[0m
[1;32;40mINFO - 2024-04-05 17:45:31,054 - [35mangr.sim_manager[0m - [35mStepping active of <SimulationManager with 1 active>[0m[0m
[1;33;40mWARNING - 2024-04-05 17:45:31,462 - [34mangr.project[0m - [34mAddress is already hooked, during hook(0x50013c, <SimProcedure SHGetFolderPathA>). Not re-hooking.[0m[0m
[1;33;40mWARNING - 2024-04-05 17:45:31,768 - [34mangr.project[0m - [34mAddress is already hooked, during hook(0x500144, <SimProcedure PathAddBackslashA>). Not re-hooking.[0m[0m
[1;33;40mWARNING - 2024-04-05 17:45:31,844 - [34mangr.project[0m - [34mAddress is already hooked, during hook(0x601014, <SimProcedure KiUserExceptionDispatcher>). Not re-hooking.[0m[0m
[1;32;40mINFO - 2024-04-05 17:45:31,845 - [37mangr.engines.engine[0m - [37mTicked state: <SimProcedure LoadLibraryExW from 0x5000d8: 1 sat>[0m[0m
[1;32;40mINFO - 2024-04-05 17:45:31,846 - [32mSemaExplorerCDFS[0m - [32mHey new addr ![0m[0m
[1;32;40mINFO - 2024-04-05 17:45:31,846 - [35mangr.sim_manager[0m - [35mStepping active of <SimulationManager with 1 active>[0m[0m
[1;32;40mINFO - 2024-04-05 17:45:31,850 - [37mangr.engines.engine[0m - [37mTicked state: <IRSB from 0x4060ff: 1 sat 1 unsat>[0m[0m
[1;32;40mINFO - 2024-04-05 17:45:31,850 - [32mSemaExplorerCDFS[0m - [32mHey new addr ![0m[0m
[1;32;40mINFO - 2024-04-05 17:45:31,850 - [35mangr.sim_manager[0m - [35mStepping active of <SimulationManager with 1 active>[0m[0m
[1;32;40mINFO - 2024-04-05 17:45:31,856 - [37mangr.engines.engine[0m - [37mTicked state: <IRSB from 0x40612c: 1 sat 2 unsat>[0m[0m
[1;32;40mINFO - 2024-04-05 17:45:31,856 - [32mSemaExplorerCDFS[0m - [32mHey new addr ![0m[0m
[1;32;40mINFO - 2024-04-05 17:45:31,856 - [35mangr.sim_manager[0m - [35mStepping active of <SimulationManager with 1 active>[0m[0m
[1;32;40mINFO - 2024-04-05 17:45:31,860 - [37mangr.engines.engine[0m - [37mTicked state: <IRSB from 0x40613b: 1 sat>[0m[0m
[1;32;40mINFO - 2024-04-05 17:45:31,860 - [32mSemaExplorerCDFS[0m - [32mHey new addr ![0m[0m
[1;32;40mINFO - 2024-04-05 17:45:31,860 - [35mangr.sim_manager[0m - [35mStepping active of <SimulationManager with 1 active>[0m[0m
[1;32;40mINFO - 2024-04-05 17:45:31,863 - [37mangr.engines.engine[0m - [37mTicked state: <IRSB from 0x406068: 1 sat 1 unsat>[0m[0m
[1;32;40mINFO - 2024-04-05 17:45:31,864 - [32mSemaExplorerCDFS[0m - [32mHey new addr ![0m[0m
[1;32;40mINFO - 2024-04-05 17:45:31,864 - [35mangr.sim_manager[0m - [35mStepping active of <SimulationManager with 1 active>[0m[0m
[1;32;40mINFO - 2024-04-05 17:45:31,866 - [37mangr.engines.engine[0m - [37mTicked state: <IRSB from 0x40609c: 1 sat>[0m[0m
[1;32;40mINFO - 2024-04-05 17:45:31,866 - [32mSemaExplorerCDFS[0m - [32mHey new addr ![0m[0m
[1;32;40mINFO - 2024-04-05 17:45:31,867 - [35mangr.sim_manager[0m - [35mStepping active of <SimulationManager with 1 active>[0m[0m
[1;32;40mINFO - 2024-04-05 17:45:31,869 - [37mangr.engines.engine[0m - [37mTicked state: <IRSB from 0x40607d: 1 sat 1 unsat>[0m[0m
[1;32;40mINFO - 2024-04-05 17:45:31,870 - [32mSemaExplorerCDFS[0m - [32mHey new addr ![0m[0m
[1;32;40mINFO - 2024-04-05 17:45:31,870 - [35mangr.sim_manager[0m - [35mStepping active of <SimulationManager with 1 active>[0m[0m
[1;32;40mINFO - 2024-04-05 17:45:31,873 - [37mangr.engines.engine[0m - [37mTicked state: <IRSB from 0x406081: 1 sat>[0m[0m
[1;32;40mINFO - 2024-04-05 17:45:31,873 - [32mSemaExplorerCDFS[0m - [32mHey new addr ![0m[0m
[1;32;40mINFO - 2024-04-05 17:45:31,873 - [35mangr.sim_manager[0m - [35mStepping active of <SimulationManager with 1 active>[0m[0m
[1;32;40mINFO - 2024-04-05 17:45:31,934 - [37mangr.engines.engine[0m - [37mTicked state: <SimProcedure GetProcAddress from 0x50000c: 1 sat>[0m[0m
[1;32;40mINFO - 2024-04-05 17:45:31,935 - [32mSemaExplorerCDFS[0m - [32mHey new addr ![0m[0m
[1;32;40mINFO - 2024-04-05 17:45:31,935 - [35mangr.sim_manager[0m - [35mStepping active of <SimulationManager with 1 active>[0m[0m
[1;32;40mINFO - 2024-04-05 17:45:31,938 - [37mangr.engines.engine[0m - [37mTicked state: <IRSB from 0x40608b: 1 sat 1 unsat>[0m[0m
[1;32;40mINFO - 2024-04-05 17:45:31,938 - [32mSemaExplorerCDFS[0m - [32mHey new addr ![0m[0m
[1;32;40mINFO - 2024-04-05 17:45:31,938 - [35mangr.sim_manager[0m - [35mStepping active of <SimulationManager with 1 active>[0m[0m
[1;32;40mINFO - 2024-04-05 17:45:31,942 - [37mangr.engines.engine[0m - [37mTicked state: <IRSB from 0x406091: 1 sat>[0m[0m
[1;32;40mINFO - 2024-04-05 17:45:31,942 - [32mSemaExplorerCDFS[0m - [32mHey new addr ![0m[0m
[1;32;40mINFO - 2024-04-05 17:45:31,942 - [35mangr.sim_manager[0m - [35mStepping active of <SimulationManager with 1 active>[0m[0m
[1;32;40mINFO - 2024-04-05 17:45:31,951 - [37mangr.engines.engine[0m - [37mTicked state: <IRSB from 0x406004: 1 sat>[0m[0m
[1;32;40mINFO - 2024-04-05 17:45:31,952 - [32mSemaExplorerCDFS[0m - [32mHey new addr ![0m[0m
[1;32;40mINFO - 2024-04-05 17:45:31,952 - [35mangr.sim_manager[0m - [35mStepping active of <SimulationManager with 1 active>[0m[0m
[1;32;40mINFO - 2024-04-05 17:45:31,955 - [37mangr.engines.engine[0m - [37mTicked state: <IRSB from 0x406097: 1 sat 1 unsat>[0m[0m
[1;32;40mINFO - 2024-04-05 17:45:31,955 - [32mSemaExplorerCDFS[0m - [32mHey new addr ![0m[0m
[1;32;40mINFO - 2024-04-05 17:45:31,955 - [35mangr.sim_manager[0m - [35mStepping active of <SimulationManager with 1 active>[0m[0m
[1;32;40mINFO - 2024-04-05 17:45:31,957 - [37mangr.engines.engine[0m - [37mTicked state: <IRSB from 0x406055: 1 sat>[0m[0m
[1;32;40mINFO - 2024-04-05 17:45:31,957 - [32mSemaExplorerCDFS[0m - [32mHey new addr ![0m[0m
[1;32;40mINFO - 2024-04-05 17:45:31,957 - [35mangr.sim_manager[0m - [35mStepping active of <SimulationManager with 1 active>[0m[0m
[1;32;40mINFO - 2024-04-05 17:45:31,962 - [37mangr.engines.engine[0m - [37mTicked state: <IRSB from 0x4060bc: 1 sat>[0m[0m
[1;32;40mINFO - 2024-04-05 17:45:31,962 - [32mSemaExplorerCDFS[0m - [32mHey new addr ![0m[0m
[1;32;40mINFO - 2024-04-05 17:45:31,962 - [35mangr.sim_manager[0m - [35mStepping active of <SimulationManager with 1 active>[0m[0m
[1;32;40mINFO - 2024-04-05 17:45:31,966 - [37mangr.engines.engine[0m - [37mTicked state: <IRSB from 0x406247: 1 sat 1 unsat>[0m[0m
[1;32;40mINFO - 2024-04-05 17:45:31,966 - [32mSemaExplorerCDFS[0m - [32mHey new addr ![0m[0m
[1;32;40mINFO - 2024-04-05 17:45:31,966 - [35mangr.sim_manager[0m - [35mStepping active of <SimulationManager with 1 active>[0m[0m
[1;32;40mINFO - 2024-04-05 17:45:31,970 - [37mangr.engines.engine[0m - [37mTicked state: <IRSB from 0x406250: 1 sat>[0m[0m
[1;32;40mINFO - 2024-04-05 17:45:31,971 - [32mSemaExplorerCDFS[0m - [32mHey new addr ![0m[0m
[1;32;40mINFO - 2024-04-05 17:45:31,971 - [35mangr.sim_manager[0m - [35mStepping active of <SimulationManager with 1 active>[0m[0m
[1;32;40mINFO - 2024-04-05 17:45:31,972 - [37mangr.engines.engine[0m - [37mTicked state: <IRSB from 0x404e85: 1 sat>[0m[0m
[1;32;40mINFO - 2024-04-05 17:45:31,972 - [32mSemaExplorerCDFS[0m - [32mHey new addr ![0m[0m
[1;32;40mINFO - 2024-04-05 17:45:31,973 - [35mangr.sim_manager[0m - [35mStepping active of <SimulationManager with 1 active>[0m[0m
[1;32;40mINFO - 2024-04-05 17:45:31,974 - [37mangr.engines.engine[0m - [37mTicked state: <IRSB from 0x405e8e: 1 sat>[0m[0m
[1;32;40mINFO - 2024-04-05 17:45:31,974 - [32mSemaExplorerCDFS[0m - [32mHey new addr ![0m[0m
[1;32;40mINFO - 2024-04-05 17:45:31,975 - [35mangr.sim_manager[0m - [35mStepping active of <SimulationManager with 1 active>[0m[0m
[1;32;40mINFO - 2024-04-05 17:45:31,976 - [37mangr.engines.engine[0m - [37mTicked state: <IRSB from 0x406260: 1 sat>[0m[0m
[1;32;40mINFO - 2024-04-05 17:45:31,977 - [32mSemaExplorerCDFS[0m - [32mHey new addr ![0m[0m
[1;32;40mINFO - 2024-04-05 17:45:31,977 - [35mangr.sim_manager[0m - [35mStepping active of <SimulationManager with 1 active>[0m[0m
[1;32;40mINFO - 2024-04-05 17:45:31,981 - [37mangr.engines.engine[0m - [37mTicked state: <SimProcedure InitializeCriticalSectionEx from 0x60102c: 1 sat>[0m[0m
[1;32;40mINFO - 2024-04-05 17:45:31,981 - [32mSemaExplorerCDFS[0m - [32mHey new addr ![0m[0m
[1;32;40mINFO - 2024-04-05 17:45:31,982 - [35mangr.sim_manager[0m - [35mStepping active of <SimulationManager with 1 active>[0m[0m
[1;32;40mINFO - 2024-04-05 17:45:31,983 - [37mangr.engines.engine[0m - [37mTicked state: <IRSB from 0x406262: 1 sat>[0m[0m
[1;32;40mINFO - 2024-04-05 17:45:31,983 - [32mSemaExplorerCDFS[0m - [32mHey new addr ![0m[0m
[1;32;40mINFO - 2024-04-05 17:45:31,983 - [35mangr.sim_manager[0m - [35mStepping active of <SimulationManager with 1 active>[0m[0m
[1;32;40mINFO - 2024-04-05 17:45:31,986 - [37mangr.engines.engine[0m - [37mTicked state: <IRSB from 0x406270: 1 sat>[0m[0m
[1;32;40mINFO - 2024-04-05 17:45:31,986 - [32mSemaExplorerCDFS[0m - [32mHey new addr ![0m[0m
[1;32;40mINFO - 2024-04-05 17:45:31,986 - [35mangr.sim_manager[0m - [35mStepping active of <SimulationManager with 1 active>[0m[0m
[1;32;40mINFO - 2024-04-05 17:45:31,987 - [32mSemaExplorerCDFS[0m - [32mlen(simgr.active) <= 0 or deadended >= self.max_end_state)[0m[0m
