[1;32;40mINFO - 2024-04-20 03:56:19,911 - [34mangr.project[0m - [34mLoading binary database/Binaries/malware-win/train/upatre/00a8c63b42803a887b12865ba5f388bf[0m[0m
[1;33;40mWARNING - 2024-04-20 03:56:19,927 - [34mangr.project[0m - [34mDisabling IRSB translation cache because support for self-modifying code is enabled.[0m[0m
[1;32;40mINFO - 2024-04-20 03:56:19,927 - [34mangr.project[0m - [34mUsing builtin SimProcedure for unresolved HttpOpenRequestA from wininet.dll[0m[0m
[1;32;40mINFO - 2024-04-20 03:56:19,928 - [34mangr.project[0m - [34mUsing builtin SimProcedure for unresolved InternetQueryOptionW from wininet.dll[0m[0m
[1;32;40mINFO - 2024-04-20 03:56:19,928 - [34mangr.project[0m - [34mUsing builtin SimProcedure for unresolved InternetSetOptionW from wininet.dll[0m[0m
[1;32;40mINFO - 2024-04-20 03:56:19,929 - [34mangr.project[0m - [34mUsing builtin SimProcedure for unresolved HttpSendRequestW from wininet.dll[0m[0m
[1;32;40mINFO - 2024-04-20 03:56:19,929 - [34mangr.project[0m - [34mUsing builtin SimProcedure for unresolved InternetConnectA from wininet.dll[0m[0m
[1;32;40mINFO - 2024-04-20 03:56:19,929 - [34mangr.project[0m - [34mUsing builtin SimProcedure for unresolved InternetOpenW from wininet.dll[0m[0m
[1;32;40mINFO - 2024-04-20 03:56:19,930 - [34mangr.project[0m - [34mUsing builtin SimProcedure for unresolved HttpQueryInfoW from wininet.dll[0m[0m
[1;32;40mINFO - 2024-04-20 03:56:19,930 - [34mangr.project[0m - [34mUsing builtin SimProcedure for unresolved InternetReadFile from wininet.dll[0m[0m
[1;32;40mINFO - 2024-04-20 03:56:19,931 - [34mangr.project[0m - [34mUsing builtin SimProcedure for unresolved CloseHandle from kernel32.dll[0m[0m
[1;32;40mINFO - 2024-04-20 03:56:19,931 - [34mangr.project[0m - [34mUsing builtin SimProcedure for unresolved GetFileSize from kernel32.dll[0m[0m
[1;32;40mINFO - 2024-04-20 03:56:19,932 - [34mangr.project[0m - [34mUsing builtin SimProcedure for unresolved GetModuleHandleW from kernel32.dll[0m[0m
[1;32;40mINFO - 2024-04-20 03:56:19,932 - [34mangr.project[0m - [34mUsing builtin SimProcedure for unresolved ExitProcess from kernel32.dll[0m[0m
[1;32;40mINFO - 2024-04-20 03:56:19,932 - [34mangr.project[0m - [34mUsing builtin SimProcedure for unresolved HeapCreate from kernel32.dll[0m[0m
[1;32;40mINFO - 2024-04-20 03:56:19,933 - [34mangr.project[0m - [34mUsing builtin SimProcedure for unresolved HeapAlloc from kernel32.dll[0m[0m
[1;32;40mINFO - 2024-04-20 03:56:19,933 - [34mangr.project[0m - [34mUsing builtin SimProcedure for unresolved GetModuleFileNameW from kernel32.dll[0m[0m
[1;32;40mINFO - 2024-04-20 03:56:19,933 - [34mangr.project[0m - [34mUsing builtin SimProcedure for unresolved GetTempPathW from kernel32.dll[0m[0m
[1;32;40mINFO - 2024-04-20 03:56:19,934 - [34mangr.project[0m - [34mUsing builtin SimProcedure for unresolved HeapDestroy from kernel32.dll[0m[0m
[1;32;40mINFO - 2024-04-20 03:56:19,934 - [34mangr.project[0m - [34mUsing builtin SimProcedure for unresolved GetCurrentDirectoryW from kernel32.dll[0m[0m
[1;32;40mINFO - 2024-04-20 03:56:19,934 - [34mangr.project[0m - [34mUsing builtin SimProcedure for unresolved Sleep from kernel32.dll[0m[0m
[1;32;40mINFO - 2024-04-20 03:56:19,935 - [34mangr.project[0m - [34mUsing builtin SimProcedure for unresolved FreeLibrary from kernel32.dll[0m[0m
[1;32;40mINFO - 2024-04-20 03:56:19,935 - [34mangr.project[0m - [34mUsing builtin SimProcedure for unresolved GetProcAddress from kernel32.dll[0m[0m
[1;32;40mINFO - 2024-04-20 03:56:19,935 - [34mangr.project[0m - [34mUsing builtin SimProcedure for unresolved LoadLibraryW from kernel32.dll[0m[0m
[1;32;40mINFO - 2024-04-20 03:56:19,935 - [34mangr.project[0m - [34mUsing builtin SimProcedure for unresolved HeapFree from kernel32.dll[0m[0m
[1;32;40mINFO - 2024-04-20 03:56:19,936 - [34mangr.project[0m - [34mUsing builtin SimProcedure for unresolved DeleteFileW from kernel32.dll[0m[0m
[1;32;40mINFO - 2024-04-20 03:56:19,936 - [34mangr.project[0m - [34mUsing builtin SimProcedure for unresolved lstrlenW from kernel32.dll[0m[0m
[1;32;40mINFO - 2024-04-20 03:56:19,936 - [34mangr.project[0m - [34mUsing builtin SimProcedure for unresolved WriteFile from kernel32.dll[0m[0m
[1;32;40mINFO - 2024-04-20 03:56:19,937 - [34mangr.project[0m - [34mUsing builtin SimProcedure for unresolved lstrcmpW from kernel32.dll[0m[0m
[1;32;40mINFO - 2024-04-20 03:56:19,937 - [34mangr.project[0m - [34mUsing builtin SimProcedure for unresolved ReadFile from kernel32.dll[0m[0m
[1;32;40mINFO - 2024-04-20 03:56:19,937 - [34mangr.project[0m - [34mUsing builtin SimProcedure for unresolved CreateFileW from kernel32.dll[0m[0m
[1;32;40mINFO - 2024-04-20 03:56:19,938 - [34mangr.project[0m - [34mUsing builtin SimProcedure for unresolved wsprintfW from user32.dll[0m[0m
[1;32;40mINFO - 2024-04-20 03:56:19,938 - [34mangr.project[0m - [34mUsing builtin SimProcedure for unresolved ShellExecuteW from shell32.dll[0m[0m
[1;33;40mWARNING - 2024-04-20 03:56:35,228 - [34mangr.project[0m - [34mAddress is already hooked, during hook(0x500014, <SimProcedure InternetOpenW>). Not re-hooking.[0m[0m
[1;33;40mWARNING - 2024-04-20 03:56:35,255 - [34mangr.project[0m - [34mAddress is already hooked, during hook(0x500000, <SimProcedure HttpOpenRequestA>). Not re-hooking.[0m[0m
[1;33;40mWARNING - 2024-04-20 03:56:35,256 - [34mangr.project[0m - [34mAddress is already hooked, during hook(0x500010, <SimProcedure InternetConnectA>). Not re-hooking.[0m[0m
[1;33;40mWARNING - 2024-04-20 03:56:35,256 - [34mangr.project[0m - [34mAddress is already hooked, during hook(0x601014, <SimProcedure KiUserExceptionDispatcher>). Not re-hooking.[0m[0m
[1;33;40mWARNING - 2024-04-20 03:56:35,257 - [34mangr.project[0m - [34mAddress 0x400000 not hooked[0m[0m
[1;33;40mWARNING - 2024-04-20 03:56:35,325 - [34mangr.project[0m - [34mAddress is already hooked, during hook(0x50003c, <SimProcedure GetTempPathW>). Re-hooking.[0m[0m
[1;33;40mWARNING - 2024-04-20 03:56:35,326 - [34mangr.project[0m - [34mAddress is already hooked, during hook(0x50003c, <SimProcedure GetTempPathW>). Re-hooking.[0m[0m
[1;33;40mWARNING - 2024-04-20 03:56:35,344 - [34mangr.project[0m - [34mAddress is already hooked, during hook(0x500048, <SimProcedure Sleep>). Re-hooking.[0m[0m
[1;33;40mWARNING - 2024-04-20 03:56:35,345 - [34mangr.project[0m - [34mAddress is already hooked, during hook(0x500048, <SimProcedure Sleep>). Re-hooking.[0m[0m
[1;33;40mWARNING - 2024-04-20 03:56:35,369 - [34mangr.project[0m - [34mAddress is already hooked, during hook(0x500040, <SimProcedure HeapDestroy>). Re-hooking.[0m[0m
[1;33;40mWARNING - 2024-04-20 03:56:35,369 - [34mangr.project[0m - [34mAddress is already hooked, during hook(0x500040, <SimProcedure HeapDestroy>). Re-hooking.[0m[0m
[1;33;40mWARNING - 2024-04-20 03:56:35,378 - [34mangr.project[0m - [34mAddress is already hooked, during hook(0x50003c, <SimProcedure GetTempPathW>). Re-hooking.[0m[0m
[1;33;40mWARNING - 2024-04-20 03:56:35,379 - [34mangr.project[0m - [34mAddress is already hooked, during hook(0x50003c, <SimProcedure GetTempPathW>). Re-hooking.[0m[0m
[1;33;40mWARNING - 2024-04-20 03:56:35,385 - [34mangr.project[0m - [34mAddress is already hooked, during hook(0x500040, <SimProcedure HeapDestroy>). Re-hooking.[0m[0m
[1;33;40mWARNING - 2024-04-20 03:56:35,386 - [34mangr.project[0m - [34mAddress is already hooked, during hook(0x500040, <SimProcedure HeapDestroy>). Re-hooking.[0m[0m
[1;33;40mWARNING - 2024-04-20 03:56:35,391 - [34mangr.project[0m - [34mAddress is already hooked, during hook(0x500048, <SimProcedure Sleep>). Re-hooking.[0m[0m
[1;33;40mWARNING - 2024-04-20 03:56:35,391 - [34mangr.project[0m - [34mAddress is already hooked, during hook(0x500048, <SimProcedure Sleep>). Re-hooking.[0m[0m
[1;33;40mWARNING - 2024-04-20 03:56:35,398 - [34mangr.project[0m - [34mAddress is already hooked, during hook(0x500014, <SimProcedure InternetOpenW>). Re-hooking.[0m[0m
[1;33;40mWARNING - 2024-04-20 03:56:35,405 - [34mangr.project[0m - [34mAddress is already hooked, during hook(0x500014, <SimProcedure InternetOpenW>). Re-hooking.[0m[0m
[1;32;40mINFO - 2024-04-20 03:56:35,409 - [35mangr.sim_manager[0m - [35mStepping active of <SimulationManager with 1 active>[0m[0m
[1;32;40mINFO - 2024-04-20 03:56:35,463 - [37mangr.engines.engine[0m - [37mTicked state: <IRSB from 0x401053: 1 sat>[0m[0m
[1;32;40mINFO - 2024-04-20 03:56:35,463 - [32mSemaExplorerCDFS[0m - [32mHey new addr ![0m[0m
[1;32;40mINFO - 2024-04-20 03:56:35,464 - [35mangr.sim_manager[0m - [35mStepping active of <SimulationManager with 1 active>[0m[0m
[1;32;40mINFO - 2024-04-20 03:56:35,514 - [37mangr.engines.engine[0m - [37mTicked state: <SimProcedure GetModuleHandleW from 0x500028: 1 sat>[0m[0m
[1;32;40mINFO - 2024-04-20 03:56:35,514 - [32mSemaExplorerCDFS[0m - [32mHey new addr ![0m[0m
[1;32;40mINFO - 2024-04-20 03:56:35,515 - [35mangr.sim_manager[0m - [35mStepping active of <SimulationManager with 1 active>[0m[0m
[1;32;40mINFO - 2024-04-20 03:56:35,528 - [37mangr.engines.engine[0m - [37mTicked state: <IRSB from 0x40106d: 1 sat 1 unsat>[0m[0m
[1;32;40mINFO - 2024-04-20 03:56:35,528 - [32mSemaExplorerCDFS[0m - [32mHey new addr ![0m[0m
[1;32;40mINFO - 2024-04-20 03:56:35,528 - [35mangr.sim_manager[0m - [35mStepping active of <SimulationManager with 1 active>[0m[0m
[1;32;40mINFO - 2024-04-20 03:56:35,541 - [37mangr.engines.engine[0m - [37mTicked state: <IRSB from 0x40107a: 1 sat>[0m[0m
[1;32;40mINFO - 2024-04-20 03:56:35,541 - [32mSemaExplorerCDFS[0m - [32mHey new addr ![0m[0m
[1;32;40mINFO - 2024-04-20 03:56:35,542 - [35mangr.sim_manager[0m - [35mStepping active of <SimulationManager with 1 active>[0m[0m
[1;32;40mINFO - 2024-04-20 03:56:35,549 - [37mangr.engines.engine[0m - [37mTicked state: <SimProcedure HeapCreate from 0x500030: 1 sat>[0m[0m
[1;32;40mINFO - 2024-04-20 03:56:35,549 - [32mSemaExplorerCDFS[0m - [32mHey new addr ![0m[0m
[1;32;40mINFO - 2024-04-20 03:56:35,549 - [35mangr.sim_manager[0m - [35mStepping active of <SimulationManager with 1 active>[0m[0m
[1;32;40mINFO - 2024-04-20 03:56:35,562 - [37mangr.engines.engine[0m - [37mTicked state: <IRSB from 0x401088: 1 sat>[0m[0m
[1;32;40mINFO - 2024-04-20 03:56:35,562 - [32mSemaExplorerCDFS[0m - [32mHey new addr ![0m[0m
[1;32;40mINFO - 2024-04-20 03:56:35,563 - [35mangr.sim_manager[0m - [35mStepping active of <SimulationManager with 1 active>[0m[0m
[1;32;40mINFO - 2024-04-20 03:56:35,583 - [37mangr.engines.engine[0m - [37mTicked state: <SimProcedure HeapAlloc from 0x500034: 1 sat>[0m[0m
[1;32;40mINFO - 2024-04-20 03:56:35,583 - [32mSemaExplorerCDFS[0m - [32mHey new addr ![0m[0m
[1;32;40mINFO - 2024-04-20 03:56:35,584 - [35mangr.sim_manager[0m - [35mStepping active of <SimulationManager with 1 active>[0m[0m
[1;32;40mINFO - 2024-04-20 03:56:35,598 - [37mangr.engines.engine[0m - [37mTicked state: <IRSB from 0x401095: 1 sat>[0m[0m
[1;32;40mINFO - 2024-04-20 03:56:35,599 - [35mangr.sim_manager[0m - [35mStepping active of <SimulationManager with 1 active>[0m[0m
[1;32;40mINFO - 2024-04-20 03:56:35,620 - [37mangr.engines.engine[0m - [37mTicked state: <SimProcedure HeapAlloc from 0x500034: 1 sat>[0m[0m
[1;32;40mINFO - 2024-04-20 03:56:35,620 - [32mSemaExplorerCDFS[0m - [32mHey new addr ![0m[0m
[1;32;40mINFO - 2024-04-20 03:56:35,621 - [35mangr.sim_manager[0m - [35mStepping active of <SimulationManager with 1 active>[0m[0m
[1;32;40mINFO - 2024-04-20 03:56:35,636 - [37mangr.engines.engine[0m - [37mTicked state: <IRSB from 0x4010a3: 1 sat>[0m[0m
[1;32;40mINFO - 2024-04-20 03:56:35,636 - [32mSemaExplorerCDFS[0m - [32mHey new addr ![0m[0m
[1;32;40mINFO - 2024-04-20 03:56:35,637 - [35mangr.sim_manager[0m - [35mStepping active of <SimulationManager with 1 active>[0m[0m
[1;32;40mINFO - 2024-04-20 03:56:35,657 - [37mangr.engines.engine[0m - [37mTicked state: <SimProcedure GetModuleFileNameW from 0x500038: 1 sat>[0m[0m
[1;32;40mINFO - 2024-04-20 03:56:35,658 - [32mSemaExplorerCDFS[0m - [32mHey new addr ![0m[0m
[1;32;40mINFO - 2024-04-20 03:56:35,658 - [35mangr.sim_manager[0m - [35mStepping active of <SimulationManager with 1 active>[0m[0m
[1;32;40mINFO - 2024-04-20 03:56:35,673 - [37mangr.engines.engine[0m - [37mTicked state: <IRSB from 0x4010af: 1 sat>[0m[0m
[1;32;40mINFO - 2024-04-20 03:56:35,673 - [32mSemaExplorerCDFS[0m - [32mHey new addr ![0m[0m
[1;32;40mINFO - 2024-04-20 03:56:35,674 - [35mangr.sim_manager[0m - [35mStepping active of <SimulationManager with 1 active>[0m[0m
[1;32;40mINFO - 2024-04-20 03:56:35,792 - [37mangr.engines.engine[0m - [37mTicked state: <SimProcedure GetTempPathW from 0x50003c: 1 sat>[0m[0m
[1;32;40mINFO - 2024-04-20 03:56:35,793 - [32mSemaExplorerCDFS[0m - [32mHey new addr ![0m[0m
[1;32;40mINFO - 2024-04-20 03:56:35,793 - [35mangr.sim_manager[0m - [35mStepping active of <SimulationManager with 1 active>[0m[0m
[1;32;40mINFO - 2024-04-20 03:56:35,811 - [37mangr.engines.engine[0m - [37mTicked state: <IRSB from 0x4010bd: 1 sat>[0m[0m
[1;32;40mINFO - 2024-04-20 03:56:35,812 - [32mSemaExplorerCDFS[0m - [32mHey new addr ![0m[0m
[1;32;40mINFO - 2024-04-20 03:56:35,812 - [35mangr.sim_manager[0m - [35mStepping active of <SimulationManager with 1 active>[0m[0m
[1;32;40mINFO - 2024-04-20 03:56:35,871 - [37mangr.engines.engine[0m - [37mTicked state: <SimProcedure wsprintfW from 0x500074: 1 sat>[0m[0m
[1;32;40mINFO - 2024-04-20 03:56:35,871 - [32mSemaExplorerCDFS[0m - [32mHey new addr ![0m[0m
[1;32;40mINFO - 2024-04-20 03:56:35,872 - [35mangr.sim_manager[0m - [35mStepping active of <SimulationManager with 1 active>[0m[0m
[1;32;40mINFO - 2024-04-20 03:56:35,894 - [37mangr.engines.engine[0m - [37mTicked state: <IRSB from 0x4010d3: 1 sat>[0m[0m
[1;32;40mINFO - 2024-04-20 03:56:35,894 - [32mSemaExplorerCDFS[0m - [32mHey new addr ![0m[0m
[1;32;40mINFO - 2024-04-20 03:56:35,895 - [35mangr.sim_manager[0m - [35mStepping active of <SimulationManager with 1 active>[0m[0m
[1;32;40mINFO - 2024-04-20 03:56:35,926 - [37mangr.engines.engine[0m - [37mTicked state: <SimProcedure CreateFileW from 0x500070: 1 sat>[0m[0m
[1;32;40mINFO - 2024-04-20 03:56:35,926 - [32mSemaExplorerCDFS[0m - [32mHey new addr ![0m[0m
[1;32;40mINFO - 2024-04-20 03:56:35,927 - [35mangr.sim_manager[0m - [35mStepping active of <SimulationManager with 1 active>[0m[0m
[1;32;40mINFO - 2024-04-20 03:56:35,940 - [37mangr.engines.engine[0m - [37mTicked state: <IRSB from 0x4010ed: 1 sat 1 unsat>[0m[0m
[1;32;40mINFO - 2024-04-20 03:56:35,940 - [32mSemaExplorerCDFS[0m - [32mHey new addr ![0m[0m
[1;32;40mINFO - 2024-04-20 03:56:35,940 - [35mangr.sim_manager[0m - [35mStepping active of <SimulationManager with 1 active>[0m[0m
[1;32;40mINFO - 2024-04-20 03:56:35,951 - [37mangr.engines.engine[0m - [37mTicked state: <IRSB from 0x401100: 1 sat>[0m[0m
[1;32;40mINFO - 2024-04-20 03:56:35,952 - [32mSemaExplorerCDFS[0m - [32mHey new addr ![0m[0m
[1;32;40mINFO - 2024-04-20 03:56:35,952 - [35mangr.sim_manager[0m - [35mStepping active of <SimulationManager with 1 active>[0m[0m
[1;32;40mINFO - 2024-04-20 03:56:36,039 - [37mangr.engines.engine[0m - [37mTicked state: <SimProcedure GetFileSize from 0x500024: 1 sat>[0m[0m
[1;32;40mINFO - 2024-04-20 03:56:36,040 - [32mSemaExplorerCDFS[0m - [32mHey new addr ![0m[0m
[1;32;40mINFO - 2024-04-20 03:56:36,041 - [35mangr.sim_manager[0m - [35mStepping active of <SimulationManager with 1 active>[0m[0m
[1;32;40mINFO - 2024-04-20 03:56:36,053 - [37mangr.engines.engine[0m - [37mTicked state: <IRSB from 0x401108: 1 sat>[0m[0m
[1;32;40mINFO - 2024-04-20 03:56:36,054 - [32mSemaExplorerCDFS[0m - [32mHey new addr ![0m[0m
[1;32;40mINFO - 2024-04-20 03:56:36,054 - [35mangr.sim_manager[0m - [35mStepping active of <SimulationManager with 1 active>[0m[0m
[1;32;40mINFO - 2024-04-20 03:56:36,080 - [37mangr.engines.engine[0m - [37mTicked state: <SimProcedure lstrlenW from 0x500060: 1 sat>[0m[0m
[1;32;40mINFO - 2024-04-20 03:56:36,081 - [32mSemaExplorerCDFS[0m - [32mHey new addr ![0m[0m
[1;32;40mINFO - 2024-04-20 03:56:36,082 - [35mangr.sim_manager[0m - [35mStepping active of <SimulationManager with 1 active>[0m[0m
[1;32;40mINFO - 2024-04-20 03:56:36,100 - [37mangr.engines.engine[0m - [37mTicked state: <IRSB from 0x401114: 1 sat>[0m[0m
[1;32;40mINFO - 2024-04-20 03:56:36,101 - [35mangr.sim_manager[0m - [35mStepping active of <SimulationManager with 1 active>[0m[0m
[1;33;40mWARNING - 2024-04-20 03:56:36,152 - [33mangr.state_plugins.heap.heap_base[0m - [33mAllocation request of 1048643 bytes exceeded maximum of 128 bytes; allocating 128 bytes[0m[0m
[1;32;40mINFO - 2024-04-20 03:56:36,163 - [37mangr.engines.engine[0m - [37mTicked state: <SimProcedure HeapAlloc from 0x500034: 1 sat>[0m[0m
[1;32;40mINFO - 2024-04-20 03:56:36,163 - [32mSemaExplorerCDFS[0m - [32mHey new addr ![0m[0m
[1;32;40mINFO - 2024-04-20 03:56:36,164 - [35mangr.sim_manager[0m - [35mStepping active of <SimulationManager with 1 active>[0m[0m
[1;32;40mINFO - 2024-04-20 03:56:36,177 - [37mangr.engines.engine[0m - [37mTicked state: <IRSB from 0x401127: 1 sat 1 unsat>[0m[0m
[1;32;40mINFO - 2024-04-20 03:56:36,177 - [32mSemaExplorerCDFS[0m - [32mHey new addr ![0m[0m
[1;32;40mINFO - 2024-04-20 03:56:36,178 - [35mangr.sim_manager[0m - [35mStepping active of <SimulationManager with 1 active>[0m[0m
[1;32;40mINFO - 2024-04-20 03:56:36,197 - [37mangr.engines.engine[0m - [37mTicked state: <IRSB from 0x401132: 1 sat>[0m[0m
[1;32;40mINFO - 2024-04-20 03:56:36,198 - [32mSemaExplorerCDFS[0m - [32mHey new addr ![0m[0m
[1;32;40mINFO - 2024-04-20 03:56:36,198 - [35mangr.sim_manager[0m - [35mStepping active of <SimulationManager with 1 active>[0m[0m
[1;32;40mINFO - 2024-04-20 03:56:37,211 - [37mangr.engines.engine[0m - [37mTicked state: <SimProcedure ReadFile from 0x50006c: 1 sat>[0m[0m
[1;32;40mINFO - 2024-04-20 03:56:37,212 - [32mSemaExplorerCDFS[0m - [32mHey new addr ![0m[0m
[1;32;40mINFO - 2024-04-20 03:56:37,212 - [35mangr.sim_manager[0m - [35mStepping active of <SimulationManager with 1 active>[0m[0m
[1;32;40mINFO - 2024-04-20 03:56:37,224 - [37mangr.engines.engine[0m - [37mTicked state: <IRSB from 0x401144: 1 sat>[0m[0m
[1;32;40mINFO - 2024-04-20 03:56:37,225 - [32mSemaExplorerCDFS[0m - [32mHey new addr ![0m[0m
[1;32;40mINFO - 2024-04-20 03:56:37,225 - [35mangr.sim_manager[0m - [35mStepping active of <SimulationManager with 1 active>[0m[0m
[1;32;40mINFO - 2024-04-20 03:56:37,252 - [37mangr.engines.engine[0m - [37mTicked state: <SimProcedure lstrcmpW from 0x500068: 1 sat>[0m[0m
[1;32;40mINFO - 2024-04-20 03:56:37,252 - [32mSemaExplorerCDFS[0m - [32mHey new addr ![0m[0m
[1;32;40mINFO - 2024-04-20 03:56:37,253 - [35mangr.sim_manager[0m - [35mStepping active of <SimulationManager with 1 active>[0m[0m
[1;32;40mINFO - 2024-04-20 03:56:37,264 - [37mangr.engines.engine[0m - [37mTicked state: <IRSB from 0x40114e: 1 sat 1 unsat>[0m[0m
[1;32;40mINFO - 2024-04-20 03:56:37,265 - [32mSemaExplorerCDFS[0m - [32mHey new addr ![0m[0m
[1;32;40mINFO - 2024-04-20 03:56:37,265 - [35mangr.sim_manager[0m - [35mStepping active of <SimulationManager with 1 active>[0m[0m
[1;32;40mINFO - 2024-04-20 03:56:37,273 - [37mangr.engines.engine[0m - [37mTicked state: <IRSB from 0x401156: 1 sat>[0m[0m
[1;32;40mINFO - 2024-04-20 03:56:37,273 - [35mangr.sim_manager[0m - [35mStepping active of <SimulationManager with 1 active>[0m[0m
[1;32;40mINFO - 2024-04-20 03:56:37,303 - [37mangr.engines.engine[0m - [37mTicked state: <SimProcedure lstrlenW from 0x500060: 1 sat>[0m[0m
[1;32;40mINFO - 2024-04-20 03:56:37,304 - [32mSemaExplorerCDFS[0m - [32mHey new addr ![0m[0m
[1;32;40mINFO - 2024-04-20 03:56:37,304 - [35mangr.sim_manager[0m - [35mStepping active of <SimulationManager with 1 active>[0m[0m
[1;32;40mINFO - 2024-04-20 03:56:37,325 - [37mangr.engines.engine[0m - [37mTicked state: <IRSB from 0x401159: 1 sat>[0m[0m
[1;32;40mINFO - 2024-04-20 03:56:37,325 - [32mSemaExplorerCDFS[0m - [32mHey new addr ![0m[0m
[1;32;40mINFO - 2024-04-20 03:56:37,326 - [35mangr.sim_manager[0m - [35mStepping active of <SimulationManager with 1 active>[0m[0m
[1;32;40mINFO - 2024-04-20 03:56:37,341 - [37mangr.engines.engine[0m - [37mTicked state: <IRSB from 0x40102e: 1 sat 1 unsat>[0m[0m
[1;32;40mINFO - 2024-04-20 03:56:37,341 - [32mSemaExplorerCDFS[0m - [32mHey new addr ![0m[0m
[1;32;40mINFO - 2024-04-20 03:56:37,341 - [35mangr.sim_manager[0m - [35mStepping active of <SimulationManager with 1 active>[0m[0m
[1;32;40mINFO - 2024-04-20 03:56:37,487 - [37mangr.engines.engine[0m - [37mTicked state: <IRSB from 0x401037: 1 sat 1 unsat>[0m[0m
[1;32;40mINFO - 2024-04-20 03:56:37,487 - [32mSemaExplorerCDFS[0m - [32mHey new addr ![0m[0m
[1;32;40mINFO - 2024-04-20 03:56:37,488 - [35mangr.sim_manager[0m - [35mStepping active of <SimulationManager with 1 active>[0m[0m
[1;32;40mINFO - 2024-04-20 03:56:37,561 - [37mangr.engines.engine[0m - [37mTicked state: <IRSB from 0x40103f: 1 sat 1 unsat>[0m[0m
[1;32;40mINFO - 2024-04-20 03:56:37,561 - [35mangr.sim_manager[0m - [35mStepping active of <SimulationManager with 1 active>[0m[0m
[1;32;40mINFO - 2024-04-20 03:56:37,636 - [37mangr.engines.engine[0m - [37mTicked state: <IRSB from 0x40103f: 1 sat 1 unsat>[0m[0m
[1;32;40mINFO - 2024-04-20 03:56:37,637 - [35mangr.sim_manager[0m - [35mStepping active of <SimulationManager with 1 active>[0m[0m
[1;32;40mINFO - 2024-04-20 03:56:37,712 - [37mangr.engines.engine[0m - [37mTicked state: <IRSB from 0x40103f: 1 sat 1 unsat>[0m[0m
[1;32;40mINFO - 2024-04-20 03:56:37,712 - [35mangr.sim_manager[0m - [35mStepping active of <SimulationManager with 1 active>[0m[0m
[1;32;40mINFO - 2024-04-20 03:56:37,787 - [37mangr.engines.engine[0m - [37mTicked state: <IRSB from 0x40103f: 1 sat 1 unsat>[0m[0m
[1;32;40mINFO - 2024-04-20 03:56:37,788 - [35mangr.sim_manager[0m - [35mStepping active of <SimulationManager with 1 active>[0m[0m
[1;32;40mINFO - 2024-04-20 03:56:37,864 - [37mangr.engines.engine[0m - [37mTicked state: <IRSB from 0x40103f: 1 sat 1 unsat>[0m[0m
[1;32;40mINFO - 2024-04-20 03:56:37,864 - [35mangr.sim_manager[0m - [35mStepping active of <SimulationManager with 1 active>[0m[0m
[1;32;40mINFO - 2024-04-20 03:56:37,937 - [37mangr.engines.engine[0m - [37mTicked state: <IRSB from 0x40103f: 1 sat 1 unsat>[0m[0m
[1;32;40mINFO - 2024-04-20 03:56:37,938 - [35mangr.sim_manager[0m - [35mStepping active of <SimulationManager with 1 active>[0m[0m
[1;32;40mINFO - 2024-04-20 03:56:38,011 - [37mangr.engines.engine[0m - [37mTicked state: <IRSB from 0x40103f: 1 sat 1 unsat>[0m[0m
[1;32;40mINFO - 2024-04-20 03:56:38,012 - [35mangr.sim_manager[0m - [35mStepping active of <SimulationManager with 1 active>[0m[0m
[1;32;40mINFO - 2024-04-20 03:56:38,084 - [37mangr.engines.engine[0m - [37mTicked state: <IRSB from 0x40103f: 1 sat 1 unsat>[0m[0m
[1;32;40mINFO - 2024-04-20 03:56:38,085 - [35mangr.sim_manager[0m - [35mStepping active of <SimulationManager with 1 active>[0m[0m
[1;32;40mINFO - 2024-04-20 03:56:38,158 - [37mangr.engines.engine[0m - [37mTicked state: <IRSB from 0x40103f: 1 sat 1 unsat>[0m[0m
[1;32;40mINFO - 2024-04-20 03:56:38,159 - [35mangr.sim_manager[0m - [35mStepping active of <SimulationManager with 1 active>[0m[0m
[1;32;40mINFO - 2024-04-20 03:56:38,233 - [37mangr.engines.engine[0m - [37mTicked state: <IRSB from 0x40103f: 1 sat 1 unsat>[0m[0m
[1;32;40mINFO - 2024-04-20 03:56:38,234 - [35mangr.sim_manager[0m - [35mStepping active of <SimulationManager with 1 active>[0m[0m
[1;32;40mINFO - 2024-04-20 03:56:38,309 - [37mangr.engines.engine[0m - [37mTicked state: <IRSB from 0x40103f: 1 sat 1 unsat>[0m[0m
[1;32;40mINFO - 2024-04-20 03:56:38,310 - [35mangr.sim_manager[0m - [35mStepping active of <SimulationManager with 1 active>[0m[0m
[1;32;40mINFO - 2024-04-20 03:56:38,386 - [37mangr.engines.engine[0m - [37mTicked state: <IRSB from 0x40103f: 1 sat 1 unsat>[0m[0m
[1;32;40mINFO - 2024-04-20 03:56:38,387 - [35mangr.sim_manager[0m - [35mStepping active of <SimulationManager with 1 active>[0m[0m
[1;32;40mINFO - 2024-04-20 03:56:38,465 - [37mangr.engines.engine[0m - [37mTicked state: <IRSB from 0x40103f: 1 sat 1 unsat>[0m[0m
[1;32;40mINFO - 2024-04-20 03:56:38,466 - [35mangr.sim_manager[0m - [35mStepping active of <SimulationManager with 1 active>[0m[0m
[1;32;40mINFO - 2024-04-20 03:56:38,542 - [37mangr.engines.engine[0m - [37mTicked state: <IRSB from 0x40103f: 1 sat 1 unsat>[0m[0m
[1;32;40mINFO - 2024-04-20 03:56:38,543 - [35mangr.sim_manager[0m - [35mStepping active of <SimulationManager with 1 active>[0m[0m
[1;32;40mINFO - 2024-04-20 03:56:38,619 - [37mangr.engines.engine[0m - [37mTicked state: <IRSB from 0x40103f: 1 sat 1 unsat>[0m[0m
[1;32;40mINFO - 2024-04-20 03:56:38,620 - [35mangr.sim_manager[0m - [35mStepping active of <SimulationManager with 1 active>[0m[0m
[1;32;40mINFO - 2024-04-20 03:56:38,696 - [37mangr.engines.engine[0m - [37mTicked state: <IRSB from 0x40103f: 1 sat 1 unsat>[0m[0m
[1;32;40mINFO - 2024-04-20 03:56:38,697 - [35mangr.sim_manager[0m - [35mStepping active of <SimulationManager with 1 active>[0m[0m
[1;32;40mINFO - 2024-04-20 03:56:38,774 - [37mangr.engines.engine[0m - [37mTicked state: <IRSB from 0x40103f: 1 sat 1 unsat>[0m[0m
[1;32;40mINFO - 2024-04-20 03:56:38,775 - [35mangr.sim_manager[0m - [35mStepping active of <SimulationManager with 1 active>[0m[0m
[1;32;40mINFO - 2024-04-20 03:56:38,854 - [37mangr.engines.engine[0m - [37mTicked state: <IRSB from 0x40103f: 1 sat 1 unsat>[0m[0m
[1;32;40mINFO - 2024-04-20 03:56:38,855 - [35mangr.sim_manager[0m - [35mStepping active of <SimulationManager with 1 active>[0m[0m
[1;32;40mINFO - 2024-04-20 03:56:38,932 - [37mangr.engines.engine[0m - [37mTicked state: <IRSB from 0x40103f: 1 sat 1 unsat>[0m[0m
[1;32;40mINFO - 2024-04-20 03:56:38,933 - [35mangr.sim_manager[0m - [35mStepping active of <SimulationManager with 1 active>[0m[0m
[1;32;40mINFO - 2024-04-20 03:56:39,011 - [37mangr.engines.engine[0m - [37mTicked state: <IRSB from 0x40103f: 1 sat 1 unsat>[0m[0m
[1;32;40mINFO - 2024-04-20 03:56:39,011 - [35mangr.sim_manager[0m - [35mStepping active of <SimulationManager with 1 active>[0m[0m
[1;32;40mINFO - 2024-04-20 03:56:39,087 - [37mangr.engines.engine[0m - [37mTicked state: <IRSB from 0x40103f: 1 sat 1 unsat>[0m[0m
[1;32;40mINFO - 2024-04-20 03:56:39,088 - [35mangr.sim_manager[0m - [35mStepping active of <SimulationManager with 1 active>[0m[0m
[1;32;40mINFO - 2024-04-20 03:56:39,159 - [37mangr.engines.engine[0m - [37mTicked state: <IRSB from 0x40103f: 1 sat 1 unsat>[0m[0m
[1;32;40mINFO - 2024-04-20 03:56:39,160 - [35mangr.sim_manager[0m - [35mStepping active of <SimulationManager with 1 active>[0m[0m
[1;32;40mINFO - 2024-04-20 03:56:39,230 - [37mangr.engines.engine[0m - [37mTicked state: <IRSB from 0x40103f: 1 sat 1 unsat>[0m[0m
[1;32;40mINFO - 2024-04-20 03:56:39,231 - [35mangr.sim_manager[0m - [35mStepping active of <SimulationManager with 1 active>[0m[0m
[1;32;40mINFO - 2024-04-20 03:56:39,309 - [37mangr.engines.engine[0m - [37mTicked state: <IRSB from 0x40103f: 1 sat 1 unsat>[0m[0m
[1;32;40mINFO - 2024-04-20 03:56:39,310 - [35mangr.sim_manager[0m - [35mStepping active of <SimulationManager with 1 active>[0m[0m
[1;32;40mINFO - 2024-04-20 03:56:39,388 - [37mangr.engines.engine[0m - [37mTicked state: <IRSB from 0x40103f: 1 sat 1 unsat>[0m[0m
[1;32;40mINFO - 2024-04-20 03:56:39,388 - [35mangr.sim_manager[0m - [35mStepping active of <SimulationManager with 1 active>[0m[0m
[1;32;40mINFO - 2024-04-20 03:56:39,467 - [37mangr.engines.engine[0m - [37mTicked state: <IRSB from 0x40103f: 1 sat 1 unsat>[0m[0m
[1;32;40mINFO - 2024-04-20 03:56:39,468 - [35mangr.sim_manager[0m - [35mStepping active of <SimulationManager with 1 active>[0m[0m
[1;32;40mINFO - 2024-04-20 03:56:39,546 - [37mangr.engines.engine[0m - [37mTicked state: <IRSB from 0x40103f: 1 sat 1 unsat>[0m[0m
[1;32;40mINFO - 2024-04-20 03:56:39,547 - [35mangr.sim_manager[0m - [35mStepping active of <SimulationManager with 1 active>[0m[0m
[1;32;40mINFO - 2024-04-20 03:56:39,625 - [37mangr.engines.engine[0m - [37mTicked state: <IRSB from 0x40103f: 1 sat 1 unsat>[0m[0m
[1;32;40mINFO - 2024-04-20 03:56:39,626 - [35mangr.sim_manager[0m - [35mStepping active of <SimulationManager with 1 active>[0m[0m
[1;32;40mINFO - 2024-04-20 03:56:39,702 - [37mangr.engines.engine[0m - [37mTicked state: <IRSB from 0x40103f: 1 sat 1 unsat>[0m[0m
[1;32;40mINFO - 2024-04-20 03:56:39,702 - [35mangr.sim_manager[0m - [35mStepping active of <SimulationManager with 1 active>[0m[0m
[1;32;40mINFO - 2024-04-20 03:56:39,779 - [37mangr.engines.engine[0m - [37mTicked state: <IRSB from 0x40103f: 1 sat 1 unsat>[0m[0m
[1;32;40mINFO - 2024-04-20 03:56:39,780 - [35mangr.sim_manager[0m - [35mStepping active of <SimulationManager with 1 active>[0m[0m
[1;32;40mINFO - 2024-04-20 03:56:39,858 - [37mangr.engines.engine[0m - [37mTicked state: <IRSB from 0x40103f: 1 sat 1 unsat>[0m[0m
[1;32;40mINFO - 2024-04-20 03:56:39,859 - [35mangr.sim_manager[0m - [35mStepping active of <SimulationManager with 1 active>[0m[0m
[1;32;40mINFO - 2024-04-20 03:56:39,937 - [37mangr.engines.engine[0m - [37mTicked state: <IRSB from 0x40103f: 1 sat 1 unsat>[0m[0m
[1;32;40mINFO - 2024-04-20 03:56:39,938 - [35mangr.sim_manager[0m - [35mStepping active of <SimulationManager with 1 active>[0m[0m
[1;32;40mINFO - 2024-04-20 03:56:40,016 - [37mangr.engines.engine[0m - [37mTicked state: <IRSB from 0x40103f: 1 sat 1 unsat>[0m[0m
[1;32;40mINFO - 2024-04-20 03:56:40,017 - [35mangr.sim_manager[0m - [35mStepping active of <SimulationManager with 1 active>[0m[0m
[1;32;40mINFO - 2024-04-20 03:56:40,095 - [37mangr.engines.engine[0m - [37mTicked state: <IRSB from 0x40103f: 1 sat 1 unsat>[0m[0m
[1;32;40mINFO - 2024-04-20 03:56:40,096 - [35mangr.sim_manager[0m - [35mStepping active of <SimulationManager with 1 active>[0m[0m
[1;32;40mINFO - 2024-04-20 03:56:40,173 - [37mangr.engines.engine[0m - [37mTicked state: <IRSB from 0x40103f: 1 sat 1 unsat>[0m[0m
[1;32;40mINFO - 2024-04-20 03:56:40,173 - [35mangr.sim_manager[0m - [35mStepping active of <SimulationManager with 1 active>[0m[0m
[1;32;40mINFO - 2024-04-20 03:56:40,249 - [37mangr.engines.engine[0m - [37mTicked state: <IRSB from 0x40103f: 1 sat 1 unsat>[0m[0m
[1;32;40mINFO - 2024-04-20 03:56:40,250 - [35mangr.sim_manager[0m - [35mStepping active of <SimulationManager with 1 active>[0m[0m
[1;32;40mINFO - 2024-04-20 03:56:40,326 - [37mangr.engines.engine[0m - [37mTicked state: <IRSB from 0x40103f: 1 sat 1 unsat>[0m[0m
[1;32;40mINFO - 2024-04-20 03:56:40,327 - [35mangr.sim_manager[0m - [35mStepping active of <SimulationManager with 1 active>[0m[0m
[1;32;40mINFO - 2024-04-20 03:56:40,403 - [37mangr.engines.engine[0m - [37mTicked state: <IRSB from 0x40103f: 1 sat 1 unsat>[0m[0m
[1;32;40mINFO - 2024-04-20 03:56:40,404 - [35mangr.sim_manager[0m - [35mStepping active of <SimulationManager with 1 active>[0m[0m
[1;32;40mINFO - 2024-04-20 03:56:40,482 - [37mangr.engines.engine[0m - [37mTicked state: <IRSB from 0x40103f: 1 sat 1 unsat>[0m[0m
[1;32;40mINFO - 2024-04-20 03:56:40,482 - [35mangr.sim_manager[0m - [35mStepping active of <SimulationManager with 1 active>[0m[0m
[1;32;40mINFO - 2024-04-20 03:56:40,560 - [37mangr.engines.engine[0m - [37mTicked state: <IRSB from 0x40103f: 1 sat 1 unsat>[0m[0m
[1;32;40mINFO - 2024-04-20 03:56:40,561 - [35mangr.sim_manager[0m - [35mStepping active of <SimulationManager with 1 active>[0m[0m
[1;32;40mINFO - 2024-04-20 03:56:40,639 - [37mangr.engines.engine[0m - [37mTicked state: <IRSB from 0x40103f: 1 sat 1 unsat>[0m[0m
[1;32;40mINFO - 2024-04-20 03:56:40,640 - [35mangr.sim_manager[0m - [35mStepping active of <SimulationManager with 1 active>[0m[0m
[1;32;40mINFO - 2024-04-20 03:56:40,714 - [37mangr.engines.engine[0m - [37mTicked state: <IRSB from 0x40103f: 1 sat 1 unsat>[0m[0m
[1;32;40mINFO - 2024-04-20 03:56:40,715 - [35mangr.sim_manager[0m - [35mStepping active of <SimulationManager with 1 active>[0m[0m
[1;32;40mINFO - 2024-04-20 03:56:40,791 - [37mangr.engines.engine[0m - [37mTicked state: <IRSB from 0x40103f: 1 sat 1 unsat>[0m[0m
[1;32;40mINFO - 2024-04-20 03:56:40,792 - [35mangr.sim_manager[0m - [35mStepping active of <SimulationManager with 1 active>[0m[0m
[1;32;40mINFO - 2024-04-20 03:56:40,868 - [37mangr.engines.engine[0m - [37mTicked state: <IRSB from 0x40103f: 1 sat 1 unsat>[0m[0m
[1;32;40mINFO - 2024-04-20 03:56:40,869 - [35mangr.sim_manager[0m - [35mStepping active of <SimulationManager with 1 active>[0m[0m
[1;32;40mINFO - 2024-04-20 03:56:40,945 - [37mangr.engines.engine[0m - [37mTicked state: <IRSB from 0x40103f: 1 sat 1 unsat>[0m[0m
[1;32;40mINFO - 2024-04-20 03:56:40,945 - [35mangr.sim_manager[0m - [35mStepping active of <SimulationManager with 1 active>[0m[0m
[1;32;40mINFO - 2024-04-20 03:56:41,023 - [37mangr.engines.engine[0m - [37mTicked state: <IRSB from 0x40103f: 1 sat 1 unsat>[0m[0m
[1;32;40mINFO - 2024-04-20 03:56:41,024 - [35mangr.sim_manager[0m - [35mStepping active of <SimulationManager with 1 active>[0m[0m
[1;32;40mINFO - 2024-04-20 03:56:41,101 - [37mangr.engines.engine[0m - [37mTicked state: <IRSB from 0x40103f: 1 sat 1 unsat>[0m[0m
[1;32;40mINFO - 2024-04-20 03:56:41,102 - [35mangr.sim_manager[0m - [35mStepping active of <SimulationManager with 1 active>[0m[0m
[1;32;40mINFO - 2024-04-20 03:56:41,179 - [37mangr.engines.engine[0m - [37mTicked state: <IRSB from 0x40103f: 1 sat 1 unsat>[0m[0m
[1;32;40mINFO - 2024-04-20 03:56:41,180 - [35mangr.sim_manager[0m - [35mStepping active of <SimulationManager with 1 active>[0m[0m
[1;32;40mINFO - 2024-04-20 03:56:41,255 - [37mangr.engines.engine[0m - [37mTicked state: <IRSB from 0x40103f: 1 sat 1 unsat>[0m[0m
[1;32;40mINFO - 2024-04-20 03:56:41,255 - [35mangr.sim_manager[0m - [35mStepping active of <SimulationManager with 1 active>[0m[0m
[1;32;40mINFO - 2024-04-20 03:56:41,330 - [37mangr.engines.engine[0m - [37mTicked state: <IRSB from 0x40103f: 1 sat 1 unsat>[0m[0m
[1;32;40mINFO - 2024-04-20 03:56:41,331 - [35mangr.sim_manager[0m - [35mStepping active of <SimulationManager with 1 active>[0m[0m
[1;32;40mINFO - 2024-04-20 03:56:41,406 - [37mangr.engines.engine[0m - [37mTicked state: <IRSB from 0x40103f: 1 sat 1 unsat>[0m[0m
[1;32;40mINFO - 2024-04-20 03:56:41,406 - [35mangr.sim_manager[0m - [35mStepping active of <SimulationManager with 1 active>[0m[0m
[1;32;40mINFO - 2024-04-20 03:56:41,483 - [37mangr.engines.engine[0m - [37mTicked state: <IRSB from 0x40103f: 1 sat 1 unsat>[0m[0m
[1;32;40mINFO - 2024-04-20 03:56:41,484 - [35mangr.sim_manager[0m - [35mStepping active of <SimulationManager with 1 active>[0m[0m
[1;32;40mINFO - 2024-04-20 03:56:41,562 - [37mangr.engines.engine[0m - [37mTicked state: <IRSB from 0x40103f: 1 sat 1 unsat>[0m[0m
[1;32;40mINFO - 2024-04-20 03:56:41,563 - [35mangr.sim_manager[0m - [35mStepping active of <SimulationManager with 1 active>[0m[0m
[1;32;40mINFO - 2024-04-20 03:56:41,641 - [37mangr.engines.engine[0m - [37mTicked state: <IRSB from 0x40103f: 1 sat 1 unsat>[0m[0m
[1;32;40mINFO - 2024-04-20 03:56:41,641 - [35mangr.sim_manager[0m - [35mStepping active of <SimulationManager with 1 active>[0m[0m
[1;32;40mINFO - 2024-04-20 03:56:41,720 - [37mangr.engines.engine[0m - [37mTicked state: <IRSB from 0x40103f: 1 sat 1 unsat>[0m[0m
[1;32;40mINFO - 2024-04-20 03:56:41,720 - [35mangr.sim_manager[0m - [35mStepping active of <SimulationManager with 1 active>[0m[0m
[1;32;40mINFO - 2024-04-20 03:56:41,794 - [37mangr.engines.engine[0m - [37mTicked state: <IRSB from 0x40103f: 1 sat 1 unsat>[0m[0m
[1;32;40mINFO - 2024-04-20 03:56:41,795 - [35mangr.sim_manager[0m - [35mStepping active of <SimulationManager with 1 active>[0m[0m
[1;32;40mINFO - 2024-04-20 03:56:41,870 - [37mangr.engines.engine[0m - [37mTicked state: <IRSB from 0x40103f: 1 sat 1 unsat>[0m[0m
[1;32;40mINFO - 2024-04-20 03:56:41,871 - [35mangr.sim_manager[0m - [35mStepping active of <SimulationManager with 1 active>[0m[0m
[1;32;40mINFO - 2024-04-20 03:56:41,945 - [37mangr.engines.engine[0m - [37mTicked state: <IRSB from 0x40103f: 1 sat 1 unsat>[0m[0m
[1;32;40mINFO - 2024-04-20 03:56:41,945 - [35mangr.sim_manager[0m - [35mStepping active of <SimulationManager with 1 active>[0m[0m
[1;32;40mINFO - 2024-04-20 03:56:42,021 - [37mangr.engines.engine[0m - [37mTicked state: <IRSB from 0x40103f: 1 sat 1 unsat>[0m[0m
[1;32;40mINFO - 2024-04-20 03:56:42,021 - [35mangr.sim_manager[0m - [35mStepping active of <SimulationManager with 1 active>[0m[0m
[1;32;40mINFO - 2024-04-20 03:56:42,099 - [37mangr.engines.engine[0m - [37mTicked state: <IRSB from 0x40103f: 1 sat 1 unsat>[0m[0m
[1;32;40mINFO - 2024-04-20 03:56:42,100 - [35mangr.sim_manager[0m - [35mStepping active of <SimulationManager with 1 active>[0m[0m
[1;32;40mINFO - 2024-04-20 03:56:42,177 - [37mangr.engines.engine[0m - [37mTicked state: <IRSB from 0x40103f: 1 sat 1 unsat>[0m[0m
[1;32;40mINFO - 2024-04-20 03:56:42,177 - [35mangr.sim_manager[0m - [35mStepping active of <SimulationManager with 1 active>[0m[0m
[1;32;40mINFO - 2024-04-20 03:56:42,255 - [37mangr.engines.engine[0m - [37mTicked state: <IRSB from 0x40103f: 1 sat 1 unsat>[0m[0m
[1;32;40mINFO - 2024-04-20 03:56:42,256 - [35mangr.sim_manager[0m - [35mStepping active of <SimulationManager with 1 active>[0m[0m
[1;32;40mINFO - 2024-04-20 03:56:42,332 - [37mangr.engines.engine[0m - [37mTicked state: <IRSB from 0x40103f: 1 sat 1 unsat>[0m[0m
[1;32;40mINFO - 2024-04-20 03:56:42,333 - [35mangr.sim_manager[0m - [35mStepping active of <SimulationManager with 1 active>[0m[0m
[1;32;40mINFO - 2024-04-20 03:56:42,409 - [37mangr.engines.engine[0m - [37mTicked state: <IRSB from 0x40103f: 1 sat 1 unsat>[0m[0m
[1;32;40mINFO - 2024-04-20 03:56:42,409 - [35mangr.sim_manager[0m - [35mStepping active of <SimulationManager with 1 active>[0m[0m
[1;32;40mINFO - 2024-04-20 03:56:42,484 - [37mangr.engines.engine[0m - [37mTicked state: <IRSB from 0x40103f: 1 sat 1 unsat>[0m[0m
[1;32;40mINFO - 2024-04-20 03:56:42,484 - [32mSemaExplorerCDFS[0m - [32mHey new addr ![0m[0m
[1;32;40mINFO - 2024-04-20 03:56:42,485 - [35mangr.sim_manager[0m - [35mStepping active of <SimulationManager with 1 active>[0m[0m
[1;32;40mINFO - 2024-04-20 03:56:42,496 - [37mangr.engines.engine[0m - [37mTicked state: <IRSB from 0x40104e: 1 sat>[0m[0m
[1;32;40mINFO - 2024-04-20 03:56:42,497 - [32mSemaExplorerCDFS[0m - [32mHey new addr ![0m[0m
[1;32;40mINFO - 2024-04-20 03:56:42,497 - [35mangr.sim_manager[0m - [35mStepping active of <SimulationManager with 1 active>[0m[0m
[1;32;40mINFO - 2024-04-20 03:56:42,518 - [37mangr.engines.engine[0m - [37mTicked state: <IRSB from 0x40116b: 1 sat>[0m[0m
[1;32;40mINFO - 2024-04-20 03:56:42,518 - [35mangr.sim_manager[0m - [35mStepping active of <SimulationManager with 1 active>[0m[0m
[1;32;40mINFO - 2024-04-20 03:56:42,577 - [37mangr.engines.engine[0m - [37mTicked state: <SimProcedure CreateFileW from 0x500070: 1 sat>[0m[0m
[1;32;40mINFO - 2024-04-20 03:56:42,578 - [32mSemaExplorerCDFS[0m - [32mHey new addr ![0m[0m
[1;32;40mINFO - 2024-04-20 03:56:42,578 - [35mangr.sim_manager[0m - [35mStepping active of <SimulationManager with 1 active>[0m[0m
[1;32;40mINFO - 2024-04-20 03:56:42,620 - [37mangr.engines.engine[0m - [37mTicked state: <IRSB from 0x401187: 2 sat>[0m[0m
[1;32;40mINFO - 2024-04-20 03:56:42,620 - [32mSemaExplorerCDFS[0m - [32mA new block of execution have been executed with changes in sim_manager.[0m[0m
[1;32;40mINFO - 2024-04-20 03:56:42,620 - [32mSemaExplorerCDFS[0m - [32mCurrently, simulation manager is :
<SimulationManager with 2 active>[0m[0m
[1;32;40mINFO - 2024-04-20 03:56:42,620 - [32mSemaExplorerCDFS[0m - [32mpause stash len :0[0m[0m
[1;32;40mINFO - 2024-04-20 03:56:42,621 - [32mSemaExplorerCDFS[0m - [32mfork_stack : 1 0x4010f5 || 0x401193[0m[0m
[1;32;40mINFO - 2024-04-20 03:56:42,621 - [32mSemaExplorerCDFS[0m - [32mHey new addr ![0m[0m
[1;32;40mINFO - 2024-04-20 03:56:42,621 - [35mangr.sim_manager[0m - [35mStepping active of <SimulationManager with 2 active>[0m[0m
[1;32;40mINFO - 2024-04-20 03:56:42,643 - [37mangr.engines.engine[0m - [37mTicked state: <IRSB from 0x4010f5: 1 sat>[0m[0m
[1;32;40mINFO - 2024-04-20 03:56:42,657 - [37mangr.engines.engine[0m - [37mTicked state: <IRSB from 0x401193: 1 sat>[0m[0m
[1;32;40mINFO - 2024-04-20 03:56:42,657 - [32mSemaExplorerCDFS[0m - [32mHey new addr ![0m[0m
[1;32;40mINFO - 2024-04-20 03:56:42,658 - [35mangr.sim_manager[0m - [35mStepping active of <SimulationManager with 2 active>[0m[0m
[1;32;40mINFO - 2024-04-20 03:56:42,660 - [31mangr.procedures.stubs.CallReturn[0m - [31mA factory.call_state-created path returned![0m[0m
[1;32;40mINFO - 2024-04-20 03:56:42,661 - [37mangr.engines.engine[0m - [37mTicked state: <SimProcedure CallReturn from 0xb01000: empty>[0m[0m
[1;32;40mINFO - 2024-04-20 03:56:42,686 - [37mangr.engines.engine[0m - [37mTicked state: <SimProcedure lstrlenW from 0x500060: 1 sat>[0m[0m
[1;32;40mINFO - 2024-04-20 03:56:42,687 - [32mSemaExplorerCDFS[0m - [32mA new block of execution have been executed with changes in sim_manager.[0m[0m
[1;32;40mINFO - 2024-04-20 03:56:42,687 - [32mSemaExplorerCDFS[0m - [32mCurrently, simulation manager is :
<SimulationManager with 1 active, 1 deadended>[0m[0m
[1;32;40mINFO - 2024-04-20 03:56:42,687 - [32mSemaExplorerCDFS[0m - [32mpause stash len :0[0m[0m
[1;32;40mINFO - 2024-04-20 03:56:42,687 - [32mSemaExplorerCDFS[0m - [32mHey new addr ![0m[0m
[1;32;40mINFO - 2024-04-20 03:56:42,687 - [35mangr.sim_manager[0m - [35mStepping active of <SimulationManager with 1 active, 1 deadended>[0m[0m
[1;32;40mINFO - 2024-04-20 03:56:42,704 - [37mangr.engines.engine[0m - [37mTicked state: <IRSB from 0x40119b: 1 sat>[0m[0m
[1;32;40mINFO - 2024-04-20 03:56:42,705 - [32mSemaExplorerCDFS[0m - [32mHey new addr ![0m[0m
[1;32;40mINFO - 2024-04-20 03:56:42,705 - [35mangr.sim_manager[0m - [35mStepping active of <SimulationManager with 1 active, 1 deadended>[0m[0m
[1;33;40mWARNING - 2024-04-20 03:56:42,763 - [33mangr.state_plugins.posix[0m - [33mTried to look up a symbolic fd - constrained to 4 and opened b'/tmp/angr_implicit_0'[0m[0m
[1;33;40mWARNING - 2024-04-20 03:56:42,800 - [34mangr.storage.file[0m - [34mSymbolic write size is too large for threshold - concretizing to min (1048643)[0m[0m
[1;32;40mINFO - 2024-04-20 03:56:47,257 - [37mangr.engines.engine[0m - [37mTicked state: <SimProcedure WriteFile from 0x500064: 1 sat>[0m[0m
[1;32;40mINFO - 2024-04-20 03:56:47,257 - [32mSemaExplorerCDFS[0m - [32mHey new addr ![0m[0m
[1;32;40mINFO - 2024-04-20 03:56:47,257 - [35mangr.sim_manager[0m - [35mStepping active of <SimulationManager with 1 active, 1 deadended>[0m[0m
[1;32;40mINFO - 2024-04-20 03:56:47,271 - [37mangr.engines.engine[0m - [37mTicked state: <IRSB from 0x4011af: 1 sat>[0m[0m
[1;32;40mINFO - 2024-04-20 03:56:47,271 - [32mSemaExplorerCDFS[0m - [32mHey new addr ![0m[0m
[1;32;40mINFO - 2024-04-20 03:56:47,272 - [35mangr.sim_manager[0m - [35mStepping active of <SimulationManager with 1 active, 1 deadended>[0m[0m
[1;32;40mINFO - 2024-04-20 03:56:47,277 - [37mangr.engines.engine[0m - [37mTicked state: <SimProcedure CloseHandle from 0x500020: 1 sat>[0m[0m
[1;32;40mINFO - 2024-04-20 03:56:47,278 - [32mSemaExplorerCDFS[0m - [32mHey new addr ![0m[0m
[1;32;40mINFO - 2024-04-20 03:56:47,278 - [35mangr.sim_manager[0m - [35mStepping active of <SimulationManager with 1 active, 1 deadended>[0m[0m
[1;32;40mINFO - 2024-04-20 03:56:47,287 - [37mangr.engines.engine[0m - [37mTicked state: <IRSB from 0x4011ba: 1 sat>[0m[0m
[1;32;40mINFO - 2024-04-20 03:56:47,287 - [35mangr.sim_manager[0m - [35mStepping active of <SimulationManager with 1 active, 1 deadended>[0m[0m
[1;32;40mINFO - 2024-04-20 03:56:47,295 - [37mangr.engines.engine[0m - [37mTicked state: <SimProcedure CloseHandle from 0x500020: 1 sat>[0m[0m
[1;32;40mINFO - 2024-04-20 03:56:47,295 - [32mSemaExplorerCDFS[0m - [32mHey new addr ![0m[0m
[1;32;40mINFO - 2024-04-20 03:56:47,295 - [35mangr.sim_manager[0m - [35mStepping active of <SimulationManager with 1 active, 1 deadended>[0m[0m
[1;32;40mINFO - 2024-04-20 03:56:47,305 - [37mangr.engines.engine[0m - [37mTicked state: <IRSB from 0x4011bf: 1 sat>[0m[0m
[1;32;40mINFO - 2024-04-20 03:56:47,305 - [35mangr.sim_manager[0m - [35mStepping active of <SimulationManager with 1 active, 1 deadended>[0m[0m
[1;32;40mINFO - 2024-04-20 03:56:47,370 - [37mangr.engines.engine[0m - [37mTicked state: <SimProcedure GetTempPathW from 0x50003c: 1 sat>[0m[0m
[1;32;40mINFO - 2024-04-20 03:56:47,370 - [32mSemaExplorerCDFS[0m - [32mHey new addr ![0m[0m
[1;32;40mINFO - 2024-04-20 03:56:47,371 - [35mangr.sim_manager[0m - [35mStepping active of <SimulationManager with 1 active, 1 deadended>[0m[0m
[1;32;40mINFO - 2024-04-20 03:56:47,391 - [37mangr.engines.engine[0m - [37mTicked state: <IRSB from 0x4011cb: 1 sat>[0m[0m
[1;32;40mINFO - 2024-04-20 03:56:47,392 - [32mSemaExplorerCDFS[0m - [32mHey new addr ![0m[0m
[1;32;40mINFO - 2024-04-20 03:56:47,392 - [35mangr.sim_manager[0m - [35mStepping active of <SimulationManager with 1 active, 1 deadended>[0m[0m
[1;32;40mINFO - 2024-04-20 03:56:47,413 - [37mangr.engines.engine[0m - [37mTicked state: <SimProcedure ShellExecuteW from 0x500078: 1 sat>[0m[0m
[1;32;40mINFO - 2024-04-20 03:56:47,413 - [32mSemaExplorerCDFS[0m - [32mHey new addr ![0m[0m
[1;32;40mINFO - 2024-04-20 03:56:47,413 - [35mangr.sim_manager[0m - [35mStepping active of <SimulationManager with 1 active, 1 deadended>[0m[0m
[1;32;40mINFO - 2024-04-20 03:56:47,421 - [37mangr.engines.engine[0m - [37mTicked state: <IRSB from 0x4011dd: 1 sat>[0m[0m
[1;32;40mINFO - 2024-04-20 03:56:47,421 - [32mSemaExplorerCDFS[0m - [32mHey new addr ![0m[0m
[1;32;40mINFO - 2024-04-20 03:56:47,421 - [35mangr.sim_manager[0m - [35mStepping active of <SimulationManager with 1 active, 1 deadended>[0m[0m
[1;32;40mINFO - 2024-04-20 03:56:47,428 - [37mangr.engines.engine[0m - [37mTicked state: <IRSB from 0x401074: 1 sat>[0m[0m
[1;32;40mINFO - 2024-04-20 03:56:47,429 - [32mSemaExplorerCDFS[0m - [32mHey new addr ![0m[0m
[1;32;40mINFO - 2024-04-20 03:56:47,429 - [35mangr.sim_manager[0m - [35mStepping active of <SimulationManager with 1 active, 1 deadended>[0m[0m
[1;32;40mINFO - 2024-04-20 03:56:47,435 - [37mangr.engines.engine[0m - [37mTicked state: <SimProcedure ExitProcess from 0x50002c: 1 sat>[0m[0m
[1;32;40mINFO - 2024-04-20 03:56:47,435 - [35mangr.sim_manager[0m - [35mStepping active of <SimulationManager with 1 active, 1 deadended>[0m[0m
[1;32;40mINFO - 2024-04-20 03:56:47,439 - [37mangr.engines.engine[0m - [37mTicked state: <SimProcedure PathTerminator from 0x50002c: empty>[0m[0m
[1;32;40mINFO - 2024-04-20 03:56:47,439 - [32mSemaExplorerCDFS[0m - [32mA new block of execution have been executed with changes in sim_manager.[0m[0m
[1;32;40mINFO - 2024-04-20 03:56:47,439 - [32mSemaExplorerCDFS[0m - [32mCurrently, simulation manager is :
<SimulationManager with 2 deadended>[0m[0m
[1;32;40mINFO - 2024-04-20 03:56:47,439 - [32mSemaExplorerCDFS[0m - [32mpause stash len :0[0m[0m
[1;32;40mINFO - 2024-04-20 03:56:47,439 - [32mSemaExplorerCDFS[0m - [32mlen(simgr.active) <= 0 or deadended >= self.max_end_state)[0m[0m
