[1;32;40mINFO - 2024-03-12 13:13:34,815 - [34mangr.project[0m - [34mLoading binary database/Binaries/malware-win/train/upatre/0152c0522deb9dcc4f431a8d86d76742[0m[0m
[1;33;40mWARNING - 2024-03-12 13:13:34,839 - [34mangr.project[0m - [34mDisabling IRSB translation cache because support for self-modifying code is enabled.[0m[0m
[1;32;40mINFO - 2024-03-12 13:13:34,840 - [34mangr.project[0m - [34mUsing builtin SimProcedure for unresolved HttpSendRequestW from wininet.dll[0m[0m
[1;32;40mINFO - 2024-03-12 13:13:34,841 - [34mangr.project[0m - [34mUsing builtin SimProcedure for unresolved InternetSetOptionW from wininet.dll[0m[0m
[1;32;40mINFO - 2024-03-12 13:13:34,841 - [34mangr.project[0m - [34mUsing builtin SimProcedure for unresolved InternetQueryOptionW from wininet.dll[0m[0m
[1;32;40mINFO - 2024-03-12 13:13:34,841 - [34mangr.project[0m - [34mUsing builtin SimProcedure for unresolved HttpOpenRequestW from wininet.dll[0m[0m
[1;32;40mINFO - 2024-03-12 13:13:34,842 - [34mangr.project[0m - [34mUsing builtin SimProcedure for unresolved HttpQueryInfoW from wininet.dll[0m[0m
[1;32;40mINFO - 2024-03-12 13:13:34,842 - [34mangr.project[0m - [34mUsing builtin SimProcedure for unresolved InternetReadFile from wininet.dll[0m[0m
[1;32;40mINFO - 2024-03-12 13:13:34,843 - [34mangr.project[0m - [34mUsing builtin SimProcedure for unresolved InternetConnectW from wininet.dll[0m[0m
[1;32;40mINFO - 2024-03-12 13:13:34,843 - [34mangr.project[0m - [34mUsing builtin SimProcedure for unresolved InternetOpenW from wininet.dll[0m[0m
[1;32;40mINFO - 2024-03-12 13:13:34,844 - [34mangr.project[0m - [34mUsing builtin SimProcedure for unresolved GetTempPathW from kernel32.dll[0m[0m
[1;32;40mINFO - 2024-03-12 13:13:34,844 - [34mangr.project[0m - [34mUsing builtin SimProcedure for unresolved GetFileSize from kernel32.dll[0m[0m
[1;32;40mINFO - 2024-03-12 13:13:34,844 - [34mangr.project[0m - [34mUsing builtin SimProcedure for unresolved GetCurrentDirectoryW from kernel32.dll[0m[0m
[1;32;40mINFO - 2024-03-12 13:13:34,845 - [34mangr.project[0m - [34mUsing builtin SimProcedure for unresolved DeleteFileW from kernel32.dll[0m[0m
[1;32;40mINFO - 2024-03-12 13:13:34,845 - [34mangr.project[0m - [34mUsing builtin SimProcedure for unresolved CloseHandle from kernel32.dll[0m[0m
[1;32;40mINFO - 2024-03-12 13:13:34,846 - [34mangr.project[0m - [34mUsing builtin SimProcedure for unresolved WriteFile from kernel32.dll[0m[0m
[1;32;40mINFO - 2024-03-12 13:13:34,846 - [34mangr.project[0m - [34mUsing builtin SimProcedure for unresolved lstrcmpW from kernel32.dll[0m[0m
[1;32;40mINFO - 2024-03-12 13:13:34,847 - [34mangr.project[0m - [34mUsing builtin SimProcedure for unresolved ReadFile from kernel32.dll[0m[0m
[1;32;40mINFO - 2024-03-12 13:13:34,847 - [34mangr.project[0m - [34mUsing builtin SimProcedure for unresolved GetModuleHandleW from kernel32.dll[0m[0m
[1;32;40mINFO - 2024-03-12 13:13:34,848 - [34mangr.project[0m - [34mUsing builtin SimProcedure for unresolved ExitProcess from kernel32.dll[0m[0m
[1;32;40mINFO - 2024-03-12 13:13:34,848 - [34mangr.project[0m - [34mUsing builtin SimProcedure for unresolved HeapCreate from kernel32.dll[0m[0m
[1;32;40mINFO - 2024-03-12 13:13:34,849 - [34mangr.project[0m - [34mUsing builtin SimProcedure for unresolved HeapAlloc from kernel32.dll[0m[0m
[1;32;40mINFO - 2024-03-12 13:13:34,849 - [34mangr.project[0m - [34mUsing builtin SimProcedure for unresolved GetModuleFileNameW from kernel32.dll[0m[0m
[1;32;40mINFO - 2024-03-12 13:13:34,850 - [34mangr.project[0m - [34mUsing builtin SimProcedure for unresolved CreateFileW from kernel32.dll[0m[0m
[1;32;40mINFO - 2024-03-12 13:13:34,850 - [34mangr.project[0m - [34mUsing builtin SimProcedure for unresolved lstrlenW from kernel32.dll[0m[0m
[1;32;40mINFO - 2024-03-12 13:13:34,851 - [34mangr.project[0m - [34mUsing builtin SimProcedure for unresolved wsprintfW from user32.dll[0m[0m
[1;32;40mINFO - 2024-03-12 13:13:34,851 - [34mangr.project[0m - [34mUsing builtin SimProcedure for unresolved ShellExecuteW from shell32.dll[0m[0m
[1;33;40mWARNING - 2024-03-12 13:13:38,627 - [34mangr.project[0m - [34mAddress is already hooked, during hook(0x50001c, <SimProcedure InternetOpenW>). Not re-hooking.[0m[0m
[1;33;40mWARNING - 2024-03-12 13:13:39,124 - [34mangr.project[0m - [34mAddress is already hooked, during hook(0x601014, <SimProcedure KiUserExceptionDispatcher>). Not re-hooking.[0m[0m
[1;33;40mWARNING - 2024-03-12 13:13:39,125 - [34mangr.project[0m - [34mAddress 0x400000 not hooked[0m[0m
[1;32;40mINFO - 2024-03-12 13:13:39,139 - [35mangr.sim_manager[0m - [35mStepping active of <SimulationManager with 1 active>[0m[0m
[1;32;40mINFO - 2024-03-12 13:13:39,212 - [37mangr.engines.engine[0m - [37mTicked state: <IRSB from 0x401020: 1 sat>[0m[0m
[1;32;40mINFO - 2024-03-12 13:13:39,212 - [32mSemaExplorerCDFS[0m - [32mHey new addr ![0m[0m
[1;32;40mINFO - 2024-03-12 13:13:39,212 - [35mangr.sim_manager[0m - [35mStepping active of <SimulationManager with 1 active>[0m[0m
[1;32;40mINFO - 2024-03-12 13:13:39,274 - [37mangr.engines.engine[0m - [37mTicked state: <SimProcedure GetModuleHandleW from 0x500040: 1 sat>[0m[0m
[1;32;40mINFO - 2024-03-12 13:13:39,274 - [32mSemaExplorerCDFS[0m - [32mHey new addr ![0m[0m
[1;32;40mINFO - 2024-03-12 13:13:39,274 - [35mangr.sim_manager[0m - [35mStepping active of <SimulationManager with 1 active>[0m[0m
[1;32;40mINFO - 2024-03-12 13:13:39,278 - [37mangr.engines.engine[0m - [37mTicked state: <IRSB from 0x401035: 1 sat 1 unsat>[0m[0m
[1;32;40mINFO - 2024-03-12 13:13:39,278 - [32mSemaExplorerCDFS[0m - [32mHey new addr ![0m[0m
[1;32;40mINFO - 2024-03-12 13:13:39,278 - [35mangr.sim_manager[0m - [35mStepping active of <SimulationManager with 1 active>[0m[0m
[1;32;40mINFO - 2024-03-12 13:13:39,282 - [37mangr.engines.engine[0m - [37mTicked state: <IRSB from 0x401042: 1 sat>[0m[0m
[1;32;40mINFO - 2024-03-12 13:13:39,282 - [32mSemaExplorerCDFS[0m - [32mHey new addr ![0m[0m
[1;32;40mINFO - 2024-03-12 13:13:39,282 - [35mangr.sim_manager[0m - [35mStepping active of <SimulationManager with 1 active>[0m[0m
[1;32;40mINFO - 2024-03-12 13:13:39,285 - [37mangr.engines.engine[0m - [37mTicked state: <SimProcedure HeapCreate from 0x500048: 1 sat>[0m[0m
[1;32;40mINFO - 2024-03-12 13:13:39,285 - [32mSemaExplorerCDFS[0m - [32mHey new addr ![0m[0m
[1;32;40mINFO - 2024-03-12 13:13:39,285 - [35mangr.sim_manager[0m - [35mStepping active of <SimulationManager with 1 active>[0m[0m
[1;32;40mINFO - 2024-03-12 13:13:39,289 - [37mangr.engines.engine[0m - [37mTicked state: <IRSB from 0x401050: 1 sat>[0m[0m
[1;32;40mINFO - 2024-03-12 13:13:39,289 - [32mSemaExplorerCDFS[0m - [32mHey new addr ![0m[0m
[1;32;40mINFO - 2024-03-12 13:13:39,289 - [35mangr.sim_manager[0m - [35mStepping active of <SimulationManager with 1 active>[0m[0m
[1;32;40mINFO - 2024-03-12 13:13:39,299 - [37mangr.engines.engine[0m - [37mTicked state: <SimProcedure HeapAlloc from 0x50004c: 1 sat>[0m[0m
[1;32;40mINFO - 2024-03-12 13:13:39,299 - [32mSemaExplorerCDFS[0m - [32mHey new addr ![0m[0m
[1;32;40mINFO - 2024-03-12 13:13:39,299 - [35mangr.sim_manager[0m - [35mStepping active of <SimulationManager with 1 active>[0m[0m
[1;32;40mINFO - 2024-03-12 13:13:39,303 - [37mangr.engines.engine[0m - [37mTicked state: <IRSB from 0x40105d: 1 sat>[0m[0m
[1;32;40mINFO - 2024-03-12 13:13:39,303 - [35mangr.sim_manager[0m - [35mStepping active of <SimulationManager with 1 active>[0m[0m
[1;32;40mINFO - 2024-03-12 13:13:39,311 - [37mangr.engines.engine[0m - [37mTicked state: <SimProcedure HeapAlloc from 0x50004c: 1 sat>[0m[0m
[1;32;40mINFO - 2024-03-12 13:13:39,311 - [32mSemaExplorerCDFS[0m - [32mHey new addr ![0m[0m
[1;32;40mINFO - 2024-03-12 13:13:39,311 - [35mangr.sim_manager[0m - [35mStepping active of <SimulationManager with 1 active>[0m[0m
[1;32;40mINFO - 2024-03-12 13:13:39,315 - [37mangr.engines.engine[0m - [37mTicked state: <IRSB from 0x40106b: 1 sat>[0m[0m
[1;32;40mINFO - 2024-03-12 13:13:39,316 - [32mSemaExplorerCDFS[0m - [32mHey new addr ![0m[0m
[1;32;40mINFO - 2024-03-12 13:13:39,316 - [35mangr.sim_manager[0m - [35mStepping active of <SimulationManager with 1 active>[0m[0m
[1;32;40mINFO - 2024-03-12 13:13:39,319 - [37mangr.engines.engine[0m - [37mTicked state: <SimProcedure GetModuleFileNameW from 0x500050: 1 sat>[0m[0m
[1;32;40mINFO - 2024-03-12 13:13:39,319 - [32mSemaExplorerCDFS[0m - [32mHey new addr ![0m[0m
[1;32;40mINFO - 2024-03-12 13:13:39,319 - [35mangr.sim_manager[0m - [35mStepping active of <SimulationManager with 1 active>[0m[0m
[1;32;40mINFO - 2024-03-12 13:13:39,322 - [37mangr.engines.engine[0m - [37mTicked state: <IRSB from 0x401077: 1 sat>[0m[0m
[1;32;40mINFO - 2024-03-12 13:13:39,322 - [32mSemaExplorerCDFS[0m - [32mHey new addr ![0m[0m
[1;32;40mINFO - 2024-03-12 13:13:39,323 - [35mangr.sim_manager[0m - [35mStepping active of <SimulationManager with 1 active>[0m[0m
[1;32;40mINFO - 2024-03-12 13:13:39,451 - [37mangr.engines.engine[0m - [37mTicked state: <SimProcedure GetTempPathW from 0x500020: 1 sat>[0m[0m
[1;32;40mINFO - 2024-03-12 13:13:39,452 - [32mSemaExplorerCDFS[0m - [32mHey new addr ![0m[0m
[1;32;40mINFO - 2024-03-12 13:13:39,452 - [35mangr.sim_manager[0m - [35mStepping active of <SimulationManager with 1 active>[0m[0m
[1;32;40mINFO - 2024-03-12 13:13:39,456 - [37mangr.engines.engine[0m - [37mTicked state: <IRSB from 0x401085: 1 sat>[0m[0m
[1;32;40mINFO - 2024-03-12 13:13:39,456 - [32mSemaExplorerCDFS[0m - [32mHey new addr ![0m[0m
[1;32;40mINFO - 2024-03-12 13:13:39,457 - [35mangr.sim_manager[0m - [35mStepping active of <SimulationManager with 1 active>[0m[0m
[1;32;40mINFO - 2024-03-12 13:13:39,515 - [37mangr.engines.engine[0m - [37mTicked state: <SimProcedure wsprintfW from 0x50005c: 1 sat>[0m[0m
[1;32;40mINFO - 2024-03-12 13:13:39,515 - [32mSemaExplorerCDFS[0m - [32mHey new addr ![0m[0m
[1;32;40mINFO - 2024-03-12 13:13:39,515 - [35mangr.sim_manager[0m - [35mStepping active of <SimulationManager with 1 active>[0m[0m
[1;32;40mINFO - 2024-03-12 13:13:39,522 - [37mangr.engines.engine[0m - [37mTicked state: <IRSB from 0x40109b: 1 sat>[0m[0m
[1;32;40mINFO - 2024-03-12 13:13:39,522 - [32mSemaExplorerCDFS[0m - [32mHey new addr ![0m[0m
[1;32;40mINFO - 2024-03-12 13:13:39,522 - [35mangr.sim_manager[0m - [35mStepping active of <SimulationManager with 1 active>[0m[0m
[1;32;40mINFO - 2024-03-12 13:13:39,539 - [37mangr.engines.engine[0m - [37mTicked state: <SimProcedure CreateFileW from 0x500054: 1 sat>[0m[0m
[1;32;40mINFO - 2024-03-12 13:13:39,539 - [32mSemaExplorerCDFS[0m - [32mHey new addr ![0m[0m
[1;32;40mINFO - 2024-03-12 13:13:39,539 - [35mangr.sim_manager[0m - [35mStepping active of <SimulationManager with 1 active>[0m[0m
[1;32;40mINFO - 2024-03-12 13:13:39,544 - [37mangr.engines.engine[0m - [37mTicked state: <IRSB from 0x4010b5: 1 sat 1 unsat>[0m[0m
[1;32;40mINFO - 2024-03-12 13:13:39,544 - [32mSemaExplorerCDFS[0m - [32mHey new addr ![0m[0m
[1;32;40mINFO - 2024-03-12 13:13:39,545 - [35mangr.sim_manager[0m - [35mStepping active of <SimulationManager with 1 active>[0m[0m
[1;32;40mINFO - 2024-03-12 13:13:39,548 - [37mangr.engines.engine[0m - [37mTicked state: <IRSB from 0x4010c5: 1 sat>[0m[0m
[1;32;40mINFO - 2024-03-12 13:13:39,548 - [32mSemaExplorerCDFS[0m - [32mHey new addr ![0m[0m
[1;32;40mINFO - 2024-03-12 13:13:39,548 - [35mangr.sim_manager[0m - [35mStepping active of <SimulationManager with 1 active>[0m[0m
[1;32;40mINFO - 2024-03-12 13:13:39,645 - [37mangr.engines.engine[0m - [37mTicked state: <SimProcedure GetFileSize from 0x500024: 1 sat>[0m[0m
[1;32;40mINFO - 2024-03-12 13:13:39,645 - [32mSemaExplorerCDFS[0m - [32mHey new addr ![0m[0m
[1;32;40mINFO - 2024-03-12 13:13:39,645 - [35mangr.sim_manager[0m - [35mStepping active of <SimulationManager with 1 active>[0m[0m
[1;32;40mINFO - 2024-03-12 13:13:39,650 - [37mangr.engines.engine[0m - [37mTicked state: <IRSB from 0x4010cd: 1 sat>[0m[0m
[1;32;40mINFO - 2024-03-12 13:13:39,650 - [32mSemaExplorerCDFS[0m - [32mHey new addr ![0m[0m
[1;32;40mINFO - 2024-03-12 13:13:39,650 - [35mangr.sim_manager[0m - [35mStepping active of <SimulationManager with 1 active>[0m[0m
[1;32;40mINFO - 2024-03-12 13:13:39,659 - [37mangr.engines.engine[0m - [37mTicked state: <SimProcedure lstrlenW from 0x500058: 1 sat>[0m[0m
[1;32;40mINFO - 2024-03-12 13:13:39,659 - [32mSemaExplorerCDFS[0m - [32mHey new addr ![0m[0m
[1;32;40mINFO - 2024-03-12 13:13:39,659 - [35mangr.sim_manager[0m - [35mStepping active of <SimulationManager with 1 active>[0m[0m
[1;32;40mINFO - 2024-03-12 13:13:39,667 - [37mangr.engines.engine[0m - [37mTicked state: <IRSB from 0x4010d9: 1 sat>[0m[0m
[1;32;40mINFO - 2024-03-12 13:13:39,668 - [35mangr.sim_manager[0m - [35mStepping active of <SimulationManager with 1 active>[0m[0m
[1;33;40mWARNING - 2024-03-12 13:13:39,730 - [33mangr.state_plugins.heap.heap_base[0m - [33mAllocation request of 1048643 bytes exceeded maximum of 128 bytes; allocating 128 bytes[0m[0m
[1;32;40mINFO - 2024-03-12 13:13:39,737 - [37mangr.engines.engine[0m - [37mTicked state: <SimProcedure HeapAlloc from 0x50004c: 1 sat>[0m[0m
[1;32;40mINFO - 2024-03-12 13:13:39,738 - [32mSemaExplorerCDFS[0m - [32mHey new addr ![0m[0m
[1;32;40mINFO - 2024-03-12 13:13:39,738 - [35mangr.sim_manager[0m - [35mStepping active of <SimulationManager with 1 active>[0m[0m
[1;32;40mINFO - 2024-03-12 13:13:39,743 - [37mangr.engines.engine[0m - [37mTicked state: <IRSB from 0x4010ec: 1 sat 1 unsat>[0m[0m
[1;32;40mINFO - 2024-03-12 13:13:39,743 - [32mSemaExplorerCDFS[0m - [32mHey new addr ![0m[0m
[1;32;40mINFO - 2024-03-12 13:13:39,744 - [35mangr.sim_manager[0m - [35mStepping active of <SimulationManager with 1 active>[0m[0m
[1;32;40mINFO - 2024-03-12 13:13:39,749 - [37mangr.engines.engine[0m - [37mTicked state: <IRSB from 0x4010f7: 1 sat>[0m[0m
[1;32;40mINFO - 2024-03-12 13:13:39,749 - [32mSemaExplorerCDFS[0m - [32mHey new addr ![0m[0m
[1;32;40mINFO - 2024-03-12 13:13:39,749 - [35mangr.sim_manager[0m - [35mStepping active of <SimulationManager with 1 active>[0m[0m
[1;32;40mINFO - 2024-03-12 13:13:41,094 - [37mangr.engines.engine[0m - [37mTicked state: <SimProcedure ReadFile from 0x50003c: 1 sat>[0m[0m
[1;32;40mINFO - 2024-03-12 13:13:41,094 - [32mSemaExplorerCDFS[0m - [32mHey new addr ![0m[0m
[1;32;40mINFO - 2024-03-12 13:13:41,094 - [35mangr.sim_manager[0m - [35mStepping active of <SimulationManager with 1 active>[0m[0m
[1;32;40mINFO - 2024-03-12 13:13:41,103 - [37mangr.engines.engine[0m - [37mTicked state: <IRSB from 0x401109: 1 sat>[0m[0m
[1;32;40mINFO - 2024-03-12 13:13:41,104 - [32mSemaExplorerCDFS[0m - [32mHey new addr ![0m[0m
[1;32;40mINFO - 2024-03-12 13:13:41,104 - [35mangr.sim_manager[0m - [35mStepping active of <SimulationManager with 1 active>[0m[0m
[1;32;40mINFO - 2024-03-12 13:13:41,113 - [37mangr.engines.engine[0m - [37mTicked state: <SimProcedure lstrcmpW from 0x500038: 1 sat>[0m[0m
[1;32;40mINFO - 2024-03-12 13:13:41,117 - [32mSemaExplorerCDFS[0m - [32mHey new addr ![0m[0m
[1;32;40mINFO - 2024-03-12 13:13:41,117 - [35mangr.sim_manager[0m - [35mStepping active of <SimulationManager with 1 active>[0m[0m
[1;32;40mINFO - 2024-03-12 13:13:41,121 - [37mangr.engines.engine[0m - [37mTicked state: <IRSB from 0x401113: 1 sat 1 unsat>[0m[0m
[1;32;40mINFO - 2024-03-12 13:13:41,121 - [32mSemaExplorerCDFS[0m - [32mHey new addr ![0m[0m
[1;32;40mINFO - 2024-03-12 13:13:41,122 - [35mangr.sim_manager[0m - [35mStepping active of <SimulationManager with 1 active>[0m[0m
[1;32;40mINFO - 2024-03-12 13:13:41,125 - [37mangr.engines.engine[0m - [37mTicked state: <IRSB from 0x40111b: 1 sat>[0m[0m
[1;32;40mINFO - 2024-03-12 13:13:41,125 - [35mangr.sim_manager[0m - [35mStepping active of <SimulationManager with 1 active>[0m[0m
[1;32;40mINFO - 2024-03-12 13:13:41,135 - [37mangr.engines.engine[0m - [37mTicked state: <SimProcedure lstrlenW from 0x500058: 1 sat>[0m[0m
[1;32;40mINFO - 2024-03-12 13:13:41,135 - [32mSemaExplorerCDFS[0m - [32mHey new addr ![0m[0m
[1;32;40mINFO - 2024-03-12 13:13:41,135 - [35mangr.sim_manager[0m - [35mStepping active of <SimulationManager with 1 active>[0m[0m
[1;32;40mINFO - 2024-03-12 13:13:41,144 - [37mangr.engines.engine[0m - [37mTicked state: <IRSB from 0x40111e: 1 sat>[0m[0m
[1;32;40mINFO - 2024-03-12 13:13:41,144 - [32mSemaExplorerCDFS[0m - [32mHey new addr ![0m[0m
[1;32;40mINFO - 2024-03-12 13:13:41,144 - [35mangr.sim_manager[0m - [35mStepping active of <SimulationManager with 1 active>[0m[0m
[1;32;40mINFO - 2024-03-12 13:13:41,149 - [37mangr.engines.engine[0m - [37mTicked state: <IRSB from 0x401000: 1 sat 1 unsat>[0m[0m
[1;32;40mINFO - 2024-03-12 13:13:41,150 - [32mSemaExplorerCDFS[0m - [32mHey new addr ![0m[0m
[1;32;40mINFO - 2024-03-12 13:13:41,150 - [35mangr.sim_manager[0m - [35mStepping active of <SimulationManager with 1 active>[0m[0m
[1;32;40mINFO - 2024-03-12 13:13:41,357 - [37mangr.engines.engine[0m - [37mTicked state: <IRSB from 0x401008: 1 sat 1 unsat>[0m[0m
[1;32;40mINFO - 2024-03-12 13:13:41,358 - [35mangr.sim_manager[0m - [35mStepping active of <SimulationManager with 1 active>[0m[0m
[1;32;40mINFO - 2024-03-12 13:13:41,428 - [37mangr.engines.engine[0m - [37mTicked state: <IRSB from 0x401008: 1 sat 1 unsat>[0m[0m
[1;32;40mINFO - 2024-03-12 13:13:41,428 - [35mangr.sim_manager[0m - [35mStepping active of <SimulationManager with 1 active>[0m[0m
[1;32;40mINFO - 2024-03-12 13:13:41,495 - [37mangr.engines.engine[0m - [37mTicked state: <IRSB from 0x401008: 1 sat 1 unsat>[0m[0m
[1;32;40mINFO - 2024-03-12 13:13:41,495 - [35mangr.sim_manager[0m - [35mStepping active of <SimulationManager with 1 active>[0m[0m
[1;32;40mINFO - 2024-03-12 13:13:41,562 - [37mangr.engines.engine[0m - [37mTicked state: <IRSB from 0x401008: 1 sat 1 unsat>[0m[0m
[1;32;40mINFO - 2024-03-12 13:13:41,563 - [35mangr.sim_manager[0m - [35mStepping active of <SimulationManager with 1 active>[0m[0m
[1;32;40mINFO - 2024-03-12 13:13:41,630 - [37mangr.engines.engine[0m - [37mTicked state: <IRSB from 0x401008: 1 sat 1 unsat>[0m[0m
[1;32;40mINFO - 2024-03-12 13:13:41,630 - [35mangr.sim_manager[0m - [35mStepping active of <SimulationManager with 1 active>[0m[0m
[1;32;40mINFO - 2024-03-12 13:13:41,696 - [37mangr.engines.engine[0m - [37mTicked state: <IRSB from 0x401008: 1 sat 1 unsat>[0m[0m
[1;32;40mINFO - 2024-03-12 13:13:41,697 - [35mangr.sim_manager[0m - [35mStepping active of <SimulationManager with 1 active>[0m[0m
[1;32;40mINFO - 2024-03-12 13:13:41,763 - [37mangr.engines.engine[0m - [37mTicked state: <IRSB from 0x401008: 1 sat 1 unsat>[0m[0m
[1;32;40mINFO - 2024-03-12 13:13:41,763 - [35mangr.sim_manager[0m - [35mStepping active of <SimulationManager with 1 active>[0m[0m
[1;32;40mINFO - 2024-03-12 13:13:41,829 - [37mangr.engines.engine[0m - [37mTicked state: <IRSB from 0x401008: 1 sat 1 unsat>[0m[0m
[1;32;40mINFO - 2024-03-12 13:13:41,829 - [35mangr.sim_manager[0m - [35mStepping active of <SimulationManager with 1 active>[0m[0m
[1;32;40mINFO - 2024-03-12 13:13:41,894 - [37mangr.engines.engine[0m - [37mTicked state: <IRSB from 0x401008: 1 sat 1 unsat>[0m[0m
[1;32;40mINFO - 2024-03-12 13:13:41,894 - [35mangr.sim_manager[0m - [35mStepping active of <SimulationManager with 1 active>[0m[0m
[1;32;40mINFO - 2024-03-12 13:13:41,959 - [37mangr.engines.engine[0m - [37mTicked state: <IRSB from 0x401008: 1 sat 1 unsat>[0m[0m
[1;32;40mINFO - 2024-03-12 13:13:41,960 - [35mangr.sim_manager[0m - [35mStepping active of <SimulationManager with 1 active>[0m[0m
[1;32;40mINFO - 2024-03-12 13:13:42,025 - [37mangr.engines.engine[0m - [37mTicked state: <IRSB from 0x401008: 1 sat 1 unsat>[0m[0m
[1;32;40mINFO - 2024-03-12 13:13:42,025 - [35mangr.sim_manager[0m - [35mStepping active of <SimulationManager with 1 active>[0m[0m
[1;32;40mINFO - 2024-03-12 13:13:42,089 - [37mangr.engines.engine[0m - [37mTicked state: <IRSB from 0x401008: 1 sat 1 unsat>[0m[0m
[1;32;40mINFO - 2024-03-12 13:13:42,089 - [35mangr.sim_manager[0m - [35mStepping active of <SimulationManager with 1 active>[0m[0m
[1;32;40mINFO - 2024-03-12 13:13:42,155 - [37mangr.engines.engine[0m - [37mTicked state: <IRSB from 0x401008: 1 sat 1 unsat>[0m[0m
[1;32;40mINFO - 2024-03-12 13:13:42,155 - [35mangr.sim_manager[0m - [35mStepping active of <SimulationManager with 1 active>[0m[0m
[1;32;40mINFO - 2024-03-12 13:13:42,218 - [37mangr.engines.engine[0m - [37mTicked state: <IRSB from 0x401008: 1 sat 1 unsat>[0m[0m
[1;32;40mINFO - 2024-03-12 13:13:42,219 - [35mangr.sim_manager[0m - [35mStepping active of <SimulationManager with 1 active>[0m[0m
[1;32;40mINFO - 2024-03-12 13:13:42,285 - [37mangr.engines.engine[0m - [37mTicked state: <IRSB from 0x401008: 1 sat 1 unsat>[0m[0m
[1;32;40mINFO - 2024-03-12 13:13:42,285 - [35mangr.sim_manager[0m - [35mStepping active of <SimulationManager with 1 active>[0m[0m
[1;32;40mINFO - 2024-03-12 13:13:42,351 - [37mangr.engines.engine[0m - [37mTicked state: <IRSB from 0x401008: 1 sat 1 unsat>[0m[0m
[1;32;40mINFO - 2024-03-12 13:13:42,351 - [35mangr.sim_manager[0m - [35mStepping active of <SimulationManager with 1 active>[0m[0m
[1;32;40mINFO - 2024-03-12 13:13:42,413 - [37mangr.engines.engine[0m - [37mTicked state: <IRSB from 0x401008: 1 sat 1 unsat>[0m[0m
[1;32;40mINFO - 2024-03-12 13:13:42,413 - [35mangr.sim_manager[0m - [35mStepping active of <SimulationManager with 1 active>[0m[0m
[1;32;40mINFO - 2024-03-12 13:13:42,475 - [37mangr.engines.engine[0m - [37mTicked state: <IRSB from 0x401008: 1 sat 1 unsat>[0m[0m
[1;32;40mINFO - 2024-03-12 13:13:42,475 - [35mangr.sim_manager[0m - [35mStepping active of <SimulationManager with 1 active>[0m[0m
[1;32;40mINFO - 2024-03-12 13:13:42,536 - [37mangr.engines.engine[0m - [37mTicked state: <IRSB from 0x401008: 1 sat 1 unsat>[0m[0m
[1;32;40mINFO - 2024-03-12 13:13:42,537 - [35mangr.sim_manager[0m - [35mStepping active of <SimulationManager with 1 active>[0m[0m
[1;32;40mINFO - 2024-03-12 13:13:42,599 - [37mangr.engines.engine[0m - [37mTicked state: <IRSB from 0x401008: 1 sat 1 unsat>[0m[0m
[1;32;40mINFO - 2024-03-12 13:13:42,599 - [35mangr.sim_manager[0m - [35mStepping active of <SimulationManager with 1 active>[0m[0m
[1;32;40mINFO - 2024-03-12 13:13:42,661 - [37mangr.engines.engine[0m - [37mTicked state: <IRSB from 0x401008: 1 sat 1 unsat>[0m[0m
[1;32;40mINFO - 2024-03-12 13:13:42,661 - [35mangr.sim_manager[0m - [35mStepping active of <SimulationManager with 1 active>[0m[0m
[1;32;40mINFO - 2024-03-12 13:13:42,722 - [37mangr.engines.engine[0m - [37mTicked state: <IRSB from 0x401008: 1 sat 1 unsat>[0m[0m
[1;32;40mINFO - 2024-03-12 13:13:42,723 - [35mangr.sim_manager[0m - [35mStepping active of <SimulationManager with 1 active>[0m[0m
[1;32;40mINFO - 2024-03-12 13:13:42,784 - [37mangr.engines.engine[0m - [37mTicked state: <IRSB from 0x401008: 1 sat 1 unsat>[0m[0m
[1;32;40mINFO - 2024-03-12 13:13:42,784 - [35mangr.sim_manager[0m - [35mStepping active of <SimulationManager with 1 active>[0m[0m
[1;32;40mINFO - 2024-03-12 13:13:42,891 - [37mangr.engines.engine[0m - [37mTicked state: <IRSB from 0x401008: 1 sat 1 unsat>[0m[0m
[1;32;40mINFO - 2024-03-12 13:13:42,891 - [35mangr.sim_manager[0m - [35mStepping active of <SimulationManager with 1 active>[0m[0m
[1;32;40mINFO - 2024-03-12 13:13:42,980 - [37mangr.engines.engine[0m - [37mTicked state: <IRSB from 0x401008: 1 sat 1 unsat>[0m[0m
[1;32;40mINFO - 2024-03-12 13:13:42,981 - [35mangr.sim_manager[0m - [35mStepping active of <SimulationManager with 1 active>[0m[0m
[1;32;40mINFO - 2024-03-12 13:13:43,064 - [37mangr.engines.engine[0m - [37mTicked state: <IRSB from 0x401008: 1 sat 1 unsat>[0m[0m
[1;32;40mINFO - 2024-03-12 13:13:43,064 - [35mangr.sim_manager[0m - [35mStepping active of <SimulationManager with 1 active>[0m[0m
[1;32;40mINFO - 2024-03-12 13:13:43,175 - [37mangr.engines.engine[0m - [37mTicked state: <IRSB from 0x401008: 1 sat 1 unsat>[0m[0m
[1;32;40mINFO - 2024-03-12 13:13:43,175 - [35mangr.sim_manager[0m - [35mStepping active of <SimulationManager with 1 active>[0m[0m
[1;32;40mINFO - 2024-03-12 13:13:43,257 - [37mangr.engines.engine[0m - [37mTicked state: <IRSB from 0x401008: 1 sat 1 unsat>[0m[0m
[1;32;40mINFO - 2024-03-12 13:13:43,257 - [35mangr.sim_manager[0m - [35mStepping active of <SimulationManager with 1 active>[0m[0m
[1;32;40mINFO - 2024-03-12 13:13:43,342 - [37mangr.engines.engine[0m - [37mTicked state: <IRSB from 0x401008: 1 sat 1 unsat>[0m[0m
[1;32;40mINFO - 2024-03-12 13:13:43,342 - [35mangr.sim_manager[0m - [35mStepping active of <SimulationManager with 1 active>[0m[0m
[1;32;40mINFO - 2024-03-12 13:13:43,427 - [37mangr.engines.engine[0m - [37mTicked state: <IRSB from 0x401008: 1 sat 1 unsat>[0m[0m
[1;32;40mINFO - 2024-03-12 13:13:43,428 - [35mangr.sim_manager[0m - [35mStepping active of <SimulationManager with 1 active>[0m[0m
[1;32;40mINFO - 2024-03-12 13:13:43,531 - [37mangr.engines.engine[0m - [37mTicked state: <IRSB from 0x401008: 1 sat 1 unsat>[0m[0m
[1;32;40mINFO - 2024-03-12 13:13:43,532 - [35mangr.sim_manager[0m - [35mStepping active of <SimulationManager with 1 active>[0m[0m
[1;32;40mINFO - 2024-03-12 13:13:43,635 - [37mangr.engines.engine[0m - [37mTicked state: <IRSB from 0x401008: 1 sat 1 unsat>[0m[0m
[1;32;40mINFO - 2024-03-12 13:13:43,635 - [35mangr.sim_manager[0m - [35mStepping active of <SimulationManager with 1 active>[0m[0m
[1;32;40mINFO - 2024-03-12 13:13:43,757 - [37mangr.engines.engine[0m - [37mTicked state: <IRSB from 0x401008: 1 sat 1 unsat>[0m[0m
[1;32;40mINFO - 2024-03-12 13:13:43,757 - [35mangr.sim_manager[0m - [35mStepping active of <SimulationManager with 1 active>[0m[0m
[1;32;40mINFO - 2024-03-12 13:13:43,919 - [37mangr.engines.engine[0m - [37mTicked state: <IRSB from 0x401008: 1 sat 1 unsat>[0m[0m
[1;32;40mINFO - 2024-03-12 13:13:43,920 - [35mangr.sim_manager[0m - [35mStepping active of <SimulationManager with 1 active>[0m[0m
[1;32;40mINFO - 2024-03-12 13:13:44,012 - [37mangr.engines.engine[0m - [37mTicked state: <IRSB from 0x401008: 1 sat 1 unsat>[0m[0m
[1;32;40mINFO - 2024-03-12 13:13:44,012 - [35mangr.sim_manager[0m - [35mStepping active of <SimulationManager with 1 active>[0m[0m
[1;32;40mINFO - 2024-03-12 13:13:44,100 - [37mangr.engines.engine[0m - [37mTicked state: <IRSB from 0x401008: 1 sat 1 unsat>[0m[0m
[1;32;40mINFO - 2024-03-12 13:13:44,100 - [35mangr.sim_manager[0m - [35mStepping active of <SimulationManager with 1 active>[0m[0m
[1;32;40mINFO - 2024-03-12 13:13:44,190 - [37mangr.engines.engine[0m - [37mTicked state: <IRSB from 0x401008: 1 sat 1 unsat>[0m[0m
[1;32;40mINFO - 2024-03-12 13:13:44,190 - [35mangr.sim_manager[0m - [35mStepping active of <SimulationManager with 1 active>[0m[0m
[1;32;40mINFO - 2024-03-12 13:13:44,276 - [37mangr.engines.engine[0m - [37mTicked state: <IRSB from 0x401008: 1 sat 1 unsat>[0m[0m
[1;32;40mINFO - 2024-03-12 13:13:44,276 - [35mangr.sim_manager[0m - [35mStepping active of <SimulationManager with 1 active>[0m[0m
[1;32;40mINFO - 2024-03-12 13:13:44,368 - [37mangr.engines.engine[0m - [37mTicked state: <IRSB from 0x401008: 1 sat 1 unsat>[0m[0m
[1;32;40mINFO - 2024-03-12 13:13:44,368 - [35mangr.sim_manager[0m - [35mStepping active of <SimulationManager with 1 active>[0m[0m
[1;32;40mINFO - 2024-03-12 13:13:44,454 - [37mangr.engines.engine[0m - [37mTicked state: <IRSB from 0x401008: 1 sat 1 unsat>[0m[0m
[1;32;40mINFO - 2024-03-12 13:13:44,454 - [35mangr.sim_manager[0m - [35mStepping active of <SimulationManager with 1 active>[0m[0m
[1;32;40mINFO - 2024-03-12 13:13:44,566 - [37mangr.engines.engine[0m - [37mTicked state: <IRSB from 0x401008: 1 sat 1 unsat>[0m[0m
[1;32;40mINFO - 2024-03-12 13:13:44,566 - [35mangr.sim_manager[0m - [35mStepping active of <SimulationManager with 1 active>[0m[0m
[1;32;40mINFO - 2024-03-12 13:13:44,643 - [37mangr.engines.engine[0m - [37mTicked state: <IRSB from 0x401008: 1 sat 1 unsat>[0m[0m
[1;32;40mINFO - 2024-03-12 13:13:44,643 - [35mangr.sim_manager[0m - [35mStepping active of <SimulationManager with 1 active>[0m[0m
[1;32;40mINFO - 2024-03-12 13:13:44,721 - [37mangr.engines.engine[0m - [37mTicked state: <IRSB from 0x401008: 1 sat 1 unsat>[0m[0m
[1;32;40mINFO - 2024-03-12 13:13:44,721 - [35mangr.sim_manager[0m - [35mStepping active of <SimulationManager with 1 active>[0m[0m
[1;32;40mINFO - 2024-03-12 13:13:44,799 - [37mangr.engines.engine[0m - [37mTicked state: <IRSB from 0x401008: 1 sat 1 unsat>[0m[0m
[1;32;40mINFO - 2024-03-12 13:13:44,800 - [35mangr.sim_manager[0m - [35mStepping active of <SimulationManager with 1 active>[0m[0m
[1;32;40mINFO - 2024-03-12 13:13:44,882 - [37mangr.engines.engine[0m - [37mTicked state: <IRSB from 0x401008: 1 sat 1 unsat>[0m[0m
[1;32;40mINFO - 2024-03-12 13:13:44,883 - [35mangr.sim_manager[0m - [35mStepping active of <SimulationManager with 1 active>[0m[0m
[1;32;40mINFO - 2024-03-12 13:13:44,970 - [37mangr.engines.engine[0m - [37mTicked state: <IRSB from 0x401008: 1 sat 1 unsat>[0m[0m
[1;32;40mINFO - 2024-03-12 13:13:44,970 - [35mangr.sim_manager[0m - [35mStepping active of <SimulationManager with 1 active>[0m[0m
[1;32;40mINFO - 2024-03-12 13:13:45,058 - [37mangr.engines.engine[0m - [37mTicked state: <IRSB from 0x401008: 1 sat 1 unsat>[0m[0m
[1;32;40mINFO - 2024-03-12 13:13:45,059 - [35mangr.sim_manager[0m - [35mStepping active of <SimulationManager with 1 active>[0m[0m
[1;32;40mINFO - 2024-03-12 13:13:45,213 - [37mangr.engines.engine[0m - [37mTicked state: <IRSB from 0x401008: 1 sat 1 unsat>[0m[0m
[1;32;40mINFO - 2024-03-12 13:13:45,213 - [35mangr.sim_manager[0m - [35mStepping active of <SimulationManager with 1 active>[0m[0m
[1;32;40mINFO - 2024-03-12 13:13:45,310 - [37mangr.engines.engine[0m - [37mTicked state: <IRSB from 0x401008: 1 sat 1 unsat>[0m[0m
[1;32;40mINFO - 2024-03-12 13:13:45,311 - [35mangr.sim_manager[0m - [35mStepping active of <SimulationManager with 1 active>[0m[0m
[1;32;40mINFO - 2024-03-12 13:13:45,450 - [37mangr.engines.engine[0m - [37mTicked state: <IRSB from 0x401008: 1 sat 1 unsat>[0m[0m
[1;32;40mINFO - 2024-03-12 13:13:45,450 - [35mangr.sim_manager[0m - [35mStepping active of <SimulationManager with 1 active>[0m[0m
[1;32;40mINFO - 2024-03-12 13:13:45,544 - [37mangr.engines.engine[0m - [37mTicked state: <IRSB from 0x401008: 1 sat 1 unsat>[0m[0m
[1;32;40mINFO - 2024-03-12 13:13:45,544 - [35mangr.sim_manager[0m - [35mStepping active of <SimulationManager with 1 active>[0m[0m
[1;32;40mINFO - 2024-03-12 13:13:45,643 - [37mangr.engines.engine[0m - [37mTicked state: <IRSB from 0x401008: 1 sat 1 unsat>[0m[0m
[1;32;40mINFO - 2024-03-12 13:13:45,643 - [35mangr.sim_manager[0m - [35mStepping active of <SimulationManager with 1 active>[0m[0m
[1;32;40mINFO - 2024-03-12 13:13:46,253 - [37mangr.engines.engine[0m - [37mTicked state: <IRSB from 0x401008: 1 sat 1 unsat>[0m[0m
[1;32;40mINFO - 2024-03-12 13:13:46,253 - [35mangr.sim_manager[0m - [35mStepping active of <SimulationManager with 1 active>[0m[0m
[1;32;40mINFO - 2024-03-12 13:13:46,344 - [37mangr.engines.engine[0m - [37mTicked state: <IRSB from 0x401008: 1 sat 1 unsat>[0m[0m
[1;32;40mINFO - 2024-03-12 13:13:46,344 - [35mangr.sim_manager[0m - [35mStepping active of <SimulationManager with 1 active>[0m[0m
[1;32;40mINFO - 2024-03-12 13:13:46,422 - [37mangr.engines.engine[0m - [37mTicked state: <IRSB from 0x401008: 1 sat 1 unsat>[0m[0m
[1;32;40mINFO - 2024-03-12 13:13:46,423 - [35mangr.sim_manager[0m - [35mStepping active of <SimulationManager with 1 active>[0m[0m
[1;32;40mINFO - 2024-03-12 13:13:46,493 - [37mangr.engines.engine[0m - [37mTicked state: <IRSB from 0x401008: 1 sat 1 unsat>[0m[0m
[1;32;40mINFO - 2024-03-12 13:13:46,493 - [35mangr.sim_manager[0m - [35mStepping active of <SimulationManager with 1 active>[0m[0m
[1;32;40mINFO - 2024-03-12 13:13:46,560 - [37mangr.engines.engine[0m - [37mTicked state: <IRSB from 0x401008: 1 sat 1 unsat>[0m[0m
[1;32;40mINFO - 2024-03-12 13:13:46,560 - [35mangr.sim_manager[0m - [35mStepping active of <SimulationManager with 1 active>[0m[0m
[1;32;40mINFO - 2024-03-12 13:13:46,626 - [37mangr.engines.engine[0m - [37mTicked state: <IRSB from 0x401008: 1 sat 1 unsat>[0m[0m
[1;32;40mINFO - 2024-03-12 13:13:46,627 - [35mangr.sim_manager[0m - [35mStepping active of <SimulationManager with 1 active>[0m[0m
[1;32;40mINFO - 2024-03-12 13:13:46,691 - [37mangr.engines.engine[0m - [37mTicked state: <IRSB from 0x401008: 1 sat 1 unsat>[0m[0m
[1;32;40mINFO - 2024-03-12 13:13:46,691 - [35mangr.sim_manager[0m - [35mStepping active of <SimulationManager with 1 active>[0m[0m
[1;32;40mINFO - 2024-03-12 13:13:46,759 - [37mangr.engines.engine[0m - [37mTicked state: <IRSB from 0x401008: 1 sat 1 unsat>[0m[0m
[1;32;40mINFO - 2024-03-12 13:13:46,759 - [35mangr.sim_manager[0m - [35mStepping active of <SimulationManager with 1 active>[0m[0m
[1;32;40mINFO - 2024-03-12 13:13:46,824 - [37mangr.engines.engine[0m - [37mTicked state: <IRSB from 0x401008: 1 sat 1 unsat>[0m[0m
[1;32;40mINFO - 2024-03-12 13:13:46,824 - [35mangr.sim_manager[0m - [35mStepping active of <SimulationManager with 1 active>[0m[0m
[1;32;40mINFO - 2024-03-12 13:13:46,891 - [37mangr.engines.engine[0m - [37mTicked state: <IRSB from 0x401008: 1 sat 1 unsat>[0m[0m
[1;32;40mINFO - 2024-03-12 13:13:46,891 - [35mangr.sim_manager[0m - [35mStepping active of <SimulationManager with 1 active>[0m[0m
[1;32;40mINFO - 2024-03-12 13:13:46,958 - [37mangr.engines.engine[0m - [37mTicked state: <IRSB from 0x401008: 1 sat 1 unsat>[0m[0m
[1;32;40mINFO - 2024-03-12 13:13:46,959 - [35mangr.sim_manager[0m - [35mStepping active of <SimulationManager with 1 active>[0m[0m
[1;32;40mINFO - 2024-03-12 13:13:47,022 - [37mangr.engines.engine[0m - [37mTicked state: <IRSB from 0x401008: 1 sat 1 unsat>[0m[0m
[1;32;40mINFO - 2024-03-12 13:13:47,022 - [35mangr.sim_manager[0m - [35mStepping active of <SimulationManager with 1 active>[0m[0m
[1;32;40mINFO - 2024-03-12 13:13:47,085 - [37mangr.engines.engine[0m - [37mTicked state: <IRSB from 0x401008: 1 sat 1 unsat>[0m[0m
[1;32;40mINFO - 2024-03-12 13:13:47,086 - [35mangr.sim_manager[0m - [35mStepping active of <SimulationManager with 1 active>[0m[0m
[1;32;40mINFO - 2024-03-12 13:13:47,150 - [37mangr.engines.engine[0m - [37mTicked state: <IRSB from 0x401008: 1 sat 1 unsat>[0m[0m
[1;32;40mINFO - 2024-03-12 13:13:47,150 - [32mSemaExplorerCDFS[0m - [32mHey new addr ![0m[0m
[1;32;40mINFO - 2024-03-12 13:13:47,150 - [35mangr.sim_manager[0m - [35mStepping active of <SimulationManager with 1 active>[0m[0m
[1;32;40mINFO - 2024-03-12 13:13:47,152 - [37mangr.engines.engine[0m - [37mTicked state: <IRSB from 0x40101d: 1 sat>[0m[0m
[1;32;40mINFO - 2024-03-12 13:13:47,153 - [32mSemaExplorerCDFS[0m - [32mHey new addr ![0m[0m
[1;32;40mINFO - 2024-03-12 13:13:47,153 - [35mangr.sim_manager[0m - [35mStepping active of <SimulationManager with 1 active>[0m[0m
[1;32;40mINFO - 2024-03-12 13:13:47,162 - [37mangr.engines.engine[0m - [37mTicked state: <IRSB from 0x401130: 1 sat>[0m[0m
[1;32;40mINFO - 2024-03-12 13:13:47,162 - [35mangr.sim_manager[0m - [35mStepping active of <SimulationManager with 1 active>[0m[0m
[1;32;40mINFO - 2024-03-12 13:13:47,217 - [37mangr.engines.engine[0m - [37mTicked state: <SimProcedure CreateFileW from 0x500054: 1 sat>[0m[0m
[1;32;40mINFO - 2024-03-12 13:13:47,218 - [32mSemaExplorerCDFS[0m - [32mHey new addr ![0m[0m
[1;32;40mINFO - 2024-03-12 13:13:47,218 - [35mangr.sim_manager[0m - [35mStepping active of <SimulationManager with 1 active>[0m[0m
[1;32;40mINFO - 2024-03-12 13:13:47,257 - [37mangr.engines.engine[0m - [37mTicked state: <IRSB from 0x401149: 2 sat>[0m[0m
[1;32;40mINFO - 2024-03-12 13:13:47,257 - [32mSemaExplorerCDFS[0m - [32mHey new addr ![0m[0m
[1;32;40mINFO - 2024-03-12 13:13:47,258 - [35mangr.sim_manager[0m - [35mStepping active of <SimulationManager with 2 active>[0m[0m
[1;32;40mINFO - 2024-03-12 13:13:47,267 - [37mangr.engines.engine[0m - [37mTicked state: <IRSB from 0x4010bd: 1 sat>[0m[0m
[1;32;40mINFO - 2024-03-12 13:13:47,271 - [37mangr.engines.engine[0m - [37mTicked state: <IRSB from 0x401155: 1 sat>[0m[0m
[1;32;40mINFO - 2024-03-12 13:13:47,271 - [32mSemaExplorerCDFS[0m - [32mHey new addr ![0m[0m
[1;32;40mINFO - 2024-03-12 13:13:47,272 - [35mangr.sim_manager[0m - [35mStepping active of <SimulationManager with 2 active>[0m[0m
[1;32;40mINFO - 2024-03-12 13:13:47,273 - [31mangr.procedures.stubs.CallReturn[0m - [31mA factory.call_state-created path returned![0m[0m
[1;32;40mINFO - 2024-03-12 13:13:47,274 - [37mangr.engines.engine[0m - [37mTicked state: <SimProcedure CallReturn from 0xb01000: empty>[0m[0m
[1;32;40mINFO - 2024-03-12 13:13:47,286 - [37mangr.engines.engine[0m - [37mTicked state: <SimProcedure lstrlenW from 0x500058: 1 sat>[0m[0m
[1;32;40mINFO - 2024-03-12 13:13:47,286 - [32mSemaExplorerCDFS[0m - [32mHey new addr ![0m[0m
[1;32;40mINFO - 2024-03-12 13:13:47,287 - [35mangr.sim_manager[0m - [35mStepping active of <SimulationManager with 1 active, 1 deadended>[0m[0m
[1;32;40mINFO - 2024-03-12 13:13:47,298 - [37mangr.engines.engine[0m - [37mTicked state: <IRSB from 0x40115d: 1 sat>[0m[0m
[1;32;40mINFO - 2024-03-12 13:13:47,298 - [32mSemaExplorerCDFS[0m - [32mHey new addr ![0m[0m
[1;32;40mINFO - 2024-03-12 13:13:47,298 - [35mangr.sim_manager[0m - [35mStepping active of <SimulationManager with 1 active, 1 deadended>[0m[0m
[1;33;40mWARNING - 2024-03-12 13:13:47,354 - [33mangr.state_plugins.posix[0m - [33mTried to look up a symbolic fd - constrained to 4 and opened b'/tmp/angr_implicit_0'[0m[0m
[1;33;40mWARNING - 2024-03-12 13:13:47,393 - [34mangr.storage.file[0m - [34mSymbolic write size is too large for threshold - concretizing to min (1048643)[0m[0m
[1;32;40mINFO - 2024-03-12 13:13:49,668 - [37mangr.engines.engine[0m - [37mTicked state: <SimProcedure WriteFile from 0x500034: 1 sat>[0m[0m
[1;32;40mINFO - 2024-03-12 13:13:49,668 - [32mSemaExplorerCDFS[0m - [32mHey new addr ![0m[0m
[1;32;40mINFO - 2024-03-12 13:13:49,668 - [35mangr.sim_manager[0m - [35mStepping active of <SimulationManager with 1 active, 1 deadended>[0m[0m
[1;32;40mINFO - 2024-03-12 13:13:49,672 - [37mangr.engines.engine[0m - [37mTicked state: <IRSB from 0x401171: 1 sat>[0m[0m
[1;32;40mINFO - 2024-03-12 13:13:49,673 - [32mSemaExplorerCDFS[0m - [32mHey new addr ![0m[0m
[1;32;40mINFO - 2024-03-12 13:13:49,673 - [35mangr.sim_manager[0m - [35mStepping active of <SimulationManager with 1 active, 1 deadended>[0m[0m
[1;32;40mINFO - 2024-03-12 13:13:49,677 - [37mangr.engines.engine[0m - [37mTicked state: <SimProcedure CloseHandle from 0x500030: 1 sat>[0m[0m
[1;32;40mINFO - 2024-03-12 13:13:49,677 - [32mSemaExplorerCDFS[0m - [32mHey new addr ![0m[0m
[1;32;40mINFO - 2024-03-12 13:13:49,677 - [35mangr.sim_manager[0m - [35mStepping active of <SimulationManager with 1 active, 1 deadended>[0m[0m
[1;32;40mINFO - 2024-03-12 13:13:49,681 - [37mangr.engines.engine[0m - [37mTicked state: <IRSB from 0x40117c: 1 sat>[0m[0m
[1;32;40mINFO - 2024-03-12 13:13:49,681 - [35mangr.sim_manager[0m - [35mStepping active of <SimulationManager with 1 active, 1 deadended>[0m[0m
[1;32;40mINFO - 2024-03-12 13:13:49,684 - [37mangr.engines.engine[0m - [37mTicked state: <SimProcedure CloseHandle from 0x500030: 1 sat>[0m[0m
[1;32;40mINFO - 2024-03-12 13:13:49,684 - [32mSemaExplorerCDFS[0m - [32mHey new addr ![0m[0m
[1;32;40mINFO - 2024-03-12 13:13:49,684 - [35mangr.sim_manager[0m - [35mStepping active of <SimulationManager with 1 active, 1 deadended>[0m[0m
[1;32;40mINFO - 2024-03-12 13:13:49,687 - [37mangr.engines.engine[0m - [37mTicked state: <IRSB from 0x401181: 1 sat>[0m[0m
[1;32;40mINFO - 2024-03-12 13:13:49,688 - [35mangr.sim_manager[0m - [35mStepping active of <SimulationManager with 1 active, 1 deadended>[0m[0m
[1;32;40mINFO - 2024-03-12 13:13:49,756 - [37mangr.engines.engine[0m - [37mTicked state: <SimProcedure GetTempPathW from 0x500020: 1 sat>[0m[0m
[1;32;40mINFO - 2024-03-12 13:13:49,757 - [32mSemaExplorerCDFS[0m - [32mHey new addr ![0m[0m
[1;32;40mINFO - 2024-03-12 13:13:49,757 - [35mangr.sim_manager[0m - [35mStepping active of <SimulationManager with 1 active, 1 deadended>[0m[0m
[1;32;40mINFO - 2024-03-12 13:13:49,763 - [37mangr.engines.engine[0m - [37mTicked state: <IRSB from 0x40118d: 1 sat>[0m[0m
[1;32;40mINFO - 2024-03-12 13:13:49,763 - [32mSemaExplorerCDFS[0m - [32mHey new addr ![0m[0m
[1;32;40mINFO - 2024-03-12 13:13:49,763 - [35mangr.sim_manager[0m - [35mStepping active of <SimulationManager with 1 active, 1 deadended>[0m[0m
[1;32;40mINFO - 2024-03-12 13:13:49,768 - [37mangr.engines.engine[0m - [37mTicked state: <SimProcedure ShellExecuteW from 0x500060: 1 sat>[0m[0m
[1;32;40mINFO - 2024-03-12 13:13:49,768 - [32mSemaExplorerCDFS[0m - [32mHey new addr ![0m[0m
[1;32;40mINFO - 2024-03-12 13:13:49,768 - [35mangr.sim_manager[0m - [35mStepping active of <SimulationManager with 1 active, 1 deadended>[0m[0m
[1;32;40mINFO - 2024-03-12 13:13:49,771 - [37mangr.engines.engine[0m - [37mTicked state: <IRSB from 0x40119f: 1 sat>[0m[0m
[1;32;40mINFO - 2024-03-12 13:13:49,771 - [32mSemaExplorerCDFS[0m - [32mHey new addr ![0m[0m
[1;32;40mINFO - 2024-03-12 13:13:49,771 - [35mangr.sim_manager[0m - [35mStepping active of <SimulationManager with 1 active, 1 deadended>[0m[0m
[1;32;40mINFO - 2024-03-12 13:13:49,774 - [37mangr.engines.engine[0m - [37mTicked state: <IRSB from 0x40103c: 1 sat>[0m[0m
[1;32;40mINFO - 2024-03-12 13:13:49,774 - [32mSemaExplorerCDFS[0m - [32mHey new addr ![0m[0m
[1;32;40mINFO - 2024-03-12 13:13:49,774 - [35mangr.sim_manager[0m - [35mStepping active of <SimulationManager with 1 active, 1 deadended>[0m[0m
[1;32;40mINFO - 2024-03-12 13:13:49,777 - [37mangr.engines.engine[0m - [37mTicked state: <SimProcedure ExitProcess from 0x500044: 1 sat>[0m[0m
[1;32;40mINFO - 2024-03-12 13:13:49,777 - [35mangr.sim_manager[0m - [35mStepping active of <SimulationManager with 1 active, 1 deadended>[0m[0m
[1;32;40mINFO - 2024-03-12 13:13:49,779 - [37mangr.engines.engine[0m - [37mTicked state: <SimProcedure PathTerminator from 0x500044: empty>[0m[0m
[1;32;40mINFO - 2024-03-12 13:13:49,779 - [32mSemaExplorerCDFS[0m - [32mlen(simgr.active) <= 0 or deadended >= self.max_end_state)[0m[0m
