[1;32;40mINFO - 2024-03-11 20:11:42,501 - [34mangr.project[0m - [34mLoading binary database/Binaries/malware-win/train/FeakerStealer/0decfc6bc9d5edf330d4bd96fe56d2350c3065305b2f99d70e3ffd6b2ae78308[0m[0m
[1;33;40mWARNING - 2024-03-11 20:11:42,572 - [34mangr.project[0m - [34mDisabling IRSB translation cache because support for self-modifying code is enabled.[0m[0m
[1;32;40mINFO - 2024-03-11 20:11:42,572 - [34mangr.project[0m - [34mUsing builtin SimProcedure for unresolved GetModuleFileNameA from kernel32.dll[0m[0m
[1;32;40mINFO - 2024-03-11 20:11:42,573 - [34mangr.project[0m - [34mUsing builtin SimProcedure for unresolved WriteProcessMemory from kernel32.dll[0m[0m
[1;32;40mINFO - 2024-03-11 20:11:42,573 - [34mangr.project[0m - [34mUsing builtin SimProcedure for unresolved VirtualFree from kernel32.dll[0m[0m
[1;32;40mINFO - 2024-03-11 20:11:42,573 - [34mangr.project[0m - [34mUsing builtin SimProcedure for unresolved GetCurrentProcess from kernel32.dll[0m[0m
[1;32;40mINFO - 2024-03-11 20:11:42,574 - [34mangr.project[0m - [34mUsing builtin SimProcedure for unresolved VirtualAlloc from kernel32.dll[0m[0m
[1;32;40mINFO - 2024-03-11 20:11:42,574 - [34mangr.project[0m - [34mUsing builtin SimProcedure for unresolved TerminateProcess from kernel32.dll[0m[0m
[1;32;40mINFO - 2024-03-11 20:11:42,574 - [34mangr.project[0m - [34mUsing builtin SimProcedure for unresolved ResumeThread from kernel32.dll[0m[0m
[1;32;40mINFO - 2024-03-11 20:11:42,575 - [34mangr.project[0m - [34mUsing builtin SimProcedure for unresolved GetModuleHandleA from kernel32.dll[0m[0m
[1;32;40mINFO - 2024-03-11 20:11:42,575 - [34mangr.project[0m - [34mUsing builtin SimProcedure for unresolved BuildCommDCBW from kernel32.dll[0m[0m
[1;32;40mINFO - 2024-03-11 20:11:42,575 - [34mangr.project[0m - [34mUsing builtin SimProcedure for unresolved GetThreadContext from kernel32.dll[0m[0m
[1;32;40mINFO - 2024-03-11 20:11:42,575 - [34mangr.project[0m - [34mUsing builtin SimProcedure for unresolved GetProcAddress from kernel32.dll[0m[0m
[1;32;40mINFO - 2024-03-11 20:11:42,576 - [34mangr.project[0m - [34mUsing builtin SimProcedure for unresolved VirtualAllocEx from kernel32.dll[0m[0m
[1;32;40mINFO - 2024-03-11 20:11:42,576 - [34mangr.project[0m - [34mUsing builtin SimProcedure for unresolved ReadProcessMemory from kernel32.dll[0m[0m
[1;32;40mINFO - 2024-03-11 20:11:42,576 - [34mangr.project[0m - [34mUsing builtin SimProcedure for unresolved CreateProcessA from kernel32.dll[0m[0m
[1;32;40mINFO - 2024-03-11 20:11:42,577 - [34mangr.project[0m - [34mUsing builtin SimProcedure for unresolved SetThreadContext from kernel32.dll[0m[0m
[1;32;40mINFO - 2024-03-11 20:11:42,577 - [34mangr.project[0m - [34mUsing builtin SimProcedure for unresolved WriteConsoleW from kernel32.dll[0m[0m
[1;32;40mINFO - 2024-03-11 20:11:42,577 - [34mangr.project[0m - [34mUsing builtin SimProcedure for unresolved CloseHandle from kernel32.dll[0m[0m
[1;32;40mINFO - 2024-03-11 20:11:42,578 - [34mangr.project[0m - [34mUsing builtin SimProcedure for unresolved CreateFileW from kernel32.dll[0m[0m
[1;32;40mINFO - 2024-03-11 20:11:42,578 - [34mangr.project[0m - [34mUsing builtin SimProcedure for unresolved SetFilePointerEx from kernel32.dll[0m[0m
[1;32;40mINFO - 2024-03-11 20:11:42,578 - [34mangr.project[0m - [34mUsing builtin SimProcedure for unresolved GetConsoleMode from kernel32.dll[0m[0m
[1;32;40mINFO - 2024-03-11 20:11:42,579 - [34mangr.project[0m - [34mUsing builtin SimProcedure for unresolved GetConsoleCP from kernel32.dll[0m[0m
[1;32;40mINFO - 2024-03-11 20:11:42,579 - [34mangr.project[0m - [34mUsing builtin SimProcedure for unresolved FlushFileBuffers from kernel32.dll[0m[0m
[1;32;40mINFO - 2024-03-11 20:11:42,579 - [34mangr.project[0m - [34mUsing builtin SimProcedure for unresolved HeapReAlloc from kernel32.dll[0m[0m
[1;32;40mINFO - 2024-03-11 20:11:42,580 - [34mangr.project[0m - [34mUsing builtin SimProcedure for unresolved HeapSize from kernel32.dll[0m[0m
[1;32;40mINFO - 2024-03-11 20:11:42,580 - [34mangr.project[0m - [34mUsing builtin SimProcedure for unresolved GetProcessHeap from kernel32.dll[0m[0m
[1;32;40mINFO - 2024-03-11 20:11:42,580 - [34mangr.project[0m - [34mUsing builtin SimProcedure for unresolved UnhandledExceptionFilter from kernel32.dll[0m[0m
[1;32;40mINFO - 2024-03-11 20:11:42,580 - [34mangr.project[0m - [34mUsing builtin SimProcedure for unresolved SetUnhandledExceptionFilter from kernel32.dll[0m[0m
[1;32;40mINFO - 2024-03-11 20:11:42,581 - [34mangr.project[0m - [34mUsing builtin SimProcedure for unresolved IsProcessorFeaturePresent from kernel32.dll[0m[0m
[1;32;40mINFO - 2024-03-11 20:11:42,581 - [34mangr.project[0m - [34mUsing builtin SimProcedure for unresolved QueryPerformanceCounter from kernel32.dll[0m[0m
[1;32;40mINFO - 2024-03-11 20:11:42,581 - [34mangr.project[0m - [34mUsing builtin SimProcedure for unresolved GetCurrentProcessId from kernel32.dll[0m[0m
[1;32;40mINFO - 2024-03-11 20:11:42,582 - [34mangr.project[0m - [34mUsing builtin SimProcedure for unresolved GetCurrentThreadId from kernel32.dll[0m[0m
[1;32;40mINFO - 2024-03-11 20:11:42,582 - [34mangr.project[0m - [34mUsing builtin SimProcedure for unresolved GetSystemTimeAsFileTime from kernel32.dll[0m[0m
[1;32;40mINFO - 2024-03-11 20:11:42,582 - [34mangr.project[0m - [34mUsing builtin SimProcedure for unresolved InitializeSListHead from kernel32.dll[0m[0m
[1;32;40mINFO - 2024-03-11 20:11:42,582 - [34mangr.project[0m - [34mUsing builtin SimProcedure for unresolved IsDebuggerPresent from kernel32.dll[0m[0m
[1;32;40mINFO - 2024-03-11 20:11:42,583 - [34mangr.project[0m - [34mUsing builtin SimProcedure for unresolved GetStartupInfoW from kernel32.dll[0m[0m
[1;32;40mINFO - 2024-03-11 20:11:42,583 - [34mangr.project[0m - [34mUsing builtin SimProcedure for unresolved GetModuleHandleW from kernel32.dll[0m[0m
[1;32;40mINFO - 2024-03-11 20:11:42,583 - [34mangr.project[0m - [34mUsing builtin SimProcedure for unresolved RtlUnwind from kernel32.dll[0m[0m
[1;32;40mINFO - 2024-03-11 20:11:42,583 - [34mangr.project[0m - [34mUsing builtin SimProcedure for unresolved GetLastError from kernel32.dll[0m[0m
[1;32;40mINFO - 2024-03-11 20:11:42,584 - [34mangr.project[0m - [34mUsing builtin SimProcedure for unresolved SetLastError from kernel32.dll[0m[0m
[1;32;40mINFO - 2024-03-11 20:11:42,584 - [34mangr.project[0m - [34mUsing builtin SimProcedure for unresolved EnterCriticalSection from kernel32.dll[0m[0m
[1;32;40mINFO - 2024-03-11 20:11:42,584 - [34mangr.project[0m - [34mUsing builtin SimProcedure for unresolved LeaveCriticalSection from kernel32.dll[0m[0m
[1;32;40mINFO - 2024-03-11 20:11:42,585 - [34mangr.project[0m - [34mUsing builtin SimProcedure for unresolved DeleteCriticalSection from kernel32.dll[0m[0m
[1;32;40mINFO - 2024-03-11 20:11:42,585 - [34mangr.project[0m - [34mUsing builtin SimProcedure for unresolved InitializeCriticalSectionAndSpinCount from kernel32.dll[0m[0m
[1;32;40mINFO - 2024-03-11 20:11:42,585 - [34mangr.project[0m - [34mUsing builtin SimProcedure for unresolved TlsAlloc from kernel32.dll[0m[0m
[1;32;40mINFO - 2024-03-11 20:11:42,585 - [34mangr.project[0m - [34mUsing builtin SimProcedure for unresolved TlsGetValue from kernel32.dll[0m[0m
[1;32;40mINFO - 2024-03-11 20:11:42,586 - [34mangr.project[0m - [34mUsing builtin SimProcedure for unresolved TlsSetValue from kernel32.dll[0m[0m
[1;32;40mINFO - 2024-03-11 20:11:42,586 - [34mangr.project[0m - [34mUsing builtin SimProcedure for unresolved TlsFree from kernel32.dll[0m[0m
[1;32;40mINFO - 2024-03-11 20:11:42,586 - [34mangr.project[0m - [34mUsing builtin SimProcedure for unresolved FreeLibrary from kernel32.dll[0m[0m
[1;32;40mINFO - 2024-03-11 20:11:42,586 - [34mangr.project[0m - [34mUsing builtin SimProcedure for unresolved LoadLibraryExW from kernel32.dll[0m[0m
[1;32;40mINFO - 2024-03-11 20:11:42,587 - [34mangr.project[0m - [34mUsing builtin SimProcedure for unresolved RaiseException from kernel32.dll[0m[0m
[1;32;40mINFO - 2024-03-11 20:11:42,587 - [34mangr.project[0m - [34mUsing builtin SimProcedure for unresolved GetStdHandle from kernel32.dll[0m[0m
[1;32;40mINFO - 2024-03-11 20:11:42,587 - [34mangr.project[0m - [34mUsing builtin SimProcedure for unresolved WriteFile from kernel32.dll[0m[0m
[1;32;40mINFO - 2024-03-11 20:11:42,588 - [34mangr.project[0m - [34mUsing builtin SimProcedure for unresolved GetModuleFileNameW from kernel32.dll[0m[0m
[1;32;40mINFO - 2024-03-11 20:11:42,588 - [34mangr.project[0m - [34mUsing builtin SimProcedure for unresolved ExitProcess from kernel32.dll[0m[0m
[1;32;40mINFO - 2024-03-11 20:11:42,588 - [34mangr.project[0m - [34mUsing builtin SimProcedure for unresolved GetModuleHandleExW from kernel32.dll[0m[0m
[1;32;40mINFO - 2024-03-11 20:11:42,589 - [34mangr.project[0m - [34mUsing builtin SimProcedure for unresolved HeapFree from kernel32.dll[0m[0m
[1;32;40mINFO - 2024-03-11 20:11:42,589 - [34mangr.project[0m - [34mUsing builtin SimProcedure for unresolved HeapAlloc from kernel32.dll[0m[0m
[1;32;40mINFO - 2024-03-11 20:11:42,589 - [34mangr.project[0m - [34mUsing builtin SimProcedure for unresolved FindClose from kernel32.dll[0m[0m
[1;32;40mINFO - 2024-03-11 20:11:42,589 - [34mangr.project[0m - [34mUsing builtin SimProcedure for unresolved FindFirstFileExW from kernel32.dll[0m[0m
[1;32;40mINFO - 2024-03-11 20:11:42,590 - [34mangr.project[0m - [34mUsing builtin SimProcedure for unresolved FindNextFileW from kernel32.dll[0m[0m
[1;32;40mINFO - 2024-03-11 20:11:42,590 - [34mangr.project[0m - [34mUsing builtin SimProcedure for unresolved IsValidCodePage from kernel32.dll[0m[0m
[1;32;40mINFO - 2024-03-11 20:11:42,590 - [34mangr.project[0m - [34mUsing builtin SimProcedure for unresolved GetACP from kernel32.dll[0m[0m
[1;32;40mINFO - 2024-03-11 20:11:42,591 - [34mangr.project[0m - [34mUsing builtin SimProcedure for unresolved GetOEMCP from kernel32.dll[0m[0m
[1;32;40mINFO - 2024-03-11 20:11:42,591 - [34mangr.project[0m - [34mUsing builtin SimProcedure for unresolved GetCPInfo from kernel32.dll[0m[0m
[1;32;40mINFO - 2024-03-11 20:11:42,591 - [34mangr.project[0m - [34mUsing builtin SimProcedure for unresolved GetCommandLineA from kernel32.dll[0m[0m
[1;32;40mINFO - 2024-03-11 20:11:42,591 - [34mangr.project[0m - [34mUsing builtin SimProcedure for unresolved GetCommandLineW from kernel32.dll[0m[0m
[1;32;40mINFO - 2024-03-11 20:11:42,592 - [34mangr.project[0m - [34mUsing builtin SimProcedure for unresolved MultiByteToWideChar from kernel32.dll[0m[0m
[1;32;40mINFO - 2024-03-11 20:11:42,592 - [34mangr.project[0m - [34mUsing builtin SimProcedure for unresolved WideCharToMultiByte from kernel32.dll[0m[0m
[1;32;40mINFO - 2024-03-11 20:11:42,592 - [34mangr.project[0m - [34mUsing builtin SimProcedure for unresolved GetEnvironmentStringsW from kernel32.dll[0m[0m
[1;32;40mINFO - 2024-03-11 20:11:42,593 - [34mangr.project[0m - [34mUsing builtin SimProcedure for unresolved FreeEnvironmentStringsW from kernel32.dll[0m[0m
[1;32;40mINFO - 2024-03-11 20:11:42,593 - [34mangr.project[0m - [34mUsing builtin SimProcedure for unresolved SetStdHandle from kernel32.dll[0m[0m
[1;32;40mINFO - 2024-03-11 20:11:42,593 - [34mangr.project[0m - [34mUsing builtin SimProcedure for unresolved GetFileType from kernel32.dll[0m[0m
[1;32;40mINFO - 2024-03-11 20:11:42,593 - [34mangr.project[0m - [34mUsing builtin SimProcedure for unresolved GetStringTypeW from kernel32.dll[0m[0m
[1;32;40mINFO - 2024-03-11 20:11:42,594 - [34mangr.project[0m - [34mUsing builtin SimProcedure for unresolved LCMapStringW from kernel32.dll[0m[0m
[1;32;40mINFO - 2024-03-11 20:11:42,594 - [34mangr.project[0m - [34mUsing builtin SimProcedure for unresolved DecodePointer from kernel32.dll[0m[0m
[1;32;40mINFO - 2024-03-11 20:11:42,594 - [34mangr.project[0m - [34mUsing builtin SimProcedure for unresolved NetAuditClear from netapi32.dll[0m[0m
[1;33;40mWARNING - 2024-03-11 20:12:00,532 - [34mangr.project[0m - [34mAddress is already hooked, during hook(0x601014, <SimProcedure KiUserExceptionDispatcher>). Not re-hooking.[0m[0m
[1;33;40mWARNING - 2024-03-11 20:12:00,532 - [34mangr.project[0m - [34mAddress 0x400000 not hooked[0m[0m
[1;32;40mINFO - 2024-03-11 20:12:00,552 - [35mangr.sim_manager[0m - [35mStepping active of <SimulationManager with 1 active>[0m[0m
[1;32;40mINFO - 2024-03-11 20:12:00,591 - [37mangr.engines.engine[0m - [37mTicked state: <IRSB from 0x4017b1: 1 sat>[0m[0m
[1;32;40mINFO - 2024-03-11 20:12:00,592 - [32mSemaExplorerCDFS[0m - [32mHey new addr ![0m[0m
[1;32;40mINFO - 2024-03-11 20:12:00,592 - [35mangr.sim_manager[0m - [35mStepping active of <SimulationManager with 1 active>[0m[0m
[1;32;40mINFO - 2024-03-11 20:12:00,609 - [37mangr.engines.engine[0m - [37mTicked state: <IRSB from 0x401bc3: 1 sat 1 unsat>[0m[0m
[1;32;40mINFO - 2024-03-11 20:12:00,609 - [32mSemaExplorerCDFS[0m - [32mHey new addr ![0m[0m
[1;32;40mINFO - 2024-03-11 20:12:00,609 - [35mangr.sim_manager[0m - [35mStepping active of <SimulationManager with 1 active>[0m[0m
[1;32;40mINFO - 2024-03-11 20:12:00,618 - [37mangr.engines.engine[0m - [37mTicked state: <IRSB from 0x401bd9: 1 sat 1 unsat>[0m[0m
[1;32;40mINFO - 2024-03-11 20:12:00,619 - [32mSemaExplorerCDFS[0m - [32mHey new addr ![0m[0m
[1;32;40mINFO - 2024-03-11 20:12:00,619 - [35mangr.sim_manager[0m - [35mStepping active of <SimulationManager with 1 active>[0m[0m
[1;32;40mINFO - 2024-03-11 20:12:00,630 - [37mangr.engines.engine[0m - [37mTicked state: <IRSB from 0x401c03: 1 sat>[0m[0m
[1;32;40mINFO - 2024-03-11 20:12:00,630 - [32mSemaExplorerCDFS[0m - [32mHey new addr ![0m[0m
[1;32;40mINFO - 2024-03-11 20:12:00,630 - [35mangr.sim_manager[0m - [35mStepping active of <SimulationManager with 1 active>[0m[0m
[1;32;40mINFO - 2024-03-11 20:12:00,634 - [37mangr.engines.engine[0m - [37mTicked state: <IRSB from 0x4017b6: 1 sat>[0m[0m
[1;32;40mINFO - 2024-03-11 20:12:00,634 - [32mSemaExplorerCDFS[0m - [32mHey new addr ![0m[0m
[1;32;40mINFO - 2024-03-11 20:12:00,634 - [35mangr.sim_manager[0m - [35mStepping active of <SimulationManager with 1 active>[0m[0m
[1;32;40mINFO - 2024-03-11 20:12:00,642 - [37mangr.engines.engine[0m - [37mTicked state: <IRSB from 0x401635: 1 sat>[0m[0m
[1;32;40mINFO - 2024-03-11 20:12:00,643 - [32mSemaExplorerCDFS[0m - [32mHey new addr ![0m[0m
[1;32;40mINFO - 2024-03-11 20:12:00,643 - [35mangr.sim_manager[0m - [35mStepping active of <SimulationManager with 1 active>[0m[0m
[1;32;40mINFO - 2024-03-11 20:12:00,689 - [37mangr.engines.engine[0m - [37mTicked state: <IRSB from 0x401ed0: 1 sat 2 unsat>[0m[0m
[1;32;40mINFO - 2024-03-11 20:12:00,689 - [32mSemaExplorerCDFS[0m - [32mHey new addr ![0m[0m
[1;32;40mINFO - 2024-03-11 20:12:00,689 - [35mangr.sim_manager[0m - [35mStepping active of <SimulationManager with 1 active>[0m[0m
[1;32;40mINFO - 2024-03-11 20:12:00,696 - [37mangr.engines.engine[0m - [37mTicked state: <IRSB from 0x401641: 1 sat>[0m[0m
[1;32;40mINFO - 2024-03-11 20:12:00,696 - [32mSemaExplorerCDFS[0m - [32mHey new addr ![0m[0m
[1;32;40mINFO - 2024-03-11 20:12:00,696 - [35mangr.sim_manager[0m - [35mStepping active of <SimulationManager with 1 active>[0m[0m
[1;32;40mINFO - 2024-03-11 20:12:00,709 - [37mangr.engines.engine[0m - [37mTicked state: <IRSB from 0x40196f: 1 sat 1 unsat>[0m[0m
[1;32;40mINFO - 2024-03-11 20:12:00,709 - [32mSemaExplorerCDFS[0m - [32mHey new addr ![0m[0m
[1;32;40mINFO - 2024-03-11 20:12:00,709 - [35mangr.sim_manager[0m - [35mStepping active of <SimulationManager with 1 active>[0m[0m
[1;32;40mINFO - 2024-03-11 20:12:00,714 - [37mangr.engines.engine[0m - [37mTicked state: <IRSB from 0x40197f: 1 sat>[0m[0m
[1;32;40mINFO - 2024-03-11 20:12:00,715 - [32mSemaExplorerCDFS[0m - [32mHey new addr ![0m[0m
[1;32;40mINFO - 2024-03-11 20:12:00,715 - [35mangr.sim_manager[0m - [35mStepping active of <SimulationManager with 1 active>[0m[0m
[1;32;40mINFO - 2024-03-11 20:12:00,741 - [37mangr.engines.engine[0m - [37mTicked state: <IRSB from 0x401f2b: 1 sat>[0m[0m
[1;32;40mINFO - 2024-03-11 20:12:00,741 - [32mSemaExplorerCDFS[0m - [32mHey new addr ![0m[0m
[1;32;40mINFO - 2024-03-11 20:12:00,741 - [35mangr.sim_manager[0m - [35mStepping active of <SimulationManager with 1 active>[0m[0m
[1;32;40mINFO - 2024-03-11 20:12:00,746 - [37mangr.engines.engine[0m - [37mTicked state: <IRSB from 0x40ba53: 1 sat>[0m[0m
[1;32;40mINFO - 2024-03-11 20:12:00,746 - [32mSemaExplorerCDFS[0m - [32mHey new addr ![0m[0m
[1;32;40mINFO - 2024-03-11 20:12:00,746 - [35mangr.sim_manager[0m - [35mStepping active of <SimulationManager with 1 active>[0m[0m
[1;32;40mINFO - 2024-03-11 20:12:00,752 - [37mangr.engines.engine[0m - [37mTicked state: <SimProcedure IsProcessorFeaturePresent from 0x50006c: 1 sat>[0m[0m
[1;32;40mINFO - 2024-03-11 20:12:00,752 - [32mSemaExplorerCDFS[0m - [32mHey new addr ![0m[0m
[1;32;40mINFO - 2024-03-11 20:12:00,753 - [35mangr.sim_manager[0m - [35mStepping active of <SimulationManager with 1 active>[0m[0m
[1;32;40mINFO - 2024-03-11 20:12:00,761 - [37mangr.engines.engine[0m - [37mTicked state: <IRSB from 0x401f49: 1 sat 1 unsat>[0m[0m
[1;32;40mINFO - 2024-03-11 20:12:00,761 - [32mSemaExplorerCDFS[0m - [32mHey new addr ![0m[0m
[1;32;40mINFO - 2024-03-11 20:12:00,762 - [35mangr.sim_manager[0m - [35mStepping active of <SimulationManager with 1 active>[0m[0m
[1;32;40mINFO - 2024-03-11 20:12:00,772 - [37mangr.engines.engine[0m - [37mTicked state: <IRSB from 0x4020bd: 1 sat>[0m[0m
[1;32;40mINFO - 2024-03-11 20:12:00,772 - [32mSemaExplorerCDFS[0m - [32mHey new addr ![0m[0m
[1;32;40mINFO - 2024-03-11 20:12:00,772 - [35mangr.sim_manager[0m - [35mStepping active of <SimulationManager with 1 active>[0m[0m
[1;32;40mINFO - 2024-03-11 20:12:00,778 - [37mangr.engines.engine[0m - [37mTicked state: <IRSB from 0x401984: 1 sat>[0m[0m
[1;32;40mINFO - 2024-03-11 20:12:00,778 - [32mSemaExplorerCDFS[0m - [32mHey new addr ![0m[0m
[1;32;40mINFO - 2024-03-11 20:12:00,778 - [35mangr.sim_manager[0m - [35mStepping active of <SimulationManager with 1 active>[0m[0m
[1;32;40mINFO - 2024-03-11 20:12:00,784 - [37mangr.engines.engine[0m - [37mTicked state: <IRSB from 0x402267: 1 sat>[0m[0m
[1;32;40mINFO - 2024-03-11 20:12:00,784 - [32mSemaExplorerCDFS[0m - [32mHey new addr ![0m[0m
[1;32;40mINFO - 2024-03-11 20:12:00,784 - [35mangr.sim_manager[0m - [35mStepping active of <SimulationManager with 1 active>[0m[0m
[1;32;40mINFO - 2024-03-11 20:12:00,791 - [37mangr.engines.engine[0m - [37mTicked state: <IRSB from 0x402932: 1 sat>[0m[0m
[1;32;40mINFO - 2024-03-11 20:12:00,791 - [32mSemaExplorerCDFS[0m - [32mHey new addr ![0m[0m
[1;32;40mINFO - 2024-03-11 20:12:00,791 - [35mangr.sim_manager[0m - [35mStepping active of <SimulationManager with 1 active>[0m[0m
[1;32;40mINFO - 2024-03-11 20:12:00,797 - [37mangr.engines.engine[0m - [37mTicked state: <IRSB from 0x40226c: 1 sat>[0m[0m
[1;32;40mINFO - 2024-03-11 20:12:00,797 - [32mSemaExplorerCDFS[0m - [32mHey new addr ![0m[0m
[1;32;40mINFO - 2024-03-11 20:12:00,797 - [35mangr.sim_manager[0m - [35mStepping active of <SimulationManager with 1 active>[0m[0m
[1;32;40mINFO - 2024-03-11 20:12:00,831 - [37mangr.engines.engine[0m - [37mTicked state: <IRSB from 0x4028d7: 1 sat 1 unsat>[0m[0m
[1;32;40mINFO - 2024-03-11 20:12:00,832 - [32mSemaExplorerCDFS[0m - [32mHey new addr ![0m[0m
[1;32;40mINFO - 2024-03-11 20:12:00,832 - [35mangr.sim_manager[0m - [35mStepping active of <SimulationManager with 1 active>[0m[0m
[1;32;40mINFO - 2024-03-11 20:12:00,849 - [37mangr.engines.engine[0m - [37mTicked state: <IRSB from 0x4028f4: 1 sat 1 unsat>[0m[0m
[1;32;40mINFO - 2024-03-11 20:12:00,849 - [35mangr.sim_manager[0m - [35mStepping active of <SimulationManager with 1 active>[0m[0m
[1;32;40mINFO - 2024-03-11 20:12:00,866 - [37mangr.engines.engine[0m - [37mTicked state: <IRSB from 0x4028f4: 1 sat 1 unsat>[0m[0m
[1;32;40mINFO - 2024-03-11 20:12:00,867 - [35mangr.sim_manager[0m - [35mStepping active of <SimulationManager with 1 active>[0m[0m
[1;32;40mINFO - 2024-03-11 20:12:00,884 - [37mangr.engines.engine[0m - [37mTicked state: <IRSB from 0x4028f4: 1 sat 1 unsat>[0m[0m
[1;32;40mINFO - 2024-03-11 20:12:00,884 - [35mangr.sim_manager[0m - [35mStepping active of <SimulationManager with 1 active>[0m[0m
[1;32;40mINFO - 2024-03-11 20:12:00,900 - [37mangr.engines.engine[0m - [37mTicked state: <IRSB from 0x4028f4: 1 sat 1 unsat>[0m[0m
[1;32;40mINFO - 2024-03-11 20:12:00,900 - [32mSemaExplorerCDFS[0m - [32mHey new addr ![0m[0m
[1;32;40mINFO - 2024-03-11 20:12:00,900 - [35mangr.sim_manager[0m - [35mStepping active of <SimulationManager with 1 active>[0m[0m
[1;32;40mINFO - 2024-03-11 20:12:00,907 - [37mangr.engines.engine[0m - [37mTicked state: <IRSB from 0x4028fe: 1 sat>[0m[0m
[1;32;40mINFO - 2024-03-11 20:12:00,907 - [32mSemaExplorerCDFS[0m - [32mHey new addr ![0m[0m
[1;32;40mINFO - 2024-03-11 20:12:00,907 - [35mangr.sim_manager[0m - [35mStepping active of <SimulationManager with 1 active>[0m[0m
[1;32;40mINFO - 2024-03-11 20:12:00,913 - [37mangr.engines.engine[0m - [37mTicked state: <IRSB from 0x402271: 1 sat>[0m[0m
[1;32;40mINFO - 2024-03-11 20:12:00,913 - [32mSemaExplorerCDFS[0m - [32mHey new addr ![0m[0m
[1;32;40mINFO - 2024-03-11 20:12:00,913 - [35mangr.sim_manager[0m - [35mStepping active of <SimulationManager with 1 active>[0m[0m
[1;32;40mINFO - 2024-03-11 20:12:00,929 - [37mangr.engines.engine[0m - [37mTicked state: <IRSB from 0x40263e: 1 sat>[0m[0m
[1;32;40mINFO - 2024-03-11 20:12:00,930 - [32mSemaExplorerCDFS[0m - [32mHey new addr ![0m[0m
[1;32;40mINFO - 2024-03-11 20:12:00,930 - [35mangr.sim_manager[0m - [35mStepping active of <SimulationManager with 1 active>[0m[0m
[1;32;40mINFO - 2024-03-11 20:12:00,946 - [37mangr.engines.engine[0m - [37mTicked state: <IRSB from 0x402890: 1 sat>[0m[0m
[1;32;40mINFO - 2024-03-11 20:12:00,946 - [32mSemaExplorerCDFS[0m - [32mHey new addr ![0m[0m
[1;32;40mINFO - 2024-03-11 20:12:00,946 - [35mangr.sim_manager[0m - [35mStepping active of <SimulationManager with 1 active>[0m[0m
[1;32;40mINFO - 2024-03-11 20:12:00,978 - [37mangr.engines.engine[0m - [37mTicked state: <IRSB from 0x40276d: 1 sat 1 unsat>[0m[0m
[1;32;40mINFO - 2024-03-11 20:12:00,978 - [32mSemaExplorerCDFS[0m - [32mHey new addr ![0m[0m
[1;32;40mINFO - 2024-03-11 20:12:00,978 - [35mangr.sim_manager[0m - [35mStepping active of <SimulationManager with 1 active>[0m[0m
[1;32;40mINFO - 2024-03-11 20:12:00,987 - [37mangr.engines.engine[0m - [37mTicked state: <IRSB from 0x402795: 1 sat 1 unsat>[0m[0m
[1;32;40mINFO - 2024-03-11 20:12:00,987 - [32mSemaExplorerCDFS[0m - [32mHey new addr ![0m[0m
[1;32;40mINFO - 2024-03-11 20:12:00,987 - [35mangr.sim_manager[0m - [35mStepping active of <SimulationManager with 1 active>[0m[0m
[1;32;40mINFO - 2024-03-11 20:12:00,999 - [37mangr.engines.engine[0m - [37mTicked state: <IRSB from 0x40279d: 1 sat>[0m[0m
[1;32;40mINFO - 2024-03-11 20:12:00,999 - [32mSemaExplorerCDFS[0m - [32mHey new addr ![0m[0m
[1;32;40mINFO - 2024-03-11 20:12:00,999 - [35mangr.sim_manager[0m - [35mStepping active of <SimulationManager with 1 active>[0m[0m
[1;32;40mINFO - 2024-03-11 20:12:01,014 - [37mangr.engines.engine[0m - [37mTicked state: <IRSB from 0x4026a9: 1 sat>[0m[0m
[1;32;40mINFO - 2024-03-11 20:12:01,014 - [32mSemaExplorerCDFS[0m - [32mHey new addr ![0m[0m
[1;32;40mINFO - 2024-03-11 20:12:01,015 - [35mangr.sim_manager[0m - [35mStepping active of <SimulationManager with 1 active>[0m[0m
[1;32;40mINFO - 2024-03-11 20:12:01,025 - [37mangr.engines.engine[0m - [37mTicked state: <IRSB from 0x402759: 1 sat 1 unsat>[0m[0m
[1;32;40mINFO - 2024-03-11 20:12:01,025 - [32mSemaExplorerCDFS[0m - [32mHey new addr ![0m[0m
[1;32;40mINFO - 2024-03-11 20:12:01,025 - [35mangr.sim_manager[0m - [35mStepping active of <SimulationManager with 1 active>[0m[0m
[1;32;40mINFO - 2024-03-11 20:12:01,040 - [37mangr.engines.engine[0m - [37mTicked state: <IRSB from 0x4026b8: 1 sat 1 unsat>[0m[0m
[1;32;40mINFO - 2024-03-11 20:12:01,040 - [32mSemaExplorerCDFS[0m - [32mHey new addr ![0m[0m
[1;32;40mINFO - 2024-03-11 20:12:01,040 - [35mangr.sim_manager[0m - [35mStepping active of <SimulationManager with 1 active>[0m[0m
[1;32;40mINFO - 2024-03-11 20:12:01,053 - [37mangr.engines.engine[0m - [37mTicked state: <IRSB from 0x4026d5: 1 sat>[0m[0m
[1;32;40mINFO - 2024-03-11 20:12:01,053 - [32mSemaExplorerCDFS[0m - [32mHey new addr ![0m[0m
[1;32;40mINFO - 2024-03-11 20:12:01,053 - [35mangr.sim_manager[0m - [35mStepping active of <SimulationManager with 1 active>[0m[0m
[1;33;40mWARNING - 2024-03-11 20:12:01,299 - [34mangr.project[0m - [34mAddress is already hooked, during hook(0x601014, <SimProcedure KiUserExceptionDispatcher>). Not re-hooking.[0m[0m
[1;32;40mINFO - 2024-03-11 20:12:01,304 - [37mangr.engines.engine[0m - [37mTicked state: <SimProcedure LoadLibraryExW from 0x5000c0: 1 sat>[0m[0m
[1;32;40mINFO - 2024-03-11 20:12:01,304 - [32mSemaExplorerCDFS[0m - [32mHey new addr ![0m[0m
[1;32;40mINFO - 2024-03-11 20:12:01,304 - [35mangr.sim_manager[0m - [35mStepping active of <SimulationManager with 1 active>[0m[0m
[1;32;40mINFO - 2024-03-11 20:12:01,315 - [37mangr.engines.engine[0m - [37mTicked state: <IRSB from 0x4026ea: 1 sat 1 unsat>[0m[0m
[1;32;40mINFO - 2024-03-11 20:12:01,315 - [32mSemaExplorerCDFS[0m - [32mHey new addr ![0m[0m
[1;32;40mINFO - 2024-03-11 20:12:01,315 - [35mangr.sim_manager[0m - [35mStepping active of <SimulationManager with 1 active>[0m[0m
[1;32;40mINFO - 2024-03-11 20:12:01,331 - [37mangr.engines.engine[0m - [37mTicked state: <IRSB from 0x402740: 1 sat 2 unsat>[0m[0m
[1;32;40mINFO - 2024-03-11 20:12:01,331 - [32mSemaExplorerCDFS[0m - [32mHey new addr ![0m[0m
[1;32;40mINFO - 2024-03-11 20:12:01,331 - [35mangr.sim_manager[0m - [35mStepping active of <SimulationManager with 1 active>[0m[0m
[1;32;40mINFO - 2024-03-11 20:12:01,340 - [37mangr.engines.engine[0m - [37mTicked state: <IRSB from 0x402752: 1 sat 1 unsat>[0m[0m
[1;32;40mINFO - 2024-03-11 20:12:01,340 - [32mSemaExplorerCDFS[0m - [32mHey new addr ![0m[0m
[1;32;40mINFO - 2024-03-11 20:12:01,341 - [35mangr.sim_manager[0m - [35mStepping active of <SimulationManager with 1 active>[0m[0m
[1;32;40mINFO - 2024-03-11 20:12:01,346 - [37mangr.engines.engine[0m - [37mTicked state: <IRSB from 0x402769: 1 sat>[0m[0m
[1;32;40mINFO - 2024-03-11 20:12:01,346 - [32mSemaExplorerCDFS[0m - [32mHey new addr ![0m[0m
[1;32;40mINFO - 2024-03-11 20:12:01,346 - [35mangr.sim_manager[0m - [35mStepping active of <SimulationManager with 1 active>[0m[0m
[1;32;40mINFO - 2024-03-11 20:12:01,357 - [37mangr.engines.engine[0m - [37mTicked state: <IRSB from 0x402764: 1 sat>[0m[0m
[1;32;40mINFO - 2024-03-11 20:12:01,358 - [32mSemaExplorerCDFS[0m - [32mHey new addr ![0m[0m
[1;32;40mINFO - 2024-03-11 20:12:01,358 - [35mangr.sim_manager[0m - [35mStepping active of <SimulationManager with 1 active>[0m[0m
[1;32;40mINFO - 2024-03-11 20:12:01,370 - [37mangr.engines.engine[0m - [37mTicked state: <IRSB from 0x4027a9: 1 sat 1 unsat>[0m[0m
[1;32;40mINFO - 2024-03-11 20:12:01,370 - [32mSemaExplorerCDFS[0m - [32mHey new addr ![0m[0m
[1;32;40mINFO - 2024-03-11 20:12:01,370 - [35mangr.sim_manager[0m - [35mStepping active of <SimulationManager with 1 active>[0m[0m
[1;32;40mINFO - 2024-03-11 20:12:01,382 - [37mangr.engines.engine[0m - [37mTicked state: <IRSB from 0x4027af: 1 sat>[0m[0m
[1;32;40mINFO - 2024-03-11 20:12:01,382 - [32mSemaExplorerCDFS[0m - [32mHey new addr ![0m[0m
[1;32;40mINFO - 2024-03-11 20:12:01,382 - [35mangr.sim_manager[0m - [35mStepping active of <SimulationManager with 1 active>[0m[0m
[1;32;40mINFO - 2024-03-11 20:12:01,436 - [37mangr.engines.engine[0m - [37mTicked state: <SimProcedure GetProcAddress from 0x500028: 1 sat>[0m[0m
[1;32;40mINFO - 2024-03-11 20:12:01,437 - [32mSemaExplorerCDFS[0m - [32mHey new addr ![0m[0m
[1;32;40mINFO - 2024-03-11 20:12:01,437 - [35mangr.sim_manager[0m - [35mStepping active of <SimulationManager with 1 active>[0m[0m
[1;32;40mINFO - 2024-03-11 20:12:01,447 - [37mangr.engines.engine[0m - [37mTicked state: <IRSB from 0x4027b9: 1 sat 1 unsat>[0m[0m
[1;32;40mINFO - 2024-03-11 20:12:01,447 - [32mSemaExplorerCDFS[0m - [32mHey new addr ![0m[0m
[1;32;40mINFO - 2024-03-11 20:12:01,447 - [35mangr.sim_manager[0m - [35mStepping active of <SimulationManager with 1 active>[0m[0m
[1;32;40mINFO - 2024-03-11 20:12:01,455 - [37mangr.engines.engine[0m - [37mTicked state: <IRSB from 0x4027bf: 1 sat>[0m[0m
[1;32;40mINFO - 2024-03-11 20:12:01,455 - [32mSemaExplorerCDFS[0m - [32mHey new addr ![0m[0m
[1;32;40mINFO - 2024-03-11 20:12:01,455 - [35mangr.sim_manager[0m - [35mStepping active of <SimulationManager with 1 active>[0m[0m
[1;32;40mINFO - 2024-03-11 20:12:01,484 - [37mangr.engines.engine[0m - [37mTicked state: <IRSB from 0x4018dc: 1 sat>[0m[0m
[1;32;40mINFO - 2024-03-11 20:12:01,485 - [32mSemaExplorerCDFS[0m - [32mHey new addr ![0m[0m
[1;32;40mINFO - 2024-03-11 20:12:01,485 - [35mangr.sim_manager[0m - [35mStepping active of <SimulationManager with 1 active>[0m[0m
[1;32;40mINFO - 2024-03-11 20:12:01,495 - [37mangr.engines.engine[0m - [37mTicked state: <IRSB from 0x4027c5: 1 sat 1 unsat>[0m[0m
[1;32;40mINFO - 2024-03-11 20:12:01,495 - [32mSemaExplorerCDFS[0m - [32mHey new addr ![0m[0m
[1;32;40mINFO - 2024-03-11 20:12:01,495 - [35mangr.sim_manager[0m - [35mStepping active of <SimulationManager with 1 active>[0m[0m
[1;32;40mINFO - 2024-03-11 20:12:01,505 - [37mangr.engines.engine[0m - [37mTicked state: <IRSB from 0x4027d8: 1 sat>[0m[0m
[1;32;40mINFO - 2024-03-11 20:12:01,506 - [32mSemaExplorerCDFS[0m - [32mHey new addr ![0m[0m
[1;32;40mINFO - 2024-03-11 20:12:01,506 - [35mangr.sim_manager[0m - [35mStepping active of <SimulationManager with 1 active>[0m[0m
[1;32;40mINFO - 2024-03-11 20:12:01,518 - [37mangr.engines.engine[0m - [37mTicked state: <IRSB from 0x4028aa: 1 sat 1 unsat>[0m[0m
[1;32;40mINFO - 2024-03-11 20:12:01,518 - [32mSemaExplorerCDFS[0m - [32mHey new addr ![0m[0m
[1;32;40mINFO - 2024-03-11 20:12:01,518 - [35mangr.sim_manager[0m - [35mStepping active of <SimulationManager with 1 active>[0m[0m
[1;32;40mINFO - 2024-03-11 20:12:01,531 - [37mangr.engines.engine[0m - [37mTicked state: <IRSB from 0x4028b3: 1 sat>[0m[0m
[1;32;40mINFO - 2024-03-11 20:12:01,532 - [32mSemaExplorerCDFS[0m - [32mHey new addr ![0m[0m
[1;32;40mINFO - 2024-03-11 20:12:01,532 - [35mangr.sim_manager[0m - [35mStepping active of <SimulationManager with 1 active>[0m[0m
[1;32;40mINFO - 2024-03-11 20:12:01,537 - [37mangr.engines.engine[0m - [37mTicked state: <IRSB from 0x401c4b: 1 sat>[0m[0m
[1;32;40mINFO - 2024-03-11 20:12:01,537 - [32mSemaExplorerCDFS[0m - [32mHey new addr ![0m[0m
[1;32;40mINFO - 2024-03-11 20:12:01,537 - [35mangr.sim_manager[0m - [35mStepping active of <SimulationManager with 1 active>[0m[0m
[1;32;40mINFO - 2024-03-11 20:12:01,542 - [37mangr.engines.engine[0m - [37mTicked state: <IRSB from 0x4028c4: 1 sat>[0m[0m
[1;32;40mINFO - 2024-03-11 20:12:01,543 - [32mSemaExplorerCDFS[0m - [32mHey new addr ![0m[0m
[1;32;40mINFO - 2024-03-11 20:12:01,543 - [35mangr.sim_manager[0m - [35mStepping active of <SimulationManager with 1 active>[0m[0m
[1;32;40mINFO - 2024-03-11 20:12:01,550 - [37mangr.engines.engine[0m - [37mTicked state: <SimProcedure InitializeCriticalSectionEx from 0x60102c: 1 sat>[0m[0m
[1;32;40mINFO - 2024-03-11 20:12:01,550 - [32mSemaExplorerCDFS[0m - [32mHey new addr ![0m[0m
[1;32;40mINFO - 2024-03-11 20:12:01,550 - [35mangr.sim_manager[0m - [35mStepping active of <SimulationManager with 1 active>[0m[0m
[1;32;40mINFO - 2024-03-11 20:12:01,554 - [37mangr.engines.engine[0m - [37mTicked state: <IRSB from 0x4028c6: 1 sat>[0m[0m
[1;32;40mINFO - 2024-03-11 20:12:01,554 - [32mSemaExplorerCDFS[0m - [32mHey new addr ![0m[0m
[1;32;40mINFO - 2024-03-11 20:12:01,554 - [35mangr.sim_manager[0m - [35mStepping active of <SimulationManager with 1 active>[0m[0m
[1;32;40mINFO - 2024-03-11 20:12:01,563 - [37mangr.engines.engine[0m - [37mTicked state: <IRSB from 0x4028d4: 1 sat>[0m[0m
[1;32;40mINFO - 2024-03-11 20:12:01,563 - [32mSemaExplorerCDFS[0m - [32mHey new addr ![0m[0m
[1;32;40mINFO - 2024-03-11 20:12:01,563 - [35mangr.sim_manager[0m - [35mStepping active of <SimulationManager with 1 active>[0m[0m
[1;32;40mINFO - 2024-03-11 20:12:01,563 - [32mSemaExplorerCDFS[0m - [32mlen(simgr.active) <= 0 or deadended >= self.max_end_state)[0m[0m
